Command: D:\ESP32_IDF\Espressif\python_env\idf5.5_py3.11_env\Scripts\python.exe D:\ESP32_IDF\Espressif\frameworks\esp-idf-v5.5\tools/idf_monitor.py -p COM7 -b 115200 --toolchain-prefix xtensa-esp32s3-elf- --target esp32s3 --revision 0 D:\ESP32\ESP32S3_LCD 7B_DEMO_3\ESP32-S3-Touch-LCD-7B-Demo\ESP32-S3-Touch-LCD-7B-Demo\ESP-IDF\16_LVGL_UI 2\build\16_LVGL_UI.elf D:\ESP32\ESP32S3_LCD 7B_DEMO_3\ESP32-S3-Touch-LCD-7B-Demo\ESP32-S3-Touch-LCD-7B-Demo\ESP-IDF\16_LVGL_UI 2\build\bootloader\bootloader.elf --force-color -m 'D:\ESP32_IDF\Espressif\python_env\idf5.5_py3.11_env\Scripts\python.exe' 'D:\ESP32_IDF\Espressif\frameworks\esp-idf-v5.5\tools\idf.py' '-p' 'COM7'
ESP-ROM:esp32s3-20210327
Build:Mar 27 2021
rst:0x1 (POWERON),boot:0x28 (SPI_FAST_FLASH_BOOT)
SPIWP:0xee
mode:DIO, clock div:1
load:0x3fce2820,len:0x1710
load:0x403c8700,len:0xec0
load:0x403cb700,len:0x31d4
entry 0x403c894c
[0;32mI (25) boot: ESP-IDF v5.5-dirty 2nd stage bootloader[0m
[0;32mI (25) boot: compile time Oct 10 2025 10:23:37[0m
[0;32mI (25) boot: Multicore bootloader[0m
[0;32mI (26) boot: chip revision: v0.2[0m
[0;32mI (28) boot: efuse block revision: v1.3[0m
[0;32mI (32) qio_mode: Enabling default flash chip QIO[0m
[0;32mI (36) boot.esp32s3: Boot SPI Speed : 80MHz[0m
[0;32mI (40) boot.esp32s3: SPI Mode       : QIO[0m
[0;32mI (44) boot.esp32s3: SPI Flash Size : 16MB[0m
[0;32mI (48) boot: Enabling RNG early entropy source...[0m
[0;32mI (52) boot: Partition Table:[0m
[0;32mI (55) boot: ## Label            Usage          Type ST Offset   Length[0m
[0;32mI (61) boot:  0 nvs              WiFi data        01 02 00009000 00006000[0m
[0;32mI (68) boot:  1 phy_init         RF data          01 01 0000f000 00001000[0m
[0;32mI (74) boot:  2 factory          factory app      00 00 00010000 00800000[0m
[0;32mI (81) boot: End of partition table[0m
[0;32mI (84) esp_image: segment 0: paddr=00010020 vaddr=3c0e0020 size=13b25ch (1290844) map[0m
[0;32mI (283) esp_image: segment 1: paddr=0014b284 vaddr=3fc9c900 size=04d94h ( 19860) load[0m
[0;32mI (287) esp_image: segment 2: paddr=00150020 vaddr=42000020 size=d4cb0h (871600) map[0m
[0;32mI (416) esp_image: segment 3: paddr=00224cd8 vaddr=3fca1694 size=009fch (  2556) load[0m
[0;32mI (417) esp_image: segment 4: paddr=002256dc vaddr=40374000 size=18880h (100480) load[0m
[0;32mI (439) esp_image: segment 5: paddr=0023df64 vaddr=600fe000 size=00020h (    32) load[0m
[0;32mI (449) boot: Loaded app from partition at offset 0x10000[0m
[0;32mI (450) boot: Disabling RNG early entropy source...[0m
[0;33mW (460) flash HPM: HPM mode is optional feature that depends on flash model. Read Docs First![0m
[0;33mW (460) flash HPM: HPM mode with DC adjustment is disabled. Some flash models may not be supported. Read Docs First![0m
[0;33mW (467) flash HPM: High performance mode of this flash model hasn't been supported.[0m
[0;32mI (475) MSPI Timing: Flash timing tuning index: 2[0m
[0;32mI (479) octal_psram: vendor id    : 0x0d (AP)[0m
[0;32mI (483) octal_psram: dev id       : 0x02 (generation 3)[0m
[0;32mI (488) octal_psram: density      : 0x03 (64 Mbit)[0m
[0;32mI (492) octal_psram: good-die     : 0x01 (Pass)[0m
[0;32mI (496) octal_psram: Latency      : 0x01 (Fixed)[0m
[0;32mI (501) octal_psram: VCC          : 0x01 (3V)[0m
[0;32mI (505) octal_psram: SRF          : 0x01 (Fast Refresh)[0m
[0;32mI (510) octal_psram: BurstType    : 0x01 (Hybrid Wrap)[0m
[0;32mI (515) octal_psram: BurstLen     : 0x01 (32 Byte)[0m
[0;32mI (519) octal_psram: Readlatency  : 0x02 (10 cycles@Fixed)[0m
[0;32mI (524) octal_psram: DriveStrength: 0x00 (1/1)[0m
[0;32mI (536) MSPI Timing: PSRAM timing tuning index: 2[0m
[0;32mI (537) esp_psram: Found 8MB PSRAM device[0m
[0;32mI (537) esp_psram: Speed: 120MHz[0m
[0;32mI (592) mmu_psram: Read only data copied and mapped to SPIRAM[0m
[0;32mI (639) mmu_psram: Instructions copied and mapped to SPIRAM[0m
[0;32mI (639) cpu_start: Multicore app[0m
[0;32mI (789) esp_psram: SPI SRAM memory test OK[0m
[0;32mI (798) cpu_start: Pro cpu start user code[0m
[0;32mI (798) cpu_start: cpu freq: 240000000 Hz[0m
[0;32mI (798) app_init: Application information:[0m
[0;32mI (798) app_init: Project name:     16_LVGL_UI[0m
[0;32mI (802) app_init: App version:      94f2d6e-dirty[0m
[0;32mI (807) app_init: Compile time:     Nov  3 2025 14:27:49[0m
[0;32mI (812) app_init: ELF file SHA256:  7684cd987...[0m
[0;32mI (816) app_init: ESP-IDF:          v5.5-dirty[0m
[0;32mI (820) efuse_init: Min chip rev:     v0.0[0m
[0;32mI (824) efuse_init: Max chip rev:     v0.99 [0m
[0;32mI (828) efuse_init: Chip rev:         v0.2[0m
[0;32mI (832) heap_init: Initializing. RAM available for dynamic allocation:[0m
[0;32mI (838) heap_init: At 3FCB3200 len 00036510 (217 KiB): RAM[0m
[0;32mI (843) heap_init: At 3FCE9710 len 00005724 (21 KiB): RAM[0m
[0;32mI (848) heap_init: At 3FCF0000 len 00008000 (32 KiB): DRAM[0m
[0;32mI (854) heap_init: At 600FE020 len 00001FC8 (7 KiB): RTCRAM[0m
[0;32mI (859) esp_psram: Adding pool of 6016K of PSRAM memory to heap allocator[0m
[0;32mI (865) esp_psram: Adding pool of 19K of PSRAM memory gap generated due to end address alignment of drom to the heap allocator[0m
[0;32mI (877) spi_flash: detected chip: generic[0m
[0;32mI (880) spi_flash: flash io: qio[0m
[0;32mI (883) sleep_gpio: Configure to isolate all GPIO pins in sleep state[0m
[0;32mI (889) sleep_gpio: Enable automatic switching of GPIO sleep configuration[0m
[0;32mI (896) coexist: coex firmware version: 831ec70[0m
[0;32mI (909) coexist: coexist rom version e7ae62f[0m
[0;32mI (909) main_task: Started on CPU0[0m
[0;32mI (910) esp_psram: Reserving pool of 32K of internal memory for DMA/internal allocations[0m
[0;32mI (915) main_task: Calling app_main()[0m
[0;33mW (927) i2c.master: Please check pull-up resistances whether be connected properly. Otherwise unexpected behavior would happen. For more detailed information, please read docs[0m
[0;32mI (1334) GT911: Initialize I2C panel IO[0m
[0;32mI (1334) GT911: Initialize touch controller GT911[0m
[0;33mW (1334) GT911: Unable to initialize the I2C address[0m
[0;32mI (1336) GT911: TouchPad_ID:0x39,0x31,0x31[0m
[0;32mI (1339) GT911: TouchPad_Config_Version:91[0m
[0;32mI (1343) example: Install RGB LCD panel driver[0m
[0;32mI (1383) example: Initialize RGB LCD panel[0m
[0;32mI (1384) lv_port: Create LVGL task[0m
[0;32mI (1488) MAIN: create main UI successfully[0m
[0;32mI (1490) pp: pp rom version: e7ae62f[0m
[0;32mI (1490) net80211: net80211 rom version: e7ae62f[0m
[0;32mI (1492) wifi:wifi driver task: 3fceec18, prio:23, stack:6656, core=0[0m
[0;32mI (1521) wifi:wifi firmware version: f3dbad7[0m
[0;32mI (1521) wifi:wifi certification version: v7.0[0m
[0;32mI (1521) wifi:config NVS flash: enabled[0m
[0;32mI (1522) wifi:config nano formatting: disabled[0m
[0;32mI (1526) wifi:Init data frame dynamic rx buffer num: 32[0m
[0;32mI (1531) wifi:Init static rx mgmt buffer num: 5[0m
[0;32mI (1537) wifi:Init management short buffer num: 32[0m
[0;32mI (1540) wifi:Init static tx buffer num: 16[0m
[0;32mI (1544) wifi:Init tx cache buffer num: 32[0m
[0;32mI (1547) wifi:Init static tx FG buffer num: 2[0m
[0;32mI (1551) wifi:Init static rx buffer size: 1600[0m
[0;32mI (1556) wifi:Init static rx buffer num: 16[0m
[0;32mI (1560) wifi:Init dynamic rx buffer num: 32[0m
[0;32mI (1564) wifi_init: rx ba win: 16[0m
[0;32mI (1567) wifi_init: accept mbox: 6[0m
[0;32mI (1570) wifi_init: tcpip mbox: 32[0m
[0;32mI (1573) wifi_init: udp mbox: 6[0m
[0;32mI (1576) wifi_init: tcp mbox: 6[0m
[0;32mI (1578) wifi_init: tcp tx win: 5760[0m
[0;32mI (1582) wifi_init: tcp rx win: 5760[0m
[0;32mI (1585) wifi_init: tcp mss: 1440[0m
[0;32mI (1588) wifi_init: WiFi/LWIP prefer SPIRAM[0m
[0;32mI (1592) wifi_init: WiFi IRAM OP enabled[0m
[0;32mI (1596) wifi_init: WiFi RX IRAM OP enabled[0m
[0;32mI (1600) reconnect: Found saved WiFi: NamTrung[0m
ESP_ERROR_CHECK failed: esp_err_t 0x103 (ESP_ERR_INVALID_STATE) at 0x4200d429
file: "./main/user/wifi/wifi_sta.c" line 528
func: start_wifi_events
expression: esp_event_handler_instance_register(WIFI_EVENT, ESP_EVENT_ANY_ID, &wifi_event_handler, NULL, NULL)

abort() was called at PC 0x4037e7d7 on core 0


Backtrace: 0x40375ff1:0x3fcedfc0 0x4037e7e1:0x3fcedfe0 0x40386312:0x3fcee000 0x4037e7d7:0x3fcee070 0x4200d429:0x3fcee0a0 0x4200c7cc:0x3fcee0c0 0x4200c803:0x3fcee2a0




ELF file SHA256: 7684cd987

Rebooting...
ESP-ROM:esp32s3-20210327
Build:Mar 27 2021
rst:0xc (RTC_SW_CPU_RST),boot:0x28 (SPI_FAST_FLASH_BOOT)
Saved PC:0x40375f54
SPIWP:0xee
mode:DIO, clock div:1
load:0x3fce2820,len:0x1710
load:0x403c8700,len:0xec0
load:0x403cb700,len:0x31d4
entry 0x403c894c
[0;32mI (29) boot: ESP-IDF v5.5-dirty 2nd stage bootloader[0m
[0;32mI (29) boot: compile time Oct 10 2025 10:23:37[0m
[0;32mI (29) boot: Multicore bootloader[0m
[0;32mI (30) boot: chip revision: v0.2[0m
[0;32mI (33) boot: efuse block revision: v1.3[0m
[0;32mI (36) qio_mode: Enabling default flash chip QIO[0m
[0;32mI (40) boot.esp32s3: Boot SPI Speed : 80MHz[0m
[0;32mI (44) boot.esp32s3: SPI Mode       : QIO[0m
[0;32mI (48) boot.esp32s3: SPI Flash Size : 16MB[0m
[0;32mI (52) boot: Enabling RNG early entropy source...[0m
[0;32mI (56) boot: Partition Table:[0m
[0;32mI (59) boot: ## Label            Usage          Type ST Offset   Length[0m
[0;32mI (65) boot:  0 nvs              WiFi data        01 02 00009000 00006000[0m
[0;32mI (72) boot:  1 phy_init         RF data          01 01 0000f000 00001000[0m
[0;32mI (78) boot:  2 factory          factory app      00 00 00010000 00800000[0m
[0;32mI (85) boot: End of partition table[0m
[0;32mI (88) esp_image: segment 0: paddr=00010020 vaddr=3c0e0020 size=13b25ch (1290844) map[0m
[0;32mI (287) esp_image: segment 1: paddr=0014b284 vaddr=3fc9c900 size=04d94h ( 19860) load[0m
[0;32mI (291) esp_image: segment 2: paddr=00150020 vaddr=42000020 size=d4cb0h (871600) map[0m
[0;32mI (421) esp_image: segment 3: paddr=00224cd8 vaddr=3fca1694 size=009fch (  2556) load[0m
[0;32mI (422) esp_image: segment 4: paddr=002256dc vaddr=40374000 size=18880h (100480) load[0m
[0;32mI (444) esp_image: segment 5: paddr=0023df64 vaddr=600fe000 size=00020h (    32) load[0m
[0;32mI (454) boot: Loaded app from partition at offset 0x10000[0m
[0;32mI (454) boot: Disabling RNG early entropy source...[0m
[0;33mW (464) flash HPM: HPM mode is optional feature that depends on flash model. Read Docs First![0m
[0;33mW (464) flash HPM: HPM mode with DC adjustment is disabled. Some flash models may not be supported. Read Docs First![0m
[0;33mW (471) flash HPM: High performance mode of this flash model hasn't been supported.[0m
[0;32mI (479) MSPI Timing: Flash timing tuning index: 2[0m
[0;32mI (483) octal_psram: vendor id    : 0x0d (AP)[0m
[0;32mI (487) octal_psram: dev id       : 0x02 (generation 3)[0m
[0;32mI (492) octal_psram: density      : 0x03 (64 Mbit)[0m
[0;32mI (496) octal_psram: good-die     : 0x01 (Pass)[0m
[0;32mI (501) octal_psram: Latency      : 0x01 (Fixed)[0m
[0;32mI (505) octal_psram: VCC          : 0x01 (3V)[0m
[0;32mI (509) octal_psram: SRF          : 0x01 (Fast Refresh)[0m
[0;32mI (514) octal_psram: BurstType    : 0x01 (Hybrid Wrap)[0m
[0;32mI (519) octal_psram: BurstLen     : 0x01 (32 Byte)[0m
[0;32mI (523) octal_psram: Readlatency  : 0x02 (10 cycles@Fixed)[0m
[0;32mI (529) octal_psram: DriveStrength: 0x00 (1/1)[0m
[0;32mI (541) MSPI Timing: PSRAM timing tuning index: 2[0m
[0;32mI (541) esp_psram: Found 8MB PSRAM device[0m
[0;32mI (541) esp_psram: Speed: 120MHz[0m
[0;32mI (596) mmu_psram: Read only data copied and mapped to SPIRAM[0m
[0;32mI (643) mmu_psram: Instructions copied and mapped to SPIRAM[0m
[0;32mI (643) cpu_start: Multicore app[0m
[0;32mI (794) esp_psram: SPI SRAM memory test OK[0m
[0;32mI (802) cpu_start: Pro cpu start user code[0m
[0;32mI (802) cpu_start: cpu freq: 240000000 Hz[0m
[0;32mI (802) app_init: Application information:[0m
[0;32mI (802) app_init: Project name:     16_LVGL_UI[0m
[0;32mI (806) app_init: App version:      94f2d6e-dirty[0m
[0;32mI (811) app_init: Compile time:     Nov  3 2025 14:27:49[0m
[0;32mI (816) app_init: ELF file SHA256:  7684cd987...[0m
[0;32mI (820) app_init: ESP-IDF:          v5.5-dirty[0m
[0;32mI (824) efuse_init: Min chip rev:     v0.0[0m
[0;32mI (828) efuse_init: Max chip rev:     v0.99 [0m
[0;32mI (832) efuse_init: Chip rev:         v0.2[0m
[0;32mI (836) heap_init: Initializing. RAM available for dynamic allocation:[0m
[0;32mI (842) heap_init: At 3FCB3200 len 00036510 (217 KiB): RAM[0m
[0;32mI (847) heap_init: At 3FCE9710 len 00005724 (21 KiB): RAM[0m
[0;32mI (853) heap_init: At 3FCF0000 len 00008000 (32 KiB): DRAM[0m
[0;32mI (858) heap_init: At 600FE020 len 00001FC8 (7 KiB): RTCRAM[0m
[0;32mI (863) esp_psram: Adding pool of 6016K of PSRAM memory to heap allocator[0m
[0;32mI (870) esp_psram: Adding pool of 19K of PSRAM memory gap generated due to end address alignment of drom to the heap allocator[0m
[0;32mI (881) spi_flash: detected chip: generic[0m
[0;32mI (884) spi_flash: flash io: qio[0m
[0;32mI (887) sleep_gpio: Configure to isolate all GPIO pins in sleep state[0m
[0;32mI (894) sleep_gpio: Enable automatic switching of GPIO sleep configuration[0m
[0;32mI (900) coexist: coex firmware version: 831ec70[0m
[0;32mI (913) coexist: coexist rom version e7ae62f[0m
[0;32mI (913) main_task: Started on CPU0[0m
[0;32mI (914) esp_psram: Reserving pool of 32K of internal memory for DMA/internal allocations[0m
[0;32mI (919) main_task: Calling app_main()[0m
[0;33mW (931) i2c.master: Please check pull-up resistances whether be connected properly. Otherwise unexpected behavior would happen. For more detailed information, please read docs[0m
[0;32mI (1338) GT911: Initialize I2C panel IO[0m
[0;32mI (1338) GT911: Initialize touch controller GT911[0m
[0;33mW (1338) GT911: Unable to initialize the I2C address[0m
[0;32mI (1340) GT911: TouchPad_ID:0x39,0x31,0x31[0m
[0;32mI (1343) GT911: TouchPad_Config_Version:91[0m
[0;32mI (1347) example: Install RGB LCD panel driver[0m
[0;32mI (1387) example: Initialize RGB LCD panel[0m
[0;32mI (1388) lv_port: Create LVGL task[0m
[0;32mI (1492) MAIN: create main UI successfully[0m
[0;32mI (1494) pp: pp rom version: e7ae62f[0m
[0;32mI (1494) net80211: net80211 rom version: e7ae62f[0m
[0;32mI (1496) wifi:wifi driver task: 3fceec18, prio:23, stack:6656, core=0[0m
[0;32mI (1525) wifi:wifi firmware version: f3dbad7[0m
[0;32mI (1525) wifi:wifi certification version: v7.0[0m
[0;32mI (1525) wifi:config NVS flash: enabled[0m
[0;32mI (1526) wifi:config nano formatting: disabled[0m
[0;32mI (1530) wifi:Init data frame dynamic rx buffer num: 32[0m
[0;32mI (1535) wifi:Init static rx mgmt buffer num: 5[0m
[0;32mI (1541) wifi:Init management short buffer num: 32[0m
[0;32mI (1544) wifi:Init static tx buffer num: 16[0m
[0;32mI (1548) wifi:Init tx cache buffer num: 32[0m
[0;32mI (1551) wifi:Init static tx FG buffer num: 2[0m
[0;32mI (1555) wifi:Init static rx buffer size: 1600[0m
[0;32mI (1560) wifi:Init static rx buffer num: 16[0m
[0;32mI (1564) wifi:Init dynamic rx buffer num: 32[0m
[0;32mI (1568) wifi_init: rx ba win: 16[0m
[0;32mI (1571) wifi_init: accept mbox: 6[0m
[0;32mI (1574) wifi_init: tcpip mbox: 32[0m
[0;32mI (1577) wifi_init: udp mbox: 6[0m
[0;32mI (1580) wifi_init: tcp mbox: 6[0m
[0;32mI (1582) wifi_init: tcp tx win: 5760[0m
[0;32mI (1586) wifi_init: tcp rx win: 5760[0m
[0;32mI (1589) wifi_init: tcp mss: 1440[0m
[0;32mI (1592) wifi_init: WiFi/LWIP prefer SPIRAM[0m
[0;32mI (1596) wifi_init: WiFi IRAM OP enabled[0m
[0;32mI (1600) wifi_init: WiFi RX IRAM OP enabled[0m
[0;32mI (1604) reconnect: Found saved WiFi: NamTrung[0m
ESP_ERROR_CHECK failed: esp_err_t 0x103 (ESP_ERR_INVALID_STATE) at 0x4200d429
file: "./main/user/wifi/wifi_sta.c" line 528
func: start_wifi_events
expression: esp_event_handler_instance_register(WIFI_EVENT, ESP_EVENT_ANY_ID, &wifi_event_handler, NULL, NULL)

abort() was called at PC 0x4037e7d7 on core 0


Backtrace: 0x40375ff1:0x3fcedfc0 0x4037e7e1:0x3fcedfe0 0x40386312:0x3fcee000 0x4037e7d7:0x3fcee070 0x4200d429:0x3fcee0a0 0x4200c7cc:0x3fcee0c0 0x4200c803:0x3fcee2a0




ELF file SHA256: 7684cd987

Rebooting...
ESP-ROM:esp32s3-20210327
Build:Mar 27 2021
rst:0xc (RTC_SW_CPU_RST),boot:0x28 (SPI_FAST_FLASH_BOOT)
Saved PC:0x40375f54
SPIWP:0xee
mode:DIO, clock div:1
load:0x3fce2820,len:0x1710
load:0x403c8700,len:0xec0
load:0x403cb700,len:0x31d4
entry 0x403c894c
[0;32mI (29) boot: ESP-IDF v5.5-dirty 2nd stage bootloader[0m
[0;32mI (29) boot: compile time Oct 10 2025 10:23:37[0m
[0;32mI (29) boot: Multicore bootloader[0m
[0;32mI (30) boot: chip revision: v0.2[0m
[0;32mI (33) boot: efuse block revision: v1.3[0m
[0;32mI (36) qio_mode: Enabling default flash chip QIO[0m
[0;32mI (40) boot.esp32s3: Boot SPI Speed : 80MHz[0m
[0;32mI (44) boot.esp32s3: SPI Mode       : QIO[0m
[0;32mI (48) boot.esp32s3: SPI Flash Size : 16MB[0m
[0;32mI (52) boot: Enabling RNG early entropy source...[0m
[0;32mI (56) boot: Partition Table:[0m
[0;32mI (59) boot: ## Label            Usage          Type ST Offset   Length[0m
[0;32mI (65) boot:  0 nvs              WiFi data        01 02 00009000 00006000[0m
[0;32mI (72) boot:  1 phy_init         RF data          01 01 0000f000 00001000[0m
[0;32mI (78) boot:  2 factory          factory app      00 00 00010000 00800000[0m
[0;32mI (85) boot: End of partition table[0m
[0;32mI (88) esp_image: segment 0: paddr=00010020 vaddr=3c0e0020 size=13b25ch (1290844) map[0m
[0;32mI (287) esp_image: segment 1: paddr=0014b284 vaddr=3fc9c900 size=04d94h ( 19860) load[0m
[0;32mI (291) esp_image: segment 2: paddr=00150020 vaddr=42000020 size=d4cb0h (871600) map[0m
[0;32mI (421) esp_image: segment 3: paddr=00224cd8 vaddr=3fca1694 size=009fch (  2556) load[0m
[0;32mI (422) esp_image: segment 4: paddr=002256dc vaddr=40374000 size=18880h (100480) load[0m
[0;32mI (444) esp_image: segment 5: paddr=0023df64 vaddr=600fe000 size=00020h (    32) load[0m
[0;32mI (454) boot: Loaded app from partition at offset 0x10000[0m
[0;32mI (454) boot: Disabling RNG early entropy source...[0m
[0;33mW (464) flash HPM: HPM mode is optional feature that depends on flash model. Read Docs First![0m
[0;33mW (464) flash HPM: HPM mode with DC adjustment is disabled. Some flash models may not be supported. Read Docs First![0m
[0;33mW (471) flash HPM: High performance mode of this flash model hasn't been supported.[0m
[0;32mI (479) MSPI Timing: Flash timing tuning index: 2[0m
[0;32mI (483) octal_psram: vendor id    : 0x0d (AP)[0m
[0;32mI (487) octal_psram: dev id       : 0x02 (generation 3)[0m
[0;32mI (492) octal_psram: density      : 0x03 (64 Mbit)[0m
[0;32mI (496) octal_psram: good-die     : 0x01 (Pass)[0m
[0;32mI (501) octal_psram: Latency      : 0x01 (Fixed)[0m
[0;32mI (505) octal_psram: VCC          : 0x01 (3V)[0m
[0;32mI (509) octal_psram: SRF          : 0x01 (Fast Refresh)[0m
[0;32mI (514) octal_psram: BurstType    : 0x01 (Hybrid Wrap)[0m
[0;32mI (519) octal_psram: BurstLen     : 0x01 (32 Byte)[0m
[0;32mI (523) octal_psram: Readlatency  : 0x02 (10 cycles@Fixed)[0m
[0;32mI (529) octal_psram: DriveStrength: 0x00 (1/1)[0m
[0;32mI (541) MSPI Timing: PSRAM timing tuning index: 2[0m
[0;32mI (541) esp_psram: Found 8MB PSRAM device[0m
[0;32mI (541) esp_psram: Speed: 120MHz[0m
[0;32mI (596) mmu_psram: Read only data copied and mapped to SPIRAM[0m
[0;32mI (643) mmu_psram: Instructions copied and mapped to SPIRAM[0m
[0;32mI (643) cpu_start: Multicore app[0m
[0;32mI (794) esp_psram: SPI SRAM memory test OK[0m
[0;32mI (802) cpu_start: Pro cpu start user code[0m
[0;32mI (802) cpu_start: cpu freq: 240000000 Hz[0m
[0;32mI (802) app_init: Application information:[0m
[0;32mI (802) app_init: Project name:     16_LVGL_UI[0m
[0;32mI (806) app_init: App version:      94f2d6e-dirty[0m
[0;32mI (811) app_init: Compile time:     Nov  3 2025 14:27:49[0m
[0;32mI (816) app_init: ELF file SHA256:  7684cd987...[0m
[0;32mI (820) app_init: ESP-IDF:          v5.5-dirty[0m
[0;32mI (824) efuse_init: Min chip rev:     v0.0[0m
[0;32mI (828) efuse_init: Max chip rev:     v0.99 [0m
[0;32mI (832) efuse_init: Chip rev:         v0.2[0m
[0;32mI (836) heap_init: Initializing. RAM available for dynamic allocation:[0m
[0;32mI (842) heap_init: At 3FCB3200 len 00036510 (217 KiB): RAM[0m
[0;32mI (847) heap_init: At 3FCE9710 len 00005724 (21 KiB): RAM[0m
[0;32mI (853) heap_init: At 3FCF0000 len 00008000 (32 KiB): DRAM[0m
[0;32mI (858) heap_init: At 600FE020 len 00001FC8 (7 KiB): RTCRAM[0m
[0;32mI (863) esp_psram: Adding pool of 6016K of PSRAM memory to heap allocator[0m
[0;32mI (870) esp_psram: Adding pool of 19K of PSRAM memory gap generated due to end address alignment of drom to the heap allocator[0m
[0;32mI (881) spi_flash: detected chip: generic[0m
[0;32mI (884) spi_flash: flash io: qio[0m
[0;32mI (887) sleep_gpio: Configure to isolate all GPIO pins in sleep state[0m
[0;32mI (894) sleep_gpio: Enable automatic switching of GPIO sleep configuration[0m
[0;32mI (900) coexist: coex firmware version: 831ec70[0m
[0;32mI (913) coexist: coexist rom version e7ae62f[0m
[0;32mI (914) main_task: Started on CPU0[0m
[0;32mI (915) esp_psram: Reserving pool of 32K of internal memory for DMA/internal allocations[0m
[0;32mI (920) main_task: Calling app_main()[0m
[0;33mW (932) i2c.master: Please check pull-up resistances whether be connected properly. Otherwise unexpected behavior would happen. For more detailed information, please read docs[0m
[0;32mI (1339) GT911: Initialize I2C panel IO[0m
[0;32mI (1339) GT911: Initialize touch controller GT911[0m
[0;33mW (1339) GT911: Unable to initialize the I2C address[0m
[0;32mI (1341) GT911: TouchPad_ID:0x39,0x31,0x31[0m
[0;32mI (1344) GT911: TouchPad_Config_Version:91[0m
[0;32mI (1348) example: Install RGB LCD panel driver[0m
[0;32mI (1388) example: Initialize RGB LCD panel[0m
[0;32mI (1389) lv_port: Create LVGL task[0m
[0;32mI (1493) MAIN: create main UI successfully[0m
[0;32mI (1495) pp: pp rom version: e7ae62f[0m
[0;32mI (1495) net80211: net80211 rom version: e7ae62f[0m
[0;32mI (1497) wifi:wifi driver task: 3fceec18, prio:23, stack:6656, core=0[0m
[0;32mI (1526) wifi:wifi firmware version: f3dbad7[0m
[0;32mI (1526) wifi:wifi certification version: v7.0[0m
[0;32mI (1526) wifi:config NVS flash: enabled[0m
[0;32mI (1527) wifi:config nano formatting: disabled[0m
[0;32mI (1531) wifi:Init data frame dynamic rx buffer num: 32[0m
[0;32mI (1536) wifi:Init static rx mgmt buffer num: 5[0m
[0;32mI (1542) wifi:Init management short buffer num: 32[0m
[0;32mI (1545) wifi:Init static tx buffer num: 16[0m
[0;32mI (1549) wifi:Init tx cache buffer num: 32[0m
[0;32mI (1552) wifi:Init static tx FG buffer num: 2[0m
[0;32mI (1556) wifi:Init static rx buffer size: 1600[0m
[0;32mI (1561) wifi:Init static rx buffer num: 16[0m
[0;32mI (1564) wifi:Init dynamic rx buffer num: 32[0m
[0;32mI (1569) wifi_init: rx ba win: 16[0m
[0;32mI (1572) wifi_init: accept mbox: 6[0m
[0;32mI (1575) wifi_init: tcpip mbox: 32[0m
[0;32mI (1578) wifi_init: udp mbox: 6[0m
[0;32mI (1581) wifi_init: tcp mbox: 6[0m
[0;32mI (1583) wifi_init: tcp tx win: 5760[0m
[0;32mI (1587) wifi_init: tcp rx win: 5760[0m
[0;32mI (1590) wifi_init: tcp mss: 1440[0m
[0;32mI (1593) wifi_init: WiFi/LWIP prefer SPIRAM[0m
[0;32mI (1597) wifi_init: WiFi IRAM OP enabled[0m
[0;32mI (1601) wifi_init: WiFi RX IRAM OP enabled[0m
[0;32mI (1605) reconnect: Found saved WiFi: NamTrung[0m
ESP_ERROR_CHECK failed: esp_err_t 0x103 (ESP_ERR_INVALID_STATE) at 0x4200d429
file: "./main/user/wifi/wifi_sta.c" line 528
func: start_wifi_events
expression: esp_event_handler_instance_register(WIFI_EVENT, ESP_EVENT_ANY_ID, &wifi_event_handler, NULL, NULL)

abort() was called at PC 0x4037e7d7 on core 0


Backtrace: 0x40375ff1:0x3fcedfc0 0x4037e7e1:0x3fcedfe0 0x40386312:0x3fcee000 0x4037e7d7:0x3fcee070 0x4200d429:0x3fcee0a0 0x4200c7cc:0x3fcee0c0 0x4200c803:0x3fcee2a0




ELF file SHA256: 7684cd987

Rebooting...
ESP-ROM:esp32s3-20210327
Build:Mar 27 2021
rst:0xc (RTC_SW_CPU_RST),boot:0x28 (SPI_FAST_FLASH_BOOT)
Saved PC:0x40375f54
SPIWP:0xee
mode:DIO, clock div:1
load:0x3fce2820,len:0x1710
load:0x403c8700,len:0xec0
load:0x403cb700,len:0x31d4
entry 0x403c894c
[0;32mI (29) boot: ESP-IDF v5.5-dirty 2nd stage bootloader[0m
[0;32mI (29) boot: compile time Oct 10 2025 10:23:37[0m
[0;32mI (29) boot: Multicore bootloader[0m
[0;32mI (30) boot: chip revision: v0.2[0m
[0;32mI (33) boot: efuse block revision: v1.3[0m
[0;32mI (36) qio_mode: Enabling default flash chip QIO[0m
[0;32mI (40) boot.esp32s3: Boot SPI Speed : 80MHz[0m
[0;32mI (44) boot.esp32s3: SPI Mode       : QIO[0m
[0;32mI (48) boot.esp32s3: SPI Flash Size : 16MB[0m
[0;32mI (52) boot: Enabling RNG early entropy source...[0m
[0;32mI (56) boot: Partition Table:[0m
[0;32mI (59) boot: ## Label            Usage          Type ST Offset   Length[0m
[0;32mI (65) boot:  0 nvs              WiFi data        01 02 00009000 00006000[0m
[0;32mI (72) boot:  1 phy_init         RF data          01 01 0000f000 00001000[0m
[0;32mI (78) boot:  2 factory          factory app      00 00 00010000 00800000[0m
[0;32mI (85) boot: End of partition table[0m
[0;32mI (88) esp_image: segment 0: paddr=00010020 vaddr=3c0e0020 size=13b25ch (1290844) map[0m
[0;32mI (287) esp_image: segment 1: paddr=0014b284 vaddr=3fc9c900 size=04d94h ( 19860) load[0m
[0;32mI (291) esp_image: segment 2: paddr=00150020 vaddr=42000020 size=d4cb0h (871600) map[0m
[0;32mI (421) esp_image: segment 3: paddr=00224cd8 vaddr=3fca1694 size=009fch (  2556) load[0m
[0;32mI (422) esp_image: segment 4: paddr=002256dc vaddr=40374000 size=18880h (100480) load[0m
[0;32mI (444) esp_image: segment 5: paddr=0023df64 vaddr=600fe000 size=00020h (    32) load[0m
[0;32mI (454) boot: Loaded app from partition at offset 0x10000[0m
[0;32mI (454) boot: Disabling RNG early entropy source...[0m
[0;33mW (464) flash HPM: HPM mode is optional feature that depends on flash model. Read Docs First![0m
[0;33mW (464) flash HPM: HPM mode with DC adjustment is disabled. Some flash models may not be supported. Read Docs First![0m
[0;33mW (471) flash HPM: High performance mode of this flash model hasn't been supported.[0m
[0;32mI (479) MSPI Timing: Flash timing tuning index: 2[0m
[0;32mI (483) octal_psram: vendor id    : 0x0d (AP)[0m
[0;32mI (487) octal_psram: dev id       : 0x02 (generation 3)[0m
[0;32mI (492) octal_psram: density      : 0x03 (64 Mbit)[0m
[0;32mI (496) octal_psram: good-die     : 0x01 (Pass)[0m
[0;32mI (501) octal_psram: Latency      : 0x01 (Fixed)[0m
[0;32mI (505) octal_psram: VCC          : 0x01 (3V)[0m
[0;32mI (509) octal_psram: SRF          : 0x01 (Fast Refresh)[0m
[0;32mI (514) octal_psram: BurstType    : 0x01 (Hybrid Wrap)[0m
[0;32mI (519) octal_psram: BurstLen     : 0x01 (32 Byte)[0m
[0;32mI (523) octal_psram: Readlatency  : 0x02 (10 cycles@Fixed)[0m
[0;32mI (529) octal_psram: DriveStrength: 0x00 (1/1)[0m
[0;32mI (541) MSPI Timing: PSRAM timing tuning index: 2[0m
[0;32mI (541) esp_psram: Found 8MB PSRAM device[0m
[0;32mI (541) esp_psram: Speed: 120MHz[0m
[0;32mI (596) mmu_psram: Read only data copied and mapped to SPIRAM[0m
[0;32mI (643) mmu_psram: Instructions copied and mapped to SPIRAM[0m
[0;32mI (643) cpu_start: Multicore app[0m
[0;32mI (794) esp_psram: SPI SRAM memory test OK[0m
[0;32mI (802) cpu_start: Pro cpu start user code[0m
[0;32mI (802) cpu_start: cpu freq: 240000000 Hz[0m
[0;32mI (802) app_init: Application information:[0m
[0;32mI (802) app_init: Project name:     16_LVGL_UI[0m
[0;32mI (806) app_init: App version:      94f2d6e-dirty[0m
[0;32mI (811) app_init: Compile time:     Nov  3 2025 14:27:49[0m
[0;32mI (816) app_init: ELF file SHA256:  7684cd987...[0m
[0;32mI (820) app_init: ESP-IDF:          v5.5-dirty[0m
[0;32mI (824) efuse_init: Min chip rev:     v0.0[0m
[0;32mI (828) efuse_init: Max chip rev:     v0.99 [0m
[0;32mI (832) efuse_init: Chip rev:         v0.2[0m
[0;32mI (836) heap_init: Initializing. RAM available for dynamic allocation:[0m
[0;32mI (842) heap_init: At 3FCB3200 len 00036510 (217 KiB): RAM[0m
[0;32mI (847) heap_init: At 3FCE9710 len 00005724 (21 KiB): RAM[0m
[0;32mI (853) heap_init: At 3FCF0000 len 00008000 (32 KiB): DRAM[0m
[0;32mI (858) heap_init: At 600FE020 len 00001FC8 (7 KiB): RTCRAM[0m
[0;32mI (863) esp_psram: Adding pool of 6016K of PSRAM memory to heap allocator[0m
[0;32mI (870) esp_psram: Adding pool of 19K of PSRAM memory gap generated due to end address alignment of drom to the heap allocator[0m
[0;32mI (881) spi_flash: detected chip: generic[0m
[0;32mI (884) spi_flash: flash io: qio[0m
[0;32mI (887) sleep_gpio: Configure to isolate all GPIO pins in sleep state[0m
[0;32mI (894) sleep_gpio: Enable automatic switching of GPIO sleep configuration[0m
[0;32mI (900) coexist: coex firmware version: 831ec70[0m
[0;32mI (913) coexist: coexist rom version e7ae62f[0m
[0;32mI (913) main_task: Started on CPU0[0m
[0;32mI (914) esp_psram: Reserving pool of 32K of internal memory for DMA/internal allocations[0m
[0;32mI (919) main_task: Calling app_main()[0m
[0;33mW (931) i2c.master: Please check pull-up resistances whether be connected properly. Otherwise unexpected behavior would happen. For more detailed information, please read docs[0m
[0;32mI (1338) GT911: Initialize I2C panel IO[0m
[0;32mI (1338) GT911: Initialize touch controller GT911[0m
[0;33mW (1338) GT911: Unable to initialize the I2C address[0m
[0;32mI (1340) GT911: TouchPad_ID:0x39,0x31,0x31[0m
[0;32mI (1343) GT911: TouchPad_Config_Version:91[0m
[0;32mI (1347) example: Install RGB LCD panel driver[0m
[0;32mI (1387) example: Initialize RGB LCD panel[0m
[0;32mI (1388) lv_port: Create LVGL task[0m
[0;32mI (1492) MAIN: create main UI successfully[0m
[0;32mI (1494) pp: pp rom version: e7ae62f[0m
[0;32mI (1494) net80211: net80211 rom version: e7ae62f[0m
[0;32mI (1496) wifi:wifi driver task: 3fceec18, prio:23, stack:6656, core=0[0m
[0;32mI (1525) wifi:wifi firmware version: f3dbad7[0m
[0;32mI (1525) wifi:wifi certification version: v7.0[0m
[0;32mI (1525) wifi:config NVS flash: enabled[0m
[0;32mI (1526) wifi:config nano formatting: disabled[0m
[0;32mI (1530) wifi:Init data frame dynamic rx buffer num: 32[0m
[0;32mI (1535) wifi:Init static rx mgmt buffer num: 5[0m
[0;32mI (1541) wifi:Init management short buffer num: 32[0m
[0;32mI (1544) wifi:Init static tx buffer num: 16[0m
[0;32mI (1548) wifi:Init tx cache buffer num: 32[0m
[0;32mI (1551) wifi:Init static tx FG buffer num: 2[0m
[0;32mI (1555) wifi:Init static rx buffer size: 1600[0m
[0;32mI (1560) wifi:Init static rx buffer num: 16[0m
[0;32mI (1563) wifi:Init dynamic rx buffer num: 32[0m
[0;32mI (1568) wifi_init: rx ba win: 16[0m
[0;32mI (1571) wifi_init: accept mbox: 6[0m
[0;32mI (1574) wifi_init: tcpip mbox: 32[0m
[0;32mI (1577) wifi_init: udp mbox: 6[0m
[0;32mI (1580) wifi_init: tcp mbox: 6[0m
[0;32mI (1582) wifi_init: tcp tx win: 5760[0m
[0;32mI (1586) wifi_init: tcp rx win: 5760[0m
[0;32mI (1589) wifi_init: tcp mss: 1440[0m
[0;32mI (1592) wifi_init: WiFi/LWIP prefer SPIRAM[0m
[0;32mI (1596) wifi_init: WiFi IRAM OP enabled[0m
[0;32mI (1600) wifi_init: WiFi RX IRAM OP enabled[0m
[0;32mI (1604) reconnect: Found saved WiFi: NamTrung[0m
ESP_ERROR_CHECK failed: esp_err_t 0x103 (ESP_ERR_INVALID_STATE) at 0x4200d429
file: "./main/user/wifi/wifi_sta.c" line 528
func: start_wifi_events
expression: esp_event_handler_instance_register(WIFI_EVENT, ESP_EVENT_ANY_ID, &wifi_event_handler, NULL, NULL)

abort() was called at PC 0x4037e7d7 on core 0


Backtrace: 0x40375ff1:0x3fcedfc0 0x4037e7e1:0x3fcedfe0 0x40386312:0x3fcee000 0x4037e7d7:0x3fcee070 0x4200d429:0x3fcee0a0 0x4200c7cc:0x3fcee0c0 0x4200c803:0x3fcee2a0




ELF file SHA256: 7684cd987

Rebooting...
ESP-ROM:esp32s3-20210327
Build:Mar 27 2021
rst:0xc (RTC_SW_CPU_RST),boot:0x28 (SPI_FAST_FLASH_BOOT)
Saved PC:0x40375f54
SPIWP:0xee
mode:DIO, clock div:1
load:0x3fce2820,len:0x1710
load:0x403c8700,len:0xec0
load:0x403cb700,len:0x31d4
entry 0x403c894c
[0;32mI (29) boot: ESP-IDF v5.5-dirty 2nd stage bootloader[0m
[0;32mI (29) boot: compile time Oct 10 2025 10:23:37[0m
[0;32mI (29) boot: Multicore bootloader[0m
[0;32mI (30) boot: chip revision: v0.2[0m
[0;32mI (33) boot: efuse block revision: v1.3[0m
[0;32mI (36) qio_mode: Enabling default flash chip QIO[0m
[0;32mI (40) boot.esp32s3: Boot SPI Speed : 80MHz[0m
[0;32mI (44) boot.esp32s3: SPI Mode       : QIO[0m
[0;32mI (48) boot.esp32s3: SPI Flash Size : 16MB[0m
[0;32mI (52) boot: Enabling RNG early entropy source...[0m
[0;32mI (56) boot: Partition Table:[0m
[0;32mI (59) boot: ## Label            Usage          Type ST Offset   Length[0m
[0;32mI (65) boot:  0 nvs              WiFi data        01 02 00009000 00006000[0m
[0;32mI (72) boot:  1 phy_init         RF data          01 01 0000f000 00001000[0m
[0;32mI (78) boot:  2 factory          factory app      00 00 00010000 00800000[0m
[0;32mI (85) boot: End of partition table[0m
[0;32mI (88) esp_image: segment 0: paddr=00010020 vaddr=3c0e0020 size=13b25ch (1290844) map[0m
[0;32mI (287) esp_image: segment 1: paddr=0014b284 vaddr=3fc9c900 size=04d94h ( 19860) load[0m
[0;32mI (291) esp_image: segment 2: paddr=00150020 vaddr=42000020 size=d4cb0h (871600) map[0m
[0;32mI (421) esp_image: segment 3: paddr=00224cd8 vaddr=3fca1694 size=009fch (  2556) load[0m
[0;32mI (422) esp_image: segment 4: paddr=002256dc vaddr=40374000 size=18880h (100480) load[0m
[0;32mI (444) esp_image: segment 5: paddr=0023df64 vaddr=600fe000 size=00020h (    32) load[0m
[0;32mI (454) boot: Loaded app from partition at offset 0x10000[0m
[0;32mI (454) boot: Disabling RNG early entropy source...[0m
[0;33mW (464) flash HPM: HPM mode is optional feature that depends on flash model. Read Docs First![0m
[0;33mW (464) flash HPM: HPM mode with DC adjustment is disabled. Some flash models may not be supported. Read Docs First![0m
[0;33mW (471) flash HPM: High performance mode of this flash model hasn't been supported.[0m
[0;32mI (479) MSPI Timing: Flash timing tuning index: 2[0m
[0;32mI (483) octal_psram: vendor id    : 0x0d (AP)[0m
[0;32mI (487) octal_psram: dev id       : 0x02 (generation 3)[0m
[0;32mI (492) octal_psram: density      : 0x03 (64 Mbit)[0m
[0;32mI (496) octal_psram: good-die     : 0x01 (Pass)[0m
[0;32mI (501) octal_psram: Latency      : 0x01 (Fixed)[0m
[0;32mI (505) octal_psram: VCC          : 0x01 (3V)[0m
[0;32mI (509) octal_psram: SRF          : 0x01 (Fast Refresh)[0m
[0;32mI (514) octal_psram: BurstType    : 0x01 (Hybrid Wrap)[0m
[0;32mI (519) octal_psram: BurstLen     : 0x01 (32 Byte)[0m
[0;32mI (523) octal_psram: Readlatency  : 0x02 (10 cycles@Fixed)[0m
[0;32mI (529) octal_psram: DriveStrength: 0x00 (1/1)[0m
[0;32mI (538) MSPI Timing: PSRAM timing tuning index: 2[0m
[0;32mI (538) esp_psram: Found 8MB PSRAM device[0m
[0;32mI (541) esp_psram: Speed: 120MHz[0m
[0;32mI (596) mmu_psram: Read only data copied and mapped to SPIRAM[0m
[0;32mI (643) mmu_psram: Instructions copied and mapped to SPIRAM[0m
[0;32mI (643) cpu_start: Multicore app[0m
[0;32mI (793) esp_psram: SPI SRAM memory test OK[0m
[0;32mI (802) cpu_start: Pro cpu start user code[0m
[0;32mI (802) cpu_start: cpu freq: 240000000 Hz[0m
[0;32mI (802) app_init: Application information:[0m
[0;32mI (802) app_init: Project name:     16_LVGL_UI[0m
[0;32mI (806) app_init: App version:      94f2d6e-dirty[0m
[0;32mI (811) app_init: Compile time:     Nov  3 2025 14:27:49[0m
[0;32mI (816) app_init: ELF file SHA256:  7684cd987...[0m
[0;32mI (820) app_init: ESP-IDF:          v5.5-dirty[0m
[0;32mI (824) efuse_init: Min chip rev:     v0.0[0m
[0;32mI (828) efuse_init: Max chip rev:     v0.99 [0m
[0;32mI (832) efuse_init: Chip rev:         v0.2[0m
[0;32mI (836) heap_init: Initializing. RAM available for dynamic allocation:[0m
[0;32mI (842) heap_init: At 3FCB3200 len 00036510 (217 KiB): RAM[0m
[0;32mI (847) heap_init: At 3FCE9710 len 00005724 (21 KiB): RAM[0m
[0;32mI (852) heap_init: At 3FCF0000 len 00008000 (32 KiB): DRAM[0m
[0;32mI (858) heap_init: At 600FE020 len 00001FC8 (7 KiB): RTCRAM[0m
[0;32mI (863) esp_psram: Adding pool of 6016K of PSRAM memory to heap allocator[0m
[0;32mI (869) esp_psram: Adding pool of 19K of PSRAM memory gap generated due to end address alignment of drom to the heap allocator[0m
[0;32mI (881) spi_flash: detected chip: generic[0m
[0;32mI (884) spi_flash: flash io: qio[0m
[0;32mI (887) sleep_gpio: Configure to isolate all GPIO pins in sleep state[0m
[0;32mI (893) sleep_gpio: Enable automatic switching of GPIO sleep configuration[0m
[0;32mI (900) coexist: coex firmware version: 831ec70[0m
[0;32mI (913) coexist: coexist rom version e7ae62f[0m
[0;32mI (913) main_task: Started on CPU0[0m
[0;32mI (914) esp_psram: Reserving pool of 32K of internal memory for DMA/internal allocations[0m
[0;32mI (919) main_task: Calling app_main()[0m
[0;33mW (931) i2c.master: Please check pull-up resistances whether be connected properly. Otherwise unexpected behavior would happen. For more detailed information, please read docs[0m
[0;32mI (1338) GT911: Initialize I2C panel IO[0m
[0;32mI (1338) GT911: Initialize touch controller GT911[0m
[0;33mW (1338) GT911: Unable to initialize the I2C address[0m
[0;32mI (1340) GT911: TouchPad_ID:0x39,0x31,0x31[0m
[0;32mI (1343) GT911: TouchPad_Config_Version:91[0m
[0;32mI (1347) example: Install RGB LCD panel driver[0m
[0;32mI (1387) example: Initialize RGB LCD panel[0m
[0;32mI (1388) lv_port: Create LVGL task[0m
[0;32mI (1492) MAIN: create main UI successfully[0m
[0;32mI (1494) pp: pp rom version: e7ae62f[0m
[0;32mI (1494) net80211: net80211 rom version: e7ae62f[0m
[0;32mI (1496) wifi:wifi driver task: 3fceec18, prio:23, stack:6656, core=0[0m
[0;32mI (1525) wifi:wifi firmware version: f3dbad7[0m
[0;32mI (1525) wifi:wifi certification version: v7.0[0m
[0;32mI (1525) wifi:config NVS flash: enabled[0m
[0;32mI (1526) wifi:config nano formatting: disabled[0m
[0;32mI (1530) wifi:Init data frame dynamic rx buffer num: 32[0m
[0;32mI (1535) wifi:Init static rx mgmt buffer num: 5[0m
[0;32mI (1541) wifi:Init management short buffer num: 32[0m
[0;32mI (1544) wifi:Init static tx buffer num: 16[0m
[0;32mI (1548) wifi:Init tx cache buffer num: 32[0m
[0;32mI (1551) wifi:Init static tx FG buffer num: 2[0m
[0;32mI (1555) wifi:Init static rx buffer size: 1600[0m
[0;32mI (1560) wifi:Init static rx buffer num: 16[0m
[0;32mI (1563) wifi:Init dynamic rx buffer num: 32[0m
[0;32mI (1568) wifi_init: rx ba win: 16[0m
[0;32mI (1571) wifi_init: accept mbox: 6[0m
[0;32mI (1574) wifi_init: tcpip mbox: 32[0m
[0;32mI (1577) wifi_init: udp mbox: 6[0m
[0;32mI (1580) wifi_init: tcp mbox: 6[0m
[0;32mI (1582) wifi_init: tcp tx win: 5760[0m
[0;32mI (1586) wifi_init: tcp rx win: 5760[0m
[0;32mI (1589) wifi_init: tcp mss: 1440[0m
[0;32mI (1592) wifi_init: WiFi/LWIP prefer SPIRAM[0m
[0;32mI (1596) wifi_init: WiFi IRAM OP enabled[0m
[0;32mI (1600) wifi_init: WiFi RX IRAM OP enabled[0m
[0;32mI (1604) reconnect: Found saved WiFi: NamTrung[0m
ESP_ERROR_CHECK failed: esp_err_t 0x103 (ESP_ERR_INVALID_STATE) at 0x4200d429
file: "./main/user/wifi/wifi_sta.c" line 528
func: start_wifi_events
expression: esp_event_handler_instance_register(WIFI_EVENT, ESP_EVENT_ANY_ID, &wifi_event_handler, NULL, NULL)

abort() was called at PC 0x4037e7d7 on core 0


Backtrace: 0x40375ff1:0x3fcedfc0 0x4037e7e1:0x3fcedfe0 0x40386312:0x3fcee000 0x4037e7d7:0x3fcee070 0x4200d429:0x3fcee0a0 0x4200c7cc:0x3fcee0c0 0x4200c803:0x3fcee2a0




ELF file SHA256: 7684cd987

Rebooting...
ESP-ROM:esp32s3-20210327
Build:Mar 27 2021
rst:0xc (RTC_SW_CPU_RST),boot:0x28 (SPI_FAST_FLASH_BOOT)
Saved PC:0x40375f54
SPIWP:0xee
mode:DIO, clock div:1
load:0x3fce2820,len:0x1710
load:0x403c8700,len:0xec0
load:0x403cb700,len:0x31d4
entry 0x403c894c
[0;32mI (29) boot: ESP-IDF v5.5-dirty 2nd stage bootloader[0m
[0;32mI (29) boot: compile time Oct 10 2025 10:23:37[0m
[0;32mI (29) boot: Multicore bootloader[0m
[0;32mI (30) boot: chip revision: v0.2[0m
[0;32mI (33) boot: efuse block revision: v1.3[0m
[0;32mI (36) qio_mode: Enabling default flash chip QIO[0m
[0;32mI (40) boot.esp32s3: Boot SPI Speed : 80MHz[0m
[0;32mI (44) boot.esp32s3: SPI Mode       : QIO[0m
[0;32mI (48) boot.esp32s3: SPI Flash Size : 16MB[0m
[0;32mI (52) boot: Enabling RNG early entropy source...[0m
[0;32mI (56) boot: Partition Table:[0m
[0;32mI (59) boot: ## Label            Usage          Type ST Offset   Length[0m
[0;32mI (65) boot:  0 nvs              WiFi data        01 02 00009000 00006000[0m
[0;32mI (72) boot:  1 phy_init         RF data          01 01 0000f000 00001000[0m
[0;32mI (78) boot:  2 factory          factory app      00 00 00010000 00800000[0m
[0;32mI (85) boot: End of partition table[0m
[0;32mI (88) esp_image: segment 0: paddr=00010020 vaddr=3c0e0020 size=13b25ch (1290844) map[0m
[0;32mI (287) esp_image: segment 1: paddr=0014b284 vaddr=3fc9c900 size=04d94h ( 19860) load[0m
[0;32mI (291) esp_image: segment 2: paddr=00150020 vaddr=42000020 size=d4cb0h (871600) map[0m
[0;32mI (421) esp_image: segment 3: paddr=00224cd8 vaddr=3fca1694 size=009fch (  2556) load[0m
[0;32mI (422) esp_image: segment 4: paddr=002256dc vaddr=40374000 size=18880h (100480) load[0m
[0;32mI (444) esp_image: segment 5: paddr=0023df64 vaddr=600fe000 size=00020h (    32) load[0m
[0;32mI (454) boot: Loaded app from partition at offset 0x10000[0m
[0;32mI (454) boot: Disabling RNG early entropy source...[0m
[0;33mW (464) flash HPM: HPM mode is optional feature that depends on flash model. Read Docs First![0m
[0;33mW (464) flash HPM: HPM mode with DC adjustment is disabled. Some flash models may not be supported. Read Docs First![0m
[0;33mW (471) flash HPM: High performance mode of this flash model hasn't been supported.[0m
[0;32mI (479) MSPI Timing: Flash timing tuning index: 2[0m
[0;32mI (483) octal_psram: vendor id    : 0x0d (AP)[0m
[0;32mI (487) octal_psram: dev id       : 0x02 (generation 3)[0m
[0;32mI (492) octal_psram: density      : 0x03 (64 Mbit)[0m
[0;32mI (496) octal_psram: good-die     : 0x01 (Pass)[0m
[0;32mI (501) octal_psram: Latency      : 0x01 (Fixed)[0m
[0;32mI (505) octal_psram: VCC          : 0x01 (3V)[0m
[0;32mI (509) octal_psram: SRF          : 0x01 (Fast Refresh)[0m
[0;32mI (514) octal_psram: BurstType    : 0x01 (Hybrid Wrap)[0m
[0;32mI (519) octal_psram: BurstLen     : 0x01 (32 Byte)[0m
[0;32mI (523) octal_psram: Readlatency  : 0x02 (10 cycles@Fixed)[0m
[0;32mI (529) octal_psram: DriveStrength: 0x00 (1/1)[0m
[0;32mI (541) MSPI Timing: PSRAM timing tuning index: 2[0m
[0;32mI (541) esp_psram: Found 8MB PSRAM device[0m
[0;32mI (541) esp_psram: Speed: 120MHz[0m
[0;32mI (596) mmu_psram: Read only data copied and mapped to SPIRAM[0m
[0;32mI (643) mmu_psram: Instructions copied and mapped to SPIRAM[0m
[0;32mI (643) cpu_start: Multicore app[0m
[0;32mI (794) esp_psram: SPI SRAM memory test OK[0m
[0;32mI (802) cpu_start: Pro cpu start user code[0m
[0;32mI (802) cpu_start: cpu freq: 240000000 Hz[0m
[0;32mI (802) app_init: Application information:[0m
[0;32mI (802) app_init: Project name:     16_LVGL_UI[0m
[0;32mI (806) app_init: App version:      94f2d6e-dirty[0m
[0;32mI (811) app_init: Compile time:     Nov  3 2025 14:27:49[0m
[0;32mI (816) app_init: ELF file SHA256:  7684cd987...[0m
[0;32mI (820) app_init: ESP-IDF:          v5.5-dirty[0m
[0;32mI (824) efuse_init: Min chip rev:     v0.0[0m
[0;32mI (828) efuse_init: Max chip rev:     v0.99 [0m
[0;32mI (832) efuse_init: Chip rev:         v0.2[0m
[0;32mI (836) heap_init: Initializing. RAM available for dynamic allocation:[0m
[0;32mI (842) heap_init: At 3FCB3200 len 00036510 (217 KiB): RAM[0m
[0;32mI (847) heap_init: At 3FCE9710 len 00005724 (21 KiB): RAM[0m
[0;32mI (853) heap_init: At 3FCF0000 len 00008000 (32 KiB): DRAM[0m
[0;32mI (858) heap_init: At 600FE020 len 00001FC8 (7 KiB): RTCRAM[0m
[0;32mI (863) esp_psram: Adding pool of 6016K of PSRAM memory to heap allocator[0m
[0;32mI (870) esp_psram: Adding pool of 19K of PSRAM memory gap generated due to end address alignment of drom to the heap allocator[0m
[0;32mI (881) spi_flash: detected chip: generic[0m
[0;32mI (884) spi_flash: flash io: qio[0m
[0;32mI (887) sleep_gpio: Configure to isolate all GPIO pins in sleep state[0m
[0;32mI (894) sleep_gpio: Enable automatic switching of GPIO sleep configuration[0m
[0;32mI (900) coexist: coex firmware version: 831ec70[0m
[0;32mI (913) coexist: coexist rom version e7ae62f[0m
[0;32mI (914) main_task: Started on CPU0[0m
[0;32mI (915) esp_psram: Reserving pool of 32K of internal memory for DMA/internal allocations[0m
[0;32mI (920) main_task: Calling app_main()[0m
[0;33mW (932) i2c.master: Please check pull-up resistances whether be connected properly. Otherwise unexpected behavior would happen. For more detailed information, please read docs[0m
[0;32mI (1339) GT911: Initialize I2C panel IO[0m
[0;32mI (1339) GT911: Initialize touch controller GT911[0m
[0;33mW (1339) GT911: Unable to initialize the I2C address[0m
[0;32mI (1341) GT911: TouchPad_ID:0x39,0x31,0x31[0m
[0;32mI (1344) GT911: TouchPad_Config_Version:91[0m
[0;32mI (1348) example: Install RGB LCD panel driver[0m
[0;32mI (1388) example: Initialize RGB LCD panel[0m
[0;32mI (1389) lv_port: Create LVGL task[0m
[0;32mI (1493) MAIN: create main UI successfully[0m
[0;32mI (1495) pp: pp rom version: e7ae62f[0m
[0;32mI (1495) net80211: net80211 rom version: e7ae62f[0m
[0;32mI (1497) wifi:wifi driver task: 3fceec18, prio:23, stack:6656, core=0[0m
[0;32mI (1526) wifi:wifi firmware version: f3dbad7[0m
[0;32mI (1526) wifi:wifi certification version: v7.0[0m
[0;32mI (1526) wifi:config NVS flash: enabled[0m
[0;32mI (1527) wifi:config nano formatting: disabled[0m
[0;32mI (1531) wifi:Init data frame dynamic rx buffer num: 32[0m
[0;32mI (1536) wifi:Init static rx mgmt buffer num: 5[0m
[0;32mI (1542) wifi:Init management short buffer num: 32[0m
[0;32mI (1545) wifi:Init static tx buffer num: 16[0m
[0;32mI (1549) wifi:Init tx cache buffer num: 32[0m
[0;32mI (1552) wifi:Init static tx FG buffer num: 2[0m
[0;32mI (1556) wifi:Init static rx buffer size: 1600[0m
[0;32mI (1561) wifi:Init static rx buffer num: 16[0m
[0;32mI (1564) wifi:Init dynamic rx buffer num: 32[0m
[0;32mI (1569) wifi_init: rx ba win: 16[0m
[0;32mI (1572) wifi_init: accept mbox: 6[0m
[0;32mI (1575) wifi_init: tcpip mbox: 32[0m
[0;32mI (1578) wifi_init: udp mbox: 6[0m
[0;32mI (1581) wifi_init: tcp mbox: 6[0m
[0;32mI (1583) wifi_init: tcp tx win: 5760[0m
[0;32mI (1587) wifi_init: tcp rx win: 5760[0m
[0;32mI (1590) wifi_init: tcp mss: 1440[0m
[0;32mI (1593) wifi_init: WiFi/LWIP prefer SPIRAM[0m
[0;32mI (1597) wifi_init: WiFi IRAM OP enabled[0m
[0;32mI (1601) wifi_init: WiFi RX IRAM OP enabled[0m
[0;32mI (1605) reconnect: Found saved WiFi: NamTrung[0m
ESP_ERROR_CHECK failed: esp_err_t 0x103 (ESP_ERR_INVALID_STATE) at 0x4200d429
file: "./main/user/wifi/wifi_sta.c" line 528
func: start_wifi_events
expression: esp_event_handler_instance_register(WIFI_EVENT, ESP_EVENT_ANY_ID, &wifi_event_handler, NULL, NULL)

abort() was called at PC 0x4037e7d7 on core 0


Backtrace: 0x40375ff1:0x3fcedfc0 0x4037e7e1:0x3fcedfe0 0x40386312:0x3fcee000 0x4037e7d7:0x3fcee070 0x4200d429:0x3fcee0a0 0x4200c7cc:0x3fcee0c0 0x4200c803:0x3fcee2a0




ELF file SHA256: 7684cd987

Rebooting...
ESP-ROM:esp32s3-20210327
Build:Mar 27 2021
rst:0xc (RTC_SW_CPU_RST),boot:0x28 (SPI_FAST_FLASH_BOOT)
Saved PC:0x40375f54
SPIWP:0xee
mode:DIO, clock div:1
load:0x3fce2820,len:0x1710
load:0x403c8700,len:0xec0
load:0x403cb700,len:0x31d4
entry 0x403c894c
[0;32mI (29) boot: ESP-IDF v5.5-dirty 2nd stage bootloader[0m
[0;32mI (29) boot: compile time Oct 10 2025 10:23:37[0m
[0;32mI (29) boot: Multicore bootloader[0m
[0;32mI (30) boot: chip revision: v0.2[0m
[0;32mI (33) boot: efuse block revision: v1.3[0m
[0;32mI (36) qio_mode: Enabling default flash chip QIO[0m
[0;32mI (40) boot.esp32s3: Boot SPI Speed : 80MHz[0m
[0;32mI (44) boot.esp32s3: SPI Mode       : QIO[0m
[0;32mI (48) boot.esp32s3: SPI Flash Size : 16MB[0m
[0;32mI (52) boot: Enabling RNG early entropy source...[0m
[0;32mI (56) boot: Partition Table:[0m
[0;32mI (59) boot: ## Label            Usage          Type ST Offset   Length[0m
[0;32mI (65) boot:  0 nvs              WiFi data        01 02 00009000 00006000[0m
[0;32mI (72) boot:  1 phy_init         RF data          01 01 0000f000 00001000[0m
[0;32mI (78) boot:  2 factory          factory app      00 00 00010000 00800000[0m
[0;32mI (85) boot: End of partition table[0m
[0;32mI (88) esp_image: segment 0: paddr=00010020 vaddr=3c0e0020 size=13b25ch (1290844) map[0m
[0;32mI (287) esp_image: segment 1: paddr=0014b284 vaddr=3fc9c900 size=04d94h ( 19860) load[0m
[0;32mI (291) esp_image: segment 2: paddr=00150020 vaddr=42000020 size=d4cb0h (871600) map[0m
[0;32mI (421) esp_image: segment 3: paddr=00224cd8 vaddr=3fca1694 size=009fch (  2556) load[0m
[0;32mI (422) esp_image: segment 4: paddr=002256dc vaddr=40374000 size=18880h (100480) load[0m
[0;32mI (444) esp_image: segment 5: paddr=0023df64 vaddr=600fe000 size=00020h (    32) load[0m
[0;32mI (454) boot: Loaded app from partition at offset 0x10000[0m
[0;32mI (454) boot: Disabling RNG early entropy source...[0m
[0;33mW (464) flash HPM: HPM mode is optional feature that depends on flash model. Read Docs First![0m
[0;33mW (464) flash HPM: HPM mode with DC adjustment is disabled. Some flash models may not be supported. Read Docs First![0m
[0;33mW (471) flash HPM: High performance mode of this flash model hasn't been supported.[0m
[0;32mI (479) MSPI Timing: Flash timing tuning index: 2[0m
[0;32mI (483) octal_psram: vendor id    : 0x0d (AP)[0m
[0;32mI (487) octal_psram: dev id       : 0x02 (generation 3)[0m
[0;32mI (492) octal_psram: density      : 0x03 (64 Mbit)[0m
[0;32mI (496) octal_psram: good-die     : 0x01 (Pass)[0m
[0;32mI (501) octal_psram: Latency      : 0x01 (Fixed)[0m
[0;32mI (505) octal_psram: VCC          : 0x01 (3V)[0m
[0;32mI (509) octal_psram: SRF          : 0x01 (Fast Refresh)[0m
[0;32mI (514) octal_psram: BurstType    : 0x01 (Hybrid Wrap)[0m
[0;32mI (519) octal_psram: BurstLen     : 0x01 (32 Byte)[0m
[0;32mI (523) octal_psram: Readlatency  : 0x02 (10 cycles@Fixed)[0m
[0;32mI (529) octal_psram: DriveStrength: 0x00 (1/1)[0m
[0;32mI (541) MSPI Timing: PSRAM timing tuning index: 2[0m
[0;32mI (541) esp_psram: Found 8MB PSRAM device[0m
[0;32mI (541) esp_psram: Speed: 120MHz[0m
[0;32mI (596) mmu_psram: Read only data copied and mapped to SPIRAM[0m
[0;32mI (643) mmu_psram: Instructions copied and mapped to SPIRAM[0m
[0;32mI (643) cpu_start: Multicore app[0m
[0;32mI (794) esp_psram: SPI SRAM memory test OK[0m
[0;32mI (802) cpu_start: Pro cpu start user code[0m
[0;32mI (802) cpu_start: cpu freq: 240000000 Hz[0m
[0;32mI (802) app_init: Application information:[0m
[0;32mI (802) app_init: Project name:     16_LVGL_UI[0m
[0;32mI (806) app_init: App version:      94f2d6e-dirty[0m
[0;32mI (811) app_init: Compile time:     Nov  3 2025 14:27:49[0m
[0;32mI (816) app_init: ELF file SHA256:  7684cd987...[0m
[0;32mI (820) app_init: ESP-IDF:          v5.5-dirty[0m
[0;32mI (824) efuse_init: Min chip rev:     v0.0[0m
[0;32mI (828) efuse_init: Max chip rev:     v0.99 [0m
[0;32mI (832) efuse_init: Chip rev:         v0.2[0m
[0;32mI (836) heap_init: Initializing. RAM available for dynamic allocation:[0m
[0;32mI (842) heap_init: At 3FCB3200 len 00036510 (217 KiB): RAM[0m
[0;32mI (847) heap_init: At 3FCE9710 len 00005724 (21 KiB): RAM[0m
[0;32mI (853) heap_init: At 3FCF0000 len 00008000 (32 KiB): DRAM[0m
[0;32mI (858) heap_init: At 600FE020 len 00001FC8 (7 KiB): RTCRAM[0m
[0;32mI (863) esp_psram: Adding pool of 6016K of PSRAM memory to heap allocator[0m
[0;32mI (870) esp_psram: Adding pool of 19K of PSRAM memory gap generated due to end address alignment of drom to the heap allocator[0m
[0;32mI (881) spi_flash: detected chip: generic[0m
[0;32mI (884) spi_flash: flash io: qio[0m
[0;32mI (887) sleep_gpio: Configure to isolate all GPIO pins in sleep state[0m
[0;32mI (894) sleep_gpio: Enable automatic switching of GPIO sleep configuration[0m
[0;32mI (900) coexist: coex firmware version: 831ec70[0m
[0;32mI (913) coexist: coexist rom version e7ae62f[0m
[0;32mI (914) main_task: Started on CPU0[0m
[0;32mI (915) esp_psram: Reserving pool of 32K of internal memory for DMA/internal allocations[0m
[0;32mI (920) main_task: Calling app_main()[0m
[0;33mW (932) i2c.master: Please check pull-up resistances whether be connected properly. Otherwise unexpected behavior would happen. For more detailed information, please read docs[0m
[0;32mI (1339) GT911: Initialize I2C panel IO[0m
[0;32mI (1339) GT911: Initialize touch controller GT911[0m
[0;33mW (1339) GT911: Unable to initialize the I2C address[0m
[0;32mI (1341) GT911: TouchPad_ID:0x39,0x31,0x31[0m
[0;32mI (1344) GT911: TouchPad_Config_Version:91[0m
[0;32mI (1348) example: Install RGB LCD panel driver[0m
[0;32mI (1388) example: Initialize RGB LCD panel[0m
[0;32mI (1389) lv_port: Create LVGL task[0m
[0;32mI (1493) MAIN: create main UI successfully[0m
[0;32mI (1495) pp: pp rom version: e7ae62f[0m
[0;32mI (1495) net80211: net80211 rom version: e7ae62f[0m
[0;32mI (1497) wifi:wifi driver task: 3fceec18, prio:23, stack:6656, core=0[0m
[0;32mI (1526) wifi:wifi firmware version: f3dbad7[0m
[0;32mI (1526) wifi:wifi certification version: v7.0[0m
[0;32mI (1526) wifi:config NVS flash: enabled[0m
[0;32mI (1527) wifi:config nano formatting: disabled[0m
[0;32mI (1531) wifi:Init data frame dynamic rx buffer num: 32[0m
[0;32mI (1536) wifi:Init static rx mgmt buffer num: 5[0m
[0;32mI (1542) wifi:Init management short buffer num: 32[0m
[0;32mI (1545) wifi:Init static tx buffer num: 16[0m
[0;32mI (1549) wifi:Init tx cache buffer num: 32[0m
[0;32mI (1552) wifi:Init static tx FG buffer num: 2[0m
[0;32mI (1557) wifi:Init static rx buffer size: 1600[0m
[0;32mI (1561) wifi:Init static rx buffer num: 16[0m
[0;32mI (1565) wifi:Init dynamic rx buffer num: 32[0m
[0;32mI (1569) wifi_init: rx ba win: 16[0m
[0;32mI (1572) wifi_init: accept mbox: 6[0m
[0;32mI (1575) wifi_init: tcpip mbox: 32[0m
[0;32mI (1578) wifi_init: udp mbox: 6[0m
[0;32mI (1581) wifi_init: tcp mbox: 6[0m
[0;32mI (1584) wifi_init: tcp tx win: 5760[0m
[0;32mI (1587) wifi_init: tcp rx win: 5760[0m
[0;32mI (1590) wifi_init: tcp mss: 1440[0m
[0;32mI (1593) wifi_init: WiFi/LWIP prefer SPIRAM[0m
[0;32mI (1597) wifi_init: WiFi IRAM OP enabled[0m
[0;32mI (1601) wifi_init: WiFi RX IRAM OP enabled[0m
[0;32mI (1605) reconnect: Found saved WiFi: NamTrung[0m
ESP_ERROR_CHECK failed: esp_err_t 0x103 (ESP_ERR_INVALID_STATE) at 0x4200d429
file: "./main/user/wifi/wifi_sta.c" line 528
func: start_wifi_events
expression: esp_event_handler_instance_register(WIFI_EVENT, ESP_EVENT_ANY_ID, &wifi_event_handler, NULL, NULL)

abort() was called at PC 0x4037e7d7 on core 0


Backtrace: 0x40375ff1:0x3fcedfc0 0x4037e7e1:0x3fcedfe0 0x40386312:0x3fcee000 0x4037e7d7:0x3fcee070 0x4200d429:0x3fcee0a0 0x4200c7cc:0x3fcee0c0 0x4200c803:0x3fcee2a0




ELF file SHA256: 7684cd987

Rebooting...
ESP-ROM:esp32s3-20210327
Build:Mar 27 2021
rst:0xc (RTC_SW_CPU_RST),boot:0x28 (SPI_FAST_FLASH_BOOT)
Saved PC:0x40375f54
SPIWP:0xee
mode:DIO, clock div:1
load:0x3fce2820,len:0x1710
load:0x403c8700,len:0xec0
load:0x403cb700,len:0x31d4
entry 0x403c894c
[0;32mI (29) boot: ESP-IDF v5.5-dirty 2nd stage bootloader[0m
[0;32mI (29) boot: compile time Oct 10 2025 10:23:37[0m
[0;32mI (29) boot: Multicore bootloader[0m
[0;32mI (30) boot: chip revision: v0.2[0m
[0;32mI (33) boot: efuse block revision: v1.3[0m
[0;32mI (36) qio_mode: Enabling default flash chip QIO[0m
[0;32mI (40) boot.esp32s3: Boot SPI Speed : 80MHz[0m
[0;32mI (44) boot.esp32s3: SPI Mode       : QIO[0m
[0;32mI (48) boot.esp32s3: SPI Flash Size : 16MB[0m
[0;32mI (52) boot: Enabling RNG early entropy source...[0m
[0;32mI (56) boot: Partition Table:[0m
[0;32mI (59) boot: ## Label            Usage          Type ST Offset   Length[0m
[0;32mI (65) boot:  0 nvs              WiFi data        01 02 00009000 00006000[0m
[0;32mI (72) boot:  1 phy_init         RF data          01 01 0000f000 00001000[0m
[0;32mI (78) boot:  2 factory          factory app      00 00 00010000 00800000[0m
[0;32mI (85) boot: End of partition table[0m
[0;32mI (88) esp_image: segment 0: paddr=00010020 vaddr=3c0e0020 size=13b25ch (1290844) map[0m
[0;32mI (287) esp_image: segment 1: paddr=0014b284 vaddr=3fc9c900 size=04d94h ( 19860) load[0m
[0;32mI (291) esp_image: segment 2: paddr=00150020 vaddr=42000020 size=d4cb0h (871600) map[0m
[0;32mI (421) esp_image: segment 3: paddr=00224cd8 vaddr=3fca1694 size=009fch (  2556) load[0m
[0;32mI (422) esp_image: segment 4: paddr=002256dc vaddr=40374000 size=18880h (100480) load[0m
[0;32mI (444) esp_image: segment 5: paddr=0023df64 vaddr=600fe000 size=00020h (    32) load[0m
[0;32mI (454) boot: Loaded app from partition at offset 0x10000[0m
[0;32mI (454) boot: Disabling RNG early entropy source...[0m
[0;33mW (464) flash HPM: HPM mode is optional feature that depends on flash model. Read Docs First![0m
[0;33mW (464) flash HPM: HPM mode with DC adjustment is disabled. Some flash models may not be supported. Read Docs First![0m
[0;33mW (471) flash HPM: High performance mode of this flash model hasn't been supported.[0m
[0;32mI (479) MSPI Timing: Flash timing tuning index: 2[0m
[0;32mI (483) octal_psram: vendor id    : 0x0d (AP)[0m
[0;32mI (487) octal_psram: dev id       : 0x02 (generation 3)[0m
[0;32mI (492) octal_psram: density      : 0x03 (64 Mbit)[0m
[0;32mI (496) octal_psram: good-die     : 0x01 (Pass)[0m
[0;32mI (501) octal_psram: Latency      : 0x01 (Fixed)[0m
[0;32mI (505) octal_psram: VCC          : 0x01 (3V)[0m
[0;32mI (509) octal_psram: SRF          : 0x01 (Fast Refresh)[0m
[0;32mI (514) octal_psram: BurstType    : 0x01 (Hybrid Wrap)[0m
[0;32mI (519) octal_psram: BurstLen     : 0x01 (32 Byte)[0m
[0;32mI (523) octal_psram: Readlatency  : 0x02 (10 cycles@Fixed)[0m
[0;32mI (529) octal_psram: DriveStrength: 0x00 (1/1)[0m
[0;32mI (541) MSPI Timing: PSRAM timing tuning index: 2[0m
[0;32mI (541) esp_psram: Found 8MB PSRAM device[0m
[0;32mI (541) esp_psram: Speed: 120MHz[0m
[0;32mI (596) mmu_psram: Read only data copied and mapped to SPIRAM[0m
[0;32mI (643) mmu_psram: Instructions copied and mapped to SPIRAM[0m
[0;32mI (643) cpu_start: Multicore app[0m
[0;32mI (794) esp_psram: SPI SRAM memory test OK[0m
[0;32mI (802) cpu_start: Pro cpu start user code[0m
[0;32mI (802) cpu_start: cpu freq: 240000000 Hz[0m
[0;32mI (802) app_init: Application information:[0m
[0;32mI (802) app_init: Project name:     16_LVGL_UI[0m
[0;32mI (806) app_init: App version:      94f2d6e-dirty[0m
[0;32mI (811) app_init: Compile time:     Nov  3 2025 14:27:49[0m
[0;32mI (816) app_init: ELF file SHA256:  7684cd987...[0m
[0;32mI (820) app_init: ESP-IDF:          v5.5-dirty[0m
[0;32mI (824) efuse_init: Min chip rev:     v0.0[0m
[0;32mI (828) efuse_init: Max chip rev:     v0.99 [0m
[0;32mI (832) efuse_init: Chip rev:         v0.2[0m
[0;32mI (836) heap_init: Initializing. RAM available for dynamic allocation:[0m
[0;32mI (842) heap_init: At 3FCB3200 len 00036510 (217 KiB): RAM[0m
[0;32mI (847) heap_init: At 3FCE9710 len 00005724 (21 KiB): RAM[0m
[0;32mI (853) heap_init: At 3FCF0000 len 00008000 (32 KiB): DRAM[0m
[0;32mI (858) heap_init: At 600FE020 len 00001FC8 (7 KiB): RTCRAM[0m
[0;32mI (863) esp_psram: Adding pool of 6016K of PSRAM memory to heap allocator[0m
[0;32mI (870) esp_psram: Adding pool of 19K of PSRAM memory gap generated due to end address alignment of drom to the heap allocator[0m
[0;32mI (881) spi_flash: detected chip: generic[0m
[0;32mI (884) spi_flash: flash io: qio[0m
[0;32mI (888) sleep_gpio: Configure to isolate all GPIO pins in sleep state[0m
[0;32mI (894) sleep_gpio: Enable automatic switching of GPIO sleep configuration[0m
[0;32mI (900) coexist: coex firmware version: 831ec70[0m
[0;32mI (913) coexist: coexist rom version e7ae62f[0m
[0;32mI (914) main_task: Started on CPU0[0m
[0;32mI (915) esp_psram: Reserving pool of 32K of internal memory for DMA/internal allocations[0m
[0;32mI (920) main_task: Calling app_main()[0m
[0;33mW (932) i2c.master: Please check pull-up resistances whether be connected properly. Otherwise unexpected behavior would happen. For more detailed information, please read docs[0m
[0;32mI (1339) GT911: Initialize I2C panel IO[0m
[0;32mI (1339) GT911: Initialize touch controller GT911[0m
[0;33mW (1339) GT911: Unable to initialize the I2C address[0m
[0;32mI (1341) GT911: TouchPad_ID:0x39,0x31,0x31[0m
[0;32mI (1344) GT911: TouchPad_Config_Version:91[0m
[0;32mI (1348) example: Install RGB LCD panel driver[0m
[0;32mI (1388) example: Initialize RGB LCD panel[0m
[0;32mI (1389) lv_port: Create LVGL task[0m
[0;32mI (1493) MAIN: create main UI successfully[0m
[0;32mI (1495) pp: pp rom version: e7ae62f[0m
[0;32mI (1495) net80211: net80211 rom version: e7ae62f[0m
[0;32mI (1497) wifi:wifi driver task: 3fceec18, prio:23, stack:6656, core=0[0m
[0;32mI (1526) wifi:wifi firmware version: f3dbad7[0m
[0;32mI (1526) wifi:wifi certification version: v7.0[0m
[0;32mI (1526) wifi:config NVS flash: enabled[0m
[0;32mI (1527) wifi:config nano formatting: disabled[0m
[0;32mI (1531) wifi:Init data frame dynamic rx buffer num: 32[0m
[0;32mI (1536) wifi:Init static rx mgmt buffer num: 5[0m
[0;32mI (1542) wifi:Init management short buffer num: 32[0m
[0;32mI (1545) wifi:Init static tx buffer num: 16[0m
[0;32mI (1549) wifi:Init tx cache buffer num: 32[0m
[0;32mI (1552) wifi:Init static tx FG buffer num: 2[0m
[0;32mI (1556) wifi:Init static rx buffer size: 1600[0m
[0;32mI (1561) wifi:Init static rx buffer num: 16[0m
[0;32mI (1564) wifi:Init dynamic rx buffer num: 32[0m
[0;32mI (1569) wifi_init: rx ba win: 16[0m
[0;32mI (1572) wifi_init: accept mbox: 6[0m
[0;32mI (1575) wifi_init: tcpip mbox: 32[0m
[0;32mI (1578) wifi_init: udp mbox: 6[0m
[0;32mI (1581) wifi_init: tcp mbox: 6[0m
[0;32mI (1583) wifi_init: tcp tx win: 5760[0m
[0;32mI (1587) wifi_init: tcp rx win: 5760[0m
[0;32mI (1590) wifi_init: tcp mss: 1440[0m
[0;32mI (1593) wifi_init: WiFi/LWIP prefer SPIRAM[0m
[0;32mI (1597) wifi_init: WiFi IRAM OP enabled[0m
[0;32mI (1601) wifi_init: WiFi RX IRAM OP enabled[0m
[0;32mI (1605) reconnect: Found saved WiFi: NamTrung[0m
ESP_ERROR_CHECK failed: esp_err_t 0x103 (ESP_ERR_INVALID_STATE) at 0x4200d429
file: "./main/user/wifi/wifi_sta.c" line 528
func: start_wifi_events
expression: esp_event_handler_instance_register(WIFI_EVENT, ESP_EVENT_ANY_ID, &wifi_event_handler, NULL, NULL)

abort() was called at PC 0x4037e7d7 on core 0


Backtrace: 0x40375ff1:0x3fcedfc0 0x4037e7e1:0x3fcedfe0 0x40386312:0x3fcee000 0x4037e7d7:0x3fcee070 0x4200d429:0x3fcee0a0 0x4200c7cc:0x3fcee0c0 0x4200c803:0x3fcee2a0




ELF file SHA256: 7684cd987

Rebooting...
ESP-ROM:esp32s3-20210327
Build:Mar 27 2021
rst:0xc (RTC_SW_CPU_RST),boot:0x28 (SPI_FAST_FLASH_BOOT)
Saved PC:0x40375f54
SPIWP:0xee
mode:DIO, clock div:1
load:0x3fce2820,len:0x1710
load:0x403c8700,len:0xec0
load:0x403cb700,len:0x31d4
entry 0x403c894c
[0;32mI (29) boot: ESP-IDF v5.5-dirty 2nd stage bootloader[0m
[0;32mI (29) boot: compile time Oct 10 2025 10:23:37[0m
[0;32mI (29) boot: Multicore bootloader[0m
[0;32mI (30) boot: chip revision: v0.2[0m
[0;32mI (33) boot: efuse block revision: v1.3[0m
[0;32mI (36) qio_mode: Enabling default flash chip QIO[0m
[0;32mI (40) boot.esp32s3: Boot SPI Speed : 80MHz[0m
[0;32mI (44) boot.esp32s3: SPI Mode       : QIO[0m
[0;32mI (48) boot.esp32s3: SPI Flash Size : 16MB[0m
[0;32mI (52) boot: Enabling RNG early entropy source...[0m
[0;32mI (56) boot: Partition Table:[0m
[0;32mI (59) boot: ## Label            Usage          Type ST Offset   Length[0m
[0;32mI (65) boot:  0 nvs              WiFi data        01 02 00009000 00006000[0m
[0;32mI (72) boot:  1 phy_init         RF data          01 01 0000f000 00001000[0m
[0;32mI (78) boot:  2 factory          factory app      00 00 00010000 00800000[0m
[0;32mI (85) boot: End of partition table[0m
[0;32mI (88) esp_image: segment 0: paddr=00010020 vaddr=3c0e0020 size=13b25ch (1290844) map[0m
[0;32mI (287) esp_image: segment 1: paddr=0014b284 vaddr=3fc9c900 size=04d94h ( 19860) load[0m
[0;32mI (291) esp_image: segment 2: paddr=00150020 vaddr=42000020 size=d4cb0h (871600) map[0m
[0;32mI (421) esp_image: segment 3: paddr=00224cd8 vaddr=3fca1694 size=009fch (  2556) load[0m
[0;32mI (422) esp_image: segment 4: paddr=002256dc vaddr=40374000 size=18880h (100480) load[0m
[0;32mI (444) esp_image: segment 5: paddr=0023df64 vaddr=600fe000 size=00020h (    32) load[0m
[0;32mI (454) boot: Loaded app from partition at offset 0x10000[0m
[0;32mI (454) boot: Disabling RNG early entropy source...[0m
[0;33mW (464) flash HPM: HPM mode is optional feature that depends on flash model. Read Docs First![0m
[0;33mW (464) flash HPM: HPM mode with DC adjustment is disabled. Some flash models may not be supported. Read Docs First![0m
[0;33mW (471) flash HPM: High performance mode of this flash model hasn't been supported.[0m
[0;32mI (479) MSPI Timing: Flash timing tuning index: 2[0m
[0;32mI (483) octal_psram: vendor id    : 0x0d (AP)[0m
[0;32mI (487) octal_psram: dev id       : 0x02 (generation 3)[0m
[0;32mI (492) octal_psram: density      : 0x03 (64 Mbit)[0m
[0;32mI (496) octal_psram: good-die     : 0x01 (Pass)[0m
[0;32mI (501) octal_psram: Latency      : 0x01 (Fixed)[0m
[0;32mI (505) octal_psram: VCC          : 0x01 (3V)[0m
[0;32mI (509) octal_psram: SRF          : 0x01 (Fast Refresh)[0m
[0;32mI (514) octal_psram: BurstType    : 0x01 (Hybrid Wrap)[0m
[0;32mI (519) octal_psram: BurstLen     : 0x01 (32 Byte)[0m
[0;32mI (523) octal_psram: Readlatency  : 0x02 (10 cycles@Fixed)[0m
[0;32mI (529) octal_psram: DriveStrength: 0x00 (1/1)[0m
[0;32mI (541) MSPI Timing: PSRAM timing tuning index: 2[0m
[0;32mI (541) esp_psram: Found 8MB PSRAM device[0m
[0;32mI (541) esp_psram: Speed: 120MHz[0m
[0;32mI (596) mmu_psram: Read only data copied and mapped to SPIRAM[0m
[0;32mI (643) mmu_psram: Instructions copied and mapped to SPIRAM[0m
[0;32mI (643) cpu_start: Multicore app[0m
[0;32mI (794) esp_psram: SPI SRAM memory test OK[0m
[0;32mI (802) cpu_start: Pro cpu start user code[0m
[0;32mI (802) cpu_start: cpu freq: 240000000 Hz[0m
[0;32mI (802) app_init: Application information:[0m
[0;32mI (802) app_init: Project name:     16_LVGL_UI[0m
[0;32mI (806) app_init: App version:      94f2d6e-dirty[0m
[0;32mI (811) app_init: Compile time:     Nov  3 2025 14:27:49[0m
[0;32mI (816) app_init: ELF file SHA256:  7684cd987...[0m
[0;32mI (820) app_init: ESP-IDF:          v5.5-dirty[0m
[0;32mI (824) efuse_init: Min chip rev:     v0.0[0m
[0;32mI (828) efuse_init: Max chip rev:     v0.99 [0m
[0;32mI (832) efuse_init: Chip rev:         v0.2[0m
[0;32mI (836) heap_init: Initializing. RAM available for dynamic allocation:[0m
[0;32mI (842) heap_init: At 3FCB3200 len 00036510 (217 KiB): RAM[0m
[0;32mI (847) heap_init: At 3FCE9710 len 00005724 (21 KiB): RAM[0m
[0;32mI (853) heap_init: At 3FCF0000 len 00008000 (32 KiB): DRAM[0m
[0;32mI (858) heap_init: At 600FE020 len 00001FC8 (7 KiB): RTCRAM[0m
[0;32mI (863) esp_psram: Adding pool of 6016K of PSRAM memory to heap allocator[0m
[0;32mI (870) esp_psram: Adding pool of 19K of PSRAM memory gap generated due to end address alignment of drom to the heap allocator[0m
[0;32mI (881) spi_flash: detected chip: generic[0m
[0;32mI (884) spi_flash: flash io: qio[0m
[0;32mI (887) sleep_gpio: Configure to isolate all GPIO pins in sleep state[0m
[0;32mI (894) sleep_gpio: Enable automatic switching of GPIO sleep configuration[0m
[0;32mI (900) coexist: coex firmware version: 831ec70[0m
[0;32mI (913) coexist: coexist rom version e7ae62f[0m
[0;32mI (914) main_task: Started on CPU0[0m
[0;32mI (915) esp_psram: Reserving pool of 32K of internal memory for DMA/internal allocations[0m
[0;32mI (920) main_task: Calling app_main()[0m
[0;33mW (932) i2c.master: Please check pull-up resistances whether be connected properly. Otherwise unexpected behavior would happen. For more detailed information, please read docs[0m
[0;32mI (1339) GT911: Initialize I2C panel IO[0m
[0;32mI (1339) GT911: Initialize touch controller GT911[0m
[0;33mW (1339) GT911: Unable to initialize the I2C address[0m
[0;32mI (1341) GT911: TouchPad_ID:0x39,0x31,0x31[0m
[0;32mI (1344) GT911: TouchPad_Config_Version:91[0m
[0;32mI (1348) example: Install RGB LCD panel driver[0m
[0;32mI (1388) example: Initialize RGB LCD panel[0m
[0;32mI (1389) lv_port: Create LVGL task[0m
[0;32mI (1493) MAIN: create main UI successfully[0m
[0;32mI (1495) pp: pp rom version: e7ae62f[0m
[0;32mI (1495) net80211: net80211 rom version: e7ae62f[0m
[0;32mI (1497) wifi:wifi driver task: 3fceec18, prio:23, stack:6656, core=0[0m
[0;32mI (1526) wifi:wifi firmware version: f3dbad7[0m
[0;32mI (1526) wifi:wifi certification version: v7.0[0m
[0;32mI (1526) wifi:config NVS flash: enabled[0m
[0;32mI (1527) wifi:config nano formatting: disabled[0m
[0;32mI (1531) wifi:Init data frame dynamic rx buffer num: 32[0m
[0;32mI (1536) wifi:Init static rx mgmt buffer num: 5[0m
[0;32mI (1542) wifi:Init management short buffer num: 32[0m
[0;32mI (1545) wifi:Init static tx buffer num: 16[0m
[0;32mI (1549) wifi:Init tx cache buffer num: 32[0m
[0;32mI (1552) wifi:Init static tx FG buffer num: 2[0m
[0;32mI (1557) wifi:Init static rx buffer size: 1600[0m
[0;32mI (1561) wifi:Init static rx buffer num: 16[0m
[0;32mI (1565) wifi:Init dynamic rx buffer num: 32[0m
[0;32mI (1569) wifi_init: rx ba win: 16[0m
[0;32mI (1572) wifi_init: accept mbox: 6[0m
[0;32mI (1575) wifi_init: tcpip mbox: 32[0m
[0;32mI (1578) wifi_init: udp mbox: 6[0m
[0;32mI (1581) wifi_init: tcp mbox: 6[0m
[0;32mI (1584) wifi_init: tcp tx win: 5760[0m
[0;32mI (1587) wifi_init: tcp rx win: 5760[0m
[0;32mI (1590) wifi_init: tcp mss: 1440[0m
[0;32mI (1593) wifi_init: WiFi/LWIP prefer SPIRAM[0m
[0;32mI (1597) wifi_init: WiFi IRAM OP enabled[0m
[0;32mI (1601) wifi_init: WiFi RX IRAM OP enabled[0m
[0;32mI (1605) reconnect: Found saved WiFi: NamTrung[0m
ESP_ERROR_CHECK failed: esp_err_t 0x103 (ESP_ERR_INVALID_STATE) at 0x4200d429
file: "./main/user/wifi/wifi_sta.c" line 528
func: start_wifi_events
expression: esp_event_handler_instance_register(WIFI_EVENT, ESP_EVENT_ANY_ID, &wifi_event_handler, NULL, NULL)

abort() was called at PC 0x4037e7d7 on core 0


Backtrace: 0x40375ff1:0x3fcedfc0 0x4037e7e1:0x3fcedfe0 0x40386312:0x3fcee000 0x4037e7d7:0x3fcee070 0x4200d429:0x3fcee0a0 0x4200c7cc:0x3fcee0c0 0x4200c803:0x3fcee2a0




ELF file SHA256: 7684cd987

Rebooting...
ESP-ROM:esp32s3-20210327
Build:Mar 27 2021
rst:0xc (RTC_SW_CPU_RST),boot:0x28 (SPI_FAST_FLASH_BOOT)
Saved PC:0x40375f54
SPIWP:0xee
mode:DIO, clock div:1
load:0x3fce2820,len:0x1710
load:0x403c8700,len:0xec0
load:0x403cb700,len:0x31d4
entry 0x403c894c
[0;32mI (29) boot: ESP-IDF v5.5-dirty 2nd stage bootloader[0m
[0;32mI (29) boot: compile time Oct 10 2025 10:23:37[0m
[0;32mI (29) boot: Multicore bootloader[0m
[0;32mI (30) boot: chip revision: v0.2[0m
[0;32mI (33) boot: efuse block revision: v1.3[0m
[0;32mI (36) qio_mode: Enabling default flash chip QIO[0m
[0;32mI (40) boot.esp32s3: Boot SPI Speed : 80MHz[0m
[0;32mI (44) boot.esp32s3: SPI Mode       : QIO[0m
[0;32mI (48) boot.esp32s3: SPI Flash Size : 16MB[0m
[0;32mI (52) boot: Enabling RNG early entropy source...[0m
[0;32mI (56) boot: Partition Table:[0m
[0;32mI (59) boot: ## Label            Usage          Type ST Offset   Length[0m
[0;32mI (65) boot:  0 nvs              WiFi data        01 02 00009000 00006000[0m
[0;32mI (72) boot:  1 phy_init         RF data          01 01 0000f000 00001000[0m
[0;32mI (78) boot:  2 factory          factory app      00 00 00010000 00800000[0m
[0;32mI (85) boot: End of partition table[0m
[0;32mI (88) esp_image: segment 0: paddr=00010020 vaddr=3c0e0020 size=13b25ch (1290844) map[0m
[0;32mI (287) esp_image: segment 1: paddr=0014b284 vaddr=3fc9c900 size=04d94h ( 19860) load[0m
[0;32mI (291) esp_image: segment 2: paddr=00150020 vaddr=42000020 size=d4cb0h (871600) map[0m
[0;32mI (421) esp_image: segment 3: paddr=00224cd8 vaddr=3fca1694 size=009fch (  2556) load[0m
[0;32mI (422) esp_image: segment 4: paddr=002256dc vaddr=40374000 size=18880h (100480) load[0m
[0;32mI (444) esp_image: segment 5: paddr=0023df64 vaddr=600fe000 size=00020h (    32) load[0m
[0;32mI (454) boot: Loaded app from partition at offset 0x10000[0m
[0;32mI (454) boot: Disabling RNG early entropy source...[0m
[0;33mW (464) flash HPM: HPM mode is optional feature that depends on flash model. Read Docs First![0m
[0;33mW (464) flash HPM: HPM mode with DC adjustment is disabled. Some flash models may not be supported. Read Docs First![0m
[0;33mW (471) flash HPM: High performance mode of this flash model hasn't been supported.[0m
[0;32mI (479) MSPI Timing: Flash timing tuning index: 2[0m
[0;32mI (483) octal_psram: vendor id    : 0x0d (AP)[0m
[0;32mI (487) octal_psram: dev id       : 0x02 (generation 3)[0m
[0;32mI (492) octal_psram: density      : 0x03 (64 Mbit)[0m
[0;32mI (496) octal_psram: good-die     : 0x01 (Pass)[0m
[0;32mI (501) octal_psram: Latency      : 0x01 (Fixed)[0m
[0;32mI (505) octal_psram: VCC          : 0x01 (3V)[0m
[0;32mI (509) octal_psram: SRF          : 0x01 (Fast Refresh)[0m
[0;32mI (514) octal_psram: BurstType    : 0x01 (Hybrid Wrap)[0m
[0;32mI (519) octal_psram: BurstLen     : 0x01 (32 Byte)[0m
[0;32mI (523) octal_psram: Readlatency  : 0x02 (10 cycles@Fixed)[0m
[0;32mI (529) octal_psram: DriveStrength: 0x00 (1/1)[0m
[0;32mI (541) MSPI Timing: PSRAM timing tuning index: 2[0m
[0;32mI (541) esp_psram: Found 8MB PSRAM device[0m
[0;32mI (541) esp_psram: Speed: 120MHz[0m
[0;32mI (596) mmu_psram: Read only data copied and mapped to SPIRAM[0m
[0;32mI (643) mmu_psram: Instructions copied and mapped to SPIRAM[0m
[0;32mI (643) cpu_start: Multicore app[0m
[0;32mI (794) esp_psram: SPI SRAM memory test OK[0m
[0;32mI (802) cpu_start: Pro cpu start user code[0m
[0;32mI (802) cpu_start: cpu freq: 240000000 Hz[0m
[0;32mI (802) app_init: Application information:[0m
[0;32mI (802) app_init: Project name:     16_LVGL_UI[0m
[0;32mI (806) app_init: App version:      94f2d6e-dirty[0m
[0;32mI (811) app_init: Compile time:     Nov  3 2025 14:27:49[0m
[0;32mI (816) app_init: ELF file SHA256:  7684cd987...[0m
[0;32mI (820) app_init: ESP-IDF:          v5.5-dirty[0m
[0;32mI (824) efuse_init: Min chip rev:     v0.0[0m
[0;32mI (828) efuse_init: Max chip rev:     v0.99 [0m
[0;32mI (832) efuse_init: Chip rev:         v0.2[0m
[0;32mI (836) heap_init: Initializing. RAM available for dynamic allocation:[0m
[0;32mI (842) heap_init: At 3FCB3200 len 00036510 (217 KiB): RAM[0m
[0;32mI (847) heap_init: At 3FCE9710 len 00005724 (21 KiB): RAM[0m
[0;32mI (853) heap_init: At 3FCF0000 len 00008000 (32 KiB): DRAM[0m
[0;32mI (858) heap_init: At 600FE020 len 00001FC8 (7 KiB): RTCRAM[0m
[0;32mI (863) esp_psram: Adding pool of 6016K of PSRAM memory to heap allocator[0m
[0;32mI (870) esp_psram: Adding pool of 19K of PSRAM memory gap generated due to end address alignment of drom to the heap allocator[0m
[0;32mI (881) spi_flash: detected chip: generic[0m
[0;32mI (884) spi_flash: flash io: qio[0m
[0;32mI (887) sleep_gpio: Configure to isolate all GPIO pins in sleep state[0m
[0;32mI (894) sleep_gpio: Enable automatic switching of GPIO sleep configuration[0m
[0;32mI (900) coexist: coex firmware version: 831ec70[0m
[0;32mI (913) coexist: coexist rom version e7ae62f[0m
[0;32mI (914) main_task: Started on CPU0[0m
[0;32mI (915) esp_psram: Reserving pool of 32K of internal memory for DMA/internal allocations[0m
[0;32mI (920) main_task: Calling app_main()[0m
[0;33mW (932) i2c.master: Please check pull-up resistances whether be connected properly. Otherwise unexpected behavior would happen. For more detailed information, please read docs[0m
[0;32mI (1339) GT911: Initialize I2C panel IO[0m
[0;32mI (1339) GT911: Initialize touch controller GT911[0m
[0;33mW (1339) GT911: Unable to initialize the I2C address[0m
[0;32mI (1341) GT911: TouchPad_ID:0x39,0x31,0x31[0m
[0;32mI (1344) GT911: TouchPad_Config_Version:91[0m
[0;32mI (1348) example: Install RGB LCD panel driver[0m
[0;32mI (1388) example: Initialize RGB LCD panel[0m
[0;32mI (1389) lv_port: Create LVGL task[0m
[0;32mI (1493) MAIN: create main UI successfully[0m
[0;32mI (1495) pp: pp rom version: e7ae62f[0m
[0;32mI (1495) net80211: net80211 rom version: e7ae62f[0m
[0;32mI (1497) wifi:wifi driver task: 3fceec18, prio:23, stack:6656, core=0[0m
[0;32mI (1526) wifi:wifi firmware version: f3dbad7[0m
[0;32mI (1526) wifi:wifi certification version: v7.0[0m
[0;32mI (1526) wifi:config NVS flash: enabled[0m
[0;32mI (1527) wifi:config nano formatting: disabled[0m
[0;32mI (1531) wifi:Init data frame dynamic rx buffer num: 32[0m
[0;32mI (1536) wifi:Init static rx mgmt buffer num: 5[0m
[0;32mI (1542) wifi:Init management short buffer num: 32[0m
[0;32mI (1545) wifi:Init static tx buffer num: 16[0m
[0;32mI (1549) wifi:Init tx cache buffer num: 32[0m
[0;32mI (1552) wifi:Init static tx FG buffer num: 2[0m
[0;32mI (1557) wifi:Init static rx buffer size: 1600[0m
[0;32mI (1561) wifi:Init static rx buffer num: 16[0m
[0;32mI (1565) wifi:Init dynamic rx buffer num: 32[0m
[0;32mI (1569) wifi_init: rx ba win: 16[0m
[0;32mI (1572) wifi_init: accept mbox: 6[0m
[0;32mI (1575) wifi_init: tcpip mbox: 32[0m
[0;32mI (1578) wifi_init: udp mbox: 6[0m
[0;32mI (1581) wifi_init: tcp mbox: 6[0m
[0;32mI (1584) wifi_init: tcp tx win: 5760[0m
[0;32mI (1587) wifi_init: tcp rx win: 5760[0m
[0;32mI (1590) wifi_init: tcp mss: 1440[0m
[0;32mI (1593) wifi_init: WiFi/LWIP prefer SPIRAM[0m
[0;32mI (1597) wifi_init: WiFi IRAM OP enabled[0m
[0;32mI (1601) wifi_init: WiFi RX IRAM OP enabled[0m
[0;32mI (1605) reconnect: Found saved WiFi: NamTrung[0m
ESP_ERROR_CHECK failed: esp_err_t 0x103 (ESP_ERR_INVALID_STATE) at 0x4200d429
file: "./main/user/wifi/wifi_sta.c" line 528
func: start_wifi_events
expression: esp_event_handler_instance_register(WIFI_EVENT, ESP_EVENT_ANY_ID, &wifi_event_handler, NULL, NULL)

abort() was called at PC 0x4037e7d7 on core 0


Backtrace: 0x40375ff1:0x3fcedfc0 0x4037e7e1:0x3fcedfe0 0x40386312:0x3fcee000 0x4037e7d7:0x3fcee070 0x4200d429:0x3fcee0a0 0x4200c7cc:0x3fcee0c0 0x4200c803:0x3fcee2a0




ELF file SHA256: 7684cd987

Rebooting...
ESP-ROM:esp32s3-20210327
Build:Mar 27 2021
rst:0xc (RTC_SW_CPU_RST),boot:0x28 (SPI_FAST_FLASH_BOOT)
Saved PC:0x40375f54
SPIWP:0xee
mode:DIO, clock div:1
load:0x3fce2820,len:0x1710
load:0x403c8700,len:0xec0
load:0x403cb700,len:0x31d4
entry 0x403c894c
[0;32mI (29) boot: ESP-IDF v5.5-dirty 2nd stage bootloader[0m
[0;32mI (29) boot: compile time Oct 10 2025 10:23:37[0m
[0;32mI (29) boot: Multicore bootloader[0m
[0;32mI (30) boot: chip revision: v0.2[0m
[0;32mI (33) boot: efuse block revision: v1.3[0m
[0;32mI (36) qio_mode: Enabling default flash chip QIO[0m
[0;32mI (40) boot.esp32s3: Boot SPI Speed : 80MHz[0m
[0;32mI (44) boot.esp32s3: SPI Mode       : QIO[0m
[0;32mI (48) boot.esp32s3: SPI Flash Size : 16MB[0m
[0;32mI (52) boot: Enabling RNG early entropy source...[0m
[0;32mI (56) boot: Partition Table:[0m
[0;32mI (59) boot: ## Label            Usage          Type ST Offset   Length[0m
[0;32mI (65) boot:  0 nvs              WiFi data        01 02 00009000 00006000[0m
[0;32mI (72) boot:  1 phy_init         RF data          01 01 0000f000 00001000[0m
[0;32mI (78) boot:  2 factory          factory app      00 00 00010000 00800000[0m
[0;32mI (85) boot: End of partition table[0m
[0;32mI (88) esp_image: segment 0: paddr=00010020 vaddr=3c0e0020 size=13b25ch (1290844) map[0m
[0;32mI (287) esp_image: segment 1: paddr=0014b284 vaddr=3fc9c900 size=04d94h ( 19860) load[0m
[0;32mI (291) esp_image: segment 2: paddr=00150020 vaddr=42000020 size=d4cb0h (871600) map[0m
[0;32mI (421) esp_image: segment 3: paddr=00224cd8 vaddr=3fca1694 size=009fch (  2556) load[0m
[0;32mI (422) esp_image: segment 4: paddr=002256dc vaddr=40374000 size=18880h (100480) load[0m
[0;32mI (444) esp_image: segment 5: paddr=0023df64 vaddr=600fe000 size=00020h (    32) load[0m
[0;32mI (454) boot: Loaded app from partition at offset 0x10000[0m
[0;32mI (454) boot: Disabling RNG early entropy source...[0m
[0;33mW (464) flash HPM: HPM mode is optional feature that depends on flash model. Read Docs First![0m
[0;33mW (464) flash HPM: HPM mode with DC adjustment is disabled. Some flash models may not be supported. Read Docs First![0m
[0;33mW (471) flash HPM: High performance mode of this flash model hasn't been supported.[0m
[0;32mI (479) MSPI Timing: Flash timing tuning index: 2[0m
[0;32mI (483) octal_psram: vendor id    : 0x0d (AP)[0m
[0;32mI (487) octal_psram: dev id       : 0x02 (generation 3)[0m
[0;32mI (492) octal_psram: density      : 0x03 (64 Mbit)[0m
[0;32mI (496) octal_psram: good-die     : 0x01 (Pass)[0m
[0;32mI (501) octal_psram: Latency      : 0x01 (Fixed)[0m
[0;32mI (505) octal_psram: VCC          : 0x01 (3V)[0m
[0;32mI (509) octal_psram: SRF          : 0x01 (Fast Refresh)[0m
[0;32mI (514) octal_psram: BurstType    : 0x01 (Hybrid Wrap)[0m
[0;32mI (519) octal_psram: BurstLen     : 0x01 (32 Byte)[0m
[0;32mI (523) octal_psram: Readlatency  : 0x02 (10 cycles@Fixed)[0m
[0;32mI (529) octal_psram: DriveStrength: 0x00 (1/1)[0m
[0;32mI (541) MSPI Timing: PSRAM timing tuning index: 6[0m
[0;32mI (541) esp_psram: Found 8MB PSRAM device[0m
[0;32mI (541) esp_psram: Speed: 120MHz[0m
[0;32mI (596) mmu_psram: Read only data copied and mapped to SPIRAM[0m
[0;32mI (643) mmu_psram: Instructions copied and mapped to SPIRAM[0m
[0;32mI (643) cpu_start: Multicore app[0m
[0;32mI (794) esp_psram: SPI SRAM memory test OK[0m
[0;32mI (802) cpu_start: Pro cpu start user code[0m
[0;32mI (802) cpu_start: cpu freq: 240000000 Hz[0m
[0;32mI (802) app_init: Application information:[0m
[0;32mI (802) app_init: Project name:     16_LVGL_UI[0m
[0;32mI (806) app_init: App version:      94f2d6e-dirty[0m
[0;32mI (811) app_init: Compile time:     Nov  3 2025 14:27:49[0m
[0;32mI (816) app_init: ELF file SHA256:  7684cd987...[0m
[0;32mI (820) app_init: ESP-IDF:          v5.5-dirty[0m
[0;32mI (824) efuse_init: Min chip rev:     v0.0[0m
[0;32mI (828) efuse_init: Max chip rev:     v0.99 [0m
[0;32mI (832) efuse_init: Chip rev:         v0.2[0m
[0;32mI (836) heap_init: Initializing. RAM available for dynamic allocation:[0m
[0;32mI (842) heap_init: At 3FCB3200 len 00036510 (217 KiB): RAM[0m
[0;32mI (847) heap_init: At 3FCE9710 len 00005724 (21 KiB): RAM[0m
[0;32mI (853) heap_init: At 3FCF0000 len 00008000 (32 KiB): DRAM[0m
[0;32mI (858) heap_init: At 600FE020 len 00001FC8 (7 KiB): RTCRAM[0m
[0;32mI (863) esp_psram: Adding pool of 6016K of PSRAM memory to heap allocator[0m
