Command: D:\ESP32_IDF\Espressif\python_env\idf5.5_py3.11_env\Scripts\python.exe D:\ESP32_IDF\Espressif\frameworks\esp-idf-v5.5\tools/idf_monitor.py -p COM7 -b 115200 --toolchain-prefix xtensa-esp32s3-elf- --target esp32s3 --revision 0 D:\ESP32\ESP32S3_LCD 7B_DEMO_3\ESP32-S3-Touch-LCD-7B-Demo\ESP32-S3-Touch-LCD-7B-Demo\ESP-IDF\16_LVGL_UI 2\build\16_LVGL_UI.elf D:\ESP32\ESP32S3_LCD 7B_DEMO_3\ESP32-S3-Touch-LCD-7B-Demo\ESP32-S3-Touch-LCD-7B-Demo\ESP-IDF\16_LVGL_UI 2\build\bootloader\bootloader.elf --force-color -m 'D:\ESP32_IDF\Espressif\python_env\idf5.5_py3.11_env\Scripts\python.exe' 'D:\ESP32_IDF\Espressif\frameworks\esp-idf-v5.5\tools\idf.py' '-p' 'COM7'
ESP-ROM:esp32s3-20210327
Build:Mar 27 2021
rst:0x1 (POWERON),boot:0x28 (SPI_FAST_FLASH_BOOT)
SPIWP:0xee
mode:DIO, clock div:1
load:0x3fce2820,len:0x1710
load:0x403c8700,len:0xec0
load:0x403cb700,len:0x31d4
entry 0x403c894c
[0;32mI (25) boot: ESP-IDF v5.5-dirty 2nd stage bootloader[0m
[0;32mI (25) boot: compile time Oct 10 2025 10:23:37[0m
[0;32mI (25) boot: Multicore bootloader[0m
[0;32mI (26) boot: chip revision: v0.2[0m
[0;32mI (28) boot: efuse block revision: v1.3[0m
[0;32mI (32) qio_mode: Enabling default flash chip QIO[0m
[0;32mI (36) boot.esp32s3: Boot SPI Speed : 80MHz[0m
[0;32mI (40) boot.esp32s3: SPI Mode       : QIO[0m
[0;32mI (44) boot.esp32s3: SPI Flash Size : 16MB[0m
[0;32mI (48) boot: Enabling RNG early entropy source...[0m
[0;32mI (52) boot: Partition Table:[0m
[0;32mI (55) boot: ## Label            Usage          Type ST Offset   Length[0m
[0;32mI (61) boot:  0 nvs              WiFi data        01 02 00009000 00006000[0m
[0;32mI (68) boot:  1 phy_init         RF data          01 01 0000f000 00001000[0m
[0;32mI (74) boot:  2 factory          factory app      00 00 00010000 00800000[0m
[0;32mI (81) boot: End of partition table[0m
[0;32mI (84) esp_image: segment 0: paddr=00010020 vaddr=3c0e0020 size=13b4c4h (1291460) map[0m
[0;32mI (283) esp_image: segment 1: paddr=0014b4ec vaddr=3fc9c900 size=04b2ch ( 19244) load[0m
[0;32mI (287) esp_image: segment 2: paddr=00150020 vaddr=42000020 size=d6b58h (879448) map[0m
[0;32mI (418) esp_image: segment 3: paddr=00226b80 vaddr=3fca142c size=00c64h (  3172) load[0m
[0;32mI (419) esp_image: segment 4: paddr=002277ec vaddr=40374000 size=18880h (100480) load[0m
[0;32mI (440) esp_image: segment 5: paddr=00240074 vaddr=600fe000 size=00020h (    32) load[0m
[0;32mI (451) boot: Loaded app from partition at offset 0x10000[0m
[0;32mI (451) boot: Disabling RNG early entropy source...[0m
[0;33mW (461) flash HPM: HPM mode is optional feature that depends on flash model. Read Docs First![0m
[0;33mW (461) flash HPM: HPM mode with DC adjustment is disabled. Some flash models may not be supported. Read Docs First![0m
[0;33mW (468) flash HPM: High performance mode of this flash model hasn't been supported.[0m
[0;32mI (476) MSPI Timing: Flash timing tuning index: 2[0m
[0;32mI (480) octal_psram: vendor id    : 0x0d (AP)[0m
[0;32mI (484) octal_psram: dev id       : 0x02 (generation 3)[0m
[0;32mI (489) octal_psram: density      : 0x03 (64 Mbit)[0m
[0;32mI (493) octal_psram: good-die     : 0x01 (Pass)[0m
[0;32mI (498) octal_psram: Latency      : 0x01 (Fixed)[0m
[0;32mI (502) octal_psram: VCC          : 0x01 (3V)[0m
[0;32mI (506) octal_psram: SRF          : 0x01 (Fast Refresh)[0m
[0;32mI (511) octal_psram: BurstType    : 0x01 (Hybrid Wrap)[0m
[0;32mI (516) octal_psram: BurstLen     : 0x01 (32 Byte)[0m
[0;32mI (520) octal_psram: Readlatency  : 0x02 (10 cycles@Fixed)[0m
[0;32mI (526) octal_psram: DriveStrength: 0x00 (1/1)[0m
[0;32mI (538) MSPI Timing: PSRAM timing tuning index: 2[0m
[0;32mI (538) esp_psram: Found 8MB PSRAM device[0m
[0;32mI (538) esp_psram: Speed: 120MHz[0m
[0;32mI (593) mmu_psram: Read only data copied and mapped to SPIRAM[0m
[0;32mI (640) mmu_psram: Instructions copied and mapped to SPIRAM[0m
[0;32mI (640) cpu_start: Multicore app[0m
[0;32mI (791) esp_psram: SPI SRAM memory test OK[0m
[0;32mI (799) cpu_start: Pro cpu start user code[0m
[0;32mI (799) cpu_start: cpu freq: 240000000 Hz[0m
[0;32mI (799) app_init: Application information:[0m
[0;32mI (799) app_init: Project name:     16_LVGL_UI[0m
[0;32mI (803) app_init: App version:      94f2d6e-dirty[0m
[0;32mI (808) app_init: Compile time:     Nov  3 2025 14:27:49[0m
[0;32mI (813) app_init: ELF file SHA256:  5927f72f6...[0m
[0;32mI (817) app_init: ESP-IDF:          v5.5-dirty[0m
[0;32mI (821) efuse_init: Min chip rev:     v0.0[0m
[0;32mI (825) efuse_init: Max chip rev:     v0.99 [0m
[0;32mI (829) efuse_init: Chip rev:         v0.2[0m
[0;32mI (833) heap_init: Initializing. RAM available for dynamic allocation:[0m
[0;32mI (839) heap_init: At 3FCB3310 len 00036400 (217 KiB): RAM[0m
[0;32mI (844) heap_init: At 3FCE9710 len 00005724 (21 KiB): RAM[0m
[0;32mI (849) heap_init: At 3FCF0000 len 00008000 (32 KiB): DRAM[0m
[0;32mI (855) heap_init: At 600FE020 len 00001FC8 (7 KiB): RTCRAM[0m
[0;32mI (860) esp_psram: Adding pool of 6016K of PSRAM memory to heap allocator[0m
[0;32mI (866) esp_psram: Adding pool of 18K of PSRAM memory gap generated due to end address alignment of drom to the heap allocator[0m
[0;32mI (878) spi_flash: detected chip: generic[0m
[0;32mI (881) spi_flash: flash io: qio[0m
[0;32mI (884) sleep_gpio: Configure to isolate all GPIO pins in sleep state[0m
[0;32mI (891) sleep_gpio: Enable automatic switching of GPIO sleep configuration[0m
[0;32mI (897) coexist: coex firmware version: 831ec70[0m
[0;32mI (910) coexist: coexist rom version e7ae62f[0m
[0;32mI (910) main_task: Started on CPU0[0m
[0;32mI (911) esp_psram: Reserving pool of 32K of internal memory for DMA/internal allocations[0m
[0;32mI (916) main_task: Calling app_main()[0m
[0;33mW (928) i2c.master: Please check pull-up resistances whether be connected properly. Otherwise unexpected behavior would happen. For more detailed information, please read docs[0m
[0;32mI (1335) GT911: Initialize I2C panel IO[0m
[0;32mI (1335) GT911: Initialize touch controller GT911[0m
[0;33mW (1335) GT911: Unable to initialize the I2C address[0m
[0;32mI (1337) GT911: TouchPad_ID:0x39,0x31,0x31[0m
[0;32mI (1340) GT911: TouchPad_Config_Version:91[0m
[0;32mI (1344) example: Install RGB LCD panel driver[0m
[0;32mI (1384) example: Initialize RGB LCD panel[0m
[0;32mI (1385) lv_port: Create LVGL task[0m
[0;32mI (1489) MAIN: create main UI successfully[0m
[0;32mI (1552) pp: pp rom version: e7ae62f[0m
[0;32mI (1552) net80211: net80211 rom version: e7ae62f[0m
[0;32mI (1553) MQTT: Other event id:7[0m
[0;32mI (1554) wifi:wifi driver task: 3fccde6c, prio:23, stack:6656, core=0[0m
[1;31mE (1554) esp-tls: [sock=54] connect() error: Host is unreachable[0m
[1;31mE (1564) transport_base: Failed to open a new connection: 32772[0m
[0;32mI (1564) wifi:E (1569) mqtt_client: Error transport connect[0m
wifi firmware version: f3dbad7I (1574) MQTT: MQTT_EVENT_ERROR

[0;32mI (1580) MQTT: Last error code reported from esp-tls: 0x8004[0m
[0;32mI (1580) wifi:I (1585) MQTT: Last tls stack error number: 0x0[0m
wifi certification version: v7.0I (1591) MQTT: Last captured errno : 0 (Success)

[0;32mI (1598) MQTT: MQTT_EVENT_DISCONNECTED[0m
[0;32mI (1598) wifi:config NVS flash: enabled[0m
[0;32mI (1605) wifi:config nano formatting: disabled[0m
[0;32mI (1609) wifi:Init data frame dynamic rx buffer num: 32[0m
[0;32mI (1614) wifi:Init static rx mgmt buffer num: 5[0m
[0;32mI (1618) wifi:Init management short buffer num: 32[0m
[0;32mI (1623) wifi:Init static tx buffer num: 16[0m
[0;32mI (1627) wifi:Init tx cache buffer num: 32[0m
[0;32mI (1631) wifi:Init static tx FG buffer num: 2[0m
[0;32mI (1635) wifi:Init static rx buffer size: 1600[0m
[0;32mI (1639) wifi:Init static rx buffer num: 16[0m
[0;32mI (1643) wifi:Init dynamic rx buffer num: 32[0m
[0;32mI (1647) wifi_init: rx ba win: 16[0m
[0;32mI (1650) wifi_init: accept mbox: 6[0m
[0;32mI (1653) wifi_init: tcpip mbox: 32[0m
[0;32mI (1656) wifi_init: udp mbox: 6[0m
[0;32mI (1659) wifi_init: tcp mbox: 6[0m
[0;32mI (1662) wifi_init: tcp tx win: 5760[0m
[0;32mI (1665) wifi_init: tcp rx win: 5760[0m
[0;32mI (1668) wifi_init: tcp mss: 1440[0m
[0;32mI (1671) wifi_init: WiFi/LWIP prefer SPIRAM[0m
[0;32mI (1675) wifi_init: WiFi IRAM OP enabled[0m
[0;32mI (1679) wifi_init: WiFi RX IRAM OP enabled[0m
[0;32mI (1683) reconnect: Found saved WiFi: Namtrung 2.4G[0m
[0;32mI (1564) main_task: Returned from app_main()[0m
[0;32mI (1704) phy_init: phy_version 701,f4f1da3a,Mar  3 2025,15:50:10[0m
[0;32mI (1738) wifi:mode : sta (10:20:ba:05:9b:9c)[0m
[0;32mI (1738) wifi:enable tsf[0m
[0;32mI (1739) reconnect: WiFi init complete, waiting for connection...[0m
[0;32mI (11602) MQTT: Other event id:7[0m
[1;31mE (11602) esp-tls: [sock=54] connect() error: Host is unreachable[0m
[1;31mE (11603) transport_base: Failed to open a new connection: 32772[0m
[1;31mE (11605) mqtt_client: Error transport connect[0m
[0;32mI (11609) MQTT: MQTT_EVENT_ERROR[0m
[0;32mI (11612) MQTT: Last error code reported from esp-tls: 0x8004[0m
[0;32mI (11618) MQTT: Last tls stack error number: 0x0[0m
[0;32mI (11622) MQTT: Last captured errno : 0 (Success)[0m
[0;32mI (11627) MQTT: MQTT_EVENT_DISCONNECTED[0m
[0;32mI (21630) MQTT: Other event id:7[0m
[1;31mE (21630) esp-tls: [sock=54] connect() error: Host is unreachable[0m
[1;31mE (21631) transport_base: Failed to open a new connection: 32772[0m
[1;31mE (21633) mqtt_client: Error transport connect[0m
[0;32mI (21637) MQTT: MQTT_EVENT_ERROR[0m
[0;32mI (21640) MQTT: Last error code reported from esp-tls: 0x8004[0m
[0;32mI (21646) MQTT: Last tls stack error number: 0x0[0m
[0;32mI (21650) MQTT: Last captured errno : 0 (Success)[0m
[0;32mI (21654) MQTT: MQTT_EVENT_DISCONNECTED[0m
[0;32mI (22462) wifi:flush txq[0m
[0;32mI (22462) wifi:stop sw txq[0m
[0;32mI (22463) wifi:lmac stop hw txq[0m
STA:STA 
[0;32mI (22464) wifi:mode : sta (10:20:ba:05:9b:9c)[0m
[0;32mI (22465) wifi:enable tsf[0m
[0;32mI (24969) wifi_scan: Max AP number ap_info can hold = 20[0m
[0;32mI (24969) wifi_scan: Total APs scanned = 14, actual AP number ap_info holds = 14[0m
[0;32mI (31658) MQTT: Other event id:7[0m
[1;31mE (31658) esp-tls: [sock=54] connect() error: Host is unreachable[0m
[1;31mE (31659) transport_base: Failed to open a new connection: 32772[0m
[1;31mE (31661) mqtt_client: Error transport connect[0m
[0;32mI (31665) MQTT: MQTT_EVENT_ERROR[0m
[0;32mI (31668) MQTT: Last error code reported from esp-tls: 0x8004[0m
[0;32mI (31674) MQTT: Last tls stack error number: 0x0[0m
[0;32mI (31678) MQTT: Last captured errno : 0 (Success)[0m
[0;32mI (31683) MQTT: MQTT_EVENT_DISCONNECTED[0m
[0;32mI (33600) WiFi Sta: Connecting to wifi network, BSSID: 10:5F:02:75:1E:9A[0m
[0;32mI (33610) wifi:flush txq[0m
[0;32mI (33611) wifi:stop sw txq[0m
[0;32mI (33611) wifi:lmac stop hw txq[0m
[0;32mI (33612) wifi:mode : sta (10:20:ba:05:9b:9c)[0m
[0;32mI (33612) wifi:enable tsf[0m
[0;32mI (33615) WiFi Sta: GET: SSID:NamTrung, password:nt@14092011[0m
[0;32mI (33621) wifi:new:<11,0>, old:<1,0>, ap:<255,255>, sta:<11,0>, prof:1, snd_ch_cfg:0x0[0m
[0;32mI (33627) wifi:state: init -> auth (0xb0)[0m
[0;32mI (33636) wifi:state: auth -> assoc (0x0)[0m
[0;32mI (33645) wifi:state: assoc -> run (0x10)[0m
[0;32mI (33664) wifi:connected with NamTrung, aid = 25, channel 11, BW20, bssid = 10:5f:02:75:27:1e[0m
[0;32mI (33665) wifi:security: WPA2-PSK, phy: bgn, rssi: -71[0m
[0;32mI (33668) wifi:pm start, type: 1[0m

[0;32mI (33670) wifi:dp: 1, bi: 102400, li: 3, scale listen interval from 307200 us to 307200 us[0m
[0;32mI (33678) wifi:set rx beacon pti, rx_bcn_pti: 14, bcn_timeout: 25000, mt_pti: 14, mt_time: 10000[0m
[0;32mI (33766) wifi:AP's beacon interval = 102400 us, DTIM period = 1[0m
[0;32mI (34119) WiFi Sta: Failed to connect to the AP[0m
[0;32mI (34119) WiFi Sta: Retrying to connect to the AP[0m
[0;32mI (34699) esp_netif_handlers: sta ip: 10.10.1.37, mask: 255.255.252.0, gw: 10.10.1.1[0m
[0;32mI (35629) WiFi: Connected with IP: 10.10.1.37[0m
[0;32mI (35629) WiFi Sta: Connected to AP SSID:NamTrung, password:nt@14092011, bssid:10:5F:02:75:27:1E[0m
[0;32mI (35635) WiFi Sta: Wi-Fi credentials saved successfully![0m
[0;32mI (35636) WiFi Sta: Saved AP SSID:NamTrung, password:nt@14092011, bssid:10:5F:02:75:27:1E[0m
[0;32mI (35646) MQTT_MANAGER: Starting MQTT safely...[0m
[1;31mE (35648) mqtt_client: Client has started[0m
[0;32mI (35651) MQTT_MANAGER: MQTT started.[0m
[0;32mI (35743) NVS: last index: -1[0m
[0;32mI (35743) NVS: wifi index: 1[0m
[0;32mI (39706) wifi:bcn_timeout,ap_probe_send_start[0m
[0;32mI (41686) MQTT: Other event id:7[0m
[0;32mI (41700) wifi:<ba-add>idx:0 (ifx:0, 10:5f:02:75:27:1e), tid:0, ssn:2, winSize:64[0m
[0;32mI (41701) wifi:<ba-add>idx:1 (ifx:0, 10:5f:02:75:27:1e), tid:7, ssn:8, winSize:64[0m
[0;32mI (41702) MQTT: MQTT_EVENT_CONNECTED[0m
[0;32mI (41711) MQTT: MQTT_EVENT_SUBSCRIBED, msg_id=20743, return code=0x00 [0m
[0;32mI (41719) MQTT: MQTT_EVENT_SUBSCRIBED, msg_id=49983, return code=0x00 [0m
[0;32mI (41941) MQTT: MQTT_EVENT_SUBSCRIBED, msg_id=55427, return code=0x00 [0m
ESP-ROM:esp32s3-20210327
Build:Mar 27 2021
rst:0x1 (POWERON),boot:0x28 (SPI_FAST_FLASH_BOOT)
SPIWP:0xee
mode:DIO, clock div:1
load:0x3fce2820,len:0x1710
load:0x403c8700,len:0xec0
load:0x403cb700,len:0x31d4
entry 0x403c894c
[0;32mI (25) boot: ESP-IDF v5.5-dirty 2nd stage bootloader[0m
[0;32mI (25) boot: compile time Oct 10 2025 10:23:37[0m
[0;32mI (25) boot: Multicore bootloader[0m
[0;32mI (26) boot: chip revision: v0.2[0m
[0;32mI (28) boot: efuse block revision: v1.3[0m
[0;32mI (32) qio_mode: Enabling default flash chip QIO[0m
[0;32mI (36) boot.esp32s3: Boot SPI Speed : 80MHz[0m
[0;32mI (40) boot.esp32s3: SPI Mode       : QIO[0m
[0;32mI (44) boot.esp32s3: SPI Flash Size : 16MB[0m
[0;32mI (48) boot: Enabling RNG early entropy source...[0m
[0;32mI (52) boot: Partition Table:[0m
[0;32mI (55) boot: ## Label            Usage          Type ST Offset   Length[0m
[0;32mI (61) boot:  0 nvs              WiFi data        01 02 00009000 00006000[0m
[0;32mI (68) boot:  1 phy_init         RF data          01 01 0000f000 00001000[0m
[0;32mI (74) boot:  2 factory          factory app      00 00 00010000 00800000[0m
[0;32mI (81) boot: End of partition table[0m
[0;32mI (84) esp_image: segment 0: paddr=00010020 vaddr=3c0e0020 size=13b4c4h (1291460) map[0m
[0;32mI (283) esp_image: segment 1: paddr=0014b4ec vaddr=3fc9c900 size=04b2ch ( 19244) load[0m
[0;32mI (287) esp_image: segment 2: paddr=00150020 vaddr=42000020 size=d6b58h (879448) map[0m
[0;32mI (418) esp_image: segment 3: paddr=00226b80 vaddr=3fca142c size=00c64h (  3172) load[0m
[0;32mI (419) esp_image: segment 4: paddr=002277ec vaddr=40374000 size=18880h (100480) load[0m
[0;32mI (440) esp_image: segment 5: paddr=00240074 vaddr=600fe000 size=00020h (    32) load[0m
[0;32mI (451) boot: Loaded app from partition at offset 0x10000[0m
[0;32mI (451) boot: Disabling RNG early entropy source...[0m
[0;33mW (461) flash HPM: HPM mode is optional feature that depends on flash model. Read Docs First![0m
[0;33mW (461) flash HPM: HPM mode with DC adjustment is disabled. Some flash models may not be supported. Read Docs First![0m
[0;33mW (468) flash HPM: High performance mode of this flash model hasn't been supported.[0m
[0;32mI (476) MSPI Timing: Flash timing tuning index: 2[0m
[0;32mI (480) octal_psram: vendor id    : 0x0d (AP)[0m
[0;32mI (484) octal_psram: dev id       : 0x02 (generation 3)[0m
[0;32mI (489) octal_psram: density      : 0x03 (64 Mbit)[0m
[0;32mI (493) octal_psram: good-die     : 0x01 (Pass)[0m
[0;32mI (498) octal_psram: Latency      : 0x01 (Fixed)[0m
[0;32mI (502) octal_psram: VCC          : 0x01 (3V)[0m
[0;32mI (506) octal_psram: SRF          : 0x01 (Fast Refresh)[0m
[0;32mI (511) octal_psram: BurstType    : 0x01 (Hybrid Wrap)[0m
[0;32mI (516) octal_psram: BurstLen     : 0x01 (32 Byte)[0m
[0;32mI (520) octal_psram: Readlatency  : 0x02 (10 cycles@Fixed)[0m
[0;32mI (526) octal_psram: DriveStrength: 0x00 (1/1)[0m
[0;32mI (538) MSPI Timing: PSRAM timing tuning index: 2[0m
[0;32mI (538) esp_psram: Found 8MB PSRAM device[0m
[0;32mI (538) esp_psram: Speed: 120MHz[0m
[0;32mI (593) mmu_psram: Read only data copied and mapped to SPIRAM[0m
[0;32mI (640) mmu_psram: Instructions copied and mapped to SPIRAM[0m
[0;32mI (640) cpu_start: Multicore app[0m
[0;32mI (791) esp_psram: SPI SRAM memory test OK[0m
[0;32mI (799) cpu_start: Pro cpu start user code[0m
[0;32mI (799) cpu_start: cpu freq: 240000000 Hz[0m
[0;32mI (799) app_init: Application information:[0m
[0;32mI (799) app_init: Project name:     16_LVGL_UI[0m
[0;32mI (803) app_init: App version:      94f2d6e-dirty[0m
[0;32mI (808) app_init: Compile time:     Nov  3 2025 14:27:49[0m
[0;32mI (813) app_init: ELF file SHA256:  5927f72f6...[0m
[0;32mI (817) app_init: ESP-IDF:          v5.5-dirty[0m
[0;32mI (821) efuse_init: Min chip rev:     v0.0[0m
[0;32mI (825) efuse_init: Max chip rev:     v0.99 [0m
[0;32mI (829) efuse_init: Chip rev:         v0.2[0m
[0;32mI (833) heap_init: Initializing. RAM available for dynamic allocation:[0m
[0;32mI (839) heap_init: At 3FCB3310 len 00036400 (217 KiB): RAM[0m
[0;32mI (844) heap_init: At 3FCE9710 len 00005724 (21 KiB): RAM[0m
[0;32mI (849) heap_init: At 3FCF0000 len 00008000 (32 KiB): DRAM[0m
[0;32mI (855) heap_init: At 600FE020 len 00001FC8 (7 KiB): RTCRAM[0m
[0;32mI (860) esp_psram: Adding pool of 6016K of PSRAM memory to heap allocator[0m
[0;32mI (866) esp_psram: Adding pool of 18K of PSRAM memory gap generated due to end address alignment of drom to the heap allocator[0m
[0;32mI (878) spi_flash: detected chip: generic[0m
[0;32mI (881) spi_flash: flash io: qio[0m
[0;32mI (884) sleep_gpio: Configure to isolate all GPIO pins in sleep state[0m
[0;32mI (891) sleep_gpio: Enable automatic switching of GPIO sleep configuration[0m
[0;32mI (897) coexist: coex firmware version: 831ec70[0m
[0;32mI (910) coexist: coexist rom version e7ae62f[0m
[0;32mI (910) main_task: Started on CPU0[0m
[0;32mI (911) esp_psram: Reserving pool of 32K of internal memory for DMA/internal allocations[0m
[0;32mI (916) main_task: Calling app_main()[0m
[0;33mW (928) i2c.master: Please check pull-up resistances whether be connected properly. Otherwise unexpected behavior would happen. For more detailed information, please read docs[0m
[0;32mI (1335) GT911: Initialize I2C panel IO[0m
[0;32mI (1335) GT911: Initialize touch controller GT911[0m
[0;33mW (1335) GT911: Unable to initialize the I2C address[0m
[0;32mI (1337) GT911: TouchPad_ID:0x39,0x31,0x31[0m
[0;32mI (1340) GT911: TouchPad_Config_Version:91[0m
[0;32mI (1344) example: Install RGB LCD panel driver[0m
[0;32mI (1384) example: Initialize RGB LCD panel[0m
[0;32mI (1385) lv_port: Create LVGL task[0m
[0;32mI (1489) MAIN: create main UI successfully[0m
[0;32mI (1552) pp: pp rom version: e7ae62f[0m
[0;32mI (1552) net80211: net80211 rom version: e7ae62f[0m
[0;32mI (1553) wifi:wifi driver task: 3fccdf04, prio:23, stack:6656, core=0[0m
[0;32mI (1560) wifi:wifi firmware version: f3dbad7[0m
[0;32mI (1561) wifi:wifi certification version: v7.0[0m
[0;32mI (1563) wifi:config NVS flash: enabled[0m
[0;32mI (1566) wifi:config nano formatting: disabled[0m
[0;32mI (1570) wifi:Init data frame dynamic rx buffer num: 32[0m
[0;32mI (1575) wifi:Init static rx mgmt buffer num: 5[0m
[0;32mI (1580) wifi:Init management short buffer num: 32[0m
[0;32mI (1584) wifi:Init static tx buffer num: 16[0m
[0;32mI (1589) wifi:Init tx cache buffer num: 32[0m
[0;32mI (1592) wifi:Init static tx FG buffer num: 2[0m
[0;32mI (1596) wifi:Init static rx buffer size: 1600[0m
[0;32mI (1600) wifi:Init static rx buffer num: 16[0m
[0;32mI (1604) wifi:Init dynamic rx buffer num: 32[0m
[0;32mI (1609) wifi_init: rx ba win: 16[0m
[0;32mI (1611) wifi_init: accept mbox: 6[0m
[0;32mI (1614) wifi_init: tcpip mbox: 32[0m
[0;32mI (1617) wifi_init: udp mbox: 6[0m
[0;32mI (1620) wifi_init: tcp mbox: 6[0m
[0;32mI (1623) wifi_init: tcp tx win: 5760[0m
[0;32mI (1626) wifi_init: tcp rx win: 5760[0m
[0;32mI (1630) wifi_init: tcp mss: 1440[0m
[0;32mI (1633) wifi_init: WiFi/LWIP prefer SPIRAM[0m
[0;32mI (1637) wifi_init: WiFi IRAM OP enabled[0m
[0;32mI (1640) wifi_init: WiFi RX IRAM OP enabled[0m
[0;32mI (1644) reconnect: Found saved WiFi: NamTrung[0m
[0;32mI (1650) MQTT: Other event id:7[0m
[1;31mE (1652) esp-tls: [sock=54] connect() error: Host is unreachable[0m
[1;31mE (1657) transport_base: Failed to open a new connection: 32772[0m
[0;32mI (1659) phy_init: phy_version 701,f4f1da3a,Mar  3 2025,15:50:10[0m
[1;31mE (1662) mqtt_client: Error transport connect[0m
[0;32mI (1672) MQTT: MQTT_EVENT_ERROR[0m
[0;32mI (1675) MQTT: Last error code reported from esp-tls: 0x8004[0m
[0;32mI (1681) MQTT: Last tls stack error number: 0x0[0m
[0;32mI (1685) MQTT: Last captured errno : 0 (Success)[0m
[0;32mI (1689) MQTT: MQTT_EVENT_DISCONNECTED[0m
[0;32mI (1718) wifi:mode : sta (10:20:ba:05:9b:9c)[0m
[0;32mI (1718) wifi:enable tsf[0m
[0;32mI (1719) reconnect: WiFi init complete, waiting for connection...[0m
[0;32mI (1660) main_task: Returned from app_main()[0m
[0;32mI (11693) MQTT: Other event id:7[0m
[1;31mE (11693) esp-tls: [sock=54] connect() error: Host is unreachable[0m
[1;31mE (11694) transport_base: Failed to open a new connection: 32772[0m
[1;31mE (11696) mqtt_client: Error transport connect[0m
[0;32mI (11700) MQTT: MQTT_EVENT_ERROR[0m
[0;32mI (11703) MQTT: Last error code reported from esp-tls: 0x8004[0m
[0;32mI (11709) MQTT: Last tls stack error number: 0x0[0m
[0;32mI (11713) MQTT: Last captured errno : 0 (Success)[0m
[0;32mI (11718) MQTT: MQTT_EVENT_DISCONNECTED[0m
[0;32mI (21721) MQTT: Other event id:7[0m
[1;31mE (21721) esp-tls: [sock=54] connect() error: Host is unreachable[0m
[1;31mE (21722) transport_base: Failed to open a new connection: 32772[0m
[1;31mE (21724) mqtt_client: Error transport connect[0m
[0;32mI (21728) MQTT: MQTT_EVENT_ERROR[0m
[0;32mI (21731) MQTT: Last error code reported from esp-tls: 0x8004[0m
[0;32mI (21737) MQTT: Last tls stack error number: 0x0[0m
[0;32mI (21741) MQTT: Last captured errno : 0 (Success)[0m
[0;32mI (21746) MQTT: MQTT_EVENT_DISCONNECTED[0m
[0;32mI (31749) MQTT: Other event id:7[0m
[1;31mE (31749) esp-tls: [sock=54] connect() error: Host is unreachable[0m
[1;31mE (31750) transport_base: Failed to open a new connection: 32772[0m
[1;31mE (31752) mqtt_client: Error transport connect[0m
[0;32mI (31756) MQTT: MQTT_EVENT_ERROR[0m
[0;32mI (31759) MQTT: Last error code reported from esp-tls: 0x8004[0m
[0;32mI (31765) MQTT: Last tls stack error number: 0x0[0m
[0;32mI (31769) MQTT: Last captured errno : 0 (Success)[0m
[0;32mI (31774) MQTT: MQTT_EVENT_DISCONNECTED[0m
[0;32mI (41777) MQTT: Other event id:7[0m
[1;31mE (41777) esp-tls: [sock=54] connect() error: Host is unreachable[0m
[1;31mE (41778) transport_base: Failed to open a new connection: 32772[0m
[1;31mE (41780) mqtt_client: Error transport connect[0m
[0;32mI (41784) MQTT: MQTT_EVENT_ERROR[0m
[0;32mI (41787) MQTT: Last error code reported from esp-tls: 0x8004[0m
[0;32mI (41793) MQTT: Last tls stack error number: 0x0[0m
[0;32mI (41797) MQTT: Last captured errno : 0 (Success)[0m
[0;32mI (41802) MQTT: MQTT_EVENT_DISCONNECTED[0m
[0;32mI (51805) MQTT: Other event id:7[0m
[1;31mE (51805) esp-tls: [sock=54] connect() error: Host is unreachable[0m
[1;31mE (51806) transport_base: Failed to open a new connection: 32772[0m
[1;31mE (51808) mqtt_client: Error transport connect[0m
[0;32mI (51812) MQTT: MQTT_EVENT_ERROR[0m
[0;32mI (51815) MQTT: Last error code reported from esp-tls: 0x8004[0m
[0;32mI (51821) MQTT: Last tls stack error number: 0x0[0m
[0;32mI (51825) MQTT: Last captured errno : 0 (Success)[0m
[0;32mI (51829) MQTT: MQTT_EVENT_DISCONNECTED[0m
[0;32mI (61833) MQTT: Other event id:7[0m
[1;31mE (61833) esp-tls: [sock=54] connect() error: Host is unreachable[0m
[1;31mE (61834) transport_base: Failed to open a new connection: 32772[0m
[1;31mE (61836) mqtt_client: Error transport connect[0m
[0;32mI (61840) MQTT: MQTT_EVENT_ERROR[0m
[0;32mI (61843) MQTT: Last error code reported from esp-tls: 0x8004[0m
[0;32mI (61849) MQTT: Last tls stack error number: 0x0[0m
[0;32mI (61853) MQTT: Last captured errno : 0 (Success)[0m
[0;32mI (61858) MQTT: MQTT_EVENT_DISCONNECTED[0m
[0;32mI (71861) MQTT: Other event id:7[0m
[1;31mE (71861) esp-tls: [sock=54] connect() error: Host is unreachable[0m
[1;31mE (71862) transport_base: Failed to open a new connection: 32772[0m
[1;31mE (71864) mqtt_client: Error transport connect[0m
[0;32mI (71868) MQTT: MQTT_EVENT_ERROR[0m
[0;32mI (71871) MQTT: Last error code reported from esp-tls: 0x8004[0m
[0;32mI (71877) MQTT: Last tls stack error number: 0x0[0m
[0;32mI (71881) MQTT: Last captured errno : 0 (Success)[0m
[0;32mI (71885) MQTT: MQTT_EVENT_DISCONNECTED[0m
[0;32mI (81889) MQTT: Other event id:7[0m
[1;31mE (81889) esp-tls: [sock=54] connect() error: Host is unreachable[0m
[1;31mE (81890) transport_base: Failed to open a new connection: 32772[0m
[1;31mE (81892) mqtt_client: Error transport connect[0m
[0;32mI (81896) MQTT: MQTT_EVENT_ERROR[0m
[0;32mI (81899) MQTT: Last error code reported from esp-tls: 0x8004[0m
[0;32mI (81905) MQTT: Last tls stack error number: 0x0[0m
[0;32mI (81909) MQTT: Last captured errno : 0 (Success)[0m
[0;32mI (81913) MQTT: MQTT_EVENT_DISCONNECTED[0m
[0;32mI (91917) MQTT: Other event id:7[0m
[1;31mE (91917) esp-tls: [sock=54] connect() error: Host is unreachable[0m
[1;31mE (91918) transport_base: Failed to open a new connection: 32772[0m
[1;31mE (91920) mqtt_client: Error transport connect[0m
[0;32mI (91924) MQTT: MQTT_EVENT_ERROR[0m
[0;32mI (91927) MQTT: Last error code reported from esp-tls: 0x8004[0m
[0;32mI (91933) MQTT: Last tls stack error number: 0x0[0m
[0;32mI (91937) MQTT: Last captured errno : 0 (Success)[0m
[0;32mI (91941) MQTT: MQTT_EVENT_DISCONNECTED[0m
[0;32mI (101945) MQTT: Other event id:7[0m
[1;31mE (101945) esp-tls: [sock=54] connect() error: Host is unreachable[0m
[1;31mE (101946) transport_base: Failed to open a new connection: 32772[0m
[1;31mE (101948) mqtt_client: Error transport connect[0m
[0;32mI (101953) MQTT: MQTT_EVENT_ERROR[0m
[0;32mI (101956) MQTT: Last error code reported from esp-tls: 0x8004[0m
[0;32mI (101961) MQTT: Last tls stack error number: 0x0[0m
[0;32mI (101966) MQTT: Last captured errno : 0 (Success)[0m
[0;32mI (101970) MQTT: MQTT_EVENT_DISCONNECTED[0m
[0;32mI (111974) MQTT: Other event id:7[0m
[1;31mE (111974) esp-tls: [sock=54] connect() error: Host is unreachable[0m
[1;31mE (111975) transport_base: Failed to open a new connection: 32772[0m
[1;31mE (111977) mqtt_client: Error transport connect[0m
[0;32mI (111982) MQTT: MQTT_EVENT_ERROR[0m
[0;32mI (111985) MQTT: Last error code reported from esp-tls: 0x8004[0m
[0;32mI (111990) MQTT: Last tls stack error number: 0x0[0m
[0;32mI (111995) MQTT: Last captured errno : 0 (Success)[0m
[0;32mI (111999) MQTT: MQTT_EVENT_DISCONNECTED[0m
[0;32mI (122003) MQTT: Other event id:7[0m
[1;31mE (122003) esp-tls: [sock=54] connect() error: Host is unreachable[0m
[1;31mE (122004) transport_base: Failed to open a new connection: 32772[0m
[1;31mE (122006) mqtt_client: Error transport connect[0m
[0;32mI (122011) MQTT: MQTT_EVENT_ERROR[0m
[0;32mI (122014) MQTT: Last error code reported from esp-tls: 0x8004[0m
[0;32mI (122019) MQTT: Last tls stack error number: 0x0[0m
[0;32mI (122024) MQTT: Last captured errno : 0 (Success)[0m
[0;32mI (122028) MQTT: MQTT_EVENT_DISCONNECTED[0m
[0;32mI (132032) MQTT: Other event id:7[0m
[1;31mE (132032) esp-tls: [sock=54] connect() error: Host is unreachable[0m
[1;31mE (132033) transport_base: Failed to open a new connection: 32772[0m
[1;31mE (132035) mqtt_client: Error transport connect[0m
[0;32mI (132040) MQTT: MQTT_EVENT_ERROR[0m
[0;32mI (132043) MQTT: Last error code reported from esp-tls: 0x8004[0m
[0;32mI (132048) MQTT: Last tls stack error number: 0x0[0m
[0;32mI (132053) MQTT: Last captured errno : 0 (Success)[0m
[0;32mI (132057) MQTT: MQTT_EVENT_DISCONNECTED[0m
[0;32mI (142061) MQTT: Other event id:7[0m
[1;31mE (142061) esp-tls: [sock=54] connect() error: Host is unreachable[0m
[1;31mE (142062) transport_base: Failed to open a new connection: 32772[0m
[1;31mE (142064) mqtt_client: Error transport connect[0m
[0;32mI (142069) MQTT: MQTT_EVENT_ERROR[0m
[0;32mI (142072) MQTT: Last error code reported from esp-tls: 0x8004[0m
[0;32mI (142077) MQTT: Last tls stack error number: 0x0[0m
[0;32mI (142082) MQTT: Last captured errno : 0 (Success)[0m
[0;32mI (142086) MQTT: MQTT_EVENT_DISCONNECTED[0m
