Command: D:\ESP32_IDF\Espressif\python_env\idf5.5_py3.11_env\Scripts\python.exe D:\ESP32_IDF\Espressif\frameworks\esp-idf-v5.5\tools/idf_monitor.py -p COM7 -b 115200 --toolchain-prefix xtensa-esp32s3-elf- --target esp32s3 --revision 0 D:\ESP32\ESP32S3_LCD 7B_DEMO_3\ESP32-S3-Touch-LCD-7B-Demo\ESP32-S3-Touch-LCD-7B-Demo\ESP-IDF\16_LVGL_UI 2\build\16_LVGL_UI.elf D:\ESP32\ESP32S3_LCD 7B_DEMO_3\ESP32-S3-Touch-LCD-7B-Demo\ESP32-S3-Touch-LCD-7B-Demo\ESP-IDF\16_LVGL_UI 2\build\bootloader\bootloader.elf --force-color -m 'D:\ESP32_IDF\Espressif\python_env\idf5.5_py3.11_env\Scripts\python.exe' 'D:\ESP32_IDF\Espressif\frameworks\esp-idf-v5.5\tools\idf.py' '-p' 'COM7'
ESP-ROM:esp32s3-20210327
Build:Mar 27 2021
rst:0x1 (POWERON),boot:0x28 (SPI_FAST_FLASH_BOOT)
SPIWP:0xee
mode:DIO, clock div:1
load:0x3fce2820,len:0x1710
load:0x403c8700,len:0xec0
load:0x403cb700,len:0x31d4
entry 0x403c894c
[0;32mI (25) boot: ESP-IDF v5.5-dirty 2nd stage bootloader[0m
[0;32mI (25) boot: compile time Oct 10 2025 10:23:37[0m
[0;32mI (25) boot: Multicore bootloader[0m
[0;32mI (26) boot: chip revision: v0.2[0m
[0;32mI (28) boot: efuse block revision: v1.3[0m
[0;32mI (32) qio_mode: Enabling default flash chip QIO[0m
[0;32mI (36) boot.esp32s3: Boot SPI Speed : 80MHz[0m
[0;32mI (40) boot.esp32s3: SPI Mode       : QIO[0m
[0;32mI (44) boot.esp32s3: SPI Flash Size : 16MB[0m
[0;32mI (48) boot: Enabling RNG early entropy source...[0m
[0;32mI (52) boot: Partition Table:[0m
[0;32mI (55) boot: ## Label            Usage          Type ST Offset   Length[0m
[0;32mI (61) boot:  0 nvs              WiFi data        01 02 00009000 00006000[0m
[0;32mI (68) boot:  1 phy_init         RF data          01 01 0000f000 00001000[0m
[0;32mI (74) boot:  2 factory          factory app      00 00 00010000 00800000[0m
[0;32mI (81) boot: End of partition table[0m
[0;32mI (84) esp_image: segment 0: paddr=00010020 vaddr=3c0e0020 size=1b09f4h (1772020) map[0m
[0;32mI (354) esp_image: segment 1: paddr=001c0a1c vaddr=3fc9c900 size=057a0h ( 22432) load[0m
[0;32mI (359) esp_image: segment 2: paddr=001c61c4 vaddr=40374000 size=09e54h ( 40532) load[0m
[0;32mI (367) esp_image: segment 3: paddr=001d0020 vaddr=42000020 size=de59ch (910748) map[0m
[0;32mI (502) esp_image: segment 4: paddr=002ae5c4 vaddr=4037de54 size=0ea2ch ( 59948) load[0m
[0;32mI (514) esp_image: segment 5: paddr=002bcff8 vaddr=600fe000 size=00020h (    32) load[0m
[0;32mI (524) boot: Loaded app from partition at offset 0x10000[0m
[0;32mI (524) boot: Disabling RNG early entropy source...[0m
[0;33mW (534) flash HPM: HPM mode is optional feature that depends on flash model. Read Docs First![0m
[0;33mW (534) flash HPM: HPM mode with DC adjustment is disabled. Some flash models may not be supported. Read Docs First![0m
[0;33mW (541) flash HPM: High performance mode of this flash model hasn't been supported.[0m
[0;32mI (549) MSPI Timing: Flash timing tuning index: 2[0m
[0;32mI (553) octal_psram: vendor id    : 0x0d (AP)[0m
[0;32mI (557) octal_psram: dev id       : 0x02 (generation 3)[0m
[0;32mI (562) octal_psram: density      : 0x03 (64 Mbit)[0m
[0;32mI (567) octal_psram: good-die     : 0x01 (Pass)[0m
[0;32mI (571) octal_psram: Latency      : 0x01 (Fixed)[0m
[0;32mI (575) octal_psram: VCC          : 0x01 (3V)[0m
[0;32mI (579) octal_psram: SRF          : 0x01 (Fast Refresh)[0m
[0;32mI (584) octal_psram: BurstType    : 0x01 (Hybrid Wrap)[0m
[0;32mI (589) octal_psram: BurstLen     : 0x01 (32 Byte)[0m
[0;32mI (594) octal_psram: Readlatency  : 0x02 (10 cycles@Fixed)[0m
[0;32mI (599) octal_psram: DriveStrength: 0x00 (1/1)[0m
[0;32mI (611) MSPI Timing: PSRAM timing tuning index: 2[0m
[0;32mI (611) esp_psram: Found 8MB PSRAM device[0m
[0;32mI (611) esp_psram: Speed: 120MHz[0m
[0;32mI (687) mmu_psram: Read only data copied and mapped to SPIRAM[0m
[0;32mI (734) mmu_psram: Instructions copied and mapped to SPIRAM[0m
[0;32mI (734) cpu_start: Multicore app[0m
[0;32mI (872) esp_psram: SPI SRAM memory test OK[0m
[0;32mI (880) cpu_start: Pro cpu start user code[0m
[0;32mI (880) cpu_start: cpu freq: 240000000 Hz[0m
[0;32mI (880) app_init: Application information:[0m
[0;32mI (880) app_init: Project name:     16_LVGL_UI[0m
[0;32mI (884) app_init: App version:      94f2d6e-dirty[0m
[0;32mI (889) app_init: Compile time:     Nov 11 2025 11:08:19[0m
[0;32mI (894) app_init: ELF file SHA256:  f66bbbafa...[0m
[0;32mI (898) app_init: ESP-IDF:          v5.5-dirty[0m
[0;32mI (902) efuse_init: Min chip rev:     v0.0[0m
[0;32mI (906) efuse_init: Max chip rev:     v0.99 [0m
[0;32mI (910) efuse_init: Chip rev:         v0.2[0m
[0;32mI (914) heap_init: Initializing. RAM available for dynamic allocation:[0m
[0;32mI (920) heap_init: At 3FCB3A08 len 00035D08 (215 KiB): RAM[0m
[0;32mI (926) heap_init: At 3FCE9710 len 00005724 (21 KiB): RAM[0m
[0;32mI (931) heap_init: At 3FCF0000 len 00008000 (32 KiB): DRAM[0m
[0;32mI (936) heap_init: At 600FE020 len 00001FC8 (7 KiB): RTCRAM[0m
[0;32mI (941) esp_psram: Adding pool of 5504K of PSRAM memory to heap allocator[0m
[0;32mI (948) esp_psram: Adding pool of 61K of PSRAM memory gap generated due to end address alignment of drom to the heap allocator[0m
[0;32mI (959) spi_flash: detected chip: generic[0m
[0;32mI (963) spi_flash: flash io: qio[0m
[0;32mI (966) sleep_gpio: Configure to isolate all GPIO pins in sleep state[0m
[0;32mI (972) sleep_gpio: Enable automatic switching of GPIO sleep configuration[0m
[0;32mI (978) coexist: coex firmware version: 831ec70[0m
[0;32mI (991) coexist: coexist rom version e7ae62f[0m
[0;32mI (992) main_task: Started on CPU0[0m
[0;32mI (993) esp_psram: Reserving pool of 32K of internal memory for DMA/internal allocations[0m
[0;32mI (998) main_task: Calling app_main()[0m
[0;33mW (1010) i2c.master: Please check pull-up resistances whether be connected properly. Otherwise unexpected behavior would happen. For more detailed information, please read docs[0m
[0;32mI (1417) GT911: Initialize I2C panel IO[0m
[0;32mI (1417) GT911: Initialize touch controller GT911[0m
[0;33mW (1417) GT911: Unable to initialize the I2C address[0m
[0;32mI (1419) GT911: TouchPad_ID:0x39,0x31,0x31[0m
[0;32mI (1422) GT911: TouchPad_Config_Version:91[0m
[0;32mI (1426) example: Install RGB LCD panel driver[0m
[0;32mI (1466) example: Initialize RGB LCD panel[0m
[0;32mI (1467) lv_port: Create LVGL task[0m
[1;31mE (1531) TAG_NVS: Failed to read NVS data: ESP_ERR_NVS_NOT_FOUND[0m
[0;32mI (1531) LVGL: Displayed 0 devices[0m
[0;32mI (1576) MAIN: create main UI successfully[0m
[0;32mI (1638) pp: pp rom version: e7ae62f[0m
[0;32mI (1638) net80211: net80211 rom version: e7ae62f[0m
[0;32mI (1638) main_task: Returned from app_main()[0m
[0;32mI (1639) wifi:wifi driver task: 3fcce950, prio:23, stack:6656, core=0[0m
[0;32mI (1651) wifi:wifi firmware version: f3dbad7[0m
[0;32mI (1651) wifi:wifi certification version: v7.0[0m
[0;32mI (1654) wifi:config NVS flash: enabled[0m
[0;32mI (1657) wifi:config nano formatting: disabled[0m
[0;32mI (1662) wifi:Init data frame dynamic rx buffer num: 32[0m
[0;32mI (1667) wifi:Init static rx mgmt buffer num: 5[0m
[0;32mI (1671) wifi:Init management short buffer num: 32[0m
[0;32mI (1675) wifi:Init static tx buffer num: 16[0m
[0;32mI (1680) wifi:Init tx cache buffer num: 32[0m
[0;32mI (1683) wifi:Init static tx FG buffer num: 2[0m
[0;32mI (1687) wifi:Init static rx buffer size: 1600[0m
[0;32mI (1691) wifi:Init static rx buffer num: 16[0m
[0;32mI (1695) wifi:Init dynamic rx buffer num: 32[0m
[0;32mI (1700) wifi_init: rx ba win: 16[0m
[0;32mI (1702) wifi_init: accept mbox: 6[0m
[0;32mI (1705) wifi_init: tcpip mbox: 32[0m
[0;32mI (1708) wifi_init: udp mbox: 6[0m
[0;32mI (1711) wifi_init: tcp mbox: 6[0m
[0;32mI (1714) wifi_init: tcp tx win: 5760[0m
[0;32mI (1717) wifi_init: tcp rx win: 5760[0m
[0;32mI (1721) wifi_init: tcp mss: 1440[0m
[0;32mI (1724) wifi_init: WiFi/LWIP prefer SPIRAM[0m
[0;32mI (1728) wifi_init: WiFi IRAM OP enabled[0m
[0;32mI (1731) wifi_init: WiFi RX IRAM OP enabled[0m
[0;32mI (1735) reconnect: Found saved WiFi: Namtrung 2.4G[0m
[0;32mI (1740) WiFi: Wi-Fi and IP event handlers registered[0m
Wi-Fi event handler registered.
[0;32mI (1748) phy_init: phy_version 701,f4f1da3a,Mar  3 2025,15:50:10[0m
[0;32mI (1789) wifi:mode : sta (10:20:ba:05:9b:9c)[0m
[0;32mI (1789) wifi:enable tsf[0m
[0;32mI (1791) reconnect: WiFi init complete, waiting for connection...[0m
[0;32mI (1791) WiFi Sta: GET: SSID:Namtrung 2.4G, password:nt@14092011[0m
[0;32mI (1802) wifi:new:<6,0>, old:<1,0>, ap:<255,255>, sta:<6,0>, prof:1, snd_ch_cfg:0x0[0m
[0;32mI (1803) wifi:state: init -> auth (0xb0)[0m
[0;32mI (1812) wifi:state: auth -> assoc (0x0)[0m
[0;32mI (1951) wifi:state: assoc -> run (0x10)[0m
[0;32mI (2296) WiFi Sta: Failed to connect to the AP[0m
[0;32mI (2296) WiFi Sta: Retrying to connect to the AP[0m
[0;32mI (2853) wifi:connected with Namtrung 2.4G, aid = 23, channel 6, BW20, bssid = 12:5f:02:15:32:0e[0m
[0;32mI (2854) wifi:security: WPA2-PSK, phy: bgn, rssi: -77[0m
[0;32mI (2856) wifi:pm start, type: 1[0m

[0;32mI (2859) wifi:dp: 1, bi: 102400, li: 3, scale listen interval from 307200 us to 307200 us[0m
[0;32mI (2867) wifi:set rx beacon pti, rx_bcn_pti: 14, bcn_timeout: 25000, mt_pti: 14, mt_time: 10000[0m
[0;32mI (2876) WiFi Sta: Connected to SSID:Namtrung 2.4G, channel:6[0m
[0;32mI (2912) wifi:<ba-add>idx:0 (ifx:0, 12:5f:02:15:32:0e), tid:7, ssn:4, winSize:64[0m
[0;32mI (3066) wifi:AP's beacon interval = 102400 us, DTIM period = 1[0m
[0;32mI (3806) WiFi Sta: Failed to connect to the AP[0m
[0;32mI (3806) WiFi Sta: Retrying to connect to the AP[0m
[0;32mI (3918) esp_netif_handlers: sta ip: 10.10.1.45, mask: 255.255.252.0, gw: 10.10.1.1[0m
[0;32mI (3918) WiFi Sta: WIFI GOT_IP.[0m
[0;32mI (3938) MQTT_MANAGER: No existing client, creating new one...[0m
[0;32mI (3939) MQTT: Other event id:7[0m
[0;32mI (3951) wifi:<ba-add>idx:1 (ifx:0, 12:5f:02:15:32:0e), tid:0, ssn:1, winSize:64[0m
[0;32mI (3999) MQTT: MQTT_EVENT_CONNECTED[0m
[0;32mI (4009) MQTT: MQTT_EVENT_SUBSCRIBED, msg_id=5673, return code=0x00 [0m
[0;32mI (4026) MQTT: MQTT_EVENT_SUBSCRIBED, msg_id=43284, return code=0x00 [0m
[0;32mI (4200) MQTT: MQTT_EVENT_SUBSCRIBED, msg_id=28003, return code=0x00 [0m
[0;32mI (4202) MQTT: MQTT_EVENT_SUBSCRIBED, msg_id=8994, return code=0x01 [0m
[0;32mI (4204) MQTT: MQTT_EVENT_DATA[0m
[0;32mI (4204) MQTT: TOPIC=device/list[0m
[0;32mI (4207) MQTT: DATA=[{"id":"94:E6:86:09:A4:78","name":"Quay 2"},{"id":"A8:42:E3:4C:7C:BC","name":"Quay 1"}][0m
[0;32mI (4216) MQTT_BACKUP: MQTT JSON received: [{"id":"94:E6:86:09:A4:78","name":"Quay 2"},{"id":"A8:42:E3:4C:7C:BC","name":"Quay 1"}][0m
[0;32mI (4228) MQTT_BACKUP: Stored 2 devices[0m
[0;32mI (4231) TAG_NVS: Saved 2 devices to NVS[0m
[0;32mI (5316) WiFi: Connected with IP: 10.10.1.45[0m
[0;32mI (5316) WiFi Sta: Connected to AP SSID:Namtrung 2.4G, password:nt@14092011, bssid:12:5F:02:15:32:0E[0m
[0;32mI (5335) MQTT_MANAGER: Starting MQTT safely...[0m
[1;31mE (5335) mqtt_client: Client has started[0m
[0;32mI (5335) MQTT_MANAGER: MQTT started.[0m
[0;32mI (5424) NVS: last index: -1[0m
[0;32mI (5424) NVS: wifi index: 0[0m
[0;33mW (5424) WIFI_UI: WIFI_List_Button is invalid[0m
ESP-ROM:esp32s3-20210327
Build:Mar 27 2021
rst:0x1 (POWERON),boot:0x28 (SPI_FAST_FLASH_BOOT)
SPIWP:0xee
mode:DIO, clock div:1
load:0x3fce2820,len:0x1710
load:0x403c8700,len:0xec0
load:0x403cb700,len:0x31d4
entry 0x403c894c
[0;32mI (25) boot: ESP-IDF v5.5-dirty 2nd stage bootloader[0m
[0;32mI (25) boot: compile time Oct 10 2025 10:23:37[0m
[0;32mI (25) boot: Multicore bootloader[0m
[0;32mI (26) boot: chip revision: v0.2[0m
[0;32mI (28) boot: efuse block revision: v1.3[0m
[0;32mI (32) qio_mode: Enabling default flash chip QIO[0m
[0;32mI (36) boot.esp32s3: Boot SPI Speed : 80MHz[0m
[0;32mI (40) boot.esp32s3: SPI Mode       : QIO[0m
[0;32mI (44) boot.esp32s3: SPI Flash Size : 16MB[0m
[0;32mI (48) boot: Enabling RNG early entropy source...[0m
[0;32mI (52) boot: Partition Table:[0m
[0;32mI (55) boot: ## Label            Usage          Type ST Offset   Length[0m
[0;32mI (61) boot:  0 nvs              WiFi data        01 02 00009000 00006000[0m
[0;32mI (68) boot:  1 phy_init         RF data          01 01 0000f000 00001000[0m
[0;32mI (74) boot:  2 factory          factory app      00 00 00010000 00800000[0m
[0;32mI (81) boot: End of partition table[0m
[0;32mI (84) esp_image: segment 0: paddr=00010020 vaddr=3c0e0020 size=1b09f4h (1772020) map[0m
[0;32mI (354) esp_image: segment 1: paddr=001c0a1c vaddr=3fc9c900 size=057a0h ( 22432) load[0m
[0;32mI (359) esp_image: segment 2: paddr=001c61c4 vaddr=40374000 size=09e54h ( 40532) load[0m
[0;32mI (367) esp_image: segment 3: paddr=001d0020 vaddr=42000020 size=de59ch (910748) map[0m
[0;32mI (502) esp_image: segment 4: paddr=002ae5c4 vaddr=4037de54 size=0ea2ch ( 59948) load[0m
[0;32mI (514) esp_image: segment 5: paddr=002bcff8 vaddr=600fe000 size=00020h (    32) load[0m
[0;32mI (524) boot: Loaded app from partition at offset 0x10000[0m
[0;32mI (524) boot: Disabling RNG early entropy source...[0m
[0;33mW (534) flash HPM: HPM mode is optional feature that depends on flash model. Read Docs First![0m
[0;33mW (534) flash HPM: HPM mode with DC adjustment is disabled. Some flash models may not be supported. Read Docs First![0m
[0;33mW (541) flash HPM: High performance mode of this flash model hasn't been supported.[0m
[0;32mI (549) MSPI Timing: Flash timing tuning index: 2[0m
[0;32mI (553) octal_psram: vendor id    : 0x0d (AP)[0m
[0;32mI (557) octal_psram: dev id       : 0x02 (generation 3)[0m
[0;32mI (562) octal_psram: density      : 0x03 (64 Mbit)[0m
[0;32mI (567) octal_psram: good-die     : 0x01 (Pass)[0m
[0;32mI (571) octal_psram: Latency      : 0x01 (Fixed)[0m
[0;32mI (575) octal_psram: VCC          : 0x01 (3V)[0m
[0;32mI (579) octal_psram: SRF          : 0x01 (Fast Refresh)[0m
[0;32mI (584) octal_psram: BurstType    : 0x01 (Hybrid Wrap)[0m
[0;32mI (589) octal_psram: BurstLen     : 0x01 (32 Byte)[0m
[0;32mI (594) octal_psram: Readlatency  : 0x02 (10 cycles@Fixed)[0m
[0;32mI (599) octal_psram: DriveStrength: 0x00 (1/1)[0m
[0;32mI (611) MSPI Timing: PSRAM timing tuning index: 2[0m
[0;32mI (611) esp_psram: Found 8MB PSRAM device[0m
[0;32mI (611) esp_psram: Speed: 120MHz[0m
[0;32mI (687) mmu_psram: Read only data copied and mapped to SPIRAM[0m
[0;32mI (734) mmu_psram: Instructions copied and mapped to SPIRAM[0m
[0;32mI (734) cpu_start: Multicore app[0m
[0;32mI (872) esp_psram: SPI SRAM memory test OK[0m
[0;32mI (880) cpu_start: Pro cpu start user code[0m
[0;32mI (880) cpu_start: cpu freq: 240000000 Hz[0m
[0;32mI (880) app_init: Application information:[0m
[0;32mI (880) app_init: Project name:     16_LVGL_UI[0m
[0;32mI (884) app_init: App version:      94f2d6e-dirty[0m
[0;32mI (889) app_init: Compile time:     Nov 11 2025 11:08:19[0m
[0;32mI (894) app_init: ELF file SHA256:  f66bbbafa...[0m
[0;32mI (898) app_init: ESP-IDF:          v5.5-dirty[0m
[0;32mI (902) efuse_init: Min chip rev:     v0.0[0m
[0;32mI (906) efuse_init: Max chip rev:     v0.99 [0m
[0;32mI (910) efuse_init: Chip rev:         v0.2[0m
[0;32mI (914) heap_init: Initializing. RAM available for dynamic allocation:[0m
[0;32mI (920) heap_init: At 3FCB3A08 len 00035D08 (215 KiB): RAM[0m
[0;32mI (926) heap_init: At 3FCE9710 len 00005724 (21 KiB): RAM[0m
[0;32mI (931) heap_init: At 3FCF0000 len 00008000 (32 KiB): DRAM[0m
[0;32mI (936) heap_init: At 600FE020 len 00001FC8 (7 KiB): RTCRAM[0m
[0;32mI (941) esp_psram: Adding pool of 5504K of PSRAM memory to heap allocator[0m
[0;32mI (948) esp_psram: Adding pool of 61K of PSRAM memory gap generated due to end address alignment of drom to the heap allocator[0m
[0;32mI (959) spi_flash: detected chip: generic[0m
[0;32mI (963) spi_flash: flash io: qio[0m
[0;32mI (966) sleep_gpio: Configure to isolate all GPIO pins in sleep state[0m
[0;32mI (972) sleep_gpio: Enable automatic switching of GPIO sleep configuration[0m
[0;32mI (978) coexist: coex firmware version: 831ec70[0m
[0;32mI (991) coexist: coexist rom version e7ae62f[0m
[0;32mI (992) main_task: Started on CPU0[0m
[0;32mI (993) esp_psram: Reserving pool of 32K of internal memory for DMA/internal allocations[0m
[0;32mI (998) main_task: Calling app_main()[0m
[0;33mW (1010) i2c.master: Please check pull-up resistances whether be connected properly. Otherwise unexpected behavior would happen. For more detailed information, please read docs[0m
[0;32mI (1417) GT911: Initialize I2C panel IO[0m
[0;32mI (1417) GT911: Initialize touch controller GT911[0m
[0;33mW (1417) GT911: Unable to initialize the I2C address[0m
[0;32mI (1419) GT911: TouchPad_ID:0x39,0x31,0x31[0m
[0;32mI (1422) GT911: TouchPad_Config_Version:91[0m
[0;32mI (1426) example: Install RGB LCD panel driver[0m
[0;32mI (1466) example: Initialize RGB LCD panel[0m
[0;32mI (1467) lv_port: Create LVGL task[0m
[1;31mE (1531) TAG_NVS: Failed to read NVS data: ESP_ERR_NVS_NOT_FOUND[0m
[0;32mI (1531) LVGL: Displayed 0 devices[0m
[0;32mI (1576) MAIN: create main UI successfully[0m
[0;32mI (1638) pp: pp rom version: e7ae62f[0m
[0;32mI (1638) net80211: net80211 rom version: e7ae62f[0m
[0;32mI (1638) main_task: Returned from app_main()[0m
[0;32mI (1639) wifi:wifi driver task: 3fcce950, prio:23, stack:6656, core=0[0m
[0;32mI (1651) wifi:wifi firmware version: f3dbad7[0m
[0;32mI (1651) wifi:wifi certification version: v7.0[0m
[0;32mI (1654) wifi:config NVS flash: enabled[0m
[0;32mI (1657) wifi:config nano formatting: disabled[0m
[0;32mI (1662) wifi:Init data frame dynamic rx buffer num: 32[0m
[0;32mI (1667) wifi:Init static rx mgmt buffer num: 5[0m
[0;32mI (1671) wifi:Init management short buffer num: 32[0m
[0;32mI (1675) wifi:Init static tx buffer num: 16[0m
[0;32mI (1680) wifi:Init tx cache buffer num: 32[0m
[0;32mI (1683) wifi:Init static tx FG buffer num: 2[0m
[0;32mI (1687) wifi:Init static rx buffer size: 1600[0m
[0;32mI (1691) wifi:Init static rx buffer num: 16[0m
[0;32mI (1695) wifi:Init dynamic rx buffer num: 32[0m
[0;32mI (1700) wifi_init: rx ba win: 16[0m
[0;32mI (1702) wifi_init: accept mbox: 6[0m
[0;32mI (1705) wifi_init: tcpip mbox: 32[0m
[0;32mI (1708) wifi_init: udp mbox: 6[0m
[0;32mI (1711) wifi_init: tcp mbox: 6[0m
[0;32mI (1714) wifi_init: tcp tx win: 5760[0m
[0;32mI (1717) wifi_init: tcp rx win: 5760[0m
[0;32mI (1721) wifi_init: tcp mss: 1440[0m
[0;32mI (1724) wifi_init: WiFi/LWIP prefer SPIRAM[0m
[0;32mI (1728) wifi_init: WiFi IRAM OP enabled[0m
[0;32mI (1731) wifi_init: WiFi RX IRAM OP enabled[0m
[0;32mI (1735) reconnect: Found saved WiFi: Namtrung 2.4G[0m
[0;32mI (1740) WiFi: Wi-Fi and IP event handlers registered[0m
Wi-Fi event handler registered.
[0;32mI (1748) phy_init: phy_version 701,f4f1da3a,Mar  3 2025,15:50:10[0m
[0;32mI (1785) phy_init: Saving new calibration data due to checksum failure or outdated calibration data, mode(0)[0m
[0;32mI (1816) wifi:mode : sta (10:20:ba:05:9b:9c)[0m
[0;32mI (1816) wifi:enable tsf[0m
[0;32mI (1818) reconnect: WiFi init complete, waiting for connection...[0m
[0;32mI (1818) WiFi Sta: GET: SSID:Namtrung 2.4G, password:nt@14092011[0m
[0;32mI (1823) wifi:new:<6,0>, old:<1,0>, ap:<255,255>, sta:<6,0>, prof:1, snd_ch_cfg:0x0[0m
[0;32mI (1830) wifi:state: init -> auth (0xb0)[0m
[0;32mI (1840) wifi:state: auth -> assoc (0x0)[0m
[0;32mI (1864) wifi:state: assoc -> run (0x10)[0m
[0;32mI (1879) wifi:connected with Namtrung 2.4G, aid = 22, channel 6, BW20, bssid = 12:5f:02:15:1e:9a[0m
[0;32mI (1879) wifi:security: WPA2-PSK, phy: bgn, rssi: -64[0m
[0;32mI (1882) wifi:pm start, type: 1[0m

[0;32mI (1884) wifi:dp: 1, bi: 102400, li: 3, scale listen interval from 307200 us to 307200 us[0m
[0;32mI (1892) wifi:set rx beacon pti, rx_bcn_pti: 14, bcn_timeout: 25000, mt_pti: 14, mt_time: 10000[0m
[0;32mI (1902) WiFi Sta: Connected to SSID:Namtrung 2.4G, channel:6[0m
[0;32mI (1953) wifi:AP's beacon interval = 102400 us, DTIM period = 1[0m
[0;32mI (2334) WiFi Sta: Failed to connect to the AP[0m
[0;32mI (2334) WiFi Sta: Retrying to connect to the AP[0m
[0;32mI (2915) esp_netif_handlers: sta ip: 10.10.1.45, mask: 255.255.252.0, gw: 10.10.1.1[0m
[0;32mI (2915) WiFi Sta: WIFI GOT_IP.[0m
[0;32mI (2918) MQTT_MANAGER: No existing client, creating new one...[0m
[0;32mI (2920) MQTT: Other event id:7[0m
[0;32mI (2929) wifi:<ba-add>idx:0 (ifx:0, 12:5f:02:15:1e:9a), tid:7, ssn:8, winSize:64[0m
[0;32mI (2938) MQTT: MQTT_EVENT_CONNECTED[0m
[0;32mI (2939) wifi:<ba-add>idx:1 (ifx:0, 12:5f:02:15:1e:9a), tid:0, ssn:4, winSize:64[0m
[0;32mI (2945) MQTT: MQTT_EVENT_SUBSCRIBED, msg_id=50234, return code=0x00 [0m
[0;32mI (2948) MQTT: MQTT_EVENT_SUBSCRIBED, msg_id=53951, return code=0x00 [0m
[0;32mI (3180) MQTT: MQTT_EVENT_SUBSCRIBED, msg_id=25808, return code=0x00 [0m
[0;32mI (3182) MQTT: MQTT_EVENT_SUBSCRIBED, msg_id=51804, return code=0x01 [0m
[0;32mI (3184) MQTT: MQTT_EVENT_DATA[0m
[0;32mI (3184) MQTT: TOPIC=device/list[0m
[0;32mI (3187) MQTT: DATA=[{"id":"94:E6:86:09:A4:78","name":"Quay 2"},{"id":"A8:42:E3:4C:7C:BC","name":"Quay 1"}][0m
[0;32mI (3197) MQTT_BACKUP: MQTT JSON received: [{"id":"94:E6:86:09:A4:78","name":"Quay 2"},{"id":"A8:42:E3:4C:7C:BC","name":"Quay 1"}][0m
[0;32mI (3208) MQTT_BACKUP: Stored 2 devices[0m
[0;32mI (3212) TAG_NVS: Saved 2 devices to NVS[0m
[0;32mI (3844) WiFi: Connected with IP: 10.10.1.45[0m
[0;32mI (3844) WiFi Sta: Connected to AP SSID:Namtrung 2.4G, password:nt@14092011, bssid:12:5F:02:15:1E:9A[0m
[0;32mI (3855) MQTT_MANAGER: Starting MQTT safely...[0m
[1;31mE (3855) mqtt_client: Client has started[0m
[0;32mI (3855) MQTT_MANAGER: MQTT started.[0m
[0;32mI (3970) NVS: last index: -1[0m
[0;32mI (3970) NVS: wifi index: 0[0m
[0;33mW (3970) WIFI_UI: WIFI_List_Button is invalid[0m
