Command: D:\ESP32_IDF\Espressif\python_env\idf5.5_py3.11_env\Scripts\python.exe D:\ESP32_IDF\Espressif\frameworks\esp-idf-v5.5\tools/idf_monitor.py -p COM10 -b 115200 --toolchain-prefix xtensa-esp32s3-elf- --target esp32s3 --revision 0 D:\ESP32\ESP32S3_LCD 7B_DEMO_3\ESP32-S3-Touch-LCD-7B-Demo\ESP32-S3-Touch-LCD-7B-Demo\ESP-IDF\16_LVGL_UI\build\16_LVGL_UI.elf D:\ESP32\ESP32S3_LCD 7B_DEMO_3\ESP32-S3-Touch-LCD-7B-Demo\ESP32-S3-Touch-LCD-7B-Demo\ESP-IDF\16_LVGL_UI\build\bootloader\bootloader.elf --force-color -m 'D:\ESP32_IDF\Espressif\python_env\idf5.5_py3.11_env\Scripts\python.exe' 'D:\ESP32_IDF\Espressif\frameworks\esp-idf-v5.5\tools\idf.py' '-p' 'COM10'
ESP-ROM:esp32s3-20210327
Build:Mar 27 2021
rst:0x1 (POWERON),boot:0x28 (SPI_FAST_FLASH_BOOT)
SPIWP:0xee
mode:DIO, clock div:1
load:0x3fce2820,len:0x1710
load:0x403c8700,len:0xec0
load:0x403cb700,len:0x31d4
entry 0x403c894c
[0;32mI (25) boot: ESP-IDF v5.5-dirty 2nd stage bootloader[0m
[0;32mI (25) boot: compile time Oct  7 2025 10:52:55[0m
[0;32mI (25) boot: Multicore bootloader[0m
[0;32mI (26) boot: chip revision: v0.2[0m
[0;32mI (28) boot: efuse block revision: v1.3[0m
[0;32mI (32) qio_mode: Enabling default flash chip QIO[0m
[0;32mI (36) boot.esp32s3: Boot SPI Speed : 80MHz[0m
[0;32mI (40) boot.esp32s3: SPI Mode       : QIO[0m
[0;32mI (44) boot.esp32s3: SPI Flash Size : 16MB[0m
[0;32mI (48) boot: Enabling RNG early entropy source...[0m
[0;32mI (52) boot: Partition Table:[0m
[0;32mI (55) boot: ## Label            Usage          Type ST Offset   Length[0m
[0;32mI (61) boot:  0 nvs              WiFi data        01 02 00009000 00006000[0m
[0;32mI (68) boot:  1 phy_init         RF data          01 01 0000f000 00001000[0m
[0;32mI (74) boot:  2 factory          factory app      00 00 00010000 00800000[0m
[0;32mI (81) boot: End of partition table[0m
[0;32mI (84) esp_image: segment 0: paddr=00010020 vaddr=3c150020 size=d4e5ch (872028) map[0m
[0;32mI (221) esp_image: segment 1: paddr=000e4e84 vaddr=3fca6300 size=05fb4h ( 24500) load[0m
[0;32mI (225) esp_image: segment 2: paddr=000eae40 vaddr=40374000 size=051d8h ( 20952) load[0m
[0;32mI (230) esp_image: segment 3: paddr=000f0020 vaddr=42000020 size=142324h (1319716) map[0m
[0;32mI (428) esp_image: segment 4: paddr=0023234c vaddr=403791d8 size=1d0d8h (119000) load[0m
[0;32mI (451) esp_image: segment 5: paddr=0024f42c vaddr=600fe000 size=00020h (    32) load[0m
[0;32mI (464) boot: Loaded app from partition at offset 0x10000[0m
[0;32mI (464) boot: Disabling RNG early entropy source...[0m
[0;33mW (474) flash HPM: HPM mode is optional feature that depends on flash model. Read Docs First![0m
[0;33mW (475) flash HPM: HPM mode with DC adjustment is disabled. Some flash models may not be supported. Read Docs First![0m
[0;33mW (482) flash HPM: High performance mode of this flash model hasn't been supported.[0m
[0;32mI (489) MSPI Timing: Flash timing tuning index: 2[0m
[0;32mI (494) octal_psram: vendor id    : 0x0d (AP)[0m
[0;32mI (497) octal_psram: dev id       : 0x02 (generation 3)[0m
[0;32mI (502) octal_psram: density      : 0x03 (64 Mbit)[0m
[0;32mI (507) octal_psram: good-die     : 0x01 (Pass)[0m
[0;32mI (511) octal_psram: Latency      : 0x01 (Fixed)[0m
[0;32mI (516) octal_psram: VCC          : 0x01 (3V)[0m
[0;32mI (520) octal_psram: SRF          : 0x01 (Fast Refresh)[0m
[0;32mI (525) octal_psram: BurstType    : 0x01 (Hybrid Wrap)[0m
[0;32mI (529) octal_psram: BurstLen     : 0x01 (32 Byte)[0m
[0;32mI (534) octal_psram: Readlatency  : 0x02 (10 cycles@Fixed)[0m
[0;32mI (539) octal_psram: DriveStrength: 0x00 (1/1)[0m
[0;32mI (551) MSPI Timing: PSRAM timing tuning index: 2[0m
[0;32mI (551) esp_psram: Found 8MB PSRAM device[0m
[0;32mI (552) esp_psram: Speed: 120MHz[0m
[0;32mI (591) mmu_psram: Read only data copied and mapped to SPIRAM[0m
[0;32mI (661) mmu_psram: Instructions copied and mapped to SPIRAM[0m
[0;32mI (661) cpu_start: Multicore app[0m
[0;32mI (810) esp_psram: SPI SRAM memory test OK[0m
[0;32mI (818) cpu_start: Pro cpu start user code[0m
[0;32mI (818) cpu_start: cpu freq: 240000000 Hz[0m
[0;32mI (819) app_init: Application information:[0m
[0;32mI (819) app_init: Project name:     16_LVGL_UI[0m
[0;32mI (823) app_init: App version:      9dae256-dirty[0m
[0;32mI (827) app_init: Compile time:     Oct  7 2025 10:58:15[0m
[0;32mI (832) app_init: ELF file SHA256:  d721a2286...[0m
[0;32mI (837) app_init: ESP-IDF:          v5.5-dirty[0m
[0;32mI (841) efuse_init: Min chip rev:     v0.0[0m
[0;32mI (845) efuse_init: Max chip rev:     v0.99 [0m
[0;32mI (848) efuse_init: Chip rev:         v0.2[0m
[0;32mI (852) heap_init: Initializing. RAM available for dynamic allocation:[0m
[0;32mI (859) heap_init: At 3FCB6C28 len 00032AE8 (202 KiB): RAM[0m
[0;32mI (864) heap_init: At 3FCE9710 len 00005724 (21 KiB): RAM[0m
[0;32mI (869) heap_init: At 3FCF0000 len 00008000 (32 KiB): DRAM[0m
[0;32mI (874) heap_init: At 600FE020 len 00001FC8 (7 KiB): RTCRAM[0m
[0;32mI (879) esp_psram: Adding pool of 5952K of PSRAM memory to heap allocator[0m
[0;32mI (886) esp_psram: Adding pool of 44K of PSRAM memory gap generated due to end address alignment of drom to the heap allocator[0m
[0;32mI (897) spi_flash: detected chip: generic[0m
[0;32mI (901) spi_flash: flash io: qio[0m
[0;32mI (904) sleep_gpio: Configure to isolate all GPIO pins in sleep state[0m
[0;32mI (910) sleep_gpio: Enable automatic switching of GPIO sleep configuration[0m
[0;32mI (917) coexist: coex firmware version: 831ec70[0m
[0;32mI (929) coexist: coexist rom version e7ae62f[0m
[0;32mI (930) main_task: Started on CPU0[0m
[0;32mI (931) esp_psram: Reserving pool of 32K of internal memory for DMA/internal allocations[0m
[0;32mI (936) main_task: Calling app_main()[0m
[0;33mW (949) i2c.master: Please check pull-up resistances whether be connected properly. Otherwise unexpected behavior would happen. For more detailed information, please read docs[0m
[0;32mI (1355) GT911: Initialize I2C panel IO[0m
[0;32mI (1355) GT911: Initialize touch controller GT911[0m
[0;33mW (1355) GT911: Unable to initialize the I2C address[0m
[0;32mI (1357) GT911: TouchPad_ID:0x39,0x31,0x31[0m
[0;32mI (1360) GT911: TouchPad_Config_Version:91[0m
[0;32mI (1364) example: Install RGB LCD panel driver[0m
[0;32mI (1404) example: Initialize RGB LCD panel[0m
[0;32mI (1406) lv_port: Create LVGL task[0m
[0;32mI (1433) main: Display LVGL demos[0m
[0;32mI (1626) pp: pp rom version: e7ae62f[0m
[0;32mI (1627) net80211: net80211 rom version: e7ae62f[0m
[0;32mI (1627) BLE_INIT: BT controller compile version [4713a69][0m
[0;32mI (1628) wifi:wifi driver task: 3fcd7a28, prio:23, stack:6656, core=0I (1628) BLE_INIT: Feature Config, ADV:1, BLE_50:1, DTM:1, SCAN:1, CCA:0, SMP:1, CONNECT:1[0m

[0;32mI (1643) BLE_INIT: Bluetooth MAC: 10:20:ba:01:48:aa[0m
[0;32mI (1648) phy_init: phy_version 701,f4f1da3a,Mar  3 2025,15:50:10[0m
[0;32mI (1652) wifi:wifi firmware version: f3dbad7[0m
[0;32mI (1657) wifi:wifi certification version: v7.0[0m
[0;32mI (1661) wifi:config NVS flash: enabled[0m
[0;32mI (1664) wifi:config nano formatting: disabled[0m
[0;32mI (1669) wifi:Init data frame dynamic rx buffer num: 32[0m
[0;32mI (1674) wifi:Init static rx mgmt buffer num: 5[0m
[0;32mI (1678) wifi:Init management short buffer num: 32[0m
[0;33mW (1652) RSSI: Not connected to any AP[0m
[0;32mI (1683) wifi:Init static tx buffer num: 16[0m
[0;32mI (1691) wifi:Init tx cache buffer num: 32[0m
[0;32mI (1693) wifi:Init static tx FG buffer num: 2[0m
[0;32mI (1698) wifi:Init static rx buffer size: 1600[0m
[0;32mI (1702) wifi:Init static rx buffer num: 16[0m
[0;32mI (1706) wifi:Init dynamic rx buffer num: 32[0m
[0;32mI (1710) wifi_init: rx ba win: 16[0m
[0;32mI (1713) wifi_init: accept mbox: 6[0m
[0;32mI (1716) wifi_init: tcpip mbox: 32[0m
[0;32mI (1719) wifi_init: udp mbox: 6[0m
[0;32mI (1721) BLE_SERVER: REGISTER_APP_EVT, status 0, app_id 0[0m
[0;32mI (1721) BLE_SERVER: ***** BLE GATT SERVER STARTED *****[0m
[0;33mW (1727) BT_BTM: BTM_BleWriteAdvData, Partial data write into ADV[0m
[0;32mI (1732) BLE_SERVER: ***** WAITING FOR CLIENT CONNECTION *****[0m
[0;33mW (1738) BT_BTM: BTM_BleWriteScanRsp, Partial data write into ADV[0m
[0;32mI (1722) wifi_init: tcp mbox: 6[0m
[0;32mI (1752) wifi_init: tcp tx win: 5760[0m
[0;32mI (1750) BLE_SERVER: CREATE_SERVICE_EVT, status 0,  service_handle 40[0m
[0;32mI (1755) wifi_init: tcp rx win: 5760[0m
[0;32mI (1763) BLE_SERVER: Advertising started successfully[0m
[0;32mI (1765) wifi_init: tcp mss: 1440[0m
[0;32mI (1770) BLE_SERVER: ADD_CHAR_EVT, status 0,  attr_handle 42, service_handle 40[0m
[0;32mI (1772) wifi_init: WiFi/LWIP prefer SPIRAM[0m
[0;32mI (1652) main_task: Returned from app_main()[0m
[0;32mI (1783) wifi_init: WiFi IRAM OP enabled[0m
[0;32mI (1791) wifi_init: WiFi RX IRAM OP enabled[0m
Wi-Fi event handler registered.
[0;32mI (1798) wifi:mode : null[0m
[0;33mW (3686) RSSI: Not connected to any AP[0m
[0;32mI (4745) wifi:flush txq[0m
[0;32mI (4745) wifi:stop sw txq[0m
[0;32mI (4745) wifi:lmac stop hw txq[0m
STA:STA 
[0;32mI (4748) wifi:mode : sta (10:20:ba:01:48:a8)[0m
[0;32mI (4748) wifi:enable tsf[0m
[0;33mW (5689) wifi:Haven't to connect to a suitable AP now![0m
[0;33mW (5689) RSSI: Not connected to any AP[0m
[0;33mW (7689) wifi:Haven't to connect to a suitable AP now![0m
[0;33mW (7689) RSSI: Not connected to any AP[0m
[0;32mI (9651) wifi_scan: Max AP number ap_info can hold = 20[0m
[0;32mI (9651) wifi_scan: Total APs scanned = 12, actual AP number ap_info holds = 12[0m
[0;33mW (9689) wifi:Haven't to connect to a suitable AP now![0m
[0;33mW (9689) RSSI: Not connected to any AP[0m
[0;32mI (9760) NVS: Have a saved wifi network in NVS[0m
[0;32mI (9768) wifi_scan: [0m
[0;32mI (9769) wifi_scan: Found saved wifi network in scan list, ssid: NamTrung[0m
[0;32mI (9769) wifi_scan: BSSID 10:5F:02:75:27:1E[0m
[0;32mI (9801) wifi:flush txq[0m
[0;32mI (9802) wifi:stop sw txq[0m
[0;32mI (9802) wifi:lmac stop hw txq[0m
[0;32mI (9803) wifi:mode : sta (10:20:ba:01:48:a8)[0m
[0;32mI (9803) wifi:enable tsf[0m
[0;32mI (9804) WiFi Sta: GET: SSID:NamTrung, password:nt@14092011[0m
[0;32mI (9809) WiFi Sta: Failed to connect to the AP[0m
[0;32mI (9810) wifi:I (9813) WiFi Sta: Retrying to connect to the AP[0m
new:<1,0>, old:<1,0>, ap:<255,255>, sta:<1,0>, prof:1, snd_ch_cfg:0x0
[0;32mI (9825) wifi:state: init -> auth (0xb0)[0m
[0;32mI (9833) wifi:state: auth -> assoc (0x0)[0m
[0;32mI (9841) wifi:state: assoc -> run (0x10)[0m
[0;32mI (9874) wifi:connected with NamTrung, aid = 17, channel 1, BW20, bssid = 10:5f:02:75:27:1e[0m
[0;32mI (9874) wifi:security: WPA2-PSK, phy: bgn, rssi: -60[0m
[0;32mI (9877) wifi:pm start, type: 1[0m

[0;32mI (9879) wifi:dp: 1, bi: 102400, li: 3, scale listen interval from 307200 us to 307200 us[0m
[0;32mI (9887) wifi:set rx beacon pti, rx_bcn_pti: 14, bcn_timeout: 25000, mt_pti: 14, mt_time: 10000[0m
[0;32mI (9895) wifi:AP's beacon interval = 102400 us, DTIM period = 1[0m
[0;32mI (10829) WiFi Sta: Failed to connect to the AP[0m
[0;32mI (10829) WiFi Sta: Retrying to connect to the AP[0m
[0;32mI (10926) esp_netif_handlers: sta ip: 10.10.1.48, mask: 255.255.252.0, gw: 10.10.1.1[0m
[0;32mI (11689) RSSI: Connected SSID:NamTrung, BSSID:10:5F:02:75:27:1E, RSSI:-60 dBm[0m
[0;32mI (11839) WiFi: Connected with IP: 10.10.1.48[0m
[0;32mI (11839) WiFi Sta: Connected to AP SSID:NamTrung, password:nt@14092011, bssid:10:5F:02:75:27:1E[0m
[0;32mI (11841) MQTT: Other event id:7[0m
[0;32mI (11932) wifi:<ba-add>idx:0 (ifx:0, 10:5f:02:75:27:1e), tid:7, ssn:8, winSize:64[0m
[0;32mI (11941) NVS: last index: 3[0m
[0;32mI (11941) NVS: wifi index: 3[0m
[0;32mI (11951) wifi:<ba-add>idx:1 (ifx:0, 10:5f:02:75:27:1e), tid:0, ssn:1, winSize:64[0m
[0;32mI (11957) MQTT: MQTT_EVENT_CONNECTED[0m
[0;32mI (13689) RSSI: Connected SSID:NamTrung, BSSID:10:5F:02:75:27:1E, RSSI:-60 dBm[0m
[0;32mI (15689) RSSI: Connected SSID:NamTrung, BSSID:10:5F:02:75:27:1E, RSSI:-60 dBm[0m
[0;32mI (16134) wifi:bcn_timeout,ap_probe_send_start[0m
[0;32mI (17689) RSSI: Connected SSID:NamTrung, BSSID:10:5F:02:75:27:1E, RSSI:-58 dBm[0m
[0;32mI (19689) RSSI: Connected SSID:NamTrung, BSSID:10:5F:02:75:27:1E, RSSI:-58 dBm[0m
[0;32mI (21689) RSSI: Connected SSID:NamTrung, BSSID:10:5F:02:75:27:1E, RSSI:-58 dBm[0m
[0;32mI (22278) wifi:bcn_timeout,ap_probe_send_start[0m
[0;32mI (23689) RSSI: Connected SSID:NamTrung, BSSID:10:5F:02:75:27:1E, RSSI:-59 dBm[0m
[0;32mI (25689) RSSI: Connected SSID:NamTrung, BSSID:10:5F:02:75:27:1E, RSSI:-59 dBm[0m
[0;32mI (27689) RSSI: Connected SSID:NamTrung, BSSID:10:5F:02:75:27:1E, RSSI:-59 dBm[0m
[0;32mI (28627) wifi:bcn_timeout,ap_probe_send_start[0m
[0;32mI (29689) RSSI: Connected SSID:NamTrung, BSSID:10:5F:02:75:27:1E, RSSI:-54 dBm[0m
[0;32mI (31689) RSSI: Connected SSID:NamTrung, BSSID:10:5F:02:75:27:1E, RSSI:-54 dBm[0m
[0;32mI (33689) RSSI: Connected SSID:NamTrung, BSSID:10:5F:02:75:27:1E, RSSI:-54 dBm[0m
[0;32mI (34668) wifi:bcn_timeout,ap_probe_send_start[0m
[0;32mI (35689) RSSI: Connected SSID:NamTrung, BSSID:10:5F:02:75:27:1E, RSSI:-55 dBm[0m
[0;32mI (37689) RSSI: Connected SSID:NamTrung, BSSID:10:5F:02:75:27:1E, RSSI:-55 dBm[0m
[0;32mI (39689) RSSI: Connected SSID:NamTrung, BSSID:10:5F:02:75:27:1E, RSSI:-55 dBm[0m
[0;32mI (40812) wifi:bcn_timeout,ap_probe_send_start[0m
[0;32mI (41689) RSSI: Connected SSID:NamTrung, BSSID:10:5F:02:75:27:1E, RSSI:-55 dBm[0m
[0;32mI (43689) RSSI: Connected SSID:NamTrung, BSSID:10:5F:02:75:27:1E, RSSI:-55 dBm[0m
[0;32mI (45689) RSSI: Connected SSID:NamTrung, BSSID:10:5F:02:75:27:1E, RSSI:-55 dBm[0m
[0;32mI (46854) wifi:bcn_timeout,ap_probe_send_start[0m
[0;32mI (47689) RSSI: Connected SSID:NamTrung, BSSID:10:5F:02:75:27:1E, RSSI:-54 dBm[0m
[0;32mI (49689) RSSI: Connected SSID:NamTrung, BSSID:10:5F:02:75:27:1E, RSSI:-54 dBm[0m
[0;32mI (51689) RSSI: Connected SSID:NamTrung, BSSID:10:5F:02:75:27:1E, RSSI:-54 dBm[0m
[0;32mI (53510) wifi:bcn_timeout,ap_probe_send_start[0m
[0;32mI (53689) RSSI: Connected SSID:NamTrung, BSSID:10:5F:02:75:27:1E, RSSI:-55 dBm[0m
[0;32mI (55689) RSSI: Connected SSID:NamTrung, BSSID:10:5F:02:75:27:1E, RSSI:-55 dBm[0m
[0;32mI (57689) RSSI: Connected SSID:NamTrung, BSSID:10:5F:02:75:27:1E, RSSI:-55 dBm[0m
[0;32mI (59552) wifi:bcn_timeout,ap_probe_send_start[0m
[0;32mI (59689) RSSI: Connected SSID:NamTrung, BSSID:10:5F:02:75:27:1E, RSSI:-55 dBm[0m
[0;32mI (61689) RSSI: Connected SSID:NamTrung, BSSID:10:5F:02:75:27:1E, RSSI:-55 dBm[0m
[0;32mI (63689) RSSI: Connected SSID:NamTrung, BSSID:10:5F:02:75:27:1E, RSSI:-55 dBm[0m
[0;32mI (65689) RSSI: Connected SSID:NamTrung, BSSID:10:5F:02:75:27:1E, RSSI:-55 dBm[0m
[0;32mI (66310) wifi:bcn_timeout,ap_probe_send_start[0m
[0;32mI (67689) RSSI: Connected SSID:NamTrung, BSSID:10:5F:02:75:27:1E, RSSI:-55 dBm[0m
[0;32mI (69689) RSSI: Connected SSID:NamTrung, BSSID:10:5F:02:75:27:1E, RSSI:-55 dBm[0m
[0;32mI (71689) RSSI: Connected SSID:NamTrung, BSSID:10:5F:02:75:27:1E, RSSI:-55 dBm[0m
[0;32mI (72352) wifi:bcn_timeout,ap_probe_send_start[0m
[0;32mI (73689) RSSI: Connected SSID:NamTrung, BSSID:10:5F:02:75:27:1E, RSSI:-54 dBm[0m
[0;32mI (75689) RSSI: Connected SSID:NamTrung, BSSID:10:5F:02:75:27:1E, RSSI:-54 dBm[0m
[0;32mI (77689) RSSI: Connected SSID:NamTrung, BSSID:10:5F:02:75:27:1E, RSSI:-54 dBm[0m
[0;32mI (78393) wifi:bcn_timeout,ap_probe_send_start[0m
[0;32mI (79689) RSSI: Connected SSID:NamTrung, BSSID:10:5F:02:75:27:1E, RSSI:-51 dBm[0m
[0;32mI (81689) RSSI: Connected SSID:NamTrung, BSSID:10:5F:02:75:27:1E, RSSI:-51 dBm[0m
[0;32mI (83689) RSSI: Connected SSID:NamTrung, BSSID:10:5F:02:75:27:1E, RSSI:-51 dBm[0m
[0;32mI (84435) wifi:bcn_timeout,ap_probe_send_start[0m
[0;32mI (85689) RSSI: Connected SSID:NamTrung, BSSID:10:5F:02:75:27:1E, RSSI:-58 dBm[0m
[0;32mI (87689) RSSI: Connected SSID:NamTrung, BSSID:10:5F:02:75:27:1E, RSSI:-58 dBm[0m
[0;32mI (89689) RSSI: Connected SSID:NamTrung, BSSID:10:5F:02:75:27:1E, RSSI:-58 dBm[0m
[0;32mI (90579) wifi:bcn_timeout,ap_probe_send_start[0m
[0;32mI (91689) RSSI: Connected SSID:NamTrung, BSSID:10:5F:02:75:27:1E, RSSI:-55 dBm[0m
[0;32mI (93689) RSSI: Connected SSID:NamTrung, BSSID:10:5F:02:75:27:1E, RSSI:-55 dBm[0m
[0;32mI (95689) RSSI: Connected SSID:NamTrung, BSSID:10:5F:02:75:27:1E, RSSI:-55 dBm[0m
[0;32mI (96621) wifi:bcn_timeout,ap_probe_send_start[0m
