Command: D:\ESP32_IDF\Espressif\python_env\idf5.5_py3.11_env\Scripts\python.exe D:\ESP32_IDF\Espressif\frameworks\esp-idf-v5.5\tools/idf_monitor.py -p COM7 -b 115200 --toolchain-prefix xtensa-esp32s3-elf- --target esp32s3 --revision 0 D:\ESP32\ESP32S3_LCD 7B_DEMO_3\ESP32-S3-Touch-LCD-7B-Demo\ESP32-S3-Touch-LCD-7B-Demo\ESP-IDF\16_LVGL_UI 2\build\16_LVGL_UI.elf D:\ESP32\ESP32S3_LCD 7B_DEMO_3\ESP32-S3-Touch-LCD-7B-Demo\ESP32-S3-Touch-LCD-7B-Demo\ESP-IDF\16_LVGL_UI 2\build\bootloader\bootloader.elf --force-color -m 'D:\ESP32_IDF\Espressif\python_env\idf5.5_py3.11_env\Scripts\python.exe' 'D:\ESP32_IDF\Espressif\frameworks\esp-idf-v5.5\tools\idf.py' '-p' 'COM7'
ESP-ROM:esp32s3-20210327
Build:Mar 27 2021
rst:0x1 (POWERON),boot:0x28 (SPI_FAST_FLASH_BOOT)
SPIWP:0xee
mode:DIO, clock div:1
load:0x3fce2820,len:0x1710
load:0x403c8700,len:0xec0
load:0x403cb700,len:0x31d4
entry 0x403c894c
[0;32mI (25) boot: ESP-IDF v5.5-dirty 2nd stage bootloader[0m
[0;32mI (25) boot: compile time Oct 10 2025 10:23:37[0m
[0;32mI (25) boot: Multicore bootloader[0m
[0;32mI (26) boot: chip revision: v0.2[0m
[0;32mI (28) boot: efuse block revision: v1.3[0m
[0;32mI (32) qio_mode: Enabling default flash chip QIO[0m
[0;32mI (36) boot.esp32s3: Boot SPI Speed : 80MHz[0m
[0;32mI (40) boot.esp32s3: SPI Mode       : QIO[0m
[0;32mI (44) boot.esp32s3: SPI Flash Size : 16MB[0m
[0;32mI (48) boot: Enabling RNG early entropy source...[0m
[0;32mI (52) boot: Partition Table:[0m
[0;32mI (55) boot: ## Label            Usage          Type ST Offset   Length[0m
[0;32mI (61) boot:  0 nvs              WiFi data        01 02 00009000 00006000[0m
[0;32mI (68) boot:  1 phy_init         RF data          01 01 0000f000 00001000[0m
[0;32mI (74) boot:  2 factory          factory app      00 00 00010000 00800000[0m
[0;32mI (81) boot: End of partition table[0m
[0;32mI (84) esp_image: segment 0: paddr=00010020 vaddr=3c0e0020 size=124ee4h (1199844) map[0m
[0;32mI (269) esp_image: segment 1: paddr=00134f0c vaddr=3fc9c900 size=05790h ( 22416) load[0m
[0;32mI (274) esp_image: segment 2: paddr=0013a6a4 vaddr=40374000 size=05974h ( 22900) load[0m
[0;32mI (278) esp_image: segment 3: paddr=00140020 vaddr=42000020 size=d7024h (880676) map[0m
[0;32mI (412) esp_image: segment 4: paddr=0021704c vaddr=40379974 size=12f0ch ( 77580) load[0m
[0;32mI (427) esp_image: segment 5: paddr=00229f60 vaddr=600fe000 size=00020h (    32) load[0m
[0;32mI (437) boot: Loaded app from partition at offset 0x10000[0m
[0;32mI (437) boot: Disabling RNG early entropy source...[0m
[0;33mW (447) flash HPM: HPM mode is optional feature that depends on flash model. Read Docs First![0m
[0;33mW (447) flash HPM: HPM mode with DC adjustment is disabled. Some flash models may not be supported. Read Docs First![0m
[0;33mW (454) flash HPM: High performance mode of this flash model hasn't been supported.[0m
[0;32mI (462) MSPI Timing: Flash timing tuning index: 2[0m
[0;32mI (466) octal_psram: vendor id    : 0x0d (AP)[0m
[0;32mI (470) octal_psram: dev id       : 0x02 (generation 3)[0m
[0;32mI (475) octal_psram: density      : 0x03 (64 Mbit)[0m
[0;32mI (479) octal_psram: good-die     : 0x01 (Pass)[0m
[0;32mI (484) octal_psram: Latency      : 0x01 (Fixed)[0m
[0;32mI (488) octal_psram: VCC          : 0x01 (3V)[0m
[0;32mI (492) octal_psram: SRF          : 0x01 (Fast Refresh)[0m
[0;32mI (497) octal_psram: BurstType    : 0x01 (Hybrid Wrap)[0m
[0;32mI (502) octal_psram: BurstLen     : 0x01 (32 Byte)[0m
[0;32mI (506) octal_psram: Readlatency  : 0x02 (10 cycles@Fixed)[0m
[0;32mI (512) octal_psram: DriveStrength: 0x00 (1/1)[0m
[0;32mI (524) MSPI Timing: PSRAM timing tuning index: 2[0m
[0;32mI (524) esp_psram: Found 8MB PSRAM device[0m
[0;32mI (524) esp_psram: Speed: 120MHz[0m
[0;32mI (577) mmu_psram: Read only data copied and mapped to SPIRAM[0m
[0;32mI (623) mmu_psram: Instructions copied and mapped to SPIRAM[0m
[0;32mI (623) cpu_start: Multicore app[0m
[0;32mI (776) esp_psram: SPI SRAM memory test OK[0m
[0;32mI (784) cpu_start: Pro cpu start user code[0m
[0;32mI (784) cpu_start: cpu freq: 240000000 Hz[0m
[0;32mI (784) app_init: Application information:[0m
[0;32mI (784) app_init: Project name:     16_LVGL_UI[0m
[0;32mI (788) app_init: App version:      94f2d6e-dirty[0m
[0;32mI (793) app_init: Compile time:     Oct 18 2025 22:22:17[0m
[0;32mI (798) app_init: ELF file SHA256:  3674dcb5d...[0m
[0;32mI (802) app_init: ESP-IDF:          v5.5-dirty[0m
[0;32mI (806) efuse_init: Min chip rev:     v0.0[0m
[0;32mI (810) efuse_init: Max chip rev:     v0.99 [0m
[0;32mI (814) efuse_init: Chip rev:         v0.2[0m
[0;32mI (818) heap_init: Initializing. RAM available for dynamic allocation:[0m
[0;32mI (824) heap_init: At 3FCB3370 len 000363A0 (216 KiB): RAM[0m
[0;32mI (829) heap_init: At 3FCE9710 len 00005724 (21 KiB): RAM[0m
[0;32mI (835) heap_init: At 3FCF0000 len 00008000 (32 KiB): DRAM[0m
[0;32mI (840) heap_init: At 600FE020 len 00001FC8 (7 KiB): RTCRAM[0m
[0;32mI (845) esp_psram: Adding pool of 6080K of PSRAM memory to heap allocator[0m
[0;32mI (852) esp_psram: Adding pool of 44K of PSRAM memory gap generated due to end address alignment of drom to the heap allocator[0m
[0;32mI (863) spi_flash: detected chip: generic[0m
[0;32mI (866) spi_flash: flash io: qio[0m
[0;32mI (869) sleep_gpio: Configure to isolate all GPIO pins in sleep state[0m
[0;32mI (876) sleep_gpio: Enable automatic switching of GPIO sleep configuration[0m
[0;32mI (882) coexist: coex firmware version: 831ec70[0m
[0;32mI (895) coexist: coexist rom version e7ae62f[0m
[0;32mI (895) main_task: Started on CPU0[0m
[0;32mI (896) esp_psram: Reserving pool of 32K of internal memory for DMA/internal allocations[0m
[0;32mI (901) main_task: Calling app_main()[0m
[0;33mW (912) i2c.master: Please check pull-up resistances whether be connected properly. Otherwise unexpected behavior would happen. For more detailed information, please read docs[0m
[0;32mI (1320) GT911: Initialize I2C panel IO[0m
[0;32mI (1320) GT911: Initialize touch controller GT911[0m
[0;33mW (1320) GT911: Unable to initialize the I2C address[0m
[0;32mI (1322) GT911: TouchPad_ID:0x39,0x31,0x31[0m
[0;32mI (1325) GT911: TouchPad_Config_Version:91[0m
[0;32mI (1329) example: Install RGB LCD panel driver[0m
[0;32mI (1369) example: Initialize RGB LCD panel[0m
[0;32mI (1370) lv_port: Create LVGL task[0m
[0;32mI (1445) MAIN: create main UI successfully[0m
[0;32mI (1505) pp: pp rom version: e7ae62f[0m
[0;32mI (1506) net80211: net80211 rom version: e7ae62f[0m
[0;32mI (1507) wifi:wifi driver task: 3fccdf34, prio:23, stack:6656, core=0[0m
[0;32mI (1514) wifi:wifi firmware version: f3dbad7[0m
[0;32mI (1514) wifi:wifi certification version: v7.0[0m
[0;32mI (1516) wifi:config NVS flash: enabled[0m
[0;32mI (1520) wifi:config nano formatting: disabled[0m
[0;32mI (1524) wifi:Init data frame dynamic rx buffer num: 32[0m
[0;32mI (1529) wifi:Init static rx mgmt buffer num: 5[0m
[0;32mI (1533) wifi:Init management short buffer num: 32[0m
[0;32mI (1538) wifi:Init static tx buffer num: 16[0m
[0;32mI (1543) wifi:Init tx cache buffer num: 32[0m
[0;32mI (1546) wifi:Init static tx FG buffer num: 2[0m
[0;32mI (1550) wifi:Init static rx buffer size: 1600[0m
[0;32mI (1554) wifi:Init static rx buffer num: 16[0m
[0;32mI (1558) wifi:Init dynamic rx buffer num: 32[0m
[0;32mI (1563) wifi_init: rx ba win: 16[0m
[0;32mI (1565) wifi_init: accept mbox: 6[0m
[0;32mI (1568) wifi_init: tcpip mbox: 32[0m
[0;32mI (1571) wifi_init: udp mbox: 6[0m
[0;32mI (1574) wifi_init: tcp mbox: 6[0m
[0;32mI (1577) wifi_init: tcp tx win: 5760[0m
[0;32mI (1580) wifi_init: tcp rx win: 5760[0m
[0;32mI (1583) wifi_init: tcp mss: 1440[0m
[0;32mI (1586) wifi_init: WiFi/LWIP prefer SPIRAM[0m
[0;32mI (1590) wifi_init: WiFi IRAM OP enabled[0m
[0;32mI (1594) wifi_init: WiFi RX IRAM OP enabled[0m
[0;32mI (1598) MQTT: Other event id:7[0m
Wi-Fi event handler registered.
[1;31mE (1601) esp-tls: [sock=54] connect() error: Host is unreachable[0m
[0;32mI (1604) phy_init: phy_version 701,f4f1da3a,Mar  3 2025,15:50:10[0m
[1;31mE (1609) transport_base: Failed to open a new connection: 32772[0m
[1;31mE (1621) mqtt_client: Error transport connect[0m
[0;32mI (1625) MQTT: MQTT_EVENT_ERROR[0m
[0;32mI (1628) MQTT: Last error code reported from esp-tls: 0x8004[0m
[0;32mI (1633) MQTT: Last tls stack error number: 0x0[0m
[0;32mI (1637) MQTT: Last captured errno : 0 (Success)[0m
[0;32mI (1642) MQTT: MQTT_EVENT_DISCONNECTED[0m
[0;32mI (1649) wifi:mode : null[0m
[0;32mI (1604) main_task: Returned from app_main()[0m
[0;32mI (5490) wifi:flush txq[0m
[0;32mI (5490) wifi:stop sw txq[0m
[0;32mI (5490) wifi:lmac stop hw txq[0m
STA:STA 
[0;32mI (5493) wifi:mode : sta (10:20:ba:05:9b:9c)[0m
[0;32mI (5493) wifi:enable tsf[0m
[0;32mI (8004) wifi_scan: Max AP number ap_info can hold = 20[0m
[0;32mI (8004) wifi_scan: Total APs scanned = 15, actual AP number ap_info holds = 15[0m
[0;32mI (8112) NVS: Have a saved wifi network in NVS[0m
[0;32mI (8120) wifi_scan: [0m
[0;32mI (8120) wifi_scan: Found saved wifi network in scan list, ssid: NamTrung[0m
[0;32mI (8120) wifi_scan: BSSID 10:5F:02:75:27:1E[0m
[0;32mI (8145) WiFi Sta: Connecting to wifi network, BSSID: 10:5F:02:75:27:1E[0m
[0;32mI (8146) wifi:flush txq[0m
[0;32mI (8147) wifi:stop sw txq[0m
[0;32mI (8147) wifi:lmac stop hw txq[0m
[0;32mI (8149) wifi:mode : sta (10:20:ba:05:9b:9c)[0m
[0;32mI (8152) wifi:enable tsf[0m
[0;32mI (8156) WiFi Sta: GET: SSID:NamTrung, password:nt@14092011[0m
[0;32mI (8162) wifi:new:<11,0>, old:<1,0>, ap:<255,255>, sta:<11,0>, prof:1, snd_ch_cfg:0x0[0m
[0;32mI (8167) wifi:state: init -> auth (0xb0)[0m
[0;32mI (8183) wifi:state: auth -> assoc (0x0)[0m
[0;32mI (8195) wifi:state: assoc -> run (0x10)[0m
[0;32mI (8227) wifi:connected with NamTrung, aid = 18, channel 11, BW20, bssid = 10:5f:02:75:27:1e[0m
[0;32mI (8227) wifi:security: WPA2-PSK, phy: bgn, rssi: -57[0m
[0;32mI (8230) wifi:pm start, type: 1[0m

[0;32mI (8232) wifi:dp: 1, bi: 102400, li: 3, scale listen interval from 307200 us to 307200 us[0m
[0;32mI (8240) wifi:set rx beacon pti, rx_bcn_pti: 14, bcn_timeout: 25000, mt_pti: 14, mt_time: 10000[0m
[0;32mI (8249) WiFi Sta: Connected to SSID:NamTrung, channel:11[0m
[0;32mI (8315) wifi:AP's beacon interval = 102400 us, DTIM period = 1[0m
[0;32mI (8659) WiFi Sta: Failed to connect to the AP[0m
[0;32mI (8659) WiFi Sta: Retrying to connect to the AP[0m
[0;32mI (9270) esp_netif_handlers: sta ip: 10.10.1.29, mask: 255.255.252.0, gw: 10.10.1.1[0m
[0;32mI (10169) WiFi: Connected with IP: 10.10.1.29[0m
[0;32mI (10169) WiFi Sta: Connected to AP SSID:NamTrung, password:nt@14092011, bssid:10:5F:02:75:27:1E[0m
[0;32mI (10209) MQTT_MANAGER: Starting MQTT safely...[0m
[1;31mE (10209) mqtt_client: Client has started[0m
[0;32mI (10209) MQTT_MANAGER: MQTT started.[0m
[0;32mI (10268) NVS: last index: 4[0m
[0;32mI (10268) NVS: wifi index: 4[0m
[0;32mI (11645) MQTT: Other event id:7[0m
[0;32mI (11651) wifi:<ba-add>idx:0 (ifx:0, 10:5f:02:75:27:1e), tid:7, ssn:8, winSize:64[0m
[0;32mI (11660) wifi:<ba-add>idx:1 (ifx:0, 10:5f:02:75:27:1e), tid:0, ssn:4, winSize:64[0m
[0;32mI (11661) MQTT: MQTT_EVENT_CONNECTED[0m
[0;32mI (11668) MQTT: MQTT_EVENT_SUBSCRIBED, msg_id=267, return code=0x00 [0m
[0;32mI (14462) wifi:bcn_timeout,ap_probe_send_start[0m
[0;32mI (20502) wifi:bcn_timeout,ap_probe_send_start[0m
[0;32mI (26748) wifi:bcn_timeout,ap_probe_send_start[0m
[0;32mI (32789) wifi:bcn_timeout,ap_probe_send_start[0m
[0;32mI (38831) wifi:bcn_timeout,ap_probe_send_start[0m
[0;32mI (44975) wifi:bcn_timeout,ap_probe_send_start[0m
[0;32mI (51017) wifi:bcn_timeout,ap_probe_send_start[0m
[0;32mI (57468) wifi:bcn_timeout,ap_probe_send_start[0m
[0;32mI (63510) wifi:bcn_timeout,ap_probe_send_start[0m
[0;32mI (69653) wifi:bcn_timeout,ap_probe_send_start[0m
[0;32mI (74790) MQTT: MQTT_EVENT_DATA[0m
[0;32mI (74790) MQTT: TOPIC=responsenumber[0m

[0;32mI (74790) MQTT: DATA={"device_id":"04:1A:2B:3C:4D:04","number":"4025","service_name":"Tr\u1ea3 n\u1ee3"}[0m

[0;32mI (75801) wifi:bcn_timeout,ap_probe_send_start[0m
[0;32mI (79702) MQTT: MQTT_EVENT_DATA[0m
[0;32mI (79702) MQTT: TOPIC=responsenumber[0m

[0;32mI (79702) MQTT: DATA={"device_id":"04:1A:2B:3C:4D:04","number":"4026","service_name":"Tr\u1ea3 n\u1ee3"}[0m

[0;32mI (81841) wifi:bcn_timeout,ap_probe_send_start[0m
[0;32mI (84844) MQTT: MQTT_EVENT_DATA[0m
[0;32mI (84844) MQTT: TOPIC=responsenumber[0m

[0;32mI (84844) MQTT: DATA={"device_id":"04:1A:2B:3C:4D:04","number":"1007","service_name":"\u0110\u00f3ng thu\u1ebf"}[0m

[0;32mI (88393) wifi:bcn_timeout,ap_probe_send_start[0m
[0;32mI (89853) MQTT: MQTT_EVENT_DATA[0m
[0;32mI (89853) MQTT: TOPIC=responsenumber[0m

[0;32mI (89854) MQTT: DATA={"device_id":"04:1A:2B:3C:4D:04","number":"4027","service_name":"Tr\u1ea3 n\u1ee3"}[0m

[0;32mI (94435) wifi:bcn_timeout,ap_probe_send_start[0m
