Command: D:\ESP32_IDF\Espressif\python_env\idf5.5_py3.11_env\Scripts\python.exe D:\ESP32_IDF\Espressif\frameworks\esp-idf-v5.5\tools/idf_monitor.py -p COM7 -b 115200 --toolchain-prefix xtensa-esp32s3-elf- --target esp32s3 --revision 0 D:\ESP32\ESP32S3_LCD 7B_DEMO_3\ESP32-S3-Touch-LCD-7B-Demo\ESP32-S3-Touch-LCD-7B-Demo\ESP-IDF\16_LVGL_UI 2\build\16_LVGL_UI.elf D:\ESP32\ESP32S3_LCD 7B_DEMO_3\ESP32-S3-Touch-LCD-7B-Demo\ESP32-S3-Touch-LCD-7B-Demo\ESP-IDF\16_LVGL_UI 2\build\bootloader\bootloader.elf --force-color -m 'D:\ESP32_IDF\Espressif\python_env\idf5.5_py3.11_env\Scripts\python.exe' 'D:\ESP32_IDF\Espressif\frameworks\esp-idf-v5.5\tools\idf.py' '-p' 'COM7'
ESP-ROM:esp32s3-20210327
Build:Mar 27 2021
rst:0x1 (POWERON),boot:0x28 (SPI_FAST_FLASH_BOOT)
SPIWP:0xee
mode:DIO, clock div:1
load:0x3fce2820,len:0x1710
load:0x403c8700,len:0xec0
load:0x403cb700,len:0x31d4
entry 0x403c894c
[0;32mI (25) boot: ESP-IDF v5.5-dirty 2nd stage bootloader[0m
[0;32mI (25) boot: compile time Oct 10 2025 10:23:37[0m
[0;32mI (25) boot: Multicore bootloader[0m
[0;32mI (26) boot: chip revision: v0.2[0m
[0;32mI (28) boot: efuse block revision: v1.3[0m
[0;32mI (32) qio_mode: Enabling default flash chip QIO[0m
[0;32mI (36) boot.esp32s3: Boot SPI Speed : 80MHz[0m
[0;32mI (40) boot.esp32s3: SPI Mode       : QIO[0m
[0;32mI (44) boot.esp32s3: SPI Flash Size : 16MB[0m
[0;32mI (48) boot: Enabling RNG early entropy source...[0m
[0;32mI (52) boot: Partition Table:[0m
[0;32mI (55) boot: ## Label            Usage          Type ST Offset   Length[0m
[0;32mI (61) boot:  0 nvs              WiFi data        01 02 00009000 00006000[0m
[0;32mI (68) boot:  1 phy_init         RF data          01 01 0000f000 00001000[0m
[0;32mI (74) boot:  2 factory          factory app      00 00 00010000 00800000[0m
[0;32mI (81) boot: End of partition table[0m
[0;32mI (84) esp_image: segment 0: paddr=00010020 vaddr=3c0e0020 size=146c04h (1338372) map[0m
[0;32mI (290) esp_image: segment 1: paddr=00156c2c vaddr=3fc9c900 size=057a0h ( 22432) load[0m
[0;32mI (294) esp_image: segment 2: paddr=0015c3d4 vaddr=40374000 size=03c44h ( 15428) load[0m
[0;32mI (298) esp_image: segment 3: paddr=00160020 vaddr=42000020 size=dd788h (907144) map[0m
[0;32mI (436) esp_image: segment 4: paddr=0023d7b0 vaddr=40377c44 size=14c3ch ( 85052) load[0m
[0;32mI (452) esp_image: segment 5: paddr=002523f4 vaddr=600fe000 size=00020h (    32) load[0m
[0;32mI (462) boot: Loaded app from partition at offset 0x10000[0m
[0;32mI (463) boot: Disabling RNG early entropy source...[0m
[0;33mW (473) flash HPM: HPM mode is optional feature that depends on flash model. Read Docs First![0m
[0;33mW (473) flash HPM: HPM mode with DC adjustment is disabled. Some flash models may not be supported. Read Docs First![0m
[0;33mW (480) flash HPM: High performance mode of this flash model hasn't been supported.[0m
[0;32mI (488) MSPI Timing: Flash timing tuning index: 2[0m
[0;32mI (492) octal_psram: vendor id    : 0x0d (AP)[0m
[0;32mI (496) octal_psram: dev id       : 0x02 (generation 3)[0m
[0;32mI (501) octal_psram: density      : 0x03 (64 Mbit)[0m
[0;32mI (505) octal_psram: good-die     : 0x01 (Pass)[0m
[0;32mI (510) octal_psram: Latency      : 0x01 (Fixed)[0m
[0;32mI (514) octal_psram: VCC          : 0x01 (3V)[0m
[0;32mI (518) octal_psram: SRF          : 0x01 (Fast Refresh)[0m
[0;32mI (523) octal_psram: BurstType    : 0x01 (Hybrid Wrap)[0m
[0;32mI (528) octal_psram: BurstLen     : 0x01 (32 Byte)[0m
[0;32mI (532) octal_psram: Readlatency  : 0x02 (10 cycles@Fixed)[0m
[0;32mI (538) octal_psram: DriveStrength: 0x00 (1/1)[0m
[0;32mI (550) MSPI Timing: PSRAM timing tuning index: 2[0m
[0;32mI (550) esp_psram: Found 8MB PSRAM device[0m
[0;32mI (550) esp_psram: Speed: 120MHz[0m
[0;32mI (608) mmu_psram: Read only data copied and mapped to SPIRAM[0m
[0;32mI (654) mmu_psram: Instructions copied and mapped to SPIRAM[0m
[0;32mI (654) cpu_start: Multicore app[0m
[0;32mI (804) esp_psram: SPI SRAM memory test OK[0m
[0;32mI (812) cpu_start: Pro cpu start user code[0m
[0;32mI (812) cpu_start: cpu freq: 240000000 Hz[0m
[0;32mI (812) app_init: Application information:[0m
[0;32mI (812) app_init: Project name:     16_LVGL_UI[0m
[0;32mI (816) app_init: App version:      94f2d6e-dirty[0m
[0;32mI (821) app_init: Compile time:     Nov 11 2025 11:08:19[0m
[0;32mI (826) app_init: ELF file SHA256:  a69d0e23c...[0m
[0;32mI (830) app_init: ESP-IDF:          v5.5-dirty[0m
[0;32mI (834) efuse_init: Min chip rev:     v0.0[0m
[0;32mI (838) efuse_init: Max chip rev:     v0.99 [0m
[0;32mI (842) efuse_init: Chip rev:         v0.2[0m
[0;32mI (846) heap_init: Initializing. RAM available for dynamic allocation:[0m
[0;32mI (852) heap_init: At 3FCB38E0 len 00035E30 (215 KiB): RAM[0m
[0;32mI (857) heap_init: At 3FCE9710 len 00005724 (21 KiB): RAM[0m
[0;32mI (862) heap_init: At 3FCF0000 len 00008000 (32 KiB): DRAM[0m
[0;32mI (868) heap_init: At 600FE020 len 00001FC8 (7 KiB): RTCRAM[0m
[0;32mI (873) esp_psram: Adding pool of 5952K of PSRAM memory to heap allocator[0m
[0;32mI (879) esp_psram: Adding pool of 36K of PSRAM memory gap generated due to end address alignment of drom to the heap allocator[0m
[0;32mI (891) spi_flash: detected chip: generic[0m
[0;32mI (894) spi_flash: flash io: qio[0m
[0;32mI (897) sleep_gpio: Configure to isolate all GPIO pins in sleep state[0m
[0;32mI (904) sleep_gpio: Enable automatic switching of GPIO sleep configuration[0m
[0;32mI (910) coexist: coex firmware version: 831ec70[0m
[0;32mI (923) coexist: coexist rom version e7ae62f[0m
[0;32mI (923) main_task: Started on CPU0[0m
[0;32mI (924) esp_psram: Reserving pool of 32K of internal memory for DMA/internal allocations[0m
[0;32mI (929) main_task: Calling app_main()[0m
[0;33mW (941) i2c.master: Please check pull-up resistances whether be connected properly. Otherwise unexpected behavior would happen. For more detailed information, please read docs[0m
[0;32mI (1348) GT911: Initialize I2C panel IO[0m
[0;32mI (1348) GT911: Initialize touch controller GT911[0m
[0;33mW (1348) GT911: Unable to initialize the I2C address[0m
[0;32mI (1350) GT911: TouchPad_ID:0x39,0x31,0x31[0m
[0;32mI (1353) GT911: TouchPad_Config_Version:91[0m
[0;32mI (1357) example: Install RGB LCD panel driver[0m
[0;32mI (1397) example: Initialize RGB LCD panel[0m
[0;32mI (1398) lv_port: Create LVGL task[0m
[0;32mI (1462) TAG_NVS: Loaded JSON from NVS: [{"name":"Quay 2","device_id":"94:E6:86:09:A4:78"},{"name":"Quay 1","device_id":"A8:42:E3:4C:7C:BC"}][0m
[0;32mI (1463) TAG_NVS: Loaded 2 devices from NVS[0m
[0;32mI (1467) UI: Loaded 2 devices, showing...[0m
[0;32mI (1473) LVGL: Displayed 2 devices[0m
[0;32mI (1518) MAIN: create main UI successfully[0m
[0;32mI (1520) pp: pp rom version: e7ae62f[0m
[0;32mI (1546) net80211: net80211 rom version: e7ae62f[0m
[0;32mI (1547) main_task: Returned from app_main()[0m
[0;32mI (1548) wifi:wifi driver task: 3fcce84c, prio:23, stack:6656, core=0[0m
[0;32mI (1557) wifi:wifi firmware version: f3dbad7[0m
[0;32mI (1557) wifi:wifi certification version: v7.0[0m
[0;32mI (1558) wifi:config NVS flash: enabled[0m
[0;32mI (1562) wifi:config nano formatting: disabled[0m
[0;32mI (1566) wifi:Init data frame dynamic rx buffer num: 32[0m
[0;32mI (1571) wifi:Init static rx mgmt buffer num: 5[0m
[0;32mI (1575) wifi:Init management short buffer num: 32[0m
[0;32mI (1580) wifi:Init static tx buffer num: 16[0m
[0;32mI (1584) wifi:Init tx cache buffer num: 32[0m
[0;32mI (1587) wifi:Init static tx FG buffer num: 2[0m
[0;32mI (1591) wifi:Init static rx buffer size: 1600[0m
[0;32mI (1596) wifi:Init static rx buffer num: 16[0m
[0;32mI (1599) wifi:Init dynamic rx buffer num: 32[0m
[0;32mI (1604) wifi_init: rx ba win: 16[0m
[0;32mI (1606) wifi_init: accept mbox: 6[0m
[0;32mI (1610) wifi_init: tcpip mbox: 32[0m
[0;32mI (1613) wifi_init: udp mbox: 6[0m
[0;32mI (1615) wifi_init: tcp mbox: 6[0m
[0;32mI (1618) wifi_init: tcp tx win: 5760[0m
[0;32mI (1622) wifi_init: tcp rx win: 5760[0m
[0;32mI (1625) wifi_init: tcp mss: 1440[0m
[0;32mI (1628) wifi_init: WiFi/LWIP prefer SPIRAM[0m
[0;32mI (1632) wifi_init: WiFi IRAM OP enabled[0m
[0;32mI (1635) wifi_init: WiFi RX IRAM OP enabled[0m
[0;32mI (1639) reconnect: Found saved WiFi: Namtrung 2.4G[0m
[0;32mI (1644) WiFi: Wi-Fi and IP event handlers registered[0m
Wi-Fi event handler registered.
[0;32mI (1652) phy_init: phy_version 701,f4f1da3a,Mar  3 2025,15:50:10[0m
[0;32mI (1696) phy_init: Saving new calibration data due to checksum failure or outdated calibration data, mode(0)[0m
[0;32mI (1724) wifi:mode : sta (10:20:ba:05:9b:9c)[0m
[0;32mI (1725) wifi:enable tsf[0m
[0;32mI (1726) reconnect: WiFi init complete, waiting for connection...[0m
[0;32mI (1726) WiFi Sta: GET: SSID:Namtrung 2.4G, password:nt@14092011[0m
[0;32mI (1735) wifi:new:<6,0>, old:<1,0>, ap:<255,255>, sta:<6,0>, prof:1, snd_ch_cfg:0x0[0m
[0;32mI (1739) wifi:state: init -> auth (0xb0)[0m
[0;32mI (1748) wifi:state: auth -> assoc (0x0)[0m
[0;32mI (1757) wifi:state: assoc -> run (0x10)[0m
[0;32mI (1784) wifi:connected with Namtrung 2.4G, aid = 22, channel 6, BW20, bssid = 12:5f:02:15:1e:9a[0m
[0;32mI (1784) wifi:security: WPA2-PSK, phy: bgn, rssi: -54[0m
[0;32mI (1787) wifi:pm start, type: 1[0m

[0;32mI (1789) wifi:dp: 1, bi: 102400, li: 3, scale listen interval from 307200 us to 307200 us[0m
[0;32mI (1797) wifi:set rx beacon pti, rx_bcn_pti: 14, bcn_timeout: 25000, mt_pti: 14, mt_time: 10000[0m
[0;32mI (1807) WiFi Sta: Connected to SSID:Namtrung 2.4G, channel:6[0m
[0;32mI (1835) wifi:AP's beacon interval = 102400 us, DTIM period = 1[0m
[0;32mI (2231) WiFi Sta: Failed to connect to the AP[0m
[0;32mI (2231) WiFi Sta: Retrying to connect to the AP[0m
[0;32mI (2819) esp_netif_handlers: sta ip: 10.10.1.45, mask: 255.255.252.0, gw: 10.10.1.1[0m
[0;32mI (2819) WiFi Sta: WIFI GOT_IP.[0m
[0;32mI (2827) MQTT_MANAGER: No existing client, creating new one...[0m
[0;32mI (2828) MQTT: Other event id:7[0m
[0;32mI (2841) wifi:<ba-add>idx:0 (ifx:0, 12:5f:02:15:1e:9a), tid:7, ssn:8, winSize:64[0m
[0;32mI (2845) wifi:<ba-add>idx:1 (ifx:0, 12:5f:02:15:1e:9a), tid:0, ssn:1, winSize:64[0m
[0;32mI (2846) MQTT: MQTT_EVENT_CONNECTED[0m
[0;32mI (2857) MQTT: MQTT_EVENT_SUBSCRIBED, msg_id=59100, return code=0x00 [0m
[0;32mI (2865) MQTT: MQTT_EVENT_SUBSCRIBED, msg_id=23063, return code=0x00 [0m
[0;32mI (3081) MQTT: MQTT_EVENT_SUBSCRIBED, msg_id=25864, return code=0x00 [0m
[0;32mI (3083) MQTT: MQTT_EVENT_SUBSCRIBED, msg_id=13845, return code=0x01 [0m
[0;32mI (3085) MQTT: MQTT_EVENT_DATA[0m
[0;32mI (3086) MQTT: TOPIC=device/list[0m
[0;32mI (3088) MQTT: DATA=[{"id":"94:E6:86:09:A4:78","name":"Quay 2"},{"id":"A8:42:E3:4C:7C:BC","name":"Quay 1"}][0m
[0;32mI (3098) LOAD_DEVICE_ID: Loaded device_id: 94:E6:86:09:A4:78[0m
[0;32mI (3103) MQTT_BACKUP: MQTT JSON received: [{"id":"94:E6:86:09:A4:78","name":"Quay 2"},{"id":"A8:42:E3:4C:7C:BC","name":"Quay 1"}][0m
[0;32mI (3115) MQTT_BACKUP: Stored 2 devices[0m
[0;32mI (3118) TAG_NVS: Saved 2 devices to NVS[0m
[0;32mI (3741) WiFi: Connected with IP: 10.10.1.45[0m
[0;32mI (3741) WiFi Sta: Connected to AP SSID:Namtrung 2.4G, password:nt@14092011, bssid:12:5F:02:15:1E:9A[0m
[0;32mI (3748) MQTT_MANAGER: Starting MQTT safely...[0m
[1;31mE (3748) mqtt_client: Client has started[0m
[0;32mI (3751) MQTT_MANAGER: MQTT started.[0m
[0;32mI (3849) NVS: last index: -1[0m
[0;32mI (3849) NVS: wifi index: 0[0m
[0;33mW (3849) WIFI_UI: WIFI_List_Button is invalid[0m
[0;32mI (18256) wifi_scan: Max AP number ap_info can hold = 20[0m
[0;32mI (18256) wifi_scan: Total APs scanned = 16, actual AP number ap_info holds = 16[0m
[0;32mI (18357) NVS: Have a saved wifi network in NVS[0m
[0;32mI (18361) wifi_scan: [0m
[0;32mI (18361) wifi_scan: Found saved wifi network in scan list, ssid: Namtrung 2.4G[0m
[0;32mI (18361) wifi_scan: BSSID 12:5F:02:15:1E:9A[0m
[0;32mI (18462) NVS: Have a saved wifi network in NVS[0m
STA:STA 
[0;32mI (23872) wifi_scan: Max AP number ap_info can hold = 20[0m
[0;32mI (23872) wifi_scan: Total APs scanned = 18, actual AP number ap_info holds = 18[0m
[0;32mI (23979) NVS: Have a saved wifi network in NVS[0m
[0;32mI (23982) wifi_scan: [0m
[0;32mI (23983) wifi_scan: Found saved wifi network in scan list, ssid: Namtrung 2.4G[0m
[0;32mI (23983) wifi_scan: BSSID 12:5F:02:15:1E:9A[0m
[0;32mI (24128) NVS: Have a saved wifi network in NVS[0m
Guru Meditation Error: Core  0 panic'ed (LoadProhibited). Exception was unhandled.

Core  0 register dump:
PC      : 0x4201abbf  PS      : 0x00060e30  A0      : 0x8201a071  A1      : 0x3fcec490  
A2      : 0x00000000  A3      : 0x3fcec480  A4      : 0x0000009e  A5      : 0x00000061  
A6      : 0x0000ffff  A7      : 0x0000004c  A8      : 0x8202e4fc  A9      : 0x3fcec470  
A10     : 0x00000000  A11     : 0x0000004c  A12     : 0x3fca6050  A13     : 0x3fcec4c8  
A14     : 0xfffffffc  A15     : 0x00000000  SAR     : 0x0000001f  EXCCAUSE: 0x0000001c  
EXCVADDR: 0x00000022  LBEG    : 0x4201ec15  LEND    : 0x4201ec1c  LCOUNT  : 0x00000002  


Backtrace: 0x4201abbc:0x3fcec490 0x4201a06e:0x3fcec4b0 0x42035ad7:0x3fcec4d0 0x4202b7dc:0x3fcec4f0 0x4200d9c7:0x3fcec510 0x4202fc03:0x3fcec560 0x420104a8:0x3fcec590




ELF file SHA256: a69d0e23c

Rebooting...
ESP-ROM:esp32s3-20210327
Build:Mar 27 2021
rst:0xc (RTC_SW_CPU_RST),boot:0x28 (SPI_FAST_FLASH_BOOT)
Saved PC:0x40375f54
SPIWP:0xee
mode:DIO, clock div:1
load:0x3fce2820,len:0x1710
load:0x403c8700,len:0xec0
load:0x403cb700,len:0x31d4
entry 0x403c894c
[0;32mI (29) boot: ESP-IDF v5.5-dirty 2nd stage bootloader[0m
[0;32mI (29) boot: compile time Oct 10 2025 10:23:37[0m
[0;32mI (29) boot: Multicore bootloader[0m
[0;32mI (30) boot: chip revision: v0.2[0m
[0;32mI (33) boot: efuse block revision: v1.3[0m
[0;32mI (36) qio_mode: Enabling default flash chip QIO[0m
[0;32mI (40) boot.esp32s3: Boot SPI Speed : 80MHz[0m
[0;32mI (44) boot.esp32s3: SPI Mode       : QIO[0m
[0;32mI (48) boot.esp32s3: SPI Flash Size : 16MB[0m
[0;32mI (52) boot: Enabling RNG early entropy source...[0m
[0;32mI (56) boot: Partition Table:[0m
[0;32mI (59) boot: ## Label            Usage          Type ST Offset   Length[0m
[0;32mI (65) boot:  0 nvs              WiFi data        01 02 00009000 00006000[0m
[0;32mI (72) boot:  1 phy_init         RF data          01 01 0000f000 00001000[0m
[0;32mI (78) boot:  2 factory          factory app      00 00 00010000 00800000[0m
[0;32mI (85) boot: End of partition table[0m
[0;32mI (88) esp_image: segment 0: paddr=00010020 vaddr=3c0e0020 size=146c04h (1338372) map[0m
[0;32mI (294) esp_image: segment 1: paddr=00156c2c vaddr=3fc9c900 size=057a0h ( 22432) load[0m
[0;32mI (299) esp_image: segment 2: paddr=0015c3d4 vaddr=40374000 size=03c44h ( 15428) load[0m
[0;32mI (302) esp_image: segment 3: paddr=00160020 vaddr=42000020 size=dd788h (907144) map[0m
[0;32mI (440) esp_image: segment 4: paddr=0023d7b0 vaddr=40377c44 size=14c3ch ( 85052) load[0m
[0;32mI (457) esp_image: segment 5: paddr=002523f4 vaddr=600fe000 size=00020h (    32) load[0m
[0;32mI (467) boot: Loaded app from partition at offset 0x10000[0m
[0;32mI (467) boot: Disabling RNG early entropy source...[0m
[0;33mW (477) flash HPM: HPM mode is optional feature that depends on flash model. Read Docs First![0m
[0;33mW (477) flash HPM: HPM mode with DC adjustment is disabled. Some flash models may not be supported. Read Docs First![0m
[0;33mW (484) flash HPM: High performance mode of this flash model hasn't been supported.[0m
[0;32mI (492) MSPI Timing: Flash timing tuning index: 2[0m
[0;32mI (496) octal_psram: vendor id    : 0x0d (AP)[0m
[0;32mI (500) octal_psram: dev id       : 0x02 (generation 3)[0m
[0;32mI (505) octal_psram: density      : 0x03 (64 Mbit)[0m
[0;32mI (510) octal_psram: good-die     : 0x01 (Pass)[0m
[0;32mI (514) octal_psram: Latency      : 0x01 (Fixed)[0m
[0;32mI (518) octal_psram: VCC          : 0x01 (3V)[0m
[0;32mI (522) octal_psram: SRF          : 0x01 (Fast Refresh)[0m
[0;32mI (527) octal_psram: BurstType    : 0x01 (Hybrid Wrap)[0m
[0;32mI (532) octal_psram: BurstLen     : 0x01 (32 Byte)[0m
[0;32mI (537) octal_psram: Readlatency  : 0x02 (10 cycles@Fixed)[0m
[0;32mI (542) octal_psram: DriveStrength: 0x00 (1/1)[0m
[0;32mI (554) MSPI Timing: PSRAM timing tuning index: 2[0m
[0;32mI (554) esp_psram: Found 8MB PSRAM device[0m
[0;32mI (554) esp_psram: Speed: 120MHz[0m
[0;32mI (612) mmu_psram: Read only data copied and mapped to SPIRAM[0m
[0;32mI (658) mmu_psram: Instructions copied and mapped to SPIRAM[0m
[0;32mI (659) cpu_start: Multicore app[0m
[0;32mI (808) esp_psram: SPI SRAM memory test OK[0m
[0;32mI (816) cpu_start: Pro cpu start user code[0m
[0;32mI (816) cpu_start: cpu freq: 240000000 Hz[0m
[0;32mI (816) app_init: Application information:[0m
[0;32mI (816) app_init: Project name:     16_LVGL_UI[0m
[0;32mI (820) app_init: App version:      94f2d6e-dirty[0m
[0;32mI (825) app_init: Compile time:     Nov 11 2025 11:08:19[0m
[0;32mI (830) app_init: ELF file SHA256:  a69d0e23c...[0m
[0;32mI (834) app_init: ESP-IDF:          v5.5-dirty[0m
[0;32mI (838) efuse_init: Min chip rev:     v0.0[0m
[0;32mI (842) efuse_init: Max chip rev:     v0.99 [0m
[0;32mI (846) efuse_init: Chip rev:         v0.2[0m
[0;32mI (850) heap_init: Initializing. RAM available for dynamic allocation:[0m
[0;32mI (856) heap_init: At 3FCB38E0 len 00035E30 (215 KiB): RAM[0m
[0;32mI (861) heap_init: At 3FCE9710 len 00005724 (21 KiB): RAM[0m
[0;32mI (867) heap_init: At 3FCF0000 len 00008000 (32 KiB): DRAM[0m
[0;32mI (872) heap_init: At 600FE020 len 00001FC8 (7 KiB): RTCRAM[0m
[0;32mI (877) esp_psram: Adding pool of 5952K of PSRAM memory to heap allocator[0m
[0;32mI (884) esp_psram: Adding pool of 36K of PSRAM memory gap generated due to end address alignment of drom to the heap allocator[0m
[0;32mI (895) spi_flash: detected chip: generic[0m
[0;32mI (898) spi_flash: flash io: qio[0m
[0;32mI (902) sleep_gpio: Configure to isolate all GPIO pins in sleep state[0m
[0;32mI (908) sleep_gpio: Enable automatic switching of GPIO sleep configuration[0m
[0;32mI (914) coexist: coex firmware version: 831ec70[0m
[0;32mI (927) coexist: coexist rom version e7ae62f[0m
[0;32mI (928) main_task: Started on CPU0[0m
[0;32mI (929) esp_psram: Reserving pool of 32K of internal memory for DMA/internal allocations[0m
[0;32mI (934) main_task: Calling app_main()[0m
[0;33mW (946) i2c.master: Please check pull-up resistances whether be connected properly. Otherwise unexpected behavior would happen. For more detailed information, please read docs[0m
[0;32mI (1353) GT911: Initialize I2C panel IO[0m
[0;32mI (1353) GT911: Initialize touch controller GT911[0m
[0;33mW (1353) GT911: Unable to initialize the I2C address[0m
[0;32mI (1355) GT911: TouchPad_ID:0x39,0x31,0x31[0m
[0;32mI (1358) GT911: TouchPad_Config_Version:91[0m
[0;32mI (1362) example: Install RGB LCD panel driver[0m
[0;32mI (1402) example: Initialize RGB LCD panel[0m
[0;32mI (1403) lv_port: Create LVGL task[0m
[0;32mI (1467) TAG_NVS: Loaded JSON from NVS: [{"name":"Quay 2","device_id":"94:E6:86:09:A4:78"},{"name":"Quay 1","device_id":"A8:42:E3:4C:7C:BC"}][0m
[0;32mI (1468) TAG_NVS: Loaded 2 devices from NVS[0m
[0;32mI (1472) UI: Loaded 2 devices, showing...[0m
[0;32mI (1478) LVGL: Displayed 2 devices[0m
[0;32mI (1523) MAIN: create main UI successfully[0m
[0;32mI (1525) pp: pp rom version: e7ae62f[0m
[0;32mI (1525) net80211: net80211 rom version: e7ae62f[0m
[0;32mI (1526) main_task: Returned from app_main()[0m
[0;32mI (1527) wifi:wifi driver task: 3fcce84c, prio:23, stack:6656, core=0[0m
[0;32mI (1557) wifi:wifi firmware version: f3dbad7[0m
[0;32mI (1558) wifi:wifi certification version: v7.0[0m
[0;32mI (1558) wifi:config NVS flash: enabled[0m
[0;32mI (1558) wifi:config nano formatting: disabled[0m
[0;32mI (1563) wifi:Init data frame dynamic rx buffer num: 32[0m
[0;32mI (1568) wifi:Init static rx mgmt buffer num: 5[0m
[0;32mI (1572) wifi:Init management short buffer num: 32[0m
[0;32mI (1577) wifi:Init static tx buffer num: 16[0m
[0;32mI (1581) wifi:Init tx cache buffer num: 32[0m
[0;32mI (1584) wifi:Init static tx FG buffer num: 2[0m
[0;32mI (1588) wifi:Init static rx buffer size: 1600[0m
[0;32mI (1592) wifi:Init static rx buffer num: 16[0m
[0;32mI (1596) wifi:Init dynamic rx buffer num: 32[0m
[0;32mI (1601) wifi_init: rx ba win: 16[0m
[0;32mI (1603) wifi_init: accept mbox: 6[0m
[0;32mI (1606) wifi_init: tcpip mbox: 32[0m
[0;32mI (1609) wifi_init: udp mbox: 6[0m
[0;32mI (1612) wifi_init: tcp mbox: 6[0m
[0;32mI (1615) wifi_init: tcp tx win: 5760[0m
[0;32mI (1618) wifi_init: tcp rx win: 5760[0m
[0;32mI (1622) wifi_init: tcp mss: 1440[0m
[0;32mI (1625) wifi_init: WiFi/LWIP prefer SPIRAM[0m
[0;32mI (1629) wifi_init: WiFi IRAM OP enabled[0m
[0;32mI (1632) wifi_init: WiFi RX IRAM OP enabled[0m
[0;32mI (1636) reconnect: Found saved WiFi: Namtrung 2.4G[0m
[0;32mI (1641) WiFi: Wi-Fi and IP event handlers registered[0m
Wi-Fi event handler registered.
[0;32mI (1649) phy_init: phy_version 701,f4f1da3a,Mar  3 2025,15:50:10[0m
[0;32mI (1692) wifi:mode : sta (10:20:ba:05:9b:9c)[0m
[0;32mI (1692) wifi:enable tsf[0m
[0;32mI (1694) reconnect: WiFi init complete, waiting for connection...[0m
[0;32mI (1694) WiFi Sta: GET: SSID:Namtrung 2.4G, password:nt@14092011[0m
[0;32mI (1699) wifi:new:<6,0>, old:<1,0>, ap:<255,255>, sta:<6,0>, prof:1, snd_ch_cfg:0x0[0m
[0;32mI (1707) wifi:state: init -> auth (0xb0)[0m
[0;32mI (1722) wifi:state: auth -> assoc (0x0)[0m
[0;32mI (1762) wifi:state: assoc -> run (0x10)[0m
[0;32mI (2211) WiFi Sta: Failed to connect to the AP[0m
[0;32mI (2211) WiFi Sta: Retrying to connect to the AP[0m
[0;32mI (2758) wifi:connected with Namtrung 2.4G, aid = 38, channel 6, BW20, bssid = 12:5f:02:15:32:0e[0m
[0;32mI (2758) wifi:security: WPA2-PSK, phy: bgn, rssi: -77[0m
[0;32mI (2761) wifi:pm start, type: 1[0m

[0;32mI (2763) wifi:dp: 1, bi: 102400, li: 3, scale listen interval from 307200 us to 307200 us[0m
[0;32mI (2771) wifi:set rx beacon pti, rx_bcn_pti: 14, bcn_timeout: 25000, mt_pti: 14, mt_time: 10000[0m
[0;32mI (2780) WiFi Sta: Connected to SSID:Namtrung 2.4G, channel:6[0m
[0;32mI (2801) wifi:<ba-add>idx:0 (ifx:0, 12:5f:02:15:32:0e), tid:7, ssn:4, winSize:64[0m
[0;32mI (2825) wifi:AP's beacon interval = 102400 us, DTIM period = 1[0m
[0;32mI (3721) WiFi Sta: Failed to connect to the AP[0m
[0;32mI (3721) WiFi Sta: Retrying to connect to the AP[0m
[0;32mI (3811) esp_netif_handlers: sta ip: 10.10.1.45, mask: 255.255.252.0, gw: 10.10.1.1[0m
[0;32mI (3811) WiFi Sta: WIFI GOT_IP.[0m
[0;32mI (3831) MQTT_MANAGER: No existing client, creating new one...[0m
[0;32mI (3832) MQTT: Other event id:7[0m
[0;32mI (3905) wifi:<ba-add>idx:1 (ifx:0, 12:5f:02:15:32:0e), tid:0, ssn:1, winSize:64[0m
[0;32mI (4003) MQTT: MQTT_EVENT_CONNECTED[0m
[0;32mI (4011) MQTT: MQTT_EVENT_SUBSCRIBED, msg_id=63994, return code=0x00 [0m
[0;32mI (4022) MQTT: MQTT_EVENT_SUBSCRIBED, msg_id=58745, return code=0x00 [0m
[0;32mI (4116) MQTT: MQTT_EVENT_SUBSCRIBED, msg_id=19000, return code=0x00 [0m
[0;32mI (4118) MQTT: MQTT_EVENT_SUBSCRIBED, msg_id=1226, return code=0x01 [0m
[0;32mI (4120) MQTT: MQTT_EVENT_DATA[0m
[0;32mI (4120) MQTT: TOPIC=device/list[0m
[0;32mI (4123) MQTT: DATA=[{"id":"94:E6:86:09:A4:78","name":"Quay 2"},{"id":"A8:42:E3:4C:7C:BC","name":"Quay 1"}][0m
[0;32mI (4133) LOAD_DEVICE_ID: Loaded device_id: 94:E6:86:09:A4:78[0m
[0;32mI (4138) MQTT_BACKUP: MQTT JSON received: [{"id":"94:E6:86:09:A4:78","name":"Quay 2"},{"id":"A8:42:E3:4C:7C:BC","name":"Quay 1"}][0m
[0;32mI (4150) MQTT_BACKUP: Stored 2 devices[0m
[0;32mI (4153) TAG_NVS: Saved 2 devices to NVS[0m
[0;32mI (5231) WiFi: Connected with IP: 10.10.1.45[0m
[0;32mI (5231) WiFi Sta: Connected to AP SSID:Namtrung 2.4G, password:nt@14092011, bssid:12:5F:02:15:32:0E[0m
[0;32mI (5233) MQTT_MANAGER: Starting MQTT safely...[0m
[1;31mE (5237) mqtt_client: Client has started[0m
[0;32mI (5240) MQTT_MANAGER: MQTT started.[0m
[0;32mI (5331) NVS: last index: -1[0m
[0;32mI (5331) NVS: wifi index: 0[0m
[0;33mW (5331) WIFI_UI: WIFI_List_Button is invalid[0m
