Command: D:\ESP32_IDF\Espressif\python_env\idf5.5_py3.11_env\Scripts\python.exe D:\ESP32_IDF\Espressif\frameworks\esp-idf-v5.5\tools/idf_monitor.py -p COM7 -b 115200 --toolchain-prefix xtensa-esp32s3-elf- --target esp32s3 --revision 0 D:\ESP32\ESP32S3_LCD 7B_DEMO_3\ESP32-S3-Touch-LCD-7B-Demo\ESP32-S3-Touch-LCD-7B-Demo\ESP-IDF\16_LVGL_UI\build\16_LVGL_UI.elf D:\ESP32\ESP32S3_LCD 7B_DEMO_3\ESP32-S3-Touch-LCD-7B-Demo\ESP32-S3-Touch-LCD-7B-Demo\ESP-IDF\16_LVGL_UI\build\bootloader\bootloader.elf --force-color -m 'D:\ESP32_IDF\Espressif\python_env\idf5.5_py3.11_env\Scripts\python.exe' 'D:\ESP32_IDF\Espressif\frameworks\esp-idf-v5.5\tools\idf.py'
ESP-ROM:esp32s3-20210327
Build:Mar 27 2021
rst:0x1 (POWERON),boot:0x28 (SPI_FAST_FLASH_BOOT)
SPIWP:0xee
mode:DIO, clock div:1
load:0x3fce2820,len:0x1710
load:0x403c8700,len:0xec0
load:0x403cb700,len:0x31d4
entry 0x403c894c
[0;32mI (25) boot: ESP-IDF v5.5-dirty 2nd stage bootloader[0m
[0;32mI (25) boot: compile time Sep 26 2025 21:34:30[0m
[0;32mI (25) boot: Multicore bootloader[0m
[0;32mI (26) boot: chip revision: v0.2[0m
[0;32mI (28) boot: efuse block revision: v1.3[0m
[0;32mI (32) qio_mode: Enabling default flash chip QIO[0m
[0;32mI (36) boot.esp32s3: Boot SPI Speed : 80MHz[0m
[0;32mI (40) boot.esp32s3: SPI Mode       : QIO[0m
[0;32mI (44) boot.esp32s3: SPI Flash Size : 16MB[0m
[0;32mI (48) boot: Enabling RNG early entropy source...[0m
[0;32mI (52) boot: Partition Table:[0m
[0;32mI (55) boot: ## Label            Usage          Type ST Offset   Length[0m
[0;32mI (61) boot:  0 nvs              WiFi data        01 02 00009000 00006000[0m
[0;32mI (68) boot:  1 phy_init         RF data          01 01 0000f000 00001000[0m
[0;32mI (74) boot:  2 factory          factory app      00 00 00010000 00800000[0m
[0;32mI (81) boot: End of partition table[0m
[0;32mI (84) esp_image: segment 0: paddr=00010020 vaddr=3c130020 size=cfd0ch (851212) map[0m
[0;32mI (218) esp_image: segment 1: paddr=000dfd34 vaddr=3fca6300 size=002e4h (   740) load[0m
[0;32mI (218) esp_image: segment 2: paddr=000e0020 vaddr=42000020 size=129f48h (1220424) map[0m
[0;32mI (403) esp_image: segment 3: paddr=00209f70 vaddr=3fca65e4 size=05cb0h ( 23728) load[0m
[0;32mI (407) esp_image: segment 4: paddr=0020fc28 vaddr=40374000 size=2224ch (139852) load[0m
[0;32mI (434) esp_image: segment 5: paddr=00231e7c vaddr=600fe000 size=00020h (    32) load[0m
[0;32mI (447) boot: Loaded app from partition at offset 0x10000[0m
[0;32mI (447) boot: Disabling RNG early entropy source...[0m
[0;33mW (457) flash HPM: HPM mode is optional feature that depends on flash model. Read Docs First![0m
[0;33mW (458) flash HPM: HPM mode with DC adjustment is disabled. Some flash models may not be supported. Read Docs First![0m
[0;33mW (465) flash HPM: High performance mode of this flash model hasn't been supported.[0m
[0;32mI (472) MSPI Timing: Flash timing tuning index: 2[0m
[0;32mI (477) octal_psram: vendor id    : 0x0d (AP)[0m
[0;32mI (480) octal_psram: dev id       : 0x02 (generation 3)[0m
[0;32mI (485) octal_psram: density      : 0x03 (64 Mbit)[0m
[0;32mI (490) octal_psram: good-die     : 0x01 (Pass)[0m
[0;32mI (494) octal_psram: Latency      : 0x01 (Fixed)[0m
[0;32mI (499) octal_psram: VCC          : 0x01 (3V)[0m
[0;32mI (503) octal_psram: SRF          : 0x01 (Fast Refresh)[0m
[0;32mI (508) octal_psram: BurstType    : 0x01 (Hybrid Wrap)[0m
[0;32mI (512) octal_psram: BurstLen     : 0x01 (32 Byte)[0m
[0;32mI (517) octal_psram: Readlatency  : 0x02 (10 cycles@Fixed)[0m
[0;32mI (522) octal_psram: DriveStrength: 0x00 (1/1)[0m
[0;32mI (534) MSPI Timing: PSRAM timing tuning index: 2[0m
[0;32mI (534) esp_psram: Found 8MB PSRAM device[0m
[0;32mI (535) esp_psram: Speed: 120MHz[0m
[0;32mI (572) mmu_psram: Read only data copied and mapped to SPIRAM[0m
[0;32mI (635) mmu_psram: Instructions copied and mapped to SPIRAM[0m
[0;32mI (635) cpu_start: Multicore app[0m
[0;32mI (789) esp_psram: SPI SRAM memory test OK[0m
[0;32mI (797) cpu_start: Pro cpu start user code[0m
[0;32mI (797) cpu_start: cpu freq: 240000000 Hz[0m
[0;32mI (797) app_init: Application information:[0m
[0;32mI (797) app_init: Project name:     16_LVGL_UI[0m
[0;32mI (801) app_init: App version:      5ab1eb2-dirty[0m
[0;32mI (806) app_init: Compile time:     Sep 29 2025 14:58:02[0m
[0;32mI (811) app_init: ELF file SHA256:  87d707cc9...[0m
[0;32mI (815) app_init: ESP-IDF:          v5.5-dirty[0m
[0;32mI (819) efuse_init: Min chip rev:     v0.0[0m
[0;32mI (823) efuse_init: Max chip rev:     v0.99 [0m
[0;32mI (827) efuse_init: Chip rev:         v0.2[0m
[0;32mI (831) heap_init: Initializing. RAM available for dynamic allocation:[0m
[0;32mI (837) heap_init: At 3FCB65E8 len 00033128 (204 KiB): RAM[0m
[0;32mI (842) heap_init: At 3FCE9710 len 00005724 (21 KiB): RAM[0m
[0;32mI (848) heap_init: At 3FCF0000 len 00008000 (32 KiB): DRAM[0m
[0;32mI (853) heap_init: At 600FE020 len 00001FC8 (7 KiB): RTCRAM[0m
[0;32mI (858) esp_psram: Adding pool of 6144K of PSRAM memory to heap allocator[0m
[0;32mI (865) esp_psram: Adding pool of 0K of PSRAM memory gap generated due to end address alignment of drom to the heap allocator[0m
[0;32mI (876) spi_flash: detected chip: generic[0m
[0;32mI (879) spi_flash: flash io: qio[0m
[0;32mI (882) sleep_gpio: Configure to isolate all GPIO pins in sleep state[0m
[0;32mI (889) sleep_gpio: Enable automatic switching of GPIO sleep configuration[0m
[0;32mI (895) coexist: coex firmware version: 831ec70[0m
[0;32mI (908) coexist: coexist rom version e7ae62f[0m
[0;32mI (909) main_task: Started on CPU0[0m
[0;32mI (910) esp_psram: Reserving pool of 32K of internal memory for DMA/internal allocations[0m
[0;32mI (915) main_task: Calling app_main()[0m
[0;33mW (926) i2c.master: Please check pull-up resistances whether be connected properly. Otherwise unexpected behavior would happen. For more detailed information, please read docs[0m
[0;32mI (1334) GT911: Initialize I2C panel IO[0m
[0;32mI (1334) GT911: Initialize touch controller GT911[0m
[0;33mW (1334) GT911: Unable to initialize the I2C address[0m
[0;32mI (1336) GT911: TouchPad_ID:0x39,0x31,0x31[0m
[0;32mI (1339) GT911: TouchPad_Config_Version:91[0m
[0;32mI (1343) example: Install RGB LCD panel driver[0m
[0;32mI (1383) example: Initialize RGB LCD panel[0m
[0;32mI (1385) lv_port: Create LVGL task[0m
[0;32mI (1412) main: Display LVGL demos[0m
Guru Meditation Error: Core  0 panic'ed (LoadProhibited). Exception was unhandled.

Core  0 register dump:
PC      : 0x4207a2d3  PS      : 0x00060830  A0      : 0x820774d9  A1      : 0x3fcb9df0  
A2      : 0x00000000  A3      : 0x00000000  A4      : 0x00000000  A5      : 0x00000000  
A6      : 0x3c1edc54  A7      : 0x00000000  A8      : 0x8207eefe  A9      : 0x3fcb9de0  
A10     : 0x3fccf6cc  A11     : 0x00000008  A12     : 0x00000000  A13     : 0x00000000  
A14     : 0x000027d1  A15     : 0x3fccf6cc  SAR     : 0x00000020  EXCCAUSE: 0x0000001c  
EXCVADDR: 0x00000008  LBEG    : 0x4207f035  LEND    : 0x4207f03c  LCOUNT  : 0x00000009  


Backtrace: 0x4207a2d0:0x3fcb9df0 0x420774d6:0x3fcb9e20 0x4200e5ac:0x3fcb9e50 0x4200cb85:0x3fcb9e70 0x4200c612:0x3fcb9e90 0x4212921f:0x3fcb9ec0




ELF file SHA256: 87d707cc9

Rebooting...
ESP-ROM:esp32s3-20210327
Build:Mar 27 2021
rst:0xc (RTC_SW_CPU_RST),boot:0x28 (SPI_FAST_FLASH_BOOT)
Saved PC:0x40376088
SPIWP:0xee
mode:DIO, clock div:1
load:0x3fce2820,len:0x1710
load:0x403c8700,len:0xec0
load:0x403cb700,len:0x31d4
entry 0x403c894c
[0;32mI (29) boot: ESP-IDF v5.5-dirty 2nd stage bootloader[0m
[0;32mI (29) boot: compile time Sep 26 2025 21:34:30[0m
[0;32mI (29) boot: Multicore bootloader[0m
[0;32mI (30) boot: chip revision: v0.2[0m
[0;32mI (33) boot: efuse block revision: v1.3[0m
[0;32mI (36) qio_mode: Enabling default flash chip QIO[0m
[0;32mI (40) boot.esp32s3: Boot SPI Speed : 80MHz[0m
[0;32mI (44) boot.esp32s3: SPI Mode       : QIO[0m
[0;32mI (48) boot.esp32s3: SPI Flash Size : 16MB[0m
[0;32mI (52) boot: Enabling RNG early entropy source...[0m
[0;32mI (56) boot: Partition Table:[0m
[0;32mI (59) boot: ## Label            Usage          Type ST Offset   Length[0m
[0;32mI (65) boot:  0 nvs              WiFi data        01 02 00009000 00006000[0m
[0;32mI (72) boot:  1 phy_init         RF data          01 01 0000f000 00001000[0m
[0;32mI (78) boot:  2 factory          factory app      00 00 00010000 00800000[0m
[0;32mI (85) boot: End of partition table[0m
[0;32mI (88) esp_image: segment 0: paddr=00010020 vaddr=3c130020 size=cfd0ch (851212) map[0m
[0;32mI (222) esp_image: segment 1: paddr=000dfd34 vaddr=3fca6300 size=002e4h (   740) load[0m
[0;32mI (222) esp_image: segment 2: paddr=000e0020 vaddr=42000020 size=129f48h (1220424) map[0m
[0;32mI (407) esp_image: segment 3: paddr=00209f70 vaddr=3fca65e4 size=05cb0h ( 23728) load[0m
[0;32mI (411) esp_image: segment 4: paddr=0020fc28 vaddr=40374000 size=2224ch (139852) load[0m
[0;32mI (438) esp_image: segment 5: paddr=00231e7c vaddr=600fe000 size=00020h (    32) load[0m
[0;32mI (451) boot: Loaded app from partition at offset 0x10000[0m
[0;32mI (452) boot: Disabling RNG early entropy source...[0m
[0;33mW (462) flash HPM: HPM mode is optional feature that depends on flash model. Read Docs First![0m
[0;33mW (462) flash HPM: HPM mode with DC adjustment is disabled. Some flash models may not be supported. Read Docs First![0m
[0;33mW (469) flash HPM: High performance mode of this flash model hasn't been supported.[0m
[0;32mI (477) MSPI Timing: Flash timing tuning index: 2[0m
[0;32mI (481) octal_psram: vendor id    : 0x0d (AP)[0m
[0;32mI (485) octal_psram: dev id       : 0x02 (generation 3)[0m
[0;32mI (490) octal_psram: density      : 0x03 (64 Mbit)[0m
[0;32mI (494) octal_psram: good-die     : 0x01 (Pass)[0m
[0;32mI (498) octal_psram: Latency      : 0x01 (Fixed)[0m
[0;32mI (503) octal_psram: VCC          : 0x01 (3V)[0m
[0;32mI (507) octal_psram: SRF          : 0x01 (Fast Refresh)[0m
[0;32mI (512) octal_psram: BurstType    : 0x01 (Hybrid Wrap)[0m
[0;32mI (517) octal_psram: BurstLen     : 0x01 (32 Byte)[0m
[0;32mI (521) octal_psram: Readlatency  : 0x02 (10 cycles@Fixed)[0m
[0;32mI (526) octal_psram: DriveStrength: 0x00 (1/1)[0m
[0;32mI (538) MSPI Timing: PSRAM timing tuning index: 2[0m
[0;32mI (539) esp_psram: Found 8MB PSRAM device[0m
[0;32mI (539) esp_psram: Speed: 120MHz[0m
[0;32mI (576) mmu_psram: Read only data copied and mapped to SPIRAM[0m
[0;32mI (639) mmu_psram: Instructions copied and mapped to SPIRAM[0m
[0;32mI (639) cpu_start: Multicore app[0m
[0;32mI (793) esp_psram: SPI SRAM memory test OK[0m
[0;32mI (801) cpu_start: Pro cpu start user code[0m
[0;32mI (801) cpu_start: cpu freq: 240000000 Hz[0m
[0;32mI (801) app_init: Application information:[0m
[0;32mI (801) app_init: Project name:     16_LVGL_UI[0m
[0;32mI (806) app_init: App version:      5ab1eb2-dirty[0m
[0;32mI (810) app_init: Compile time:     Sep 29 2025 14:58:02[0m
[0;32mI (815) app_init: ELF file SHA256:  87d707cc9...[0m
[0;32mI (819) app_init: ESP-IDF:          v5.5-dirty[0m
[0;32mI (824) efuse_init: Min chip rev:     v0.0[0m
[0;32mI (827) efuse_init: Max chip rev:     v0.99 [0m
[0;32mI (831) efuse_init: Chip rev:         v0.2[0m
[0;32mI (835) heap_init: Initializing. RAM available for dynamic allocation:[0m
[0;32mI (841) heap_init: At 3FCB65E8 len 00033128 (204 KiB): RAM[0m
[0;32mI (847) heap_init: At 3FCE9710 len 00005724 (21 KiB): RAM[0m
[0;32mI (852) heap_init: At 3FCF0000 len 00008000 (32 KiB): DRAM[0m
[0;32mI (857) heap_init: At 600FE020 len 00001FC8 (7 KiB): RTCRAM[0m
[0;32mI (862) esp_psram: Adding pool of 6144K of PSRAM memory to heap allocator[0m
[0;32mI (869) esp_psram: Adding pool of 0K of PSRAM memory gap generated due to end address alignment of drom to the heap allocator[0m
[0;32mI (880) spi_flash: detected chip: generic[0m
[0;32mI (884) spi_flash: flash io: qio[0m
[0;32mI (887) sleep_gpio: Configure to isolate all GPIO pins in sleep state[0m
[0;32mI (893) sleep_gpio: Enable automatic switching of GPIO sleep configuration[0m
[0;32mI (899) coexist: coex firmware version: 831ec70[0m
[0;32mI (912) coexist: coexist rom version e7ae62f[0m
[0;32mI (913) main_task: Started on CPU0[0m
[0;32mI (914) esp_psram: Reserving pool of 32K of internal memory for DMA/internal allocations[0m
[0;32mI (919) main_task: Calling app_main()[0m
[0;33mW (930) i2c.master: Please check pull-up resistances whether be connected properly. Otherwise unexpected behavior would happen. For more detailed information, please read docs[0m
[0;32mI (1338) GT911: Initialize I2C panel IO[0m
[0;32mI (1338) GT911: Initialize touch controller GT911[0m
[0;33mW (1338) GT911: Unable to initialize the I2C address[0m
[0;32mI (1340) GT911: TouchPad_ID:0x39,0x31,0x31[0m
[0;32mI (1343) GT911: TouchPad_Config_Version:91[0m
[0;32mI (1347) example: Install RGB LCD panel driver[0m
[0;32mI (1387) example: Initialize RGB LCD panel[0m
[0;32mI (1389) lv_port: Create LVGL task[0m
[0;32mI (1416) main: Display LVGL demos[0m
Guru Meditation Error: Core  0 panic'ed (LoadProhibited). Exception was unhandled.

Core  0 register dump:
PC      : 0x4207a2d3  PS      : 0x00060830  A0      : 0x820774d9  A1      : 0x3fcb9df0  
A2      : 0x00000000  A3      : 0x00000000  A4      : 0x00000000  A5      : 0x00000000  
A6      : 0x3c1edc54  A7      : 0x00000000  A8      : 0x8207eefe  A9      : 0x3fcb9de0  
A10     : 0x3fccf6cc  A11     : 0x00000008  A12     : 0x00000000  A13     : 0x00000000  
A14     : 0x000027d1  A15     : 0x3fccf6cc  SAR     : 0x00000020  EXCCAUSE: 0x0000001c  
EXCVADDR: 0x00000008  LBEG    : 0x4207f035  LEND    : 0x4207f03c  LCOUNT  : 0x00000009  


Backtrace: 0x4207a2d0:0x3fcb9df0 0x420774d6:0x3fcb9e20 0x4200e5ac:0x3fcb9e50 0x4200cb85:0x3fcb9e70 0x4200c612:0x3fcb9e90 0x4212921f:0x3fcb9ec0




ELF file SHA256: 87d707cc9

Rebooting...
ESP-ROM:esp32s3-20210327
Build:Mar 27 2021
rst:0xc (RTC_SW_CPU_RST),boot:0x28 (SPI_FAST_FLASH_BOOT)
Saved PC:0x40376088
SPIWP:0xee
mode:DIO, clock div:1
load:0x3fce2820,len:0x1710
load:0x403c8700,len:0xec0
load:0x403cb700,len:0x31d4
entry 0x403c894c
[0;32mI (29) boot: ESP-IDF v5.5-dirty 2nd stage bootloader[0m
[0;32mI (29) boot: compile time Sep 26 2025 21:34:30[0m
[0;32mI (29) boot: Multicore bootloader[0m
[0;32mI (30) boot: chip revision: v0.2[0m
[0;32mI (33) boot: efuse block revision: v1.3[0m
[0;32mI (36) qio_mode: Enabling default flash chip QIO[0m
[0;32mI (40) boot.esp32s3: Boot SPI Speed : 80MHz[0m
[0;32mI (44) boot.esp32s3: SPI Mode       : QIO[0m
[0;32mI (48) boot.esp32s3: SPI Flash Size : 16MB[0m
[0;32mI (52) boot: Enabling RNG early entropy source...[0m
[0;32mI (56) boot: Partition Table:[0m
[0;32mI (59) boot: ## Label            Usage          Type ST Offset   Length[0m
[0;32mI (65) boot:  0 nvs              WiFi data        01 02 00009000 00006000[0m
[0;32mI (72) boot:  1 phy_init         RF data          01 01 0000f000 00001000[0m
[0;32mI (78) boot:  2 factory          factory app      00 00 00010000 00800000[0m
[0;32mI (85) boot: End of partition table[0m
[0;32mI (88) esp_image: segment 0: paddr=00010020 vaddr=3c130020 size=cfd0ch (851212) map[0m
[0;32mI (222) esp_image: segment 1: paddr=000dfd34 vaddr=3fca6300 size=002e4h (   740) load[0m
[0;32mI (222) esp_image: segment 2: paddr=000e0020 vaddr=42000020 size=129f48h (1220424) map[0m
[0;32mI (407) esp_image: segment 3: paddr=00209f70 vaddr=3fca65e4 size=05cb0h ( 23728) load[0m
[0;32mI (411) esp_image: segment 4: paddr=0020fc28 vaddr=40374000 size=2224ch (139852) load[0m
[0;32mI (438) esp_image: segment 5: paddr=00231e7c vaddr=600fe000 size=00020h (    32) load[0m
[0;32mI (451) boot: Loaded app from partition at offset 0x10000[0m
[0;32mI (452) boot: Disabling RNG early entropy source...[0m
[0;33mW (462) flash HPM: HPM mode is optional feature that depends on flash model. Read Docs First![0m
[0;33mW (462) flash HPM: HPM mode with DC adjustment is disabled. Some flash models may not be supported. Read Docs First![0m
[0;33mW (469) flash HPM: High performance mode of this flash model hasn't been supported.[0m
[0;32mI (477) MSPI Timing: Flash timing tuning index: 2[0m
[0;32mI (481) octal_psram: vendor id    : 0x0d (AP)[0m
[0;32mI (485) octal_psram: dev id       : 0x02 (generation 3)[0m
[0;32mI (490) octal_psram: density      : 0x03 (64 Mbit)[0m
[0;32mI (494) octal_psram: good-die     : 0x01 (Pass)[0m
[0;32mI (498) octal_psram: Latency      : 0x01 (Fixed)[0m
[0;32mI (503) octal_psram: VCC          : 0x01 (3V)[0m
[0;32mI (507) octal_psram: SRF          : 0x01 (Fast Refresh)[0m
[0;32mI (512) octal_psram: BurstType    : 0x01 (Hybrid Wrap)[0m
[0;32mI (517) octal_psram: BurstLen     : 0x01 (32 Byte)[0m
[0;32mI (521) octal_psram: Readlatency  : 0x02 (10 cycles@Fixed)[0m
[0;32mI (526) octal_psram: DriveStrength: 0x00 (1/1)[0m
[0;32mI (538) MSPI Timing: PSRAM timing tuning index: 2[0m
[0;32mI (538) esp_psram: Found 8MB PSRAM device[0m
[0;32mI (539) esp_psram: Speed: 120MHz[0m
[0;32mI (576) mmu_psram: Read only data copied and mapped to SPIRAM[0m
[0;32mI (639) mmu_psram: Instructions copied and mapped to SPIRAM[0m
[0;32mI (639) cpu_start: Multicore app[0m
[0;32mI (793) esp_psram: SPI SRAM memory test OK[0m
[0;32mI (801) cpu_start: Pro cpu start user code[0m
[0;32mI (801) cpu_start: cpu freq: 240000000 Hz[0m
[0;32mI (801) app_init: Application information:[0m
[0;32mI (801) app_init: Project name:     16_LVGL_UI[0m
[0;32mI (806) app_init: App version:      5ab1eb2-dirty[0m
[0;32mI (810) app_init: Compile time:     Sep 29 2025 14:58:02[0m
[0;32mI (815) app_init: ELF file SHA256:  87d707cc9...[0m
[0;32mI (819) app_init: ESP-IDF:          v5.5-dirty[0m
[0;32mI (824) efuse_init: Min chip rev:     v0.0[0m
[0;32mI (827) efuse_init: Max chip rev:     v0.99 [0m
[0;32mI (831) efuse_init: Chip rev:         v0.2[0m
[0;32mI (835) heap_init: Initializing. RAM available for dynamic allocation:[0m
[0;32mI (841) heap_init: At 3FCB65E8 len 00033128 (204 KiB): RAM[0m
[0;32mI (847) heap_init: At 3FCE9710 len 00005724 (21 KiB): RAM[0m
[0;32mI (852) heap_init: At 3FCF0000 len 00008000 (32 KiB): DRAM[0m
[0;32mI (857) heap_init: At 600FE020 len 00001FC8 (7 KiB): RTCRAM[0m
[0;32mI (862) esp_psram: Adding pool of 6144K of PSRAM memory to heap allocator[0m
[0;32mI (869) esp_psram: Adding pool of 0K of PSRAM memory gap generated due to end address alignment of drom to the heap allocator[0m
[0;32mI (880) spi_flash: detected chip: generic[0m
[0;32mI (883) spi_flash: flash io: qio[0m
[0;32mI (887) sleep_gpio: Configure to isolate all GPIO pins in sleep state[0m
[0;32mI (893) sleep_gpio: Enable automatic switching of GPIO sleep configuration[0m
[0;32mI (899) coexist: coex firmware version: 831ec70[0m
[0;32mI (912) coexist: coexist rom version e7ae62f[0m
[0;32mI (913) main_task: Started on CPU0[0m
[0;32mI (914) esp_psram: Reserving pool of 32K of internal memory for DMA/internal allocations[0m
[0;32mI (919) main_task: Calling app_main()[0m
[0;33mW (930) i2c.master: Please check pull-up resistances whether be connected properly. Otherwise unexpected behavior would happen. For more detailed information, please read docs[0m
[0;32mI (1338) GT911: Initialize I2C panel IO[0m
[0;32mI (1338) GT911: Initialize touch controller GT911[0m
[0;33mW (1338) GT911: Unable to initialize the I2C address[0m
[0;32mI (1340) GT911: TouchPad_ID:0x39,0x31,0x31[0m
[0;32mI (1343) GT911: TouchPad_Config_Version:91[0m
[0;32mI (1347) example: Install RGB LCD panel driver[0m
[0;32mI (1387) example: Initialize RGB LCD panel[0m
[0;32mI (1389) lv_port: Create LVGL task[0m
[0;32mI (1416) main: Display LVGL demos[0m
Guru Meditation Error: Core  0 panic'ed (LoadProhibited). Exception was unhandled.

Core  0 register dump:
PC      : 0x4207a2d3  PS      : 0x00060830  A0      : 0x820774d9  A1      : 0x3fcb9df0  
A2      : 0x00000000  A3      : 0x00000000  A4      : 0x00000000  A5      : 0x00000000  
A6      : 0x3c1edc54  A7      : 0x00000000  A8      : 0x8207eefe  A9      : 0x3fcb9de0  
A10     : 0x3fccf6cc  A11     : 0x00000008  A12     : 0x00000000  A13     : 0x00000000  
A14     : 0x000027d1  A15     : 0x3fccf6cc  SAR     : 0x00000020  EXCCAUSE: 0x0000001c  
EXCVADDR: 0x00000008  LBEG    : 0x4207f035  LEND    : 0x4207f03c  LCOUNT  : 0x00000009  


Backtrace: 0x4207a2d0:0x3fcb9df0 0x420774d6:0x3fcb9e20 0x4200e5ac:0x3fcb9e50 0x4200cb85:0x3fcb9e70 0x4200c612:0x3fcb9e90 0x4212921f:0x3fcb9ec0




ELF file SHA256: 87d707cc9

Rebooting...
ESP-ROM:esp32s3-20210327
Build:Mar 27 2021
rst:0xc (RTC_SW_CPU_RST),boot:0x28 (SPI_FAST_FLASH_BOOT)
Saved PC:0x40376088
SPIWP:0xee
mode:DIO, clock div:1
load:0x3fce2820,len:0x1710
load:0x403c8700,len:0xec0
load:0x403cb700,len:0x31d4
entry 0x403c894c
[0;32mI (29) boot: ESP-IDF v5.5-dirty 2nd stage bootloader[0m
[0;32mI (29) boot: compile time Sep 26 2025 21:34:30[0m
[0;32mI (29) boot: Multicore bootloader[0m
[0;32mI (30) boot: chip revision: v0.2[0m
[0;32mI (33) boot: efuse block revision: v1.3[0m
[0;32mI (36) qio_mode: Enabling default flash chip QIO[0m
[0;32mI (40) boot.esp32s3: Boot SPI Speed : 80MHz[0m
[0;32mI (44) boot.esp32s3: SPI Mode       : QIO[0m
[0;32mI (48) boot.esp32s3: SPI Flash Size : 16MB[0m
[0;32mI (52) boot: Enabling RNG early entropy source...[0m
[0;32mI (56) boot: Partition Table:[0m
[0;32mI (59) boot: ## Label            Usage          Type ST Offset   Length[0m
[0;32mI (65) boot:  0 nvs              WiFi data        01 02 00009000 00006000[0m
[0;32mI (72) boot:  1 phy_init         RF data          01 01 0000f000 00001000[0m
[0;32mI (78) boot:  2 factory          factory app      00 00 00010000 00800000[0m
[0;32mI (85) boot: End of partition table[0m
[0;32mI (88) esp_image: segment 0: paddr=00010020 vaddr=3c130020 size=cfd0ch (851212) map[0m
[0;32mI (222) esp_image: segment 1: paddr=000dfd34 vaddr=3fca6300 size=002e4h (   740) load[0m
[0;32mI (222) esp_image: segment 2: paddr=000e0020 vaddr=42000020 size=129f48h (1220424) map[0m
[0;32mI (407) esp_image: segment 3: paddr=00209f70 vaddr=3fca65e4 size=05cb0h ( 23728) load[0m
[0;32mI (411) esp_image: segment 4: paddr=0020fc28 vaddr=40374000 size=2224ch (139852) load[0m
[0;32mI (438) esp_image: segment 5: paddr=00231e7c vaddr=600fe000 size=00020h (    32) load[0m
[0;32mI (451) boot: Loaded app from partition at offset 0x10000[0m
[0;32mI (452) boot: Disabling RNG early entropy source...[0m
[0;33mW (462) flash HPM: HPM mode is optional feature that depends on flash model. Read Docs First![0m
[0;33mW (462) flash HPM: HPM mode with DC adjustment is disabled. Some flash models may not be supported. Read Docs First![0m
[0;33mW (469) flash HPM: High performance mode of this flash model hasn't been supported.[0m
[0;32mI (477) MSPI Timing: Flash timing tuning index: 2[0m
[0;32mI (481) octal_psram: vendor id    : 0x0d (AP)[0m
[0;32mI (485) octal_psram: dev id       : 0x02 (generation 3)[0m
[0;32mI (490) octal_psram: density      : 0x03 (64 Mbit)[0m
[0;32mI (494) octal_psram: good-die     : 0x01 (Pass)[0m
[0;32mI (498) octal_psram: Latency      : 0x01 (Fixed)[0m
[0;32mI (503) octal_psram: VCC          : 0x01 (3V)[0m
[0;32mI (507) octal_psram: SRF          : 0x01 (Fast Refresh)[0m
[0;32mI (512) octal_psram: BurstType    : 0x01 (Hybrid Wrap)[0m
[0;32mI (517) octal_psram: BurstLen     : 0x01 (32 Byte)[0m
[0;32mI (521) octal_psram: Readlatency  : 0x02 (10 cycles@Fixed)[0m
[0;32mI (526) octal_psram: DriveStrength: 0x00 (1/1)[0m
[0;32mI (538) MSPI Timing: PSRAM timing tuning index: 2[0m
[0;32mI (539) esp_psram: Found 8MB PSRAM device[0m
[0;32mI (539) esp_psram: Speed: 120MHz[0m
[0;32mI (576) mmu_psram: Read only data copied and mapped to SPIRAM[0m
[0;32mI (639) mmu_psram: Instructions copied and mapped to SPIRAM[0m
[0;32mI (639) cpu_start: Multicore app[0m
