Command: D:\ESP32_IDF\Espressif\python_env\idf5.5_py3.11_env\Scripts\python.exe D:\ESP32_IDF\Espressif\frameworks\esp-idf-v5.5\tools/idf_monitor.py -p COM7 -b 115200 --toolchain-prefix xtensa-esp32s3-elf- --target esp32s3 --revision 0 D:\ESP32\ESP32S3_LCD 7B_DEMO_3\ESP32-S3-Touch-LCD-7B-Demo\ESP32-S3-Touch-LCD-7B-Demo\ESP-IDF\16_LVGL_UI 2\build\16_LVGL_UI.elf D:\ESP32\ESP32S3_LCD 7B_DEMO_3\ESP32-S3-Touch-LCD-7B-Demo\ESP32-S3-Touch-LCD-7B-Demo\ESP-IDF\16_LVGL_UI 2\build\bootloader\bootloader.elf --force-color -m 'D:\ESP32_IDF\Espressif\python_env\idf5.5_py3.11_env\Scripts\python.exe' 'D:\ESP32_IDF\Espressif\frameworks\esp-idf-v5.5\tools\idf.py' '-p' 'COM7'
ESP-ROM:esp32s3-20210327
Build:Mar 27 2021
rst:0x1 (POWERON),boot:0x28 (SPI_FAST_FLASH_BOOT)
SPIWP:0xee
mode:DIO, clock div:1
load:0x3fce2820,len:0x1710
load:0x403c8700,len:0xec0
load:0x403cb700,len:0x31d4
entry 0x403c894c
[0;32mI (25) boot: ESP-IDF v5.5-dirty 2nd stage bootloader[0m
[0;32mI (25) boot: compile time Oct 10 2025 10:23:37[0m
[0;32mI (25) boot: Multicore bootloader[0m
[0;32mI (26) boot: chip revision: v0.2[0m
[0;32mI (28) boot: efuse block revision: v1.3[0m
[0;32mI (32) qio_mode: Enabling default flash chip QIO[0m
[0;32mI (36) boot.esp32s3: Boot SPI Speed : 80MHz[0m
[0;32mI (40) boot.esp32s3: SPI Mode       : QIO[0m
[0;32mI (44) boot.esp32s3: SPI Flash Size : 16MB[0m
[0;32mI (48) boot: Enabling RNG early entropy source...[0m
[0;32mI (52) boot: Partition Table:[0m
[0;32mI (55) boot: ## Label            Usage          Type ST Offset   Length[0m
[0;32mI (61) boot:  0 nvs              WiFi data        01 02 00009000 00006000[0m
[0;32mI (68) boot:  1 phy_init         RF data          01 01 0000f000 00001000[0m
[0;32mI (74) boot:  2 factory          factory app      00 00 00010000 00800000[0m
[0;32mI (81) boot: End of partition table[0m
[0;32mI (84) esp_image: segment 0: paddr=00010020 vaddr=3c0c0020 size=1027dch (1058780) map[0m
[0;32mI (249) esp_image: segment 1: paddr=00112804 vaddr=3fc9c800 size=05770h ( 22384) load[0m
[0;32mI (253) esp_image: segment 2: paddr=00117f7c vaddr=40374000 size=0809ch ( 32924) load[0m
[0;32mI (259) esp_image: segment 3: paddr=00120020 vaddr=42000020 size=b7314h (750356) map[0m
[0;32mI (371) esp_image: segment 4: paddr=001d733c vaddr=4037c09c size=106d0h ( 67280) load[0m
[0;32mI (384) esp_image: segment 5: paddr=001e7a14 vaddr=600fe000 size=00020h (    32) load[0m
[0;32mI (394) boot: Loaded app from partition at offset 0x10000[0m
[0;32mI (395) boot: Disabling RNG early entropy source...[0m
[0;33mW (405) flash HPM: HPM mode is optional feature that depends on flash model. Read Docs First![0m
[0;33mW (405) flash HPM: HPM mode with DC adjustment is disabled. Some flash models may not be supported. Read Docs First![0m
[0;33mW (412) flash HPM: High performance mode of this flash model hasn't been supported.[0m
[0;32mI (420) MSPI Timing: Flash timing tuning index: 2[0m
[0;32mI (424) octal_psram: vendor id    : 0x0d (AP)[0m
[0;32mI (428) octal_psram: dev id       : 0x02 (generation 3)[0m
[0;32mI (433) octal_psram: density      : 0x03 (64 Mbit)[0m
[0;32mI (437) octal_psram: good-die     : 0x01 (Pass)[0m
[0;32mI (442) octal_psram: Latency      : 0x01 (Fixed)[0m
[0;32mI (446) octal_psram: VCC          : 0x01 (3V)[0m
[0;32mI (450) octal_psram: SRF          : 0x01 (Fast Refresh)[0m
[0;32mI (455) octal_psram: BurstType    : 0x01 (Hybrid Wrap)[0m
[0;32mI (460) octal_psram: BurstLen     : 0x01 (32 Byte)[0m
[0;32mI (464) octal_psram: Readlatency  : 0x02 (10 cycles@Fixed)[0m
[0;32mI (469) octal_psram: DriveStrength: 0x00 (1/1)[0m
[0;32mI (481) MSPI Timing: PSRAM timing tuning index: 2[0m
[0;32mI (481) esp_psram: Found 8MB PSRAM device[0m
[0;32mI (482) esp_psram: Speed: 120MHz[0m
[0;32mI (529) mmu_psram: Read only data copied and mapped to SPIRAM[0m
[0;32mI (569) mmu_psram: Instructions copied and mapped to SPIRAM[0m
[0;32mI (569) cpu_start: Multicore app[0m
[0;32mI (728) esp_psram: SPI SRAM memory test OK[0m
[0;32mI (736) cpu_start: Pro cpu start user code[0m
[0;32mI (736) cpu_start: cpu freq: 240000000 Hz[0m
[0;32mI (736) app_init: Application information:[0m
[0;32mI (737) app_init: Project name:     16_LVGL_UI[0m
[0;32mI (741) app_init: App version:      b442d3f-dirty[0m
[0;32mI (745) app_init: Compile time:     Oct 18 2025 09:19:37[0m
[0;32mI (750) app_init: ELF file SHA256:  b353d6a75...[0m
[0;32mI (754) app_init: ESP-IDF:          v5.5-dirty[0m
[0;32mI (759) efuse_init: Min chip rev:     v0.0[0m
[0;32mI (762) efuse_init: Max chip rev:     v0.99 [0m
[0;32mI (766) efuse_init: Chip rev:         v0.2[0m
[0;32mI (770) heap_init: Initializing. RAM available for dynamic allocation:[0m
[0;32mI (777) heap_init: At 3FCB2B78 len 00036B98 (218 KiB): RAM[0m
[0;32mI (782) heap_init: At 3FCE9710 len 00005724 (21 KiB): RAM[0m
[0;32mI (787) heap_init: At 3FCF0000 len 00008000 (32 KiB): DRAM[0m
[0;32mI (792) heap_init: At 600FE020 len 00001FC8 (7 KiB): RTCRAM[0m
[0;32mI (797) esp_psram: Adding pool of 6336K of PSRAM memory to heap allocator[0m
[0;32mI (804) esp_psram: Adding pool of 54K of PSRAM memory gap generated due to end address alignment of drom to the heap allocator[0m
[0;32mI (815) spi_flash: detected chip: generic[0m
[0;32mI (819) spi_flash: flash io: qio[0m
[0;32mI (822) sleep_gpio: Configure to isolate all GPIO pins in sleep state[0m
[0;32mI (828) sleep_gpio: Enable automatic switching of GPIO sleep configuration[0m
[0;32mI (835) coexist: coex firmware version: 831ec70[0m
[0;32mI (847) coexist: coexist rom version e7ae62f[0m
[0;32mI (848) main_task: Started on CPU0[0m
[0;32mI (849) esp_psram: Reserving pool of 32K of internal memory for DMA/internal allocations[0m
[0;32mI (854) main_task: Calling app_main()[0m
[0;32mI (865) MAIN: âœ“ NVS OK[0m
[0;33mW (866) i2c.master: Please check pull-up resistances whether be connected properly. Otherwise unexpected behavior would happen. For more detailed information, please read docs[0m
[0;32mI (1275) GT911: Initialize I2C panel IO[0m
[0;32mI (1275) GT911: Initialize touch controller GT911[0m
[0;33mW (1275) GT911: Unable to initialize the I2C address[0m
[0;32mI (1277) GT911: TouchPad_ID:0x39,0x31,0x31[0m
[0;32mI (1280) GT911: TouchPad_Config_Version:91[0m
[0;32mI (1284) MAIN: âœ“ Touch OK[0m
[0;32mI (1286) example: Install RGB LCD panel driver[0m
[0;32mI (1326) example: Initialize RGB LCD panel[0m
[0;32mI (1327) MAIN: âœ“ LCD OK[0m
[0;32mI (1328) lv_port: Create LVGL task[0m
[0;32mI (1355) MAIN: âœ“ LVGL OK[0m
[0;32mI (1355) MAIN: âœ“ Queue OK[0m
[0;32mI (1357) MAIN: âœ“ UI OK[0m
[0;32mI (1357) MAIN: Started LVGL update task[0m
[0;32mI (1357) MAIN: âœ“ Task OK[0m
[0;32mI (1358) pp: pp rom version: e7ae62f[0m
[0;32mI (1361) net80211: net80211 rom version: e7ae62f[0m
[0;32mI (1365) main_task: Returned from app_main()[0m
[0;32mI (1366) wifi:wifi driver task: 3fcce89c, prio:23, stack:6656, core=0[0m
[0;32mI (1386) wifi:wifi firmware version: f3dbad7[0m
[0;32mI (1386) wifi:wifi certification version: v7.0[0m
[0;32mI (1386) wifi:config NVS flash: enabled[0m
[0;32mI (1387) wifi:config nano formatting: disabled[0m
[0;32mI (1391) wifi:Init data frame dynamic rx buffer num: 32[0m
[0;32mI (1397) wifi:Init static rx mgmt buffer num: 5[0m
[0;32mI (1400) wifi:Init management short buffer num: 32[0m
[0;32mI (1405) wifi:Init static tx buffer num: 16[0m
[0;32mI (1410) wifi:Init tx cache buffer num: 32[0m
[0;32mI (1413) wifi:Init static tx FG buffer num: 2[0m
[0;32mI (1417) wifi:Init static rx buffer size: 1600[0m
[0;32mI (1421) wifi:Init static rx buffer num: 16[0m
[0;32mI (1425) wifi:Init dynamic rx buffer num: 32[0m
[0;32mI (1429) wifi_init: rx ba win: 16[0m
[0;32mI (1432) wifi_init: accept mbox: 6[0m
[0;32mI (1435) wifi_init: tcpip mbox: 32[0m
[0;32mI (1438) wifi_init: udp mbox: 6[0m
[0;32mI (1441) wifi_init: tcp mbox: 6[0m
[0;32mI (1444) wifi_init: tcp tx win: 5760[0m
[0;32mI (1447) wifi_init: tcp rx win: 5760[0m
[0;32mI (1450) wifi_init: tcp mss: 1440[0m
[0;32mI (1453) wifi_init: WiFi/LWIP prefer SPIRAM[0m
[0;32mI (1457) wifi_init: WiFi IRAM OP enabled[0m
[0;32mI (1461) wifi_init: WiFi RX IRAM OP enabled[0m
Wi-Fi event handler registered.
[0;32mI (1468) phy_init: phy_version 701,f4f1da3a,Mar  3 2025,15:50:10[0m
[0;32mI (1517) phy_init: Saving new calibration data due to checksum failure or outdated calibration data, mode(0)[0m
[0;32mI (1525) wifi:mode : null[0m
