Command: D:\ESP32_IDF\Espressif\python_env\idf5.5_py3.11_env\Scripts\python.exe D:\ESP32_IDF\Espressif\frameworks\esp-idf-v5.5\tools/idf_monitor.py -p COM7 -b 115200 --toolchain-prefix xtensa-esp32s3-elf- --target esp32s3 --revision 0 D:\ESP32\ESP32S3_LCD 7B_DEMO_3\ESP32-S3-Touch-LCD-7B-Demo\ESP32-S3-Touch-LCD-7B-Demo\ESP-IDF\16_LVGL_UI 2\build\16_LVGL_UI.elf D:\ESP32\ESP32S3_LCD 7B_DEMO_3\ESP32-S3-Touch-LCD-7B-Demo\ESP32-S3-Touch-LCD-7B-Demo\ESP-IDF\16_LVGL_UI 2\build\bootloader\bootloader.elf --force-color -m 'D:\ESP32_IDF\Espressif\python_env\idf5.5_py3.11_env\Scripts\python.exe' 'D:\ESP32_IDF\Espressif\frameworks\esp-idf-v5.5\tools\idf.py' '-p' 'COM7'
ESP-ROM:esp32s3-20210327
Build:Mar 27 2021
rst:0x1 (POWERON),boot:0x28 (SPI_FAST_FLASH_BOOT)
SPIWP:0xee
mode:DIO, clock div:1
load:0x3fce2820,len:0x1710
load:0x403c8700,len:0xec0
load:0x403cb700,len:0x31d4
entry 0x403c894c
[0;32mI (25) boot: ESP-IDF v5.5-dirty 2nd stage bootloader[0m
[0;32mI (25) boot: compile time Oct 10 2025 10:23:37[0m
[0;32mI (25) boot: Multicore bootloader[0m
[0;32mI (26) boot: chip revision: v0.2[0m
[0;32mI (28) boot: efuse block revision: v1.3[0m
[0;32mI (32) qio_mode: Enabling default flash chip QIO[0m
[0;32mI (36) boot.esp32s3: Boot SPI Speed : 80MHz[0m
[0;32mI (40) boot.esp32s3: SPI Mode       : QIO[0m
[0;32mI (44) boot.esp32s3: SPI Flash Size : 16MB[0m
[0;32mI (48) boot: Enabling RNG early entropy source...[0m
[0;32mI (52) boot: Partition Table:[0m
[0;32mI (55) boot: ## Label            Usage          Type ST Offset   Length[0m
[0;32mI (61) boot:  0 nvs              WiFi data        01 02 00009000 00006000[0m
[0;32mI (68) boot:  1 phy_init         RF data          01 01 0000f000 00001000[0m
[0;32mI (74) boot:  2 factory          factory app      00 00 00010000 00800000[0m
[0;32mI (81) boot: End of partition table[0m
[0;32mI (84) esp_image: segment 0: paddr=00010020 vaddr=3c0e0020 size=13bac4h (1292996) map[0m
[0;32mI (283) esp_image: segment 1: paddr=0014baec vaddr=3fc9c900 size=0452ch ( 17708) load[0m
[0;32mI (287) esp_image: segment 2: paddr=00150020 vaddr=42000020 size=d6edch (880348) map[0m
[0;32mI (418) esp_image: segment 3: paddr=00226f04 vaddr=3fca0e2c size=01264h (  4708) load[0m
[0;32mI (419) esp_image: segment 4: paddr=00228170 vaddr=40374000 size=18880h (100480) load[0m
[0;32mI (441) esp_image: segment 5: paddr=002409f8 vaddr=600fe000 size=00020h (    32) load[0m
[0;32mI (451) boot: Loaded app from partition at offset 0x10000[0m
[0;32mI (451) boot: Disabling RNG early entropy source...[0m
[0;33mW (461) flash HPM: HPM mode is optional feature that depends on flash model. Read Docs First![0m
[0;33mW (461) flash HPM: HPM mode with DC adjustment is disabled. Some flash models may not be supported. Read Docs First![0m
[0;33mW (468) flash HPM: High performance mode of this flash model hasn't been supported.[0m
[0;32mI (476) MSPI Timing: Flash timing tuning index: 2[0m
[0;32mI (480) octal_psram: vendor id    : 0x0d (AP)[0m
[0;32mI (484) octal_psram: dev id       : 0x02 (generation 3)[0m
[0;32mI (489) octal_psram: density      : 0x03 (64 Mbit)[0m
[0;32mI (494) octal_psram: good-die     : 0x01 (Pass)[0m
[0;32mI (498) octal_psram: Latency      : 0x01 (Fixed)[0m
[0;32mI (502) octal_psram: VCC          : 0x01 (3V)[0m
[0;32mI (506) octal_psram: SRF          : 0x01 (Fast Refresh)[0m
[0;32mI (511) octal_psram: BurstType    : 0x01 (Hybrid Wrap)[0m
[0;32mI (516) octal_psram: BurstLen     : 0x01 (32 Byte)[0m
[0;32mI (521) octal_psram: Readlatency  : 0x02 (10 cycles@Fixed)[0m
[0;32mI (526) octal_psram: DriveStrength: 0x00 (1/1)[0m
[0;32mI (538) MSPI Timing: PSRAM timing tuning index: 2[0m
[0;32mI (538) esp_psram: Found 8MB PSRAM device[0m
[0;32mI (538) esp_psram: Speed: 120MHz[0m
[0;32mI (593) mmu_psram: Read only data copied and mapped to SPIRAM[0m
[0;32mI (640) mmu_psram: Instructions copied and mapped to SPIRAM[0m
[0;32mI (640) cpu_start: Multicore app[0m
[0;32mI (791) esp_psram: SPI SRAM memory test OK[0m
[0;32mI (799) cpu_start: Pro cpu start user code[0m
[0;32mI (799) cpu_start: cpu freq: 240000000 Hz[0m
[0;32mI (799) app_init: Application information:[0m
[0;32mI (799) app_init: Project name:     16_LVGL_UI[0m
[0;32mI (803) app_init: App version:      94f2d6e-dirty[0m
[0;32mI (808) app_init: Compile time:     Nov  3 2025 14:27:49[0m
[0;32mI (813) app_init: ELF file SHA256:  6c8b5ce67...[0m
[0;32mI (817) app_init: ESP-IDF:          v5.5-dirty[0m
[0;32mI (821) efuse_init: Min chip rev:     v0.0[0m
[0;32mI (825) efuse_init: Max chip rev:     v0.99 [0m
[0;32mI (829) efuse_init: Chip rev:         v0.2[0m
[0;32mI (833) heap_init: Initializing. RAM available for dynamic allocation:[0m
[0;32mI (839) heap_init: At 3FCB3320 len 000363F0 (216 KiB): RAM[0m
[0;32mI (844) heap_init: At 3FCE9710 len 00005724 (21 KiB): RAM[0m
[0;32mI (850) heap_init: At 3FCF0000 len 00008000 (32 KiB): DRAM[0m
[0;32mI (855) heap_init: At 600FE020 len 00001FC8 (7 KiB): RTCRAM[0m
[0;32mI (860) esp_psram: Adding pool of 6016K of PSRAM memory to heap allocator[0m
[0;32mI (867) esp_psram: Adding pool of 17K of PSRAM memory gap generated due to end address alignment of drom to the heap allocator[0m
[0;32mI (878) spi_flash: detected chip: generic[0m
[0;32mI (881) spi_flash: flash io: qio[0m
[0;32mI (885) sleep_gpio: Configure to isolate all GPIO pins in sleep state[0m
[0;32mI (891) sleep_gpio: Enable automatic switching of GPIO sleep configuration[0m
[0;32mI (897) coexist: coex firmware version: 831ec70[0m
[0;32mI (910) coexist: coexist rom version e7ae62f[0m
[0;32mI (911) main_task: Started on CPU0[0m
[0;32mI (912) esp_psram: Reserving pool of 32K of internal memory for DMA/internal allocations[0m
[0;32mI (917) main_task: Calling app_main()[0m
[0;33mW (928) i2c.master: Please check pull-up resistances whether be connected properly. Otherwise unexpected behavior would happen. For more detailed information, please read docs[0m
[0;32mI (1336) GT911: Initialize I2C panel IO[0m
[0;32mI (1336) GT911: Initialize touch controller GT911[0m
[0;33mW (1336) GT911: Unable to initialize the I2C address[0m
[0;32mI (1338) GT911: TouchPad_ID:0x39,0x31,0x31[0m
[0;32mI (1341) GT911: TouchPad_Config_Version:91[0m
[0;32mI (1345) example: Install RGB LCD panel driver[0m
[0;32mI (1385) example: Initialize RGB LCD panel[0m
[0;32mI (1386) lv_port: Create LVGL task[0m
[0;32mI (1490) MAIN: create main UI successfully[0m
[0;32mI (1552) pp: pp rom version: e7ae62f[0m
[0;32mI (1552) net80211: net80211 rom version: e7ae62f[0m
[0;32mI (1553) MQTT: Other event id:7[0m
[0;32mI (1554) wifi:wifi driver task: 3fcce1f8, prio:23, stack:6656, core=0[0m
[1;31mE (1555) esp-tls: [sock=54] connect() error: Host is unreachable[0m
[1;31mE (1564) transport_base: Failed to open a new connection: 32772[0m
[0;32mI (1564) wifi:E (1569) mqtt_client: Error transport connect[0m
wifi firmware version: f3dbad7
[0;32mI (1574) MQTT: MQTT_EVENT_ERROR[0m
[0;32mI (1577) wifi:I (1580) MQTT: Last error code reported from esp-tls: 0x8004[0m
wifi certification version: v7.0I (1587) MQTT: Last tls stack error number: 0x0

[0;32mI (1594) MQTT: Last captured errno : 0 (Success)[0m
[0;32mI (1594) wifi:I (1598) MQTT: MQTT_EVENT_DISCONNECTED[0m
config NVS flash: enabled
[0;32mI (1605) wifi:config nano formatting: disabled[0m
[0;32mI (1610) wifi:Init data frame dynamic rx buffer num: 32[0m
[0;32mI (1615) wifi:Init static rx mgmt buffer num: 5[0m
[0;32mI (1619) wifi:Init management short buffer num: 32[0m
[0;32mI (1623) wifi:Init static tx buffer num: 16[0m
[0;32mI (1627) wifi:Init tx cache buffer num: 32[0m
[0;32mI (1631) wifi:Init static tx FG buffer num: 2[0m
[0;32mI (1635) wifi:Init static rx buffer size: 1600[0m
[0;32mI (1639) wifi:Init static rx buffer num: 16[0m
[0;32mI (1643) wifi:Init dynamic rx buffer num: 32[0m
[0;32mI (1647) wifi_init: rx ba win: 16[0m
[0;32mI (1650) wifi_init: accept mbox: 6[0m
[0;32mI (1653) wifi_init: tcpip mbox: 32[0m
[0;32mI (1656) wifi_init: udp mbox: 6[0m
[0;32mI (1659) wifi_init: tcp mbox: 6[0m
[0;32mI (1662) wifi_init: tcp tx win: 5760[0m
[0;32mI (1665) wifi_init: tcp rx win: 5760[0m
[0;32mI (1669) wifi_init: tcp mss: 1440[0m
[0;32mI (1672) wifi_init: WiFi/LWIP prefer SPIRAM[0m
[0;32mI (1675) wifi_init: WiFi IRAM OP enabled[0m
[0;32mI (1679) wifi_init: WiFi RX IRAM OP enabled[0m
[0;32mI (1683) reconnect: Found saved WiFi: NamTrung[0m
[0;32mI (1688) WiFi: Wi-Fi and IP event handlers registered[0m
Wi-Fi event handler registered.
[0;32mI (1695) phy_init: phy_version 701,f4f1da3a,Mar  3 2025,15:50:10[0m
[0;32mI (1733) phy_init: Saving new calibration data due to checksum failure or outdated calibration data, mode(0)[0m
[0;32mI (1564) main_task: Returned from app_main()[0m
[0;32mI (1741) wifi:mode : sta (10:20:ba:05:9b:9c)[0m
[0;32mI (1742) wifi:enable tsf[0m
[0;32mI (1743) reconnect: WiFi init complete, waiting for connection...[0m
[0;32mI (1751) wifi:new:<6,0>, old:<1,0>, ap:<255,255>, sta:<6,0>, prof:1, snd_ch_cfg:0x0[0m
[0;32mI (1755) wifi:state: init -> auth (0xb0)[0m
[0;32mI (1767) wifi:state: auth -> assoc (0x0)[0m
[0;32mI (1777) wifi:state: assoc -> run (0x10)[0m
[0;32mI (1817) wifi:connected with NamTrung, aid = 26, channel 6, BW20, bssid = 10:5f:02:75:1e:9a[0m
[0;32mI (1818) wifi:security: WPA2-PSK, phy: bgn, rssi: -55[0m
[0;32mI (1820) wifi:pm start, type: 1[0m

[0;32mI (1822) wifi:dp: 1, bi: 102400, li: 3, scale listen interval from 307200 us to 307200 us[0m
[0;32mI (1830) wifi:set rx beacon pti, rx_bcn_pti: 14, bcn_timeout: 25000, mt_pti: 14, mt_time: 10000[0m
[0;32mI (1840) WiFi Sta: Connected to SSID:NamTrung, channel:6[0m
[0;32mI (1894) wifi:AP's beacon interval = 102400 us, DTIM period = 1[0m
[0;32mI (2858) esp_netif_handlers: sta ip: 10.10.1.37, mask: 255.255.252.0, gw: 10.10.1.1[0m
[0;32mI (2858) WiFi Sta: WIFI GOT_IP.[0m
[0;32mI (2874) MQTT_MANAGER: Starting MQTT safely...[0m
[1;31mE (2874) mqtt_client: Client has started[0m
[0;32mI (2874) MQTT_MANAGER: MQTT started.[0m
[0;32mI (7835) wifi:bcn_timeout,ap_probe_send_start[0m
[0;32mI (11603) MQTT: Other event id:7[0m
[0;32mI (11617) wifi:<ba-add>idx:0 (ifx:0, 10:5f:02:75:1e:9a), tid:0, ssn:1, winSize:64[0m
[0;32mI (11618) wifi:<ba-add>idx:1 (ifx:0, 10:5f:02:75:1e:9a), tid:7, ssn:8, winSize:64[0m
[0;32mI (11635) MQTT: MQTT_EVENT_CONNECTED[0m
[0;32mI (11645) MQTT: MQTT_EVENT_SUBSCRIBED, msg_id=34526, return code=0x00 [0m
[0;32mI (11664) MQTT: MQTT_EVENT_SUBSCRIBED, msg_id=44307, return code=0x00 [0m
[0;32mI (11875) MQTT: MQTT_EVENT_SUBSCRIBED, msg_id=5467, return code=0x00 [0m
[0;32mI (14182) wifi:bcn_timeout,ap_probe_send_start[0m
[0;32mI (20225) wifi:bcn_timeout,ap_probe_send_start[0m
[0;32mI (26368) wifi:bcn_timeout,ap_probe_send_start[0m
[0;32mI (28869) wifi:ap_probe_send over, reset wifi status to disassoc[0m
[0;32mI (28870) wifi:state: run -> init (0xc800)[0m
[0;32mI (28871) wifi:pm stop, total sleep time: 17934503 us / 27048869 us[0m

[0;32mI (28874) wifi:<ba-del>idx:0, tid:0[0m
[0;32mI (28877) wifi:<ba-del>idx:1, tid:7[0m
[0;32mI (28881) wifi:new:<6,0>, old:<6,0>, ap:<255,255>, sta:<6,0>, prof:1, snd_ch_cfg:0x0[0m
[0;32mI (28889) WiFi Sta: STA disconnected, reason=200[0m
[1;31mE (28889) transport_base: tcp_read error, errno=Software caused connection abort[0m
[0;32mI (28892) WiFi Sta: WIFI STA_DISCONNECTED.[0m
[1;31mE (28900) mqtt_client: esp_mqtt_handle_transport_read_error: transport_read() error: errno=113[0m
[0;32mI (28912) MQTT: MQTT_EVENT_ERROR[0m
[0;32mI (28915) MQTT: Last error code reported from esp-tls: 0x0[0m
[0;32mI (28920) MQTT: Last tls stack error number: 0x0[0m
[0;32mI (28924) MQTT: Last captured errno : 113 (Software caused connection abort)[0m
[0;32mI (28928) wifi:E (28931) mqtt_client: mqtt_process_receive: mqtt_message_receive() returned -2[0m
new:<6,0>, old:<6,0>, ap:<255,255>, sta:<6,0>, prof:1, snd_ch_cfg:0x0
[0;32mI (28940) MQTT: MQTT_EVENT_DISCONNECTED[0m
[0;32mI (28946) wifi:state: init -> auth (0xb0)[0m
[0;33mW (29007) WIFI: wifi_last_Button is NULL or invalid, skip UI update[0m
[0;32mI (29015) wifi:state: auth -> assoc (0x0)[0m
[0;32mI (29046) wifi:state: assoc -> run (0x10)[0m
[0;32mI (30050) wifi:connected with NamTrung, aid = 26, channel 6, BW20, bssid = 10:5f:02:75:1e:9a[0m
[0;32mI (30051) wifi:security: WPA2-PSK, phy: bgn, rssi: -52[0m
[0;32mI (30053) wifi:pm start, type: 1[0m

[0;32mI (30055) wifi:set rx beacon pti, rx_bcn_pti: 14, bcn_timeout: 25000, mt_pti: 14, mt_time: 10000[0m
[0;32mI (30064) wifi:AP's beacon interval = 102400 us, DTIM period = 1[0m
[0;32mI (30070) WiFi Sta: Connected to SSID:NamTrung, channel:6[0m
[0;32mI (30086) wifi:<ba-add>idx:0 (ifx:0, 10:5f:02:75:1e:9a), tid:7, ssn:4, winSize:64[0m
[0;32mI (31094) esp_netif_handlers: sta ip: 10.10.1.37, mask: 255.255.252.0, gw: 10.10.1.1[0m
[0;32mI (31094) WiFi Sta: WIFI GOT_IP.[0m
[0;32mI (31111) MQTT_MANAGER: Starting MQTT safely...[0m
[1;31mE (31111) mqtt_client: Client has started[0m
[0;32mI (31111) MQTT_MANAGER: MQTT started.[0m
[0;32mI (38949) MQTT: Other event id:7[0m
[0;32mI (38975) MQTT: MQTT_EVENT_CONNECTED[0m
[0;32mI (38979) wifi:<ba-add>idx:1 (ifx:0, 10:5f:02:75:1e:9a), tid:0, ssn:4, winSize:64[0m
[0;32mI (38995) MQTT: MQTT_EVENT_SUBSCRIBED, msg_id=11941, return code=0x00 [0m
[0;32mI (39002) MQTT: MQTT_EVENT_SUBSCRIBED, msg_id=6788, return code=0x00 [0m
[0;32mI (39205) MQTT: MQTT_EVENT_SUBSCRIBED, msg_id=23920, return code=0x00 [0m
[0;32mI (104829) MQTT: MQTT_EVENT_DATA[0m
[0;32mI (104829) MQTT: TOPIC=responsenumber[0m
[0;32mI (104829) MQTT: DATA={"device_id":"A8:42:E3:4C:7C:BC","number":"1008","service_name":"Khai hoa","device_name":"Quay 1"}[0m
[0;32mI (104835) MQTT: Updated label with number: 1008[0m
[0;32mI (104841) MQTT_BACKUP: current number saved successfully![0m
[0;32mI (104849) MQTT: MQTT_EVENT_PUBLISHED, msg_id=61313[0m
[0;32mI (116696) MQTT: MQTT_EVENT_DATA[0m
[0;32mI (116696) MQTT: TOPIC=responsenumber[0m
[0;32mI (116696) MQTT: DATA={"device_id":"A8:42:E3:4C:7C:BC","number":"1009","service_name":"Khai hoa","device_name":"Quay 1"}[0m
[0;32mI (116702) MQTT: Updated label with number: 1009[0m
[0;32mI (116707) MQTT_BACKUP: current number saved successfully![0m
[0;32mI (116735) MQTT: MQTT_EVENT_PUBLISHED, msg_id=28221[0m
[0;32mI (119056) MQTT: MQTT_EVENT_DATA[0m
[0;32mI (119056) MQTT: TOPIC=responsenumber[0m
[0;32mI (119056) MQTT: DATA={"device_id":"A8:42:E3:4C:7C:BC","number":"1010","service_name":"Khai hoa","device_name":"Quay 1"}[0m
[0;32mI (119062) MQTT: Updated label with number: 1010[0m
[0;32mI (119067) MQTT_BACKUP: current number saved successfully![0m
[0;32mI (119085) MQTT: MQTT_EVENT_PUBLISHED, msg_id=40466[0m
[0;32mI (127661) MQTT: MQTT_EVENT_DATA[0m
[0;32mI (127661) MQTT: TOPIC=responsenumber[0m
[0;32mI (127661) MQTT: DATA={"device_id":"A8:42:E3:4C:7C:BC","number":"1011","service_name":"Khai hoa","device_name":"Quay 1"}[0m
[0;32mI (127667) MQTT: Updated label with number: 1011[0m
[0;32mI (127672) MQTT_BACKUP: current number saved successfully![0m
[0;32mI (127681) MQTT: MQTT_EVENT_PUBLISHED, msg_id=64014[0m
