Command: D:\ESP32_IDF\Espressif\python_env\idf5.5_py3.11_env\Scripts\python.exe D:\ESP32_IDF\Espressif\frameworks\esp-idf-v5.5\tools/idf_monitor.py -p COM7 -b 115200 --toolchain-prefix xtensa-esp32s3-elf- --target esp32s3 --revision 0 D:\ESP32\ESP32S3_LCD 7B_DEMO_3\ESP32-S3-Touch-LCD-7B-Demo\ESP32-S3-Touch-LCD-7B-Demo\ESP-IDF\16_LVGL_UI 2\build\16_LVGL_UI.elf D:\ESP32\ESP32S3_LCD 7B_DEMO_3\ESP32-S3-Touch-LCD-7B-Demo\ESP32-S3-Touch-LCD-7B-Demo\ESP-IDF\16_LVGL_UI 2\build\bootloader\bootloader.elf --force-color -m 'D:\ESP32_IDF\Espressif\python_env\idf5.5_py3.11_env\Scripts\python.exe' 'D:\ESP32_IDF\Espressif\frameworks\esp-idf-v5.5\tools\idf.py' '-p' 'COM7'
ESP-ROM:esp32s3-20210327
Build:Mar 27 2021
rst:0x1 (POWERON),boot:0x28 (SPI_FAST_FLASH_BOOT)
SPIWP:0xee
mode:DIO, clock div:1
load:0x3fce2820,len:0x1710
load:0x403c8700,len:0xec0
load:0x403cb700,len:0x31d4
entry 0x403c894c
[0;32mI (25) boot: ESP-IDF v5.5-dirty 2nd stage bootloader[0m
[0;32mI (25) boot: compile time Oct 10 2025 10:23:37[0m
[0;32mI (25) boot: Multicore bootloader[0m
[0;32mI (26) boot: chip revision: v0.2[0m
[0;32mI (28) boot: efuse block revision: v1.3[0m
[0;32mI (32) qio_mode: Enabling default flash chip QIO[0m
[0;32mI (36) boot.esp32s3: Boot SPI Speed : 80MHz[0m
[0;32mI (40) boot.esp32s3: SPI Mode       : QIO[0m
[0;32mI (44) boot.esp32s3: SPI Flash Size : 16MB[0m
[0;32mI (48) boot: Enabling RNG early entropy source...[0m
[0;32mI (52) boot: Partition Table:[0m
[0;32mI (55) boot: ## Label            Usage          Type ST Offset   Length[0m
[0;32mI (61) boot:  0 nvs              WiFi data        01 02 00009000 00006000[0m
[0;32mI (68) boot:  1 phy_init         RF data          01 01 0000f000 00001000[0m
[0;32mI (74) boot:  2 factory          factory app      00 00 00010000 00800000[0m
[0;32mI (81) boot: End of partition table[0m
[0;32mI (84) esp_image: segment 0: paddr=00010020 vaddr=3c0e0020 size=146b74h (1338228) map[0m
[0;32mI (290) esp_image: segment 1: paddr=00156b9c vaddr=3fc9c900 size=057a0h ( 22432) load[0m
[0;32mI (294) esp_image: segment 2: paddr=0015c344 vaddr=40374000 size=03cd4h ( 15572) load[0m
[0;32mI (298) esp_image: segment 3: paddr=00160020 vaddr=42000020 size=dd6b0h (906928) map[0m
[0;32mI (436) esp_image: segment 4: paddr=0023d6d8 vaddr=40377cd4 size=14bach ( 84908) load[0m
[0;32mI (452) esp_image: segment 5: paddr=0025228c vaddr=600fe000 size=00020h (    32) load[0m
[0;32mI (462) boot: Loaded app from partition at offset 0x10000[0m
[0;32mI (462) boot: Disabling RNG early entropy source...[0m
[0;33mW (473) flash HPM: HPM mode is optional feature that depends on flash model. Read Docs First![0m
[0;33mW (473) flash HPM: HPM mode with DC adjustment is disabled. Some flash models may not be supported. Read Docs First![0m
[0;33mW (480) flash HPM: High performance mode of this flash model hasn't been supported.[0m
[0;32mI (488) MSPI Timing: Flash timing tuning index: 2[0m
[0;32mI (492) octal_psram: vendor id    : 0x0d (AP)[0m
[0;32mI (496) octal_psram: dev id       : 0x02 (generation 3)[0m
[0;32mI (501) octal_psram: density      : 0x03 (64 Mbit)[0m
[0;32mI (505) octal_psram: good-die     : 0x01 (Pass)[0m
[0;32mI (509) octal_psram: Latency      : 0x01 (Fixed)[0m
[0;32mI (514) octal_psram: VCC          : 0x01 (3V)[0m
[0;32mI (518) octal_psram: SRF          : 0x01 (Fast Refresh)[0m
[0;32mI (523) octal_psram: BurstType    : 0x01 (Hybrid Wrap)[0m
[0;32mI (528) octal_psram: BurstLen     : 0x01 (32 Byte)[0m
[0;32mI (532) octal_psram: Readlatency  : 0x02 (10 cycles@Fixed)[0m
[0;32mI (537) octal_psram: DriveStrength: 0x00 (1/1)[0m
[0;32mI (549) MSPI Timing: PSRAM timing tuning index: 2[0m
[0;32mI (550) esp_psram: Found 8MB PSRAM device[0m
[0;32mI (550) esp_psram: Speed: 120MHz[0m
[0;32mI (608) mmu_psram: Read only data copied and mapped to SPIRAM[0m
[0;32mI (654) mmu_psram: Instructions copied and mapped to SPIRAM[0m
[0;32mI (654) cpu_start: Multicore app[0m
[0;32mI (803) esp_psram: SPI SRAM memory test OK[0m
[0;32mI (812) cpu_start: Pro cpu start user code[0m
[0;32mI (812) cpu_start: cpu freq: 240000000 Hz[0m
[0;32mI (812) app_init: Application information:[0m
[0;32mI (812) app_init: Project name:     16_LVGL_UI[0m
[0;32mI (816) app_init: App version:      94f2d6e-dirty[0m
[0;32mI (820) app_init: Compile time:     Nov 11 2025 11:08:19[0m
[0;32mI (826) app_init: ELF file SHA256:  e7420d3a4...[0m
[0;32mI (830) app_init: ESP-IDF:          v5.5-dirty[0m
[0;32mI (834) efuse_init: Min chip rev:     v0.0[0m
[0;32mI (838) efuse_init: Max chip rev:     v0.99 [0m
[0;32mI (842) efuse_init: Chip rev:         v0.2[0m
[0;32mI (846) heap_init: Initializing. RAM available for dynamic allocation:[0m
[0;32mI (852) heap_init: At 3FCB38E0 len 00035E30 (215 KiB): RAM[0m
[0;32mI (857) heap_init: At 3FCE9710 len 00005724 (21 KiB): RAM[0m
[0;32mI (862) heap_init: At 3FCF0000 len 00008000 (32 KiB): DRAM[0m
[0;32mI (867) heap_init: At 600FE020 len 00001FC8 (7 KiB): RTCRAM[0m
[0;32mI (873) esp_psram: Adding pool of 5952K of PSRAM memory to heap allocator[0m
[0;32mI (879) esp_psram: Adding pool of 37K of PSRAM memory gap generated due to end address alignment of drom to the heap allocator[0m
[0;32mI (891) spi_flash: detected chip: generic[0m
[0;32mI (894) spi_flash: flash io: qio[0m
[0;32mI (897) sleep_gpio: Configure to isolate all GPIO pins in sleep state[0m
[0;32mI (903) sleep_gpio: Enable automatic switching of GPIO sleep configuration[0m
[0;32mI (910) coexist: coex firmware version: 831ec70[0m
[0;32mI (923) coexist: coexist rom version e7ae62f[0m
[0;32mI (923) main_task: Started on CPU0[0m
[0;32mI (924) esp_psram: Reserving pool of 32K of internal memory for DMA/internal allocations[0m
[0;32mI (929) main_task: Calling app_main()[0m
[0;33mW (941) i2c.master: Please check pull-up resistances whether be connected properly. Otherwise unexpected behavior would happen. For more detailed information, please read docs[0m
[0;32mI (1348) GT911: Initialize I2C panel IO[0m
[0;32mI (1348) GT911: Initialize touch controller GT911[0m
[0;33mW (1348) GT911: Unable to initialize the I2C address[0m
[0;32mI (1350) GT911: TouchPad_ID:0x39,0x31,0x31[0m
[0;32mI (1353) GT911: TouchPad_Config_Version:91[0m
[0;32mI (1357) example: Install RGB LCD panel driver[0m
[0;32mI (1397) example: Initialize RGB LCD panel[0m
[0;32mI (1398) lv_port: Create LVGL task[0m
[0;32mI (1462) TAG_NVS: Loaded JSON from NVS: [{"name":"Quay 2","device_id":"94:E6:86:09:A4:78"},{"name":"Quay 1","device_id":"A8:42:E3:4C:7C:BC"}][0m
[0;32mI (1463) TAG_NVS: Loaded 2 devices from NVS[0m
[0;32mI (1467) UI: Loaded 2 devices, showing...[0m
[0;32mI (1473) LVGL: Displayed 2 devices[0m
[0;32mI (1518) MAIN: create main UI successfully[0m
[0;32mI (1520) pp: pp rom version: e7ae62f[0m
[0;32mI (1520) net80211: net80211 rom version: e7ae62f[0m
[0;32mI (1521) main_task: Returned from app_main()[0m
[0;32mI (1522) wifi:wifi driver task: 3fcce84c, prio:23, stack:6656, core=0[0m
[0;32mI (1552) wifi:wifi firmware version: f3dbad7[0m
[0;32mI (1553) wifi:wifi certification version: v7.0[0m
[0;32mI (1553) wifi:config NVS flash: enabled[0m
[0;32mI (1553) wifi:config nano formatting: disabled[0m
[0;32mI (1558) wifi:Init data frame dynamic rx buffer num: 32[0m
[0;32mI (1564) wifi:Init static rx mgmt buffer num: 5[0m
[0;32mI (1567) wifi:Init management short buffer num: 32[0m
[0;32mI (1572) wifi:Init static tx buffer num: 16[0m
[0;32mI (1576) wifi:Init tx cache buffer num: 32[0m
[0;32mI (1579) wifi:Init static tx FG buffer num: 2[0m
[0;32mI (1583) wifi:Init static rx buffer size: 1600[0m
[0;32mI (1587) wifi:Init static rx buffer num: 16[0m
[0;32mI (1591) wifi:Init dynamic rx buffer num: 32[0m
[0;32mI (1596) wifi_init: rx ba win: 16[0m
[0;32mI (1598) wifi_init: accept mbox: 6[0m
[0;32mI (1601) wifi_init: tcpip mbox: 32[0m
[0;32mI (1604) wifi_init: udp mbox: 6[0m
[0;32mI (1607) wifi_init: tcp mbox: 6[0m
[0;32mI (1610) wifi_init: tcp tx win: 5760[0m
[0;32mI (1613) wifi_init: tcp rx win: 5760[0m
[0;32mI (1617) wifi_init: tcp mss: 1440[0m
[0;32mI (1620) wifi_init: WiFi/LWIP prefer SPIRAM[0m
[0;32mI (1624) wifi_init: WiFi IRAM OP enabled[0m
[0;32mI (1627) wifi_init: WiFi RX IRAM OP enabled[0m
[0;32mI (1631) reconnect: Found saved WiFi: Namtrung 2.4G[0m
[0;32mI (1636) WiFi: Wi-Fi and IP event handlers registered[0m
Wi-Fi event handler registered.
[0;32mI (1644) phy_init: phy_version 701,f4f1da3a,Mar  3 2025,15:50:10[0m
[0;32mI (1687) wifi:mode : sta (10:20:ba:05:9b:9c)[0m
[0;32mI (1688) wifi:enable tsf[0m
[0;32mI (1690) reconnect: WiFi init complete, waiting for connection...[0m
[0;32mI (1690) WiFi Sta: GET: SSID:Namtrung 2.4G, password:nt@14092011[0m
[0;32mI (1700) wifi:new:<6,0>, old:<1,0>, ap:<255,255>, sta:<6,0>, prof:1, snd_ch_cfg:0x0[0m
[0;32mI (1702) wifi:state: init -> auth (0xb0)[0m
[0;32mI (1711) wifi:state: auth -> assoc (0x0)[0m
[0;32mI (1731) wifi:state: assoc -> run (0x10)[0m
[0;32mI (1754) wifi:connected with Namtrung 2.4G, aid = 22, channel 6, BW20, bssid = 12:5f:02:15:1e:9a[0m
[0;32mI (1755) wifi:security: WPA2-PSK, phy: bgn, rssi: -58[0m
[0;32mI (1758) wifi:pm start, type: 1[0m

[0;32mI (1760) wifi:dp: 1, bi: 102400, li: 3, scale listen interval from 307200 us to 307200 us[0m
[0;32mI (1768) wifi:set rx beacon pti, rx_bcn_pti: 14, bcn_timeout: 25000, mt_pti: 14, mt_time: 10000[0m
[0;32mI (1776) wifi:AP's beacon interval = 102400 us, DTIM period = 1[0m
[0;32mI (1783) WiFi Sta: Connected to SSID:Namtrung 2.4G, channel:6[0m
[0;32mI (2194) WiFi Sta: Failed to connect to the AP[0m
[0;32mI (2194) WiFi Sta: Retrying to connect to the AP[0m
[0;32mI (2800) esp_netif_handlers: sta ip: 10.10.1.45, mask: 255.255.252.0, gw: 10.10.1.1[0m
[0;32mI (2800) WiFi Sta: WIFI GOT_IP.[0m
[0;32mI (2806) MQTT_MANAGER: No existing client, creating new one...[0m
[0;32mI (2807) MQTT: Other event id:7[0m
[0;32mI (3469) wifi:<ba-add>idx:0 (ifx:0, 12:5f:02:15:1e:9a), tid:7, ssn:8, winSize:64[0m
[0;32mI (3634) wifi:<ba-add>idx:1 (ifx:0, 12:5f:02:15:1e:9a), tid:0, ssn:1, winSize:64[0m
[0;32mI (3644) MQTT: MQTT_EVENT_CONNECTED[0m
[0;32mI (3648) MQTT: MQTT_EVENT_SUBSCRIBED, msg_id=16523, return code=0x00 [0m
[0;32mI (3650) MQTT: MQTT_EVENT_SUBSCRIBED, msg_id=6994, return code=0x00 [0m
[0;32mI (3653) MQTT: MQTT_EVENT_SUBSCRIBED, msg_id=28678, return code=0x00 [0m
[0;32mI (3704) WiFi: Connected with IP: 10.10.1.45[0m
[0;32mI (3704) WiFi Sta: Connected to AP SSID:Namtrung 2.4G, password:nt@14092011, bssid:12:5F:02:15:1E:9A[0m
[0;32mI (3709) MQTT_MANAGER: Starting MQTT safely...[0m
[1;31mE (3710) mqtt_client: Client has started[0m
[0;32mI (3713) MQTT_MANAGER: MQTT started.[0m
[0;32mI (3810) NVS: last index: -1[0m
[0;32mI (3810) NVS: wifi index: 0[0m
[0;33mW (3810) WIFI_UI: WIFI_List_Button is invalid[0m
[0;32mI (3813) MQTT: MQTT_EVENT_SUBSCRIBED, msg_id=64271, return code=0x01 [0m
[0;32mI (3816) MQTT: MQTT_EVENT_DATA[0m
[0;32mI (3817) MQTT: TOPIC=device/list[0m
[0;32mI (3820) MQTT: DATA=[{"id":"94:E6:86:09:A4:78","name":"Quay 2"},{"id":"A8:42:E3:4C:7C:BC","name":"Quay 1"}][0m
[0;32mI (3829) MQTT_BACKUP: MQTT JSON received: [{"id":"94:E6:86:09:A4:78","name":"Quay 2"},{"id":"A8:42:E3:4C:7C:BC","name":"Quay 1"}][0m
[0;32mI (3841) MQTT_BACKUP: Stored 2 devices[0m
[0;32mI (3844) TAG_NVS: Saved 2 devices to NVS[0m
[0;32mI (28073) LVGL: Clicked device: Quay 2 - 94:E6:86:09:A4:78[0m
[0;32mI (28075) SAVE_DEVICE_ID: Saved number "94:E6:86:09:A4:78" into key "device_id"[0m
[0;32mI (28075) SELECTED_DEVICE_ID: 94:E6:86:09:A4:78[0m
[0;32mI (33121) MQTT: MQTT_EVENT_DATA[0m
[0;32mI (33121) MQTT: TOPIC=responsenumber[0m
[0;32mI (33121) MQTT: DATA={"device_id":"94:E6:86:09:A4:78","number":"1108","service_name":"Khai hoaa","device_name":"Quay 2"}[0m
[0;32mI (33127) MQTT: Updated label with number: 1108[0m
[0;32mI (33132) MQTT_BACKUP: current number saved successfully![0m
[0;32mI (33155) MQTT: MQTT_EVENT_PUBLISHED, msg_id=53454[0m
[0;32mI (35369) MQTT: MQTT_EVENT_DATA[0m
[0;32mI (35370) MQTT: TOPIC=responsenumber[0m
[0;32mI (35370) MQTT: DATA={"device_id":"94:E6:86:09:A4:78","number":"1109","service_name":"Khai hoaa","device_name":"Quay 2"}[0m
[0;32mI (35376) MQTT: Updated label with number: 1109[0m
[0;32mI (35392) MQTT_BACKUP: current number saved successfully![0m
[0;32mI (35400) MQTT: MQTT_EVENT_PUBLISHED, msg_id=48327[0m
[0;32mI (41215) LVGL: Clicked device: Quay 1 - A8:42:E3:4C:7C:BC[0m
[0;32mI (41217) SAVE_DEVICE_ID: Saved number "A8:42:E3:4C:7C:BC" into key "device_id"[0m
[0;32mI (41217) SELECTED_DEVICE_ID: A8:42:E3:4C:7C:BC[0m
[0;32mI (44380) MQTT: MQTT_EVENT_DATA[0m
[0;32mI (44381) MQTT: TOPIC=responsenumber[0m
[0;32mI (44381) MQTT: DATA={"device_id":"94:E6:86:09:A4:78","number":"1110","service_name":"Khai hoaa","device_name":"Quay 2"}[0m
[0;33mW (44386) MQTT: Field 'number' missing or not string[0m
[0;32mI (46839) MQTT: MQTT_EVENT_DATA[0m
[0;32mI (46839) MQTT: TOPIC=responsenumber[0m
[0;32mI (46839) MQTT: DATA={"device_id":"94:E6:86:09:A4:78","number":"NoAvailable"}[0m
[0;33mW (46841) MQTT: Field 'number' missing or not string[0m
[0;32mI (48887) MQTT: MQTT_EVENT_DATA[0m
[0;32mI (48887) MQTT: TOPIC=responsenumber[0m
[0;32mI (48887) MQTT: DATA={"device_id":"94:E6:86:09:A4:78","number":"NoAvailable"}[0m
[0;33mW (48889) MQTT: Field 'number' missing or not string[0m
[0;32mI (82382) MQTT: MQTT_EVENT_DATA[0m
[0;32mI (82382) MQTT: TOPIC=responsenumber[0m
[0;32mI (82382) MQTT: DATA={"device_id":"94:E6:86:09:A4:78","number":"1111","service_name":"Khai hoaa","device_name":"Quay 2"}[0m
[0;33mW (82388) MQTT: Field 'number' missing or not string[0m
[0;32mI (84834) MQTT: MQTT_EVENT_DATA[0m
[0;32mI (84835) MQTT: TOPIC=responsenumber[0m
[0;32mI (84835) MQTT: DATA={"device_id":"94:E6:86:09:A4:78","number":"1112","service_name":"Khai hoaa","device_name":"Quay 2"}[0m
[0;33mW (84840) MQTT: Field 'number' missing or not string[0m
[0;32mI (91188) MQTT: MQTT_EVENT_DATA[0m
[0;32mI (91188) MQTT: TOPIC=responsenumber[0m
[0;32mI (91188) MQTT: DATA={"device_id":"94:E6:86:09:A4:78","number":"1113","service_name":"Khai hoaa","device_name":"Quay 2"}[0m
[0;33mW (91194) MQTT: Field 'number' missing or not string[0m
[0;32mI (97601) LVGL: Clicked device: Quay 2 - 94:E6:86:09:A4:78[0m
[0;32mI (97603) SAVE_DEVICE_ID: Saved number "94:E6:86:09:A4:78" into key "device_id"[0m
[0;32mI (97603) SELECTED_DEVICE_ID: 94:E6:86:09:A4:78[0m
[0;32mI (98757) MQTT: MQTT_EVENT_DATA[0m
[0;32mI (98757) MQTT: TOPIC=responsenumber[0m
[0;32mI (98757) MQTT: DATA={"device_id":"94:E6:86:09:A4:78","number":"1114","service_name":"Khai hoaa","device_name":"Quay 2"}[0m
[0;32mI (98763) MQTT: Updated label with number: 1114[0m
[0;32mI (98768) MQTT_BACKUP: current number saved successfully![0m
[0;32mI (98793) MQTT: MQTT_EVENT_PUBLISHED, msg_id=11691[0m
[0;32mI (145055) MQTT: MQTT_EVENT_DATA[0m
[0;32mI (145056) MQTT: TOPIC=responsenumber[0m
[0;32mI (145056) MQTT: DATA={"device_id":"94:E6:86:09:A4:78","number":"1115","service_name":"Khai hoaa","device_name":"Quay 2"}[0m
[0;32mI (145062) MQTT: Updated label with number: 1115[0m
[0;32mI (145067) MQTT_BACKUP: current number saved successfully![0m
[0;32mI (145083) MQTT: MQTT_EVENT_PUBLISHED, msg_id=46236[0m
[0;32mI (148012) MQTT: MQTT_EVENT_DATA[0m
[0;32mI (148012) MQTT: TOPIC=responsenumber[0m
[0;32mI (148012) MQTT: DATA={"device_id":"94:E6:86:09:A4:78","number":"1116","service_name":"Khai hoaa","device_name":"Quay 2"}[0m
[0;32mI (148018) MQTT: Updated label with number: 1116[0m
[0;32mI (148023) MQTT_BACKUP: current number saved successfully![0m
[0;32mI (148035) MQTT: MQTT_EVENT_PUBLISHED, msg_id=59178[0m
[0;32mI (150468) MQTT: MQTT_EVENT_DATA[0m
[0;32mI (150468) MQTT: TOPIC=responsenumber[0m
[0;32mI (150468) MQTT: DATA={"device_id":"94:E6:86:09:A4:78","number":"1117","service_name":"Khai hoaa","device_name":"Quay 2"}[0m
[0;32mI (150475) MQTT: Updated label with number: 1117[0m
[0;32mI (150480) MQTT_BACKUP: current number saved successfully![0m
[0;32mI (150488) MQTT: MQTT_EVENT_PUBLISHED, msg_id=46327[0m
