Command: D:\ESP32_IDF\Espressif\python_env\idf5.5_py3.11_env\Scripts\python.exe D:\ESP32_IDF\Espressif\frameworks\esp-idf-v5.5\tools/idf_monitor.py -p COM7 -b 115200 --toolchain-prefix xtensa-esp32s3-elf- --target esp32s3 --revision 0 D:\ESP32\ESP32S3_LCD 7B_DEMO_3\ESP32-S3-Touch-LCD-7B-Demo\ESP32-S3-Touch-LCD-7B-Demo\ESP-IDF\16_LVGL_UI 2\build\16_LVGL_UI.elf D:\ESP32\ESP32S3_LCD 7B_DEMO_3\ESP32-S3-Touch-LCD-7B-Demo\ESP32-S3-Touch-LCD-7B-Demo\ESP-IDF\16_LVGL_UI 2\build\bootloader\bootloader.elf --force-color -m 'D:\ESP32_IDF\Espressif\python_env\idf5.5_py3.11_env\Scripts\python.exe' 'D:\ESP32_IDF\Espressif\frameworks\esp-idf-v5.5\tools\idf.py'
ESP-ROM:esp32s3-20210327
Build:Mar 27 2021
rst:0x1 (POWERON),boot:0x28 (SPI_FAST_FLASH_BOOT)
SPIWP:0xee
mode:DIO, clock div:1
load:0x3fce2820,len:0x1710
load:0x403c8700,len:0xec0
load:0x403cb700,len:0x31d4
entry 0x403c894c
[0;32mI (25) boot: ESP-IDF v5.5-dirty 2nd stage bootloader[0m
[0;32mI (25) boot: compile time Oct 10 2025 10:23:37[0m
[0;32mI (25) boot: Multicore bootloader[0m
[0;32mI (26) boot: chip revision: v0.2[0m
[0;32mI (28) boot: efuse block revision: v1.3[0m
[0;32mI (32) qio_mode: Enabling default flash chip QIO[0m
[0;32mI (36) boot.esp32s3: Boot SPI Speed : 80MHz[0m
[0;32mI (40) boot.esp32s3: SPI Mode       : QIO[0m
[0;32mI (44) boot.esp32s3: SPI Flash Size : 16MB[0m
[0;32mI (48) boot: Enabling RNG early entropy source...[0m
[0;32mI (52) boot: Partition Table:[0m
[0;32mI (55) boot: ## Label            Usage          Type ST Offset   Length[0m
[0;32mI (61) boot:  0 nvs              WiFi data        01 02 00009000 00006000[0m
[0;32mI (68) boot:  1 phy_init         RF data          01 01 0000f000 00001000[0m
[0;32mI (74) boot:  2 factory          factory app      00 00 00010000 00800000[0m
[0;32mI (81) boot: End of partition table[0m
[0;32mI (84) esp_image: segment 0: paddr=00010020 vaddr=3c0e0020 size=140bd4h (1313748) map[0m
[0;32mI (286) esp_image: segment 1: paddr=00150bfc vaddr=3fc9c900 size=057a0h ( 22432) load[0m
[0;32mI (291) esp_image: segment 2: paddr=001563a4 vaddr=40374000 size=09c74h ( 40052) load[0m
[0;32mI (299) esp_image: segment 3: paddr=00160020 vaddr=42000020 size=dd390h (906128) map[0m
[0;32mI (433) esp_image: segment 4: paddr=0023d3b8 vaddr=4037dc74 size=0ec0ch ( 60428) load[0m
[0;32mI (445) esp_image: segment 5: paddr=0024bfcc vaddr=600fe000 size=00020h (    32) load[0m
[0;32mI (455) boot: Loaded app from partition at offset 0x10000[0m
[0;32mI (455) boot: Disabling RNG early entropy source...[0m
[0;33mW (465) flash HPM: HPM mode is optional feature that depends on flash model. Read Docs First![0m
[0;33mW (466) flash HPM: HPM mode with DC adjustment is disabled. Some flash models may not be supported. Read Docs First![0m
[0;33mW (473) flash HPM: High performance mode of this flash model hasn't been supported.[0m
[0;32mI (480) MSPI Timing: Flash timing tuning index: 2[0m
[0;32mI (485) octal_psram: vendor id    : 0x0d (AP)[0m
[0;32mI (489) octal_psram: dev id       : 0x02 (generation 3)[0m
[0;32mI (493) octal_psram: density      : 0x03 (64 Mbit)[0m
[0;32mI (498) octal_psram: good-die     : 0x01 (Pass)[0m
[0;32mI (502) octal_psram: Latency      : 0x01 (Fixed)[0m
[0;32mI (507) octal_psram: VCC          : 0x01 (3V)[0m
[0;32mI (511) octal_psram: SRF          : 0x01 (Fast Refresh)[0m
[0;32mI (516) octal_psram: BurstType    : 0x01 (Hybrid Wrap)[0m
[0;32mI (520) octal_psram: BurstLen     : 0x01 (32 Byte)[0m
[0;32mI (525) octal_psram: Readlatency  : 0x02 (10 cycles@Fixed)[0m
[0;32mI (530) octal_psram: DriveStrength: 0x00 (1/1)[0m
[0;32mI (539) MSPI Timing: PSRAM timing tuning index: 2[0m
[0;32mI (539) esp_psram: Found 8MB PSRAM device[0m
[0;32mI (543) esp_psram: Speed: 120MHz[0m
[0;32mI (600) mmu_psram: Read only data copied and mapped to SPIRAM[0m
[0;32mI (647) mmu_psram: Instructions copied and mapped to SPIRAM[0m
[0;32mI (647) cpu_start: Multicore app[0m
[0;32mI (796) esp_psram: SPI SRAM memory test OK[0m
[0;32mI (804) cpu_start: Pro cpu start user code[0m
[0;32mI (804) cpu_start: cpu freq: 240000000 Hz[0m
[0;32mI (804) app_init: Application information:[0m
[0;32mI (804) app_init: Project name:     16_LVGL_UI[0m
[0;32mI (809) app_init: App version:      c27e616-dirty[0m
[0;32mI (813) app_init: Compile time:     Dec 27 2025 11:22:59[0m
[0;32mI (818) app_init: ELF file SHA256:  031da013c...[0m
[0;32mI (822) app_init: ESP-IDF:          v5.5-dirty[0m
[0;32mI (827) efuse_init: Min chip rev:     v0.0[0m
[0;32mI (830) efuse_init: Max chip rev:     v0.99 [0m
[0;32mI (834) efuse_init: Chip rev:         v0.2[0m
[0;32mI (838) heap_init: Initializing. RAM available for dynamic allocation:[0m
[0;32mI (845) heap_init: At 3FCB38D8 len 00035E38 (215 KiB): RAM[0m
[0;32mI (850) heap_init: At 3FCE9710 len 00005724 (21 KiB): RAM[0m
[0;32mI (855) heap_init: At 3FCF0000 len 00008000 (32 KiB): DRAM[0m
[0;32mI (860) heap_init: At 600FE020 len 00001FC8 (7 KiB): RTCRAM[0m
[0;32mI (865) esp_psram: Adding pool of 5952K of PSRAM memory to heap allocator[0m
[0;32mI (872) esp_psram: Adding pool of 61K of PSRAM memory gap generated due to end address alignment of drom to the heap allocator[0m
[0;32mI (883) spi_flash: detected chip: generic[0m
[0;32mI (887) spi_flash: flash io: qio[0m
[0;32mI (890) sleep_gpio: Configure to isolate all GPIO pins in sleep state[0m
[0;32mI (896) sleep_gpio: Enable automatic switching of GPIO sleep configuration[0m
[0;32mI (903) coexist: coex firmware version: 831ec70[0m
[0;32mI (915) coexist: coexist rom version e7ae62f[0m
[0;32mI (916) main_task: Started on CPU0[0m
[0;32mI (917) esp_psram: Reserving pool of 32K of internal memory for DMA/internal allocations[0m
[0;32mI (922) main_task: Calling app_main()[0m
[0;33mW (935) i2c.master: Please check pull-up resistances whether be connected properly. Otherwise unexpected behavior would happen. For more detailed information, please read docs[0m
[0;32mI (1341) GT911: Initialize I2C panel IO[0m
[0;32mI (1341) GT911: Initialize touch controller GT911[0m
[0;33mW (1341) GT911: Unable to initialize the I2C address[0m
[0;32mI (1343) GT911: TouchPad_ID:0x39,0x31,0x31[0m
[0;32mI (1346) GT911: TouchPad_Config_Version:91[0m
[0;32mI (1350) example: Install RGB LCD panel driver[0m
[0;32mI (1390) example: Initialize RGB LCD panel[0m
[0;32mI (1391) lv_port: Create LVGL task[0m
[0;32mI (1450) MQTT_BACKUP: Read status: NO[0m
[0;32mI (1455) TAG_NVS: Loaded JSON from NVS: [{"name":"1","device_id":"94:E6:86:09:A4:78"},{"name":"2","device_id":"A8:42:E3:4C:7C:BC"},{"name":"3","device_id":"B8:D6:1A:B9:DA:A4"},{"name":"4","device_id":"R1:42:E3:4C:7C:BC"},{"name":"5","device_id":"R2:42:E3:4C:7C:BC"}][0m
[0;32mI (1468) TAG_NVS: Loaded 5 devices from NVS[0m
[0;32mI (1471) UI: Loaded 5 devices, showing...[0m
[0;32mI (1475) TAG_NVS: Loaded JSON from NVS: [{"name":"1","device_id":"94:E6:86:09:A4:78"},{"name":"2","device_id":"A8:42:E3:4C:7C:BC"},{"name":"3","device_id":"B8:D6:1A:B9:DA:A4"},{"name":"4","device_id":"R1:42:E3:4C:7C:BC"},{"name":"5","device_id":"R2:42:E3:4C:7C:BC"}][0m
[0;32mI (1498) TAG_NVS: Loaded 5 devices from NVS[0m
[0;32mI (1503) READ_DEVICE_ID: Read device_id: B8:D6:1A:B9:DA:A4[0m
[0;32mI (1509) READ_DEVICE_ID: Read device_id: B8:D6:1A:B9:DA:A4[0m
[0;32mI (1514) READ_DEVICE_ID: Read device_id: B8:D6:1A:B9:DA:A4[0m
[0;32mI (1519) READ_DEVICE_ID: Read device_id: B8:D6:1A:B9:DA:A4[0m
[0;32mI (1524) READ_DEVICE_ID: Read device_id: B8:D6:1A:B9:DA:A4[0m
[0;32mI (1528) LVGL: Displayed 5 devices[0m
[0;32mI (1575) MAIN: create main UI successfully[0m
[0;32mI (1636) pp: pp rom version: e7ae62f[0m
[0;32mI (1636) net80211: net80211 rom version: e7ae62f[0m
Free heap: 3829416 bytes
[0;32mI (1637) wifi:wifi driver task: 3fcd110c, prio:23, stack:6656, core=0[0m
[0;32mI (1647) wifi:wifi firmware version: f3dbad7[0m
[0;32mI (1647) wifi:wifi certification version: v7.0[0m
[0;32mI (1649) wifi:config NVS flash: enabled[0m
[0;32mI (1652) wifi:config nano formatting: disabled[0m
[0;32mI (1657) wifi:Init data frame dynamic rx buffer num: 32[0m
[0;32mI (1662) wifi:Init static rx mgmt buffer num: 5[0m
[0;32mI (1666) wifi:Init management short buffer num: 32[0m
[0;32mI (1671) wifi:Init static tx buffer num: 16[0m
[0;32mI (1676) wifi:Init tx cache buffer num: 32[0m
[0;32mI (1678) wifi:Init static tx FG buffer num: 2[0m
[0;32mI (1682) wifi:Init static rx buffer size: 1600[0m
[0;32mI (1687) wifi:Init static rx buffer num: 16[0m
[0;32mI (1691) wifi:Init dynamic rx buffer num: 32[0m
[0;32mI (1695) wifi_init: rx ba win: 16[0m
[0;32mI (1697) wifi_init: accept mbox: 6[0m
[0;32mI (1700) wifi_init: tcpip mbox: 32[0m
[0;32mI (1704) wifi_init: udp mbox: 6[0m
[0;32mI (1706) wifi_init: tcp mbox: 6[0m
[0;32mI (1709) wifi_init: tcp tx win: 5760[0m
[0;32mI (1713) wifi_init: tcp rx win: 5760[0m
[0;32mI (1716) wifi_init: tcp mss: 1440[0m
[0;32mI (1719) wifi_init: WiFi/LWIP prefer SPIRAM[0m
[0;32mI (1723) wifi_init: WiFi IRAM OP enabled[0m
[0;32mI (1726) wifi_init: WiFi RX IRAM OP enabled[0m
[0;32mI (1730) reconnect: Found saved WiFi: NamTrung[0m
[0;32mI (1735) WiFi: Wi-Fi and IP event handlers registered[0m
Wi-Fi event handler registered.
[0;32mI (1742) phy_init: phy_version 701,f4f1da3a,Mar  3 2025,15:50:10[0m
[0;32mI (1784) wifi:mode : sta (10:20:ba:05:9b:9c)[0m
[0;32mI (1784) wifi:enable tsf[0m
[0;32mI (1786) reconnect: WiFi init complete, waiting for connection...[0m
[0;32mI (1787) WiFi Sta: GET: SSID:NamTrung, password:nt@14092011[0m
[0;32mI (1792) wifi:new:<11,0>, old:<1,0>, ap:<255,255>, sta:<11,0>, prof:1, snd_ch_cfg:0x0[0m
[0;32mI (1799) wifi:state: init -> auth (0xb0)[0m
[0;32mI (1807) wifi:state: auth -> assoc (0x0)[0m
[0;32mI (1865) wifi:state: assoc -> run (0x10)[0m
[0;32mI (2291) WiFi Sta: Failed to connect to the AP[0m
[0;32mI (2291) WiFi Sta: Retrying to connect to the AP[0m
Free heap: 3707020 bytes
[0;32mI (2861) wifi:connected with NamTrung, aid = 21, channel 11, BW20, bssid = 10:5f:02:75:1e:9a[0m
[0;32mI (2862) wifi:security: WPA2-PSK, phy: bgn, rssi: -54[0m
[0;32mI (2864) wifi:pm start, type: 1[0m

[0;32mI (2866) wifi:dp: 1, bi: 102400, li: 3, scale listen interval from 307200 us to 307200 us[0m
[0;32mI (2874) wifi:set rx beacon pti, rx_bcn_pti: 14, bcn_timeout: 25000, mt_pti: 14, mt_time: 10000[0m
[0;32mI (2884) WiFi Sta: Connected to SSID:NamTrung, channel:11[0m
[0;32mI (2948) wifi:AP's beacon interval = 102400 us, DTIM period = 1[0m
Free heap: 3706216 bytes
[0;32mI (3801) WiFi Sta: Failed to connect to the AP[0m
[0;32mI (3801) WiFi Sta: Retrying to connect to the AP[0m
[0;32mI (3903) esp_netif_handlers: sta ip: 10.10.1.38, mask: 255.255.252.0, gw: 10.10.1.1[0m
[0;32mI (3903) WiFi Sta: WIFI GOT_IP.[0m
[0;32mI (3916) MQTT_MANAGER: No existing client, creating new one...[0m
[0;32mI (3917) MQTT: Other event id:7[0m
[0;32mI (3968) wifi:<ba-add>idx:0 (ifx:0, 10:5f:02:75:1e:9a), tid:7, ssn:6, winSize:64[0m
[0;32mI (3989) wifi:<ba-add>idx:1 (ifx:0, 10:5f:02:75:1e:9a), tid:0, ssn:1, winSize:64[0m
[0;32mI (4025) MQTT: MQTT_EVENT_CONNECTED[0m
[0;32mI (4030) MQTT: MQTT_EVENT_SUBSCRIBED, msg_id=15292, return code=0x00 [0m
[0;32mI (4032) MQTT: MQTT_EVENT_SUBSCRIBED, msg_id=40280, return code=0x00 [0m
[0;32mI (4034) MQTT: MQTT_EVENT_SUBSCRIBED, msg_id=6325, return code=0x00 [0m
[0;32mI (4039) MQTT: MQTT_EVENT_SUBSCRIBED, msg_id=40163, return code=0x00 [0m
[0;32mI (4172) MQTT: MQTT_EVENT_SUBSCRIBED, msg_id=33305, return code=0x01 [0m
[0;32mI (4175) MQTT: Processing topic: device/list[0m
Guru Meditation Error: Core  1 panic'ed (Double exception). 

Core  1 register dump:
PC      : 0x403743c0  PS      : 0x00060236  A0      : 0xffffffff  A1      : 0x3fcca120  
A2      : 0x00060236  A3      : 0x00040026  A4      : 0x3fc9cc38  A5      : 0x3fcb41a5  
A6      : 0x00000000  A7      : 0x0000000a  A8      : 0x3fcca1e0  A9      : 0x3fcb848c  
A10     : 0x3fc9cc40  A11     : 0x0000000a  A12     : 0x00000000  A13     : 0x00000000  
A14     : 0x3fc9cc38  A15     : 0x60038000  SAR     : 0x00000004  EXCCAUSE: 0x00000002  
EXCVADDR: 0x3fcb848c  LBEG    : 0x400556d5  LEND    : 0x400556e5  LCOUNT  : 0xfffffffc  


Backtrace: 0x403743bd:0x3fcca120 0x7ffffffc:0x3fcca140 |<-CORRUPTED


Core  0 register dump:
PC      : 0x4037acfa  PS      : 0x00060c34  A0      : 0x82003c31  A1      : 0x3fcb7940  
A2      : 0x00000000  A3      : 0x3c22162c  A4      : 0x8037787a  A5      : 0x3fc9edb0  
A6      : 0x00000000  A7      : 0x3fcc54a0  A8      : 0x8204527a  A9      : 0x3fcb7910  
A10     : 0x00000000  A11     : 0x3fca246c  A12     : 0x8037f54d  A13     : 0x3fcb7aec  
A14     : 0x00000001  A15     : 0x3fcafd58  SAR     : 0x00000000  EXCCAUSE: 0x00000007  
EXCVADDR: 0x00000000  LBEG    : 0x00000000  LEND    : 0x00000000  LCOUNT  : 0x00000000  


Backtrace: 0x4037acf7:0x3fcb7940 0x42003c2e:0x3fcb7960 0x403802ac:0x3fcb
7980




ELF file SHA256: 031da013c

Rebooting...
ï¿½ ï¿½ESP-ROM:esp32s3-20210327
Build:Mar 27 2021
rst:0xc (RTC_SW_CPU_RST),boot:0x28 (SPI_FAST_FLASH_BOOT)
Saved PC:0x4037ac96
SPIWP:0xee
mode:DIO, clock div:1
load:0x3fce2820,len:0x1710
load:0x403c8700,len:0xec0
load:0x403cb700,len:0x31d4
entry 0x403c894c
[0;32mI (29) boot: ESP-IDF v5.5-dirty 2nd stage bootloader[0m
[0;32mI (29) boot: compile time Oct 10 2025 10:23:37[0m
[0;32mI (29) boot: Multicore bootloader[0m
[0;32mI (30) boot: chip revision: v0.2[0m
[0;32mI (33) boot: efuse block revision: v1.3[0m
[0;32mI (36) qio_mode: Enabling default flash chip QIO[0m
[0;32mI (40) boot.esp32s3: Boot SPI Speed : 80MHz[0m
[0;32mI (44) boot.esp32s3: SPI Mode       : QIO[0m
[0;32mI (48) boot.esp32s3: SPI Flash Size : 16MB[0m
[0;32mI (52) boot: Enabling RNG early entropy source...[0m
[0;32mI (56) boot: Partition Table:[0m
[0;32mI (59) boot: ## Label            Usage          Type ST Offset   Length[0m
[0;32mI (65) boot:  0 nvs              WiFi data        01 02 00009000 00006000[0m
[0;32mI (72) boot:  1 phy_init         RF data          01 01 0000f000 00001000[0m
[0;32mI (78) boot:  2 factory          factory app      00 00 00010000 00800000[0m
[0;32mI (85) boot: End of partition table[0m
[0;32mI (88) esp_image: segment 0: paddr=00010020 vaddr=3c0e0020 size=140bd4h (1313748) map[0m
[0;32mI (292) esp_image: segment 1: paddr=00150bfc vaddr=3fc9c900 size=057a0h ( 22432) load[0m
[0;32mI (296) esp_image: segment 2: paddr=001563a4 vaddr=40374000 size=09c74h ( 40052) load[0m
[0;32mI (304) esp_image: segment 3: paddr=00160020 vaddr=42000020 size=dd390h (906128) map[0m
[0;32mI (439) esp_image: segment 4: paddr=0023d3b8 vaddr=4037dc74 size=0ec0ch ( 60428) load[0m
[0;32mI (451) esp_image: segment 5: paddr=0024bfcc vaddr=600fe000 size=00020h (    32) load[0m
[0;32mI (461) boot: Loaded app from partition at offset 0x10000[0m
[0;32mI (461) boot: Disabling RNG early entropy source...[0m
[0;33mW (471) flash HPM: HPM mode is optional feature that depends on flash model. Read Docs First![0m
[0;33mW (472) flash HPM: HPM mode with DC adjustment is disabled. Some flash models may not be supported. Read Docs First![0m
[0;33mW (479) flash HPM: High performance mode of this flash model hasn't been supported.[0m
[0;32mI (486) MSPI Timing: Flash timing tuning index: 2[0m
[0;32mI (491) octal_psram: vendor id    : 0x0d (AP)[0m
[0;32mI (495) octal_psram: dev id       : 0x02 (generation 3)[0m
[0;32mI (499) octal_psram: density      : 0x03 (64 Mbit)[0m
[0;32mI (504) octal_psram: good-die     : 0x01 (Pass)[0m
[0;32mI (508) octal_psram: Latency      : 0x01 (Fixed)[0m
[0;32mI (513) octal_psram: VCC          : 0x01 (3V)[0m
[0;32mI (517) octal_psram: SRF          : 0x01 (Fast Refresh)[0m
[0;32mI (522) octal_psram: BurstType    : 0x01 (Hybrid Wrap)[0m
[0;32mI (526) octal_psram: BurstLen     : 0x01 (32 Byte)[0m
[0;32mI (531) octal_psram: Readlatency  : 0x02 (10 cycles@Fixed)[0m
[0;32mI (536) octal_psram: