Command: D:\ESP32_IDF\Espressif\python_env\idf5.5_py3.11_env\Scripts\python.exe D:\ESP32_IDF\Espressif\frameworks\esp-idf-v5.5\tools/idf_monitor.py -p COM10 -b 115200 --toolchain-prefix xtensa-esp32s3-elf- --target esp32s3 --revision 0 D:\ESP32\ESP32S3_LCD 7B_DEMO_3\ESP32-S3-Touch-LCD-7B-Demo\ESP32-S3-Touch-LCD-7B-Demo\ESP-IDF\16_LVGL_UI\build\16_LVGL_UI.elf D:\ESP32\ESP32S3_LCD 7B_DEMO_3\ESP32-S3-Touch-LCD-7B-Demo\ESP32-S3-Touch-LCD-7B-Demo\ESP-IDF\16_LVGL_UI\build\bootloader\bootloader.elf --force-color -m 'D:\ESP32_IDF\Espressif\python_env\idf5.5_py3.11_env\Scripts\python.exe' 'D:\ESP32_IDF\Espressif\frameworks\esp-idf-v5.5\tools\idf.py' '-p' 'COM10'
ESP-ROM:esp32s3-20210327
Build:Mar 27 2021
rst:0x1 (POWERON),boot:0x28 (SPI_FAST_FLASH_BOOT)
SPIWP:0xee
mode:DIO, clock div:1
load:0x3fce2820,len:0x1710
load:0x403c8700,len:0xec0
load:0x403cb700,len:0x31d4
entry 0x403c894c
[0;32mI (25) boot: ESP-IDF v5.5-dirty 2nd stage bootloader[0m
[0;32mI (25) boot: compile time Sep 26 2025 21:34:30[0m
[0;32mI (25) boot: Multicore bootloader[0m
[0;32mI (26) boot: chip revision: v0.2[0m
[0;32mI (28) boot: efuse block revision: v1.3[0m
[0;32mI (32) qio_mode: Enabling default flash chip QIO[0m
[0;32mI (36) boot.esp32s3: Boot SPI Speed : 80MHz[0m
[0;32mI (40) boot.esp32s3: SPI Mode       : QIO[0m
[0;32mI (44) boot.esp32s3: SPI Flash Size : 16MB[0m
[0;32mI (48) boot: Enabling RNG early entropy source...[0m
[0;32mI (52) boot: Partition Table:[0m
[0;32mI (55) boot: ## Label            Usage          Type ST Offset   Length[0m
[0;32mI (61) boot:  0 nvs              WiFi data        01 02 00009000 00006000[0m
[0;32mI (68) boot:  1 phy_init         RF data          01 01 0000f000 00001000[0m
[0;32mI (74) boot:  2 factory          factory app      00 00 00010000 00800000[0m
[0;32mI (81) boot: End of partition table[0m
[0;32mI (84) esp_image: segment 0: paddr=00010020 vaddr=3c150020 size=d4ebch (872124) map[0m
[0;32mI (221) esp_image: segment 1: paddr=000e4ee4 vaddr=3fca6300 size=05fc4h ( 24516) load[0m
[0;32mI (225) esp_image: segment 2: paddr=000eaeb0 vaddr=40374000 size=05168h ( 20840) load[0m
[0;32mI (230) esp_image: segment 3: paddr=000f0020 vaddr=42000020 size=143bech (1326060) map[0m
[0;32mI (429) esp_image: segment 4: paddr=00233c14 vaddr=40379168 size=1d0e4h (119012) load[0m
[0;32mI (452) esp_image: segment 5: paddr=00250d00 vaddr=600fe000 size=00020h (    32) load[0m
[0;32mI (465) boot: Loaded app from partition at offset 0x10000[0m
[0;32mI (465) boot: Disabling RNG early entropy source...[0m
[0;33mW (475) flash HPM: HPM mode is optional feature that depends on flash model. Read Docs First![0m
[0;33mW (476) flash HPM: HPM mode with DC adjustment is disabled. Some flash models may not be supported. Read Docs First![0m
[0;33mW (483) flash HPM: High performance mode of this flash model hasn't been supported.[0m
[0;32mI (490) MSPI Timing: Flash timing tuning index: 2[0m
[0;32mI (495) octal_psram: vendor id    : 0x0d (AP)[0m
[0;32mI (498) octal_psram: dev id       : 0x02 (generation 3)[0m
[0;32mI (503) octal_psram: density      : 0x03 (64 Mbit)[0m
[0;32mI (508) octal_psram: good-die     : 0x01 (Pass)[0m
[0;32mI (512) octal_psram: Latency      : 0x01 (Fixed)[0m
[0;32mI (517) octal_psram: VCC          : 0x01 (3V)[0m
[0;32mI (521) octal_psram: SRF          : 0x01 (Fast Refresh)[0m
[0;32mI (526) octal_psram: BurstType    : 0x01 (Hybrid Wrap)[0m
[0;32mI (530) octal_psram: BurstLen     : 0x01 (32 Byte)[0m
[0;32mI (535) octal_psram: Readlatency  : 0x02 (10 cycles@Fixed)[0m
[0;32mI (540) octal_psram: DriveStrength: 0x00 (1/1)[0m
[0;32mI (552) MSPI Timing: PSRAM timing tuning index: 2[0m
[0;32mI (552) esp_psram: Found 8MB PSRAM device[0m
[0;32mI (553) esp_psram: Speed: 120MHz[0m
[0;32mI (592) mmu_psram: Read only data copied and mapped to SPIRAM[0m
[0;32mI (662) mmu_psram: Instructions copied and mapped to SPIRAM[0m
[0;32mI (662) cpu_start: Multicore app[0m
[0;32mI (811) esp_psram: SPI SRAM memory test OK[0m
[0;32mI (819) cpu_start: Pro cpu start user code[0m
[0;32mI (819) cpu_start: cpu freq: 240000000 Hz[0m
[0;32mI (820) app_init: Application information:[0m
[0;32mI (820) app_init: Project name:     16_LVGL_UI[0m
[0;32mI (824) app_init: App version:      bba0fe8-dirty[0m
[0;32mI (828) app_init: Compile time:     Oct  1 2025 11:41:09[0m
[0;32mI (833) app_init: ELF file SHA256:  61af0854a...[0m
[0;32mI (838) app_init: ESP-IDF:          v5.5-dirty[0m
[0;32mI (842) efuse_init: Min chip rev:     v0.0[0m
[0;32mI (846) efuse_init: Max chip rev:     v0.99 [0m
[0;32mI (850) efuse_init: Chip rev:         v0.2[0m
[0;32mI (853) heap_init: Initializing. RAM available for dynamic allocation:[0m
[0;32mI (860) heap_init: At 3FCB7618 len 000320F8 (200 KiB): RAM[0m
[0;32mI (865) heap_init: At 3FCE9710 len 00005724 (21 KiB): RAM[0m
[0;32mI (870) heap_init: At 3FCF0000 len 00008000 (32 KiB): DRAM[0m
[0;32mI (875) heap_init: At 600FE020 len 00001FC8 (7 KiB): RTCRAM[0m
[0;32mI (881) esp_psram: Adding pool of 5952K of PSRAM memory to heap allocator[0m
[0;32mI (887) esp_psram: Adding pool of 44K of PSRAM memory gap generated due to end address alignment of drom to the heap allocator[0m
[0;32mI (898) spi_flash: detected chip: generic[0m
[0;32mI (902) spi_flash: flash io: qio[0m
[0;32mI (905) sleep_gpio: Configure to isolate all GPIO pins in sleep state[0m
[0;32mI (911) sleep_gpio: Enable automatic switching of GPIO sleep configuration[0m
[0;32mI (918) coexist: coex firmware version: 831ec70[0m
[0;32mI (931) coexist: coexist rom version e7ae62f[0m
[0;32mI (931) main_task: Started on CPU0[0m
[0;32mI (932) esp_psram: Reserving pool of 32K of internal memory for DMA/internal allocations[0m
[0;32mI (937) main_task: Calling app_main()[0m
[0;33mW (949) i2c.master: Please check pull-up resistances whether be connected properly. Otherwise unexpected behavior would happen. For more detailed information, please read docs[0m
[0;32mI (1356) GT911: Initialize I2C panel IO[0m
[0;32mI (1356) GT911: Initialize touch controller GT911[0m
[0;33mW (1356) GT911: Unable to initialize the I2C address[0m
[0;32mI (1358) GT911: TouchPad_ID:0x39,0x31,0x31[0m
[0;32mI (1361) GT911: TouchPad_Config_Version:91[0m
[0;32mI (1365) example: Install RGB LCD panel driver[0m
[0;32mI (1405) example: Initialize RGB LCD panel[0m
[0;32mI (1407) lv_port: Create LVGL task[0m
[0;32mI (1434) main: Display LVGL demos[0m
[0;32mI (1626) BLE_INIT: BT controller compile version [4713a69][0m
[0;32mI (1626) pp: pp rom version: e7ae62f[0m
[0;32mI (1626) BLE_INIT: Feature Config, ADV:1, BLE_50:1, DTM:1, SCAN:1, CCA:0, SMP:1, CONNECT:1[0m
[0;32mI (1627) net80211: net80211 rom version: e7ae62f[0m
[0;32mI (1632) BLE_INIT: Bluetooth MAC: 10:20:ba:01:48:aa[0m
[0;33mW (1636) RSSI: Not connected to any AP[0m
[0;32mI (1641) phy_init: phy_version 701,f4f1da3a,Mar  3 2025,15:50:10[0m
[0;32mI (1638) wifi:wifi driver task: 3fce492c, prio:23, stack:6656, core=0[0m
[0;32mI (1663) wifi:wifi firmware version: f3dbad7[0m
[0;32mI (1663) wifi:wifi certification version: v7.0[0m
[0;32mI (1664) wifi:config NVS flash: enabled[0m
[0;32mI (1668) wifi:config nano formatting: disabled[0m
[0;32mI (1672) wifi:Init data frame dynamic rx buffer num: 32[0m
[0;32mI (1677) wifi:Init static rx mgmt buffer num: 5[0m
[0;32mI (1632) main: API task started[0m
[0;32mI (1682) wifi:I (1684) main: Waiting for WiFi...[0m
Init management short buffer num: 32
[0;32mI (1692) wifi:Init static tx buffer num: 16[0m
[0;32mI (1697) wifi:Init tx cache buffer num: 32[0m
[0;32mI (1699) wifi:Init static tx FG buffer num: 2[0m
[0;32mI (1703) wifi:Init static rx buffer size: 1600[0m
[0;33mW (1708) wifi:malloc buffer fail[0m
[0;32mI (1711) wifi:Init static rx buffer num: 15[0m
[0;32mI (1715) wifi:Init dynamic rx buffer num: 32[0m
[1;31mE (1719) wifi:Expected to init 16 rx buffer, actual is 15[0m
[0;32mI (1724) wifi:Deinit lldesc rx mblock:0[0m
[0;32mI (1727) wifi:Deinit lldesc rx mblock:0[0m
[0;32mI (1731) wifi:Deinit lldesc rx mblock:0[0m
[0;32mI (1734) wifi:Deinit lldesc rx mblock:0[0m
[0;33mW (1739) wifi_init: Failed to unregister Rx callbacks[0m
[1;31mE (1743) wifi_init: Failed to deinit Wi-Fi driver (0x3001)[0m
[0;32mI (1745) BLE_SERVER: REGISTER_APP_EVT, status 0, app_id 0[0m
[0;32mI (1745) BLE_SERVER: ***** BLE GATT SERVER STARTED *****[0m
[0;33mW (1753) BT_BTM: BTM_BleWriteAdvData, Partial data write into ADV[0m
[0;32mI (1758) BLE_SERVER: ***** WAITING FOR CLIENT CONNECTION *****[0m
[0;33mW (1764) BT_BTM: BTM_BleWriteScanRsp, Partial data write into ADV[0m
[1;31mE (1748) wifi_init: Failed to deinit Wi-Fi (0x3001)[0m
ESP_ERROR_CHECK failed: esp_err_t 0x101 (ESP_ERR_NO_MEM) at 0x4200f3b5
file: "./main/user/wifi/wifi.c" line 93
func: wifi_init
expression: esp_wifi_init(&cfg)

abort() was called at PC 0x40388253 on core 1


Backtrace: 0x40376125:0x3fcd2f50 0x4038825d:0x3fcd2f70 0x4038fda6:0x3fcd2f90 0x40388253:0x3fcd3000 0x4200f3b5:0x3fcd3030 0x4200f3f7:0x3fcd30f0




ELF file SHA256: 61af0854a

Rebooting...
ESP-ROM:esp32s3-20210327
Build:Mar 27 2021
rst:0xc (RTC_SW_CPU_RST),boot:0x28 (SPI_FAST_FLASH_BOOT)
Saved PC:0x42008e48
SPIWP:0xee
mode:DIO, clock div:1
load:0x3fce2820,len:0x1710
load:0x403c8700,len:0xec0
load:0x403cb700,len:0x31d4
entry 0x403c894c
[0;32mI (29) boot: ESP-IDF v5.5-dirty 2nd stage bootloader[0m
[0;32mI (29) boot: compile time Sep 26 2025 21:34:30[0m
[0;32mI (29) boot: Multicore bootloader[0m
[0;32mI (30) boot: chip revision: v0.2[0m
[0;32mI (33) boot: efuse block revision: v1.3[0m
[0;32mI (36) qio_mode: Enabling default flash chip QIO[0m
[0;32mI (40) boot.esp32s3: Boot SPI Speed : 80MHz[0m
[0;32mI (44) boot.esp32s3: SPI Mode       : QIO[0m
[0;32mI (48) boot.esp32s3: SPI Flash Size : 16MB[0m
[0;32mI (52) boot: Enabling RNG early entropy source...[0m
[0;32mI (56) boot: Partition Table:[0m
[0;32mI (59) boot: ## Label            Usage          Type ST Offset   Length[0m
[0;32mI (65) boot:  0 nvs              WiFi data        01 02 00009000 00006000[0m
[0;32mI (72) boot:  1 phy_init         RF data          01 01 0000f000 00001000[0m
[0;32mI (78) boot:  2 factory          factory app      00 00 00010000 00800000[0m
[0;32mI (85) boot: End of partition table[0m
[0;32mI (88) esp_image: segment 0: paddr=00010020 vaddr=3c150020 size=d4ebch (872124) map[0m
[0;32mI (226) esp_image: segment 1: paddr=000e4ee4 vaddr=3fca6300 size=05fc4h ( 24516) load[0m
[0;32mI (230) esp_image: segment 2: paddr=000eaeb0 vaddr=40374000 size=05168h ( 20840) load[0m
[0;32mI (235) esp_image: segment 3: paddr=000f0020 vaddr=42000020 size=143bech (1326060) map[0m
[0;32mI (435) esp_image: segment 4: paddr=00233c14 vaddr=40379168 size=1d0e4h (119012) load[0m
[0;32mI (458) esp_image: segment 5: paddr=00250d00 vaddr=600fe000 size=00020h (    32) load[0m
[0;32mI (471) boot: Loaded app from partition at offset 0x10000[0m
[0;32mI (471) boot: Disabling RNG early entropy source...[0m
[0;33mW (481) flash HPM: HPM mode is optional feature that depends on flash model. Read Docs First![0m
[0;33mW (482) flash HPM: HPM mode with DC adjustment is disabled. Some flash models may not be supported. Read Docs First![0m
[0;33mW (489) flash HPM: High performance mode of this flash model hasn't been supported.[0m
[0;32mI (496) MSPI Timing: Flash timing tuning index: 2[0m
[0;32mI (501) octal_psram: vendor id    : 0x0d (AP)[0m
[0;32mI (504) octal_psram: dev id       : 0x02 (generation 3)[0m
[0;32mI (509) octal_psram: density      : 0x03 (64 Mbit)[0m
[0;32mI (514) octal_psram: good-die     : 0x01 (Pass)[0m
[0;32mI (518) octal_psram: Latency      : 0x01 (Fixed)[0m
[0;32mI (523) octal_psram: VCC          : 0x01 (3V)[0m
[0;32mI (527) octal_psram: SRF          : 0x01 (Fast Refresh)[0m
[0;32mI (532) octal_psram: BurstType    : 0x01 (Hybrid Wrap)[0m
[0;32mI (536) octal_psram: BurstLen     : 0x01 (32 Byte)[0m
[0;32mI (541) octal_psram: Readlatency  : 0x02 (10 cycles@Fixed)[0m
[0;32mI (546) octal_psram: DriveStrength: 0x00 (1/1)[0m
[0;32mI (558) MSPI Timing: PSRAM timing tuning index: 2[0m
[0;32mI (558) esp_psram: Found 8MB PSRAM device[0m
[0;32mI (559) esp_psram: Speed: 120MHz[0m
[0;32mI (598) mmu_psram: Read only data copied and mapped to SPIRAM[0m
[0;32mI (668) mmu_psram: Instructions copied and mapped to SPIRAM[0m
[0;32mI (668) cpu_start: Multicore app[0m
[0;32mI (817) esp_psram: SPI SRAM memory test OK[0m
[0;32mI (825) cpu_start: Pro cpu start user code[0m
[0;32mI (826) cpu_start: cpu freq: 240000000 Hz[0m
[0;32mI (826) app_init: Application information:[0m
[0;32mI (826) app_init: Project name:     16_LVGL_UI[0m
[0;32mI (830) app_init: App version:      bba0fe8-dirty[0m
[0;32mI (834) app_init: Compile time:     Oct  1 2025 11:41:09[0m
[0;32mI (839) app_init: ELF file SHA256:  61af0854a...[0m
[0;32mI (844) app_init: ESP-IDF:          v5.5-dirty[0m
[0;32mI (848) efuse_init: Min chip rev:     v0.0[0m
[0;32mI (852) efuse_init: Max chip rev:     v0.99 [0m
[0;32mI (856) efuse_init: Chip rev:         v0.2[0m
[0;32mI (859) heap_init: Initializing. RAM available for dynamic allocation:[0m
[0;32mI (866) heap_init: At 3FCB7618 len 000320F8 (200 KiB): RAM[0m
[0;32mI (871) heap_init: At 3FCE9710 len 00005724 (21 KiB): RAM[0m
[0;32mI (876) heap_init: At 3FCF0000 len 00008000 (32 KiB): DRAM[0m
[0;32mI (881) heap_init: At 600FE020 len 00001FC8 (7 KiB): RTCRAM[0m
[0;32mI (887) esp_psram: Adding pool of 5952K of PSRAM memory to heap allocator[0m
[0;32mI (893) esp_psram: Adding pool of 44K of PSRAM memory gap generated due to end address alignment of drom to the heap allocator[0m
[0;32mI (904) spi_flash: detected chip: generic[0m
[0;32mI (908) spi_flash: flash io: qio[0m
[0;32mI (911) sleep_gpio: Configure to isolate all GPIO pins in sleep state[0m
[0;32mI (917) sleep_gpio: Enable automatic switching of GPIO sleep configuration[0m
[0;32mI (924) coexist: coex firmware version: 831ec70[0m
[0;32mI (937) coexist: coexist rom version e7ae62f[0m
[0;32mI (937) main_task: Started on CPU0[0m
[0;32mI (938) esp_psram: Reserving pool of 32K of internal memory for DMA/internal allocations[0m
[0;32mI (943) main_task: Calling app_main()[0m
[0;33mW (955) i2c.master: Please check pull-up resistances whether be connected properly. Otherwise unexpected behavior would happen. For more detailed information, please read docs[0m
[0;32mI (1362) GT911: Initialize I2C panel IO[0m
[0;32mI (1362) GT911: Initialize touch controller GT911[0m
[0;33mW (1362) GT911: Unable to initialize the I2C address[0m
[0;32mI (1364) GT911: TouchPad_ID:0x39,0x31,0x31[0m
[0;32mI (1367) GT911: TouchPad_Config_Version:91[0m
[0;32mI (1371) example: Install RGB LCD panel driver[0m
[0;32mI (1411) example: Initialize RGB LCD panel[0m
[0;32mI (1413) lv_port: Create LVGL task[0m
[0;32mI (1440) main: Display LVGL demos[0m
[0;32mI (1632) BLE_INIT: BT controller compile version [4713a69][0m
[0;32mI (1632) pp: pp rom version: e7ae62f[0m
[0;32mI (1632) BLE_INIT: Feature Config, ADV:1, BLE_50:1, DTM:1, SCAN:1, CCA:0, SMP:1, CONNECT:1[0m
[0;32mI (1633) net80211: net80211 rom version: e7ae62f[0m
[0;32mI (1638) BLE_INIT: Bluetooth MAC: 10:20:ba:01:48:aa[0m
[0;33mW (1642) RSSI: Not connected to any AP[0m
[0;32mI (1647) phy_init: phy_version 701,f4f1da3a,Mar  3 2025,15:50:10[0m
[0;32mI (1644) wifi:wifi driver task: 3fce492c, prio:23, stack:6656, core=0[0m
[0;32mI (1669) wifi:wifi firmware version: f3dbad7[0m
[0;32mI (1669) wifi:wifi certification version: v7.0[0m
[0;32mI (1670) wifi:config NVS flash: enabled[0m
[0;32mI (1674) wifi:config nano formatting: disabled[0m
[0;32mI (1678) wifi:Init data frame dynamic rx buffer num: 32[0m
[0;32mI (1683) wifi:Init static rx mgmt buffer num: 5[0m
[0;32mI (1687) wifi:Init management short buffer num: 32[0m
[0;32mI (1638) main: API task started[0m
[0;32mI (1693) wifi:I (1694) main: Waiting for WiFi...[0m
Init static tx buffer num: 16
[0;32mI (1703) wifi:Init tx cache buffer num: 32[0m
[0;32mI (1705) wifi:Init static tx FG buffer num: 2[0m
[0;32mI (1709) wifi:Init static rx buffer size: 1600[0m
[0;33mW (1714) wifi:malloc buffer fail[0m
[0;32mI (1717) wifi:Init static rx buffer num: 14[0m
[0;32mI (1721) wifi:Init dynamic rx buffer num: 32[0m
[1;31mE (1724) wifi:Expected to init 16 rx buffer, actual is 14[0m
[0;32mI (1730) wifi:Deinit lldesc rx mblock:0[0m
[0;32mI (1733) wifi:Deinit lldesc rx mblock:0[0m
[0;32mI (1738) wifi:Deinit lldesc rx mblock:0[0m
[0;32mI (1740) wifi:Deinit lldesc rx mblock:0[0m
[0;33mW (1745) wifi_init: Failed to unregister Rx callbacks[0m
[1;31mE (1749) wifi_init: Failed to deinit Wi-Fi driver (0x3001)[0m
[0;32mI (1751) BLE_SERVER: REGISTER_APP_EVT, status 0, app_id 0[0m
[0;32mI (1751) BLE_SERVER: ***** BLE GATT SERVER STARTED *****[0m
[0;33mW (1759) BT_BTM: BTM_BleWriteAdvData, Partial data write into ADV[0m
[0;32mI (1764) BLE_SERVER: ***** WAITING FOR CLIENT CONNECTION *****[0m
[0;33mW (1770) BT_BTM: BTM_BleWriteScanRsp, Partial data write into ADV[0m
[1;31mE (1754) wifi_init: Failed to deinit Wi-Fi (0x3001)[0m
ESP_ERROR_CHECK failed: esp_err_t 0x101 (ESP_ERR_NO_MEM) at 0x4200f3b5
file: "./main/user/wifi/wifi.c" line 93
func: wifi_init
expression: esp_wifi_init(&cfg)

abort() was called at PC 0x40388253 on core 1


Backtrace: 0x40376125:0x3fcd2f50 0x4038825d:0x3fcd2f70 0x4038fda6:0x3fcd2f90 0x40388253:0x3fcd3000 0x4200f3b5:0x3fcd3030 0x4200f3f7:0x3fcd30f0




ELF file SHA256: 61af0854a

Rebooting...
ESP-ROM:esp32s3-20210327
Build:Mar 27 2021
rst:0xc (RTC_SW_CPU_RST),boot:0x28 (SPI_FAST_FLASH_BOOT)
Saved PC:0x42008e48
SPIWP:0xee
mode:DIO, clock div:1
load:0x3fce2820,len:0x1710
load:0x403c8700,len:0xec0
load:0x403cb700,len:0x31d4
entry 0x403c894c
[0;32mI (29) boot: ESP-IDF v5.5-dirty 2nd stage bootloader[0m
[0;32mI (29) boot: compile time Sep 26 2025 21:34:30[0m
[0;32mI (29) boot: Multicore bootloader[0m
[0;32mI (30) boot: chip revision: v0.2[0m
[0;32mI (33) boot: efuse block revision: v1.3[0m
[0;32mI (36) qio_mode: Enabling default flash chip QIO[0m
[0;32mI (40) boot.esp32s3: Boot SPI Speed : 80MHz[0m
[0;32mI (44) boot.esp32s3: SPI Mode       : QIO[0m
[0;32mI (48) boot.esp32s3: SPI Flash Size : 16MB[0m
[0;32mI (52) boot: Enabling RNG early entropy source...[0m
[0;32mI (56) boot: Partition Table:[0m
[0;32mI (59) boot: ## Label            Usage          Type ST Offset   Length[0m
[0;32mI (65) boot:  0 nvs              WiFi data        01 02 00009000 00006000[0m
[0;32mI (72) boot:  1 phy_init         RF data          01 01 0000f000 00001000[0m
[0;32mI (78) boot:  2 factory          factory app      00 00 00010000 00800000[0m
[0;32mI (85) boot: End of partition table[0m
[0;32mI (88) esp_image: segment 0: paddr=00010020 vaddr=3c150020 size=d4ebch (872124) map[0m
[0;32mI (226) esp_image: segment 1: paddr=000e4ee4 vaddr=3fca6300 size=05fc4h ( 24516) load[0m
[0;32mI (230) esp_image: segment 2: paddr=000eaeb0 vaddr=40374000 size=05168h ( 20840) load[0m
[0;32mI (235) esp_image: segment 3: paddr=000f0020 vaddr=42000020 size=143bech (1326060) map[0m
[0;32mI (435) esp_image: segment 4: paddr=00233c14 vaddr=40379168 size=1d0e4h (119012) load[0m
[0;32mI (458) esp_image: segment 5: paddr=00250d00 vaddr=600fe000 size=00020h (    32) load[0m
[0;32mI (471) boot: Loaded app from partition at offset 0x10000[0m
[0;32mI (471) boot: Disabling RNG early entropy source...[0m
[0;33mW (481) flash HPM: HPM mode is optional feature that depends on flash model. Read Docs First![0m
[0;33mW (482) flash HPM: HPM mode with DC adjustment is disabled. Some flash models may not be supported. Read Docs First![0m
[0;33mW (489) flash HPM: High performance mode of this flash model hasn't been supported.[0m
[0;32mI (496) MSPI Timing: Flash timing tuning index: 2[0m
[0;32mI (501) octal_psram: vendor id    : 0x0d (AP)[0m
[0;32mI (504) octal_psram: dev id       : 0x02 (generation 3)[0m
[0;32mI (509) octal_psram: density      : 0x03 (64 Mbit)[0m
[0;32mI (514) octal_psram: good-die     : 0x01 (Pass)[0m
[0;32mI (518) octal_psram: Latency      : 0x01 (Fixed)[0m
[0;32mI (523) octal_psram: VCC          : 0x01 (3V)[0m
[0;32mI (527) octal_psram: SRF          : 0x01 (Fast Refresh)[0m
[0;32mI (532) octal_psram: BurstType    : 0x01 (Hybrid Wrap)[0m
[0;32mI (536) octal_psram: BurstLen     : 0x01 (32 Byte)[0m
[0;32mI (541) octal_psram: Readlatency  : 0x02 (10 cycles@Fixed)[0m
[0;32mI (546) octal_psram: DriveStrength: 0x00 (1/1)[0m
[0;32mI (558) MSPI Timing: PSRAM timing tuning index: 2[0m
[0;32mI (558) esp_psram: Found 8MB PSRAM device[0m
[0;32mI (559) esp_psram: Speed: 120MHz[0m
[0;32mI (598) mmu_psram: Read only data copied and mapped to SPIRAM[0m
[0;32mI (668) mmu_psram: Instructions copied and mapped to SPIRAM[0m
[0;32mI (668) cpu_start: Multicore app[0m
[0;32mI (817) esp_psram: SPI SRAM memory test OK[0m
[0;32mI (825) cpu_start: Pro cpu start user code[0m
[0;32mI (826) cpu_start: cpu freq: 240000000 Hz[0m
[0;32mI (826) app_init: Application information:[0m
[0;32mI (826) app_init: Project name:     16_LVGL_UI[0m
[0;32mI (830) app_init: App version:      bba0fe8-dirty[0m
[0;32mI (834) app_init: Compile time:     Oct  1 2025 11:41:09[0m
[0;32mI (839) app_init: ELF file SHA256:  61af0854a...[0m
[0;32mI (844) app_init: ESP-IDF:          v5.5-dirty[0m
[0;32mI (848) efuse_init: Min chip rev:     v0.0[0m
[0;32mI (852) efuse_init: Max chip rev:     v0.99 [0m
[0;32mI (856) efuse_init: Chip rev:         v0.2[0m
[0;32mI (859) heap_init: Initializing. RAM available for dynamic allocation:[0m
[0;32mI (866) heap_init: At 3FCB7618 len 000320F8 (200 KiB): RAM[0m
[0;32mI (871) heap_init: At 3FCE9710 len 00005724 (21 KiB): RAM[0m
[0;32mI (876) heap_init: At 3FCF0000 len 00008000 (32 KiB): DRAM[0m
[0;32mI (881) heap_init: At 600FE020 len 00001FC8 (7 KiB): RTCRAM[0m
[0;32mI (887) esp_psram: Adding pool of 5952K of PSRAM memory to heap allocator[0m
[0;32mI (893) esp_psram: Adding pool of 44K of PSRAM memory gap generated due to end address alignment of drom to the heap allocator[0m
[0;32mI (904) spi_flash: detected chip: generic[0m
[0;32mI (908) spi_flash: flash io: qio[0m
[0;32mI (911) sleep_gpio: Configure to isolate all GPIO pins in sleep state[0m
[0;32mI (917) sleep_gpio: Enable automatic switching of GPIO sleep configuration[0m
[0;32mI (924) coexist: coex firmware version: 831ec70[0m
[0;32mI (937) coexist: coexist rom version e7ae62f[0m
[0;32mI (937) main_task: Started on CPU0[0m
[0;32mI (938) esp_psram: Reserving pool of 32K of internal memory for DMA/internal allocations[0m
[0;32mI (943) main_task: Calling app_main()[0m
[0;33mW (955) i2c.master: Please check pull-up resistances whether be connected properly. Otherwise unexpected behavior would happen. For more detailed information, please read docs[0m
[0;32mI (1362) GT911: Initialize I2C panel IO[0m
[0;32mI (1362) GT911: Initialize touch controller GT911[0m
[0;33mW (1362) GT911: Unable to initialize the I2C address[0m
[0;32mI (1364) GT911: TouchPad_ID:0x39,0x31,0x31[0m
[0;32mI (1367) GT911: TouchPad_Config_Version:91[0m
[0;32mI (1371) example: Install RGB LCD panel driver[0m
[0;32mI (1411) example: Initialize RGB LCD panel[0m
[0;32mI (1413) lv_port: Create LVGL task[0m
[0;32mI (1440) main: Display LVGL demos[0m
[0;32mI (1632) BLE_INIT: BT controller compile version [4713a69][0m
[0;32mI (1632) pp: pp rom version: e7ae62f[0m
[0;32mI (1632) BLE_INIT: Feature Config, ADV:1, BLE_50:1, DTM:1, SCAN:1, CCA:0, SMP:1, CONNECT:1[0m
[0;32mI (1633) net80211: net80211 rom version: e7ae62f[0m
[0;32mI (1638) BLE_INIT: Bluetooth MAC: 10:20:ba:01:48:aa[0m
[0;33mW (1642) RSSI: Not connected to any AP[0m
[0;32mI (1647) phy_init: phy_version 701,f4f1da3a,Mar  3 2025,15:50:10[0m
[0;32mI (1644) wifi:wifi driver task: 3fce492c, prio:23, stack:6656, core=0[0m
[0;32mI (1669) wifi:wifi firmware version: f3dbad7[0m
[0;32mI (1669) wifi:wifi certification version: v7.0[0m
[0;32mI (1670) wifi:config NVS flash: enabled[0m
[0;32mI (1674) wifi:config nano formatting: disabled[0m
[0;32mI (1678) wifi:Init data frame dynamic rx buffer num: 32[0m
[0;32mI (1683) wifi:Init static rx mgmt buffer num: 5[0m
[0;32mI (1638) main: API task started[0m
[0;32mI (1687) wifi:I (1690) main: Waiting for WiFi...[0m
Init management short buffer num: 32
[0;32mI (1699) wifi:Init static tx buffer num: 16[0m
[0;32mI (1702) wifi:Init tx cache buffer num: 32[0m
[0;32mI (1705) wifi:Init static tx FG buffer num: 2[0m
[0;32mI (1709) wifi:Init static rx buffer size: 1600[0m
[0;33mW (1714) wifi:malloc buffer fail[0m
[0;32mI (1717) wifi:Init static rx buffer num: 15[0m
[0;32mI (1720) wifi:Init dynamic rx buffer num: 32[0m
[1;31mE (1725) wifi:Expected to init 16 rx buffer, actual is 15[0m
[0;32mI (1730) wifi:Deinit lldesc rx mblock:0[0m
[0;32mI (1733) wifi:Deinit lldesc rx mblock:0[0m
[0;32mI (1738) wifi:Deinit lldesc rx mblock:0[0m
[0;32mI (1740) wifi:Deinit lldesc rx mblock:0[0m
[0;33mW (1745) wifi_init: Failed to unregister Rx callbacks[0m
[1;31mE (1749) wifi_init: Failed to deinit Wi-Fi driver (0x3001)[0m
[0;32mI (1751) BLE_SERVER: REGISTER_APP_EVT, status 0, app_id 0[0m
[0;32mI (1750) BLE_SERVER: ***** BLE GATT SERVER STARTED *****[0m
[0;33mW (1759) BT_BTM: BTM_BleWriteAdvData, Partial data write into ADV[0m
[0;32mI (1764) BLE_SERVER: ***** WAITING FOR CLIENT CONNECTION *****[0m
[0;33mW (1770) BT_BTM: BTM_BleWriteScanRsp, Partial data write into ADV[0m
[1;31mE (1754) wifi_init: Failed to deinit Wi-Fi (0x3001)[0m
ESP_ERROR_CHECK failed: esp_err_t 0x101 (ESP_ERR_NO_MEM) at 0x4200f3b5
file: "./main/user/wifi/wifi.c" line 93
func: wifi_init
expression: esp_wifi_init(&cfg)

abort() was called at PC 0x40388253 on core 1


Backtrace: 0x40376125:0x3fcd2f50 0x4038825d:0x3fcd2f70 0x4038fda6:0x3fcd2f90 0x40388253:0x3fcd3000 0x4200f3b5:0x3fcd3030 0x4200f3f7:0x3fcd30f0




ELF file SHA256: 61af0854a

Rebooting...
ESP-ROM:esp32s3-20210327
Build:Mar 27 2021
rst:0xc (RTC_SW_CPU_RST),boot:0x28 (SPI_FAST_FLASH_BOOT)
Saved PC:0x42008e48
SPIWP:0xee
mode:DIO, clock div:1
load:0x3fce2820,len:0x1710
load:0x403c8700,len:0xec0
load:0x403cb700,len:0x31d4
entry 0x403c894c
[0;32mI (29) boot: ESP-IDF v5.5-dirty 2nd stage bootloader[0m
[0;32mI (29) boot: compile time Sep 26 2025 21:34:30[0m
[0;32mI (29) boot: Multicore bootloader[0m
[0;32mI (30) boot: chip revision: v0.2[0m
[0;32mI (33) boot: efuse block revision: v1.3[0m
[0;32mI (36) qio_mode: Enabling default flash chip QIO[0m
[0;32mI (40) boot.esp32s3: Boot SPI Speed : 80MHz[0m
[0;32mI (44) boot.esp32s3: SPI Mode       : QIO[0m
[0;32mI (48) boot.esp32s3: SPI Flash Size : 16MB[0m
[0;32mI (52) boot: Enabling RNG early entropy source...[0m
[0;32mI (56) boot: Partition Table:[0m
[0;32mI (59) boot: ## Label            Usage          Type ST Offset   Length[0m
[0;32mI (65) boot:  0 nvs              WiFi data        01 02 00009000 00006000[0m
[0;32mI (72) boot:  1 phy_init         RF data          01 01 0000f000 00001000[0m
[0;32mI (78) boot:  2 factory          factory app      00 00 00010000 00800000[0m
[0;32mI (85) boot: End of partition table[0m
[0;32mI (88) esp_image: segment 0: paddr=00010020 vaddr=3c150020 size=d4ebch (872124) map[0m
[0;32mI (226) esp_image: segment 1: paddr=000e4ee4 vaddr=3fca6300 size=05fc4h ( 24516) load[0m
[0;32mI (230) esp_image: segment 2: paddr=000eaeb0 vaddr=40374000 size=05168h ( 20840) load[0m
[0;32mI (235) esp_image: segment 3: paddr=000f0020 vaddr=42000020 size=143bech (1326060) map[0m
[0;32mI (435) esp_image: segment 4: paddr=00233c14 vaddr=40379168 size=1d0e4h (119012) load[0m
[0;32mI (458) esp_image: segment 5: paddr=00250d00 vaddr=600fe000 size=00020h (    32) load[0m
[0;32mI (471) boot: Loaded app from partition at offset 0x10000[0m
[0;32mI (471) boot: Disabling RNG early entropy source...[0m
[0;33mW (481) flash HPM: HPM mode is optional feature that depends on flash model. Read Docs First![0m
[0;33mW (482) flash HPM: HPM mode with DC adjustment is disabled. Some flash models may not be supported. Read Docs First![0m
[0;33mW (489) flash HPM: High performance mode of this flash model hasn't been supported.[0m
[0;32mI (496) MSPI Timing: Flash timing tuning index: 2[0m
[0;32mI (501) octal_psram: vendor id    : 0x0d (AP)[0m
[0;32mI (504) octal_psram: dev id       : 0x02 (generation 3)[0m
[0;32mI (509) octal_psram: density      : 0x03 (64 Mbit)[0m
[0;32mI (514) octal_psram: good-die     : 0x01 (Pass)[0m
[0;32mI (518) octal_psram: Latency      : 0x01 (Fixed)[0m
[0;32mI (523) octal_psram: VCC          : 0x01 (3V)[0m
[0;32mI (527) octal_psram: SRF          : 0x01 (Fast Refresh)[0m
[0;32mI (532) octal_psram: BurstType    : 0x01 (Hybrid Wrap)[0m
[0;32mI (536) octal_psram: BurstLen     : 0x01 (32 Byte)[0m
[0;32mI (541) octal_psram: Readlatency  : 0x02 (10 cycles@Fixed)[0m
[0;32mI (546) octal_psram: DriveStrength: 0x00 (1/1)[0m
[0;32mI (558) MSPI Timing: PSRAM timing tuning index: 2[0m
[0;32mI (558) esp_psram: Found 8MB PSRAM device[0m
[0;32mI (559) esp_psram: Speed: 120MHz[0m
[0;32mI (598) mmu_psram: Read only data copied and mapped to SPIRAM[0m
[0;32mI (668) mmu_psram: Instructions copied and mapped to SPIRAM[0m
[0;32mI (668) cpu_start: Multicore app[0m
[0;32mI (817) esp_psram: SPI SRAM memory test OK[0m
[0;32mI (825) cpu_start: Pro cpu start user code[0m
[0;32mI (826) cpu_start: cpu freq: 240000000 Hz[0m
[0;32mI (826) app_init: Application information:[0m
[0;32mI (826) app_init: Project name:     16_LVGL_UI[0m
[0;32mI (830) app_init: App version:      bba0fe8-dirty[0m
[0;32mI (834) app_init: Compile time:     Oct  1 2025 11:41:09[0m
[0;32mI (839) app_init: ELF file SHA256:  61af0854a...[0m
[0;32mI (844) app_init: ESP-IDF:          v5.5-dirty[0m
[0;32mI (848) efuse_init: Min chip rev:     v0.0[0m
[0;32mI (852) efuse_init: Max chip rev:     v0.99 [0m
[0;32mI (856) efuse_init: Chip rev:         v0.2[0m
[0;32mI (859) heap_init: Initializing. RAM available for dynamic allocation:[0m
[0;32mI (866) heap_init: At 3FCB7618 len 000320F8 (200 KiB): RAM[0m
[0;32mI (871) heap_init: At 3FCE9710 len 00005724 (21 KiB): RAM[0m
[0;32mI (876) heap_init: At 3FCF0000 len 00008000 (32 KiB): DRAM[0m
[0;32mI (881) heap_init: At 600FE020 len 00001FC8 (7 KiB): RTCRAM[0m
[0;32mI (887) esp_psram: Adding pool of 5952K of PSRAM memory to heap allocator[0m
[0;32mI (893) esp_psram: Adding pool of 44K of PSRAM memory gap generated due to end address alignment of drom to the heap allocator[0m
[0;32mI (904) spi_flash: detected chip: generic[0m
[0;32mI (908) spi_flash: flash io: qio[0m
[0;32mI (911) sleep_gpio: Configure to isolate all GPIO pins in sleep state[0m
[0;32mI (917) sleep_gpio: Enable automatic switching of GPIO sleep configuration[0m
