Command: D:\ESP32_IDF\Espressif\python_env\idf5.5_py3.11_env\Scripts\python.exe D:\ESP32_IDF\Espressif\frameworks\esp-idf-v5.5\tools/idf_monitor.py -p COM7 -b 115200 --toolchain-prefix xtensa-esp32s3-elf- --target esp32s3 --revision 0 D:\ESP32\ESP32S3_LCD 7B_DEMO_3\ESP32-S3-Touch-LCD-7B-Demo\ESP32-S3-Touch-LCD-7B-Demo\ESP-IDF\16_LVGL_UI 2\build\16_LVGL_UI.elf D:\ESP32\ESP32S3_LCD 7B_DEMO_3\ESP32-S3-Touch-LCD-7B-Demo\ESP32-S3-Touch-LCD-7B-Demo\ESP-IDF\16_LVGL_UI 2\build\bootloader\bootloader.elf --force-color -m 'D:\ESP32_IDF\Espressif\python_env\idf5.5_py3.11_env\Scripts\python.exe' 'D:\ESP32_IDF\Espressif\frameworks\esp-idf-v5.5\tools\idf.py' '-p' 'COM7'
ESP-ROM:esp32s3-20210327
Build:Mar 27 2021
rst:0x1 (POWERON),boot:0x28 (SPI_FAST_FLASH_BOOT)
SPIWP:0xee
mode:DIO, clock div:1
load:0x3fce2820,len:0x1710
load:0x403c8700,len:0xec0
load:0x403cb700,len:0x31d4
entry 0x403c894c
[0;32mI (25) boot: ESP-IDF v5.5-dirty 2nd stage bootloader[0m
[0;32mI (25) boot: compile time Oct 10 2025 10:23:37[0m
[0;32mI (25) boot: Multicore bootloader[0m
[0;32mI (26) boot: chip revision: v0.2[0m
[0;32mI (28) boot: efuse block revision: v1.3[0m
[0;32mI (32) qio_mode: Enabling default flash chip QIO[0m
[0;32mI (36) boot.esp32s3: Boot SPI Speed : 80MHz[0m
[0;32mI (40) boot.esp32s3: SPI Mode       : QIO[0m
[0;32mI (44) boot.esp32s3: SPI Flash Size : 16MB[0m
[0;32mI (48) boot: Enabling RNG early entropy source...[0m
[0;32mI (52) boot: Partition Table:[0m
[0;32mI (55) boot: ## Label            Usage          Type ST Offset   Length[0m
[0;32mI (61) boot:  0 nvs              WiFi data        01 02 00009000 00006000[0m
[0;32mI (68) boot:  1 phy_init         RF data          01 01 0000f000 00001000[0m
[0;32mI (74) boot:  2 factory          factory app      00 00 00010000 00800000[0m
[0;32mI (81) boot: End of partition table[0m
[0;32mI (84) esp_image: segment 0: paddr=00010020 vaddr=3c0e0020 size=1b0004h (1769476) map[0m
[0;32mI (354) esp_image: segment 1: paddr=001c002c vaddr=3fc9c900 size=057a0h ( 22432) load[0m
[0;32mI (358) esp_image: segment 2: paddr=001c57d4 vaddr=40374000 size=0a844h ( 43076) load[0m
[0;32mI (367) esp_image: segment 3: paddr=001d0020 vaddr=42000020 size=d8abch (887484) map[0m
[0;32mI (499) esp_image: segment 4: paddr=002a8ae4 vaddr=4037e844 size=0e03ch ( 57404) load[0m
[0;32mI (510) esp_image: segment 5: paddr=002b6b28 vaddr=600fe000 size=00020h (    32) load[0m
[0;32mI (520) boot: Loaded app from partition at offset 0x10000[0m
[0;32mI (520) boot: Disabling RNG early entropy source...[0m
[0;33mW (530) flash HPM: HPM mode is optional feature that depends on flash model. Read Docs First![0m
[0;33mW (530) flash HPM: HPM mode with DC adjustment is disabled. Some flash models may not be supported. Read Docs First![0m
[0;33mW (537) flash HPM: High performance mode of this flash model hasn't been supported.[0m
[0;32mI (545) MSPI Timing: Flash timing tuning index: 2[0m
[0;32mI (549) octal_psram: vendor id    : 0x0d (AP)[0m
[0;32mI (553) octal_psram: dev id       : 0x02 (generation 3)[0m
[0;32mI (558) octal_psram: density      : 0x03 (64 Mbit)[0m
[0;32mI (563) octal_psram: good-die     : 0x01 (Pass)[0m
[0;32mI (567) octal_psram: Latency      : 0x01 (Fixed)[0m
[0;32mI (571) octal_psram: VCC          : 0x01 (3V)[0m
[0;32mI (576) octal_psram: SRF          : 0x01 (Fast Refresh)[0m
[0;32mI (580) octal_psram: BurstType    : 0x01 (Hybrid Wrap)[0m
[0;32mI (585) octal_psram: BurstLen     : 0x01 (32 Byte)[0m
[0;32mI (590) octal_psram: Readlatency  : 0x02 (10 cycles@Fixed)[0m
[0;32mI (595) octal_psram: DriveStrength: 0x00 (1/1)[0m
[0;32mI (607) MSPI Timing: PSRAM timing tuning index: 2[0m
[0;32mI (607) esp_psram: Found 8MB PSRAM device[0m
[0;32mI (608) esp_psram: Speed: 120MHz[0m
[0;32mI (684) mmu_psram: Read only data copied and mapped to SPIRAM[0m
[0;32mI (730) mmu_psram: Instructions copied and mapped to SPIRAM[0m
[0;32mI (730) cpu_start: Multicore app[0m
[0;32mI (868) esp_psram: SPI SRAM memory test OK[0m
[0;32mI (876) cpu_start: Pro cpu start user code[0m
[0;32mI (876) cpu_start: cpu freq: 240000000 Hz[0m
[0;32mI (876) app_init: Application information:[0m
[0;32mI (877) app_init: Project name:     16_LVGL_UI[0m
[0;32mI (881) app_init: App version:      94f2d6e-dirty[0m
[0;32mI (885) app_init: Compile time:     Nov 11 2025 11:08:19[0m
[0;32mI (890) app_init: ELF file SHA256:  1005c382c...[0m
[0;32mI (894) app_init: ESP-IDF:          v5.5-dirty[0m
[0;32mI (899) efuse_init: Min chip rev:     v0.0[0m
[0;32mI (902) efuse_init: Max chip rev:     v0.99 [0m
[0;32mI (906) efuse_init: Chip rev:         v0.2[0m
[0;32mI (910) heap_init: Initializing. RAM available for dynamic allocation:[0m
[0;32mI (917) heap_init: At 3FCB3A08 len 00035D08 (215 KiB): RAM[0m
[0;32mI (922) heap_init: At 3FCE9710 len 00005724 (21 KiB): RAM[0m
[0;32mI (927) heap_init: At 3FCF0000 len 00008000 (32 KiB): DRAM[0m
[0;32mI (932) heap_init: At 600FE020 len 00001FC8 (7 KiB): RTCRAM[0m
[0;32mI (937) esp_psram: Adding pool of 5504K of PSRAM memory to heap allocator[0m
[0;32mI (944) esp_psram: Adding pool of 63K of PSRAM memory gap generated due to end address alignment of drom to the heap allocator[0m
[0;32mI (955) spi_flash: detected chip: generic[0m
[0;32mI (959) spi_flash: flash io: qio[0m
[0;32mI (962) sleep_gpio: Configure to isolate all GPIO pins in sleep state[0m
[0;32mI (968) sleep_gpio: Enable automatic switching of GPIO sleep configuration[0m
[0;32mI (975) coexist: coex firmware version: 831ec70[0m
[0;32mI (987) coexist: coexist rom version e7ae62f[0m
[0;32mI (988) main_task: Started on CPU0[0m
[0;32mI (989) esp_psram: Reserving pool of 32K of internal memory for DMA/internal allocations[0m
[0;32mI (994) main_task: Calling app_main()[0m
[0;33mW (1005) i2c.master: Please check pull-up resistances whether be connected properly. Otherwise unexpected behavior would happen. For more detailed information, please read docs[0m
[0;32mI (1413) GT911: Initialize I2C panel IO[0m
[0;32mI (1413) GT911: Initialize touch controller GT911[0m
[0;33mW (1413) GT911: Unable to initialize the I2C address[0m
[0;32mI (1415) GT911: TouchPad_ID:0x39,0x31,0x31[0m
[0;32mI (1418) GT911: TouchPad_Config_Version:91[0m
[0;32mI (1422) example: Install RGB LCD panel driver[0m
[0;32mI (1462) example: Initialize RGB LCD panel[0m
[0;32mI (1463) lv_port: Create LVGL task[0m
[0;32mI (1497) LVGL: Displayed 0 devices[0m
[0;32mI (1541) MAIN: create main UI successfully[0m
[0;32mI (1604) pp: pp rom version: e7ae62f[0m
[0;32mI (1604) net80211: net80211 rom version: e7ae62f[0m
[0;32mI (1605) wifi:wifi driver task: 3fcce930, prio:23, stack:6656, core=0[0m
[0;32mI (1612) wifi:wifi firmware version: f3dbad7[0m
[0;32mI (1612) wifi:wifi certification version: v7.0[0m
[0;32mI (1615) wifi:config NVS flash: enabled[0m
[0;32mI (1618) wifi:config nano formatting: disabled[0m
[0;32mI (1623) wifi:Init data frame dynamic rx buffer num: 32[0m
[0;32mI (1628) wifi:Init static rx mgmt buffer num: 5[0m
[0;32mI (1632) wifi:Init management short buffer num: 32[0m
[0;32mI (1637) wifi:Init static tx buffer num: 16[0m
[0;32mI (1641) wifi:Init tx cache buffer num: 32[0m
[0;32mI (1644) wifi:Init static tx FG buffer num: 2[0m
[0;32mI (1648) wifi:Init static rx buffer size: 1600[0m
[0;32mI (1653) wifi:Init static rx buffer num: 16[0m
[0;32mI (1656) wifi:Init dynamic rx buffer num: 32[0m
[0;32mI (1661) wifi_init: rx ba win: 16[0m
[0;32mI (1663) wifi_init: accept mbox: 6[0m
[0;32mI (1666) wifi_init: tcpip mbox: 32[0m
[0;32mI (1669) wifi_init: udp mbox: 6[0m
[0;32mI (1672) wifi_init: tcp mbox: 6[0m
[0;32mI (1675) wifi_init: tcp tx win: 5760[0m
[0;32mI (1678) wifi_init: tcp rx win: 5760[0m
[0;32mI (1682) wifi_init: tcp mss: 1440[0m
[0;32mI (1685) wifi_init: WiFi/LWIP prefer SPIRAM[0m
[0;32mI (1689) wifi_init: WiFi IRAM OP enabled[0m
[0;32mI (1692) wifi_init: WiFi RX IRAM OP enabled[0m
[0;32mI (1696) reconnect: Found saved WiFi: Namtrung 2.4G[0m
[0;32mI (1701) WiFi: Wi-Fi and IP event handlers registered[0m
Wi-Fi event handler registered.
[0;32mI (1709) phy_init: phy_version 701,f4f1da3a,Mar  3 2025,15:50:10[0m
[0;32mI (1750) wifi:mode : sta (10:20:ba:05:9b:9c)[0m
[0;32mI (1750) wifi:enable tsf[0m
[0;32mI (1752) reconnect: WiFi init complete, waiting for connection...[0m
[0;32mI (1752) WiFi Sta: GET: SSID:Namtrung 2.4G, password:nt@14092011[0m
[0;32mI (1757) main_task: Returned from app_main()[0m
[0;32mI (1758) wifi:new:<6,0>, old:<1,0>, ap:<255,255>, sta:<6,0>, prof:1, snd_ch_cfg:0x0[0m
[0;32mI (1768) wifi:state: init -> auth (0xb0)[0m
[0;32mI (1783) wifi:state: auth -> assoc (0x0)[0m
[0;32mI (1789) wifi:state: assoc -> run (0x10)[0m
[0;32mI (1820) wifi:connected with Namtrung 2.4G, aid = 28, channel 6, BW20, bssid = 12:5f:02:15:1e:9a[0m
[0;32mI (1820) wifi:security: WPA2-PSK, phy: bgn, rssi: -48[0m
[0;32mI (1823) wifi:pm start, type: 1[0m

[0;32mI (1825) wifi:dp: 1, bi: 102400, li: 3, scale listen interval from 307200 us to 307200 us[0m
[0;32mI (1833) wifi:set rx beacon pti, rx_bcn_pti: 14, bcn_timeout: 25000, mt_pti: 14, mt_time: 10000[0m
[0;32mI (1843) WiFi Sta: Connected to SSID:Namtrung 2.4G, channel:6[0m
[0;32mI (1859) wifi:AP's beacon interval = 102400 us, DTIM period = 1[0m
[0;32mI (2257) WiFi Sta: Failed to connect to the AP[0m
[0;32mI (2257) WiFi Sta: Retrying to connect to the AP[0m
[0;32mI (2876) esp_netif_handlers: sta ip: 10.10.1.45, mask: 255.255.252.0, gw: 10.10.1.1[0m
[0;32mI (2876) WiFi Sta: WIFI GOT_IP.[0m
[0;32mI (2884) MQTT_MANAGER: No existing client, creating new one...[0m
[0;32mI (2885) MQTT: Other event id:7[0m
[0;32mI (2900) wifi:<ba-add>idx:0 (ifx:0, 12:5f:02:15:1e:9a), tid:7, ssn:9, winSize:64[0m
[0;32mI (2908) MQTT: MQTT_EVENT_CONNECTED[0m
[0;32mI (2909) wifi:<ba-add>idx:1 (ifx:0, 12:5f:02:15:1e:9a), tid:0, ssn:4, winSize:64[0m
[0;32mI (2913) MQTT: MQTT_EVENT_SUBSCRIBED, msg_id=23115, return code=0x00 [0m
[0;32mI (2917) MQTT: MQTT_EVENT_SUBSCRIBED, msg_id=32122, return code=0x00 [0m
[0;32mI (2921) MQTT: MQTT_EVENT_SUBSCRIBED, msg_id=19503, return code=0x00 [0m
[0;32mI (3140) MQTT: MQTT_EVENT_SUBSCRIBED, msg_id=44806, return code=0x01 [0m
[0;32mI (3143) MQTT: MQTT_EVENT_DATA[0m
[0;32mI (3143) MQTT: TOPIC=device/list[0m
[0;32mI (3143) MQTT: DATA=[{"id":"94:E6:86:09:A4:78","name":"Quay 2"},{"id":"A8:42:E3:4C:7C:BC","name":"Quay 1"}][0m
[0;32mI (3767) WiFi: Connected with IP: 10.10.1.45[0m
[0;32mI (3767) WiFi Sta: Connected to AP SSID:Namtrung 2.4G, password:nt@14092011, bssid:12:5F:02:15:1E:9A[0m
[0;32mI (3786) MQTT_MANAGER: Starting MQTT safely...[0m
[1;31mE (3786) mqtt_client: Client has started[0m
[0;32mI (3786) MQTT_MANAGER: MQTT started.[0m
[0;32mI (3867) NVS: last index: -1[0m
[0;32mI (3867) NVS: wifi index: 0[0m
[0;33mW (3867) WIFI_UI: WIFI_List_Button is invalid[0m
ESP-ROM:esp32s3-20210327
Build:Mar 27 2021
rst:0x1 (POWERON),boot:0x28 (SPI_FAST_FLASH_BOOT)
SPIWP:0xee
mode:DIO, clock div:1
load:0x3fce2820,len:0x1710
load:0x403c8700,len:0xec0
load:0x403cb700,len:0x31d4
entry 0x403c894c
[0;32mI (25) boot: ESP-IDF v5.5-dirty 2nd stage bootloader[0m
[0;32mI (25) boot: compile time Oct 10 2025 10:23:37[0m
[0;32mI (25) boot: Multicore bootloader[0m
[0;32mI (26) boot: chip revision: v0.2[0m
[0;32mI (28) boot: efuse block revision: v1.3[0m
[0;32mI (32) qio_mode: Enabling default flash chip QIO[0m
[0;32mI (36) boot.esp32s3: Boot SPI Speed : 80MHz[0m
[0;32mI (40) boot.esp32s3: SPI Mode       : QIO[0m
[0;32mI (44) boot.esp32s3: SPI Flash Size : 16MB[0m
[0;32mI (48) boot: Enabling RNG early entropy source...[0m
[0;32mI (52) boot: Partition Table:[0m
[0;32mI (55) boot: ## Label            Usage          Type ST Offset   Length[0m
[0;32mI (61) boot:  0 nvs              WiFi data        01 02 00009000 00006000[0m
[0;32mI (68) boot:  1 phy_init         RF data          01 01 0000f000 00001000[0m
[0;32mI (74) boot:  2 factory          factory app      00 00 00010000 00800000[0m
[0;32mI (81) boot: End of partition table[0m
[0;32mI (84) esp_image: segment 0: paddr=00010020 vaddr=3c0e0020 size=1b0004h (1769476) map[0m
[0;32mI (354) esp_image: segment 1: paddr=001c002c vaddr=3fc9c900 size=057a0h ( 22432) load[0m
[0;32mI (358) esp_image: segment 2: paddr=001c57d4 vaddr=40374000 size=0a844h ( 43076) load[0m
[0;32mI (367) esp_image: segment 3: paddr=001d0020 vaddr=42000020 size=d8abch (887484) map[0m
[0;32mI (499) esp_image: segment 4: paddr=002a8ae4 vaddr=4037e844 size=0e03ch ( 57404) load[0m
[0;32mI (510) esp_image: segment 5: paddr=002b6b28 vaddr=600fe000 size=00020h (    32) load[0m
[0;32mI (520) boot: Loaded app from partition at offset 0x10000[0m
[0;32mI (520) boot: Disabling RNG early entropy source...[0m
[0;33mW (530) flash HPM: HPM mode is optional feature that depends on flash model. Read Docs First![0m
[0;33mW (530) flash HPM: HPM mode with DC adjustment is disabled. Some flash models may not be supported. Read Docs First![0m
[0;33mW (537) flash HPM: High performance mode of this flash model hasn't been supported.[0m
[0;32mI (545) MSPI Timing: Flash timing tuning index: 2[0m
[0;32mI (549) octal_psram: vendor id    : 0x0d (AP)[0m
[0;32mI (553) octal_psram: dev id       : 0x02 (generation 3)[0m
[0;32mI (558) octal_psram: density      : 0x03 (64 Mbit)[0m
[0;32mI (563) octal_psram: good-die     : 0x01 (Pass)[0m
[0;32mI (567) octal_psram: Latency      : 0x01 (Fixed)[0m
[0;32mI (571) octal_psram: VCC          : 0x01 (3V)[0m
[0;32mI (576) octal_psram: SRF          : 0x01 (Fast Refresh)[0m
[0;32mI (580) octal_psram: BurstType    : 0x01 (Hybrid Wrap)[0m
[0;32mI (585) octal_psram: BurstLen     : 0x01 (32 Byte)[0m
[0;32mI (590) octal_psram: Readlatency  : 0x02 (10 cycles@Fixed)[0m
[0;32mI (595) octal_psram: DriveStrength: 0x00 (1/1)[0m
[0;32mI (607) MSPI Timing: PSRAM timing tuning index: 2[0m
[0;32mI (607) esp_psram: Found 8MB PSRAM device[0m
[0;32mI (608) esp_psram: Speed: 120MHz[0m
[0;32mI (684) mmu_psram: Read only data copied and mapped to SPIRAM[0m
[0;32mI (730) mmu_psram: Instructions copied and mapped to SPIRAM[0m
[0;32mI (730) cpu_start: Multicore app[0m
[0;32mI (868) esp_psram: SPI SRAM memory test OK[0m
[0;32mI (876) cpu_start: Pro cpu start user code[0m
[0;32mI (876) cpu_start: cpu freq: 240000000 Hz[0m
[0;32mI (876) app_init: Application information:[0m
[0;32mI (877) app_init: Project name:     16_LVGL_UI[0m
[0;32mI (881) app_init: App version:      94f2d6e-dirty[0m
[0;32mI (885) app_init: Compile time:     Nov 11 2025 11:08:19[0m
[0;32mI (890) app_init: ELF file SHA256:  1005c382c...[0m
[0;32mI (894) app_init: ESP-IDF:          v5.5-dirty[0m
[0;32mI (899) efuse_init: Min chip rev:     v0.0[0m
[0;32mI (902) efuse_init: Max chip rev:     v0.99 [0m
[0;32mI (906) efuse_init: Chip rev:         v0.2[0m
[0;32mI (910) heap_init: Initializing. RAM available for dynamic allocation:[0m
[0;32mI (917) heap_init: At 3FCB3A08 len 00035D08 (215 KiB): RAM[0m
[0;32mI (922) heap_init: At 3FCE9710 len 00005724 (21 KiB): RAM[0m
[0;32mI (927) heap_init: At 3FCF0000 len 00008000 (32 KiB): DRAM[0m
[0;32mI (932) heap_init: At 600FE020 len 00001FC8 (7 KiB): RTCRAM[0m
[0;32mI (937) esp_psram: Adding pool of 5504K of PSRAM memory to heap allocator[0m
[0;32mI (944) esp_psram: Adding pool of 63K of PSRAM memory gap generated due to end address alignment of drom to the heap allocator[0m
[0;32mI (955) spi_flash: detected chip: generic[0m
[0;32mI (959) spi_flash: flash io: qio[0m
[0;32mI (962) sleep_gpio: Configure to isolate all GPIO pins in sleep state[0m
[0;32mI (968) sleep_gpio: Enable automatic switching of GPIO sleep configuration[0m
[0;32mI (975) coexist: coex firmware version: 831ec70[0m
[0;32mI (987) coexist: coexist rom version e7ae62f[0m
[0;32mI (988) main_task: Started on CPU0[0m
[0;32mI (989) esp_psram: Reserving pool of 32K of internal memory for DMA/internal allocations[0m
[0;32mI (994) main_task: Calling app_main()[0m
[0;33mW (1005) i2c.master: Please check pull-up resistances whether be connected properly. Otherwise unexpected behavior would happen. For more detailed information, please read docs[0m
[0;32mI (1413) GT911: Initialize I2C panel IO[0m
[0;32mI (1413) GT911: Initialize touch controller GT911[0m
[0;33mW (1413) GT911: Unable to initialize the I2C address[0m
[0;32mI (1415) GT911: TouchPad_ID:0x39,0x31,0x31[0m
[0;32mI (1418) GT911: TouchPad_Config_Version:91[0m
[0;32mI (1422) example: Install RGB LCD panel driver[0m
[0;32mI (1462) example: Initialize RGB LCD panel[0m
[0;32mI (1463) lv_port: Create LVGL task[0m
[0;32mI (1497) LVGL: Displayed 0 devices[0m
[0;32mI (1541) MAIN: create main UI successfully[0m
[0;32mI (1604) pp: pp rom version: e7ae62f[0m
[0;32mI (1604) net80211: net80211 rom version: e7ae62f[0m
[0;32mI (1605) wifi:wifi driver task: 3fcce930, prio:23, stack:6656, core=0[0m
[0;32mI (1612) wifi:wifi firmware version: f3dbad7[0m
[0;32mI (1612) wifi:wifi certification version: v7.0[0m
[0;32mI (1615) wifi:config NVS flash: enabled[0m
[0;32mI (1618) wifi:config nano formatting: disabled[0m
[0;32mI (1623) wifi:Init data frame dynamic rx buffer num: 32[0m
[0;32mI (1628) wifi:Init static rx mgmt buffer num: 5[0m
[0;32mI (1632) wifi:Init management short buffer num: 32[0m
[0;32mI (1637) wifi:Init static tx buffer num: 16[0m
[0;32mI (1641) wifi:Init tx cache buffer num: 32[0m
[0;32mI (1644) wifi:Init static tx FG buffer num: 2[0m
[0;32mI (1648) wifi:Init static rx buffer size: 1600[0m
[0;32mI (1653) wifi:Init static rx buffer num: 16[0m
[0;32mI (1656) wifi:Init dynamic rx buffer num: 32[0m
[0;32mI (1661) wifi_init: rx ba win: 16[0m
[0;32mI (1663) wifi_init: accept mbox: 6[0m
[0;32mI (1666) wifi_init: tcpip mbox: 32[0m
[0;32mI (1669) wifi_init: udp mbox: 6[0m
[0;32mI (1672) wifi_init: tcp mbox: 6[0m
[0;32mI (1675) wifi_init: tcp tx win: 5760[0m
[0;32mI (1678) wifi_init: tcp rx win: 5760[0m
[0;32mI (1682) wifi_init: tcp mss: 1440[0m
[0;32mI (1685) wifi_init: WiFi/LWIP prefer SPIRAM[0m
[0;32mI (1689) wifi_init: WiFi IRAM OP enabled[0m
[0;32mI (1692) wifi_init: WiFi RX IRAM OP enabled[0m
[0;32mI (1696) reconnect: Found saved WiFi: Namtrung 2.4G[0m
[0;32mI (1701) WiFi: Wi-Fi and IP event handlers registered[0m
Wi-Fi event handler registered.
[0;32mI (1709) phy_init: phy_version 701,f4f1da3a,Mar  3 2025,15:50:10[0m
[0;32mI (1748) wifi:mode : sta (10:20:ba:05:9b:9c)[0m
[0;32mI (1748) wifi:enable tsf[0m
[0;32mI (1750) reconnect: WiFi init complete, waiting for connection...[0m
[0;32mI (1750) WiFi Sta: GET: SSID:Namtrung 2.4G, password:nt@14092011[0m
[0;32mI (1755) main_task: Returned from app_main()[0m
[0;32mI (1759) wifi:new:<6,0>, old:<1,0>, ap:<255,255>, sta:<6,0>, prof:1, snd_ch_cfg:0x0[0m
[0;32mI (1766) wifi:state: init -> auth (0xb0)[0m
[0;32mI (1862) wifi:state: auth -> assoc (0x0)[0m
[0;32mI (1888) wifi:state: assoc -> run (0x10)[0m
[0;32mI (2255) WiFi Sta: Failed to connect to the AP[0m
[0;32mI (2255) WiFi Sta: Retrying to connect to the AP[0m
[0;32mI (2884) wifi:connected with Namtrung 2.4G, aid = 25, channel 6, BW20, bssid = 12:5f:02:15:1e:9a[0m
[0;32mI (2884) wifi:security: WPA2-PSK, phy: bgn, rssi: -63[0m
[0;32mI (2887) wifi:pm start, type: 1[0m

[0;32mI (2889) wifi:dp: 1, bi: 102400, li: 3, scale listen interval from 307200 us to 307200 us[0m
[0;32mI (2897) wifi:set rx beacon pti, rx_bcn_pti: 14, bcn_timeout: 25000, mt_pti: 14, mt_time: 10000[0m
[0;32mI (2906) WiFi Sta: Connected to SSID:Namtrung 2.4G, channel:6[0m
[0;32mI (2915) wifi:<ba-add>idx:0 (ifx:0, 12:5f:02:15:1e:9a), tid:7, ssn:4, winSize:64[0m
[0;32mI (2999) wifi:AP's beacon interval = 102400 us, DTIM period = 1[0m
[0;32mI (3765) WiFi Sta: Failed to connect to the AP[0m
[0;32mI (3765) WiFi Sta: Retrying to connect to the AP[0m
[0;32mI (3923) esp_netif_handlers: sta ip: 10.10.1.45, mask: 255.255.252.0, gw: 10.10.1.1[0m
[0;32mI (3923) WiFi Sta: WIFI GOT_IP.[0m
[0;32mI (3924) MQTT_MANAGER: No existing client, creating new one...[0m
[0;32mI (3928) MQTT: Other event id:7[0m
[0;32mI (3941) MQTT: MQTT_EVENT_CONNECTED[0m
[0;32mI (3943) wifi:<ba-add>idx:1 (ifx:0, 12:5f:02:15:1e:9a), tid:0, ssn:4, winSize:64[0m
[0;32mI (3948) MQTT: MQTT_EVENT_SUBSCRIBED, msg_id=30950, return code=0x00 [0m
[0;32mI (3950) MQTT: MQTT_EVENT_SUBSCRIBED, msg_id=26322, return code=0x00 [0m
[0;32mI (4202) MQTT: MQTT_EVENT_SUBSCRIBED, msg_id=6629, return code=0x00 [0m
[0;32mI (4204) MQTT: MQTT_EVENT_SUBSCRIBED, msg_id=32833, return code=0x01 [0m
[0;32mI (4206) MQTT: MQTT_EVENT_DATA[0m
[0;32mI (4206) MQTT: TOPIC=device/list[0m
[0;32mI (4209) MQTT: DATA=[{"id":"94:E6:86:09:A4:78","name":"Quay 2"},{"id":"A8:42:E3:4C:7C:BC","name":"Quay 1"}][0m
[0;32mI (5275) WiFi: Connected with IP: 10.10.1.45[0m
[0;32mI (5275) WiFi Sta: Connected to AP SSID:Namtrung 2.4G, password:nt@14092011, bssid:12:5F:02:15:1E:9A[0m
[0;32mI (5292) MQTT_MANAGER: Starting MQTT safely...[0m
[1;31mE (5292) mqtt_client: Client has started[0m
[0;32mI (5292) MQTT_MANAGER: MQTT started.[0m
[0;32mI (5383) NVS: last index: -1[0m
[0;32mI (5383) NVS: wifi index: 0[0m
[0;33mW (5383) WIFI_UI: WIFI_List_Button is invalid[0m
