Command: D:\ESP32_IDF\Espressif\python_env\idf5.5_py3.11_env\Scripts\python.exe D:\ESP32_IDF\Espressif\frameworks\esp-idf-v5.5\tools/idf_monitor.py -p COM7 -b 115200 --toolchain-prefix xtensa-esp32s3-elf- --target esp32s3 --revision 0 D:\ESP32\ESP32S3_LCD 7B_DEMO_3\ESP32-S3-Touch-LCD-7B-Demo\ESP32-S3-Touch-LCD-7B-Demo\ESP-IDF\16_LVGL_UI 2\build\16_LVGL_UI.elf D:\ESP32\ESP32S3_LCD 7B_DEMO_3\ESP32-S3-Touch-LCD-7B-Demo\ESP32-S3-Touch-LCD-7B-Demo\ESP-IDF\16_LVGL_UI 2\build\bootloader\bootloader.elf --force-color -m 'D:\ESP32_IDF\Espressif\python_env\idf5.5_py3.11_env\Scripts\python.exe' 'D:\ESP32_IDF\Espressif\frameworks\esp-idf-v5.5\tools\idf.py' '-p' 'COM7'
ESP-ROM:esp32s3-20210327
Build:Mar 27 2021
rst:0x1 (POWERON),boot:0x28 (SPI_FAST_FLASH_BOOT)
SPIWP:0xee
mode:DIO, clock div:1
load:0x3fce2820,len:0x1710
load:0x403c8700,len:0xec0
load:0x403cb700,len:0x31d4
entry 0x403c894c
[0;32mI (25) boot: ESP-IDF v5.5-dirty 2nd stage bootloader[0m
[0;32mI (25) boot: compile time Oct 10 2025 10:23:37[0m
[0;32mI (25) boot: Multicore bootloader[0m
[0;32mI (26) boot: chip revision: v0.2[0m
[0;32mI (28) boot: efuse block revision: v1.3[0m
[0;32mI (32) qio_mode: Enabling default flash chip QIO[0m
[0;32mI (36) boot.esp32s3: Boot SPI Speed : 80MHz[0m
[0;32mI (40) boot.esp32s3: SPI Mode       : QIO[0m
[0;32mI (44) boot.esp32s3: SPI Flash Size : 16MB[0m
[0;32mI (48) boot: Enabling RNG early entropy source...[0m
[0;32mI (52) boot: Partition Table:[0m
[0;32mI (55) boot: ## Label            Usage          Type ST Offset   Length[0m
[0;32mI (61) boot:  0 nvs              WiFi data        01 02 00009000 00006000[0m
[0;32mI (68) boot:  1 phy_init         RF data          01 01 0000f000 00001000[0m
[0;32mI (74) boot:  2 factory          factory app      00 00 00010000 00800000[0m
[0;32mI (81) boot: End of partition table[0m
[0;32mI (84) esp_image: segment 0: paddr=00010020 vaddr=3c0e0020 size=12f254h (1241684) map[0m
[0;32mI (276) esp_image: segment 1: paddr=0013f27c vaddr=3fc9c900 size=00d9ch (  3484) load[0m
[0;32mI (277) esp_image: segment 2: paddr=00140020 vaddr=42000020 size=d75c8h (882120) map[0m
[0;32mI (410) esp_image: segment 3: paddr=002175f0 vaddr=3fc9d69c size=04a04h ( 18948) load[0m
[0;32mI (414) esp_image: segment 4: paddr=0021bffc vaddr=40374000 size=18880h (100480) load[0m
[0;32mI (433) esp_image: segment 5: paddr=00234884 vaddr=600fe000 size=00020h (    32) load[0m
[0;32mI (443) boot: Loaded app from partition at offset 0x10000[0m
[0;32mI (444) boot: Disabling RNG early entropy source...[0m
[0;33mW (454) flash HPM: HPM mode is optional feature that depends on flash model. Read Docs First![0m
[0;33mW (454) flash HPM: HPM mode with DC adjustment is disabled. Some flash models may not be supported. Read Docs First![0m
[0;33mW (461) flash HPM: High performance mode of this flash model hasn't been supported.[0m
[0;32mI (469) MSPI Timing: Flash timing tuning index: 2[0m
[0;32mI (473) octal_psram: vendor id    : 0x0d (AP)[0m
[0;32mI (477) octal_psram: dev id       : 0x02 (generation 3)[0m
[0;32mI (482) octal_psram: density      : 0x03 (64 Mbit)[0m
[0;32mI (486) octal_psram: good-die     : 0x01 (Pass)[0m
[0;32mI (491) octal_psram: Latency      : 0x01 (Fixed)[0m
[0;32mI (495) octal_psram: VCC          : 0x01 (3V)[0m
[0;32mI (499) octal_psram: SRF          : 0x01 (Fast Refresh)[0m
[0;32mI (504) octal_psram: BurstType    : 0x01 (Hybrid Wrap)[0m
[0;32mI (509) octal_psram: BurstLen     : 0x01 (32 Byte)[0m
[0;32mI (513) octal_psram: Readlatency  : 0x02 (10 cycles@Fixed)[0m
[0;32mI (519) octal_psram: DriveStrength: 0x00 (1/1)[0m
[0;32mI (530) MSPI Timing: PSRAM timing tuning index: 2[0m
[0;32mI (531) esp_psram: Found 8MB PSRAM device[0m
[0;32mI (531) esp_psram: Speed: 120MHz[0m
[0;32mI (584) mmu_psram: Read only data copied and mapped to SPIRAM[0m
[0;32mI (630) mmu_psram: Instructions copied and mapped to SPIRAM[0m
[0;32mI (630) cpu_start: Multicore app[0m
[0;32mI (782) esp_psram: SPI SRAM memory test OK[0m
[0;32mI (791) cpu_start: Pro cpu start user code[0m
[0;32mI (791) cpu_start: cpu freq: 240000000 Hz[0m
[0;32mI (791) app_init: Application information:[0m
[0;32mI (791) app_init: Project name:     16_LVGL_UI[0m
[0;32mI (795) app_init: App version:      94f2d6e-dirty[0m
[0;32mI (800) app_init: Compile time:     Nov 11 2025 11:08:19[0m
[0;32mI (805) app_init: ELF file SHA256:  bf2ab659c...[0m
[0;32mI (809) app_init: ESP-IDF:          v5.5-dirty[0m
[0;32mI (813) efuse_init: Min chip rev:     v0.0[0m
[0;32mI (817) efuse_init: Max chip rev:     v0.99 [0m
[0;32mI (821) efuse_init: Chip rev:         v0.2[0m
[0;32mI (825) heap_init: Initializing. RAM available for dynamic allocation:[0m
[0;32mI (831) heap_init: At 3FCB38C8 len 00035E48 (215 KiB): RAM[0m
[0;32mI (836) heap_init: At 3FCE9710 len 00005724 (21 KiB): RAM[0m
[0;32mI (841) heap_init: At 3FCF0000 len 00008000 (32 KiB): DRAM[0m
[0;32mI (847) heap_init: At 600FE020 len 00001FC8 (7 KiB): RTCRAM[0m
[0;32mI (852) esp_psram: Adding pool of 6080K of PSRAM memory to heap allocator[0m
[0;32mI (858) esp_psram: Adding pool of 3K of PSRAM memory gap generated due to end address alignment of drom to the heap allocator[0m
[0;32mI (870) spi_flash: detected chip: generic[0m
[0;32mI (873) spi_flash: flash io: qio[0m
[0;32mI (876) sleep_gpio: Configure to isolate all GPIO pins in sleep state[0m
[0;32mI (882) sleep_gpio: Enable automatic switching of GPIO sleep configuration[0m
[0;32mI (889) coexist: coex firmware version: 831ec70[0m
[0;32mI (902) coexist: coexist rom version e7ae62f[0m
[0;32mI (902) main_task: Started on CPU0[0m
[0;32mI (903) esp_psram: Reserving pool of 32K of internal memory for DMA/internal allocations[0m
[0;32mI (908) main_task: Calling app_main()[0m
[0;33mW (920) i2c.master: Please check pull-up resistances whether be connected properly. Otherwise unexpected behavior would happen. For more detailed information, please read docs[0m
[0;32mI (1327) GT911: Initialize I2C panel IO[0m
[0;32mI (1327) GT911: Initialize touch controller GT911[0m
[0;33mW (1327) GT911: Unable to initialize the I2C address[0m
[0;32mI (1329) GT911: TouchPad_ID:0x39,0x31,0x31[0m
[0;32mI (1332) GT911: TouchPad_Config_Version:91[0m
[0;32mI (1336) example: Install RGB LCD panel driver[0m
[0;32mI (1376) example: Initialize RGB LCD panel[0m
[0;32mI (1377) lv_port: Create LVGL task[0m
[0;32mI (1441) TAG_NVS: Loaded JSON from NVS: [{"name":"Quay 2","device_id":"94:E6:86:09:A4:78"},{"name":"Quay 1","device_id":"A8:42:E3:4C:7C:BC"}][0m
[0;32mI (1442) TAG_NVS: Loaded 2 devices from NVS[0m
[0;32mI (1446) UI: Loaded 2 devices, showing...[0m
[0;32mI (1452) LVGL: Displayed 2 devices[0m
[0;32mI (1497) MAIN: create main UI successfully[0m
[0;32mI (1558) pp: pp rom version: e7ae62f[0m
[0;32mI (1558) net80211: net80211 rom version: e7ae62f[0m
[0;32mI (1559) main_task: Returned from app_main()[0m
[0;32mI (1560) wifi:wifi driver task: 3fccff30, prio:23, stack:6656, core=0[0m
[0;32mI (1571) wifi:wifi firmware version: f3dbad7[0m
[0;32mI (1571) wifi:wifi certification version: v7.0[0m
[0;32mI (1573) wifi:config NVS flash: enabled[0m
[0;32mI (1577) wifi:config nano formatting: disabled[0m
[0;32mI (1581) wifi:Init data frame dynamic rx buffer num: 32[0m
[0;32mI (1586) wifi:Init static rx mgmt buffer num: 5[0m
[0;32mI (1590) wifi:Init management short buffer num: 32[0m
[0;32mI (1595) wifi:Init static tx buffer num: 16[0m
[0;32mI (1599) wifi:Init tx cache buffer num: 32[0m
[0;32mI (1602) wifi:Init static tx FG buffer num: 2[0m
[0;32mI (1606) wifi:Init static rx buffer size: 1600[0m
[0;32mI (1611) wifi:Init static rx buffer num: 16[0m
[0;32mI (1614) wifi:Init dynamic rx buffer num: 32[0m
[0;32mI (1619) wifi_init: rx ba win: 16[0m
[0;32mI (1621) wifi_init: accept mbox: 6[0m
[0;32mI (1624) wifi_init: tcpip mbox: 32[0m
[0;32mI (1628) wifi_init: udp mbox: 6[0m
[0;32mI (1630) wifi_init: tcp mbox: 6[0m
[0;32mI (1633) wifi_init: tcp tx win: 5760[0m
[0;32mI (1637) wifi_init: tcp rx win: 5760[0m
[0;32mI (1640) wifi_init: tcp mss: 1440[0m
[0;32mI (1643) wifi_init: WiFi/LWIP prefer SPIRAM[0m
[0;32mI (1647) wifi_init: WiFi IRAM OP enabled[0m
[0;32mI (1650) wifi_init: WiFi RX IRAM OP enabled[0m
[0;32mI (1654) reconnect: Found saved WiFi: Namtrung 2.4G[0m
[0;32mI (1659) WiFi: Wi-Fi and IP event handlers registered[0m
Wi-Fi event handler registered.
[0;32mI (1667) phy_init: phy_version 701,f4f1da3a,Mar  3 2025,15:50:10[0m
[0;32mI (1711) wifi:mode : sta (10:20:ba:05:9b:9c)[0m
[0;32mI (1712) wifi:enable tsf[0m
[0;32mI (1713) reconnect: WiFi init complete, waiting for connection...[0m
[0;32mI (1714) WiFi Sta: GET: SSID:Namtrung 2.4G, password:nt@14092011[0m
[0;32mI (1721) wifi:new:<6,0>, old:<1,0>, ap:<255,255>, sta:<6,0>, prof:1, snd_ch_cfg:0x0[0m
[0;32mI (1726) wifi:state: init -> auth (0xb0)[0m
[0;32mI (1733) wifi:state: auth -> assoc (0x0)[0m
[0;32mI (1739) wifi:state: assoc -> run (0x10)[0m
[0;32mI (1755) wifi:connected with Namtrung 2.4G, aid = 29, channel 6, BW20, bssid = 12:5f:02:15:1e:9a[0m
[0;32mI (1756) wifi:security: WPA2-PSK, phy: bgn, rssi: -53[0m
[0;32mI (1759) wifi:pm start, type: 1[0m

[0;32mI (1761) wifi:dp: 1, bi: 102400, li: 3, scale listen interval from 307200 us to 307200 us[0m
[0;32mI (1769) wifi:set rx beacon pti, rx_bcn_pti: 14, bcn_timeout: 25000, mt_pti: 14, mt_time: 10000[0m
[0;32mI (1778) WiFi Sta: Connected to SSID:Namtrung 2.4G, channel:6[0m
[0;32mI (1798) wifi:AP's beacon interval = 102400 us, DTIM period = 1[0m
[0;32mI (2218) WiFi Sta: Failed to connect to the AP[0m
[0;32mI (2218) WiFi Sta: Retrying to connect to the AP[0m
[0;32mI (2811) esp_netif_handlers: sta ip: 10.10.1.45, mask: 255.255.252.0, gw: 10.10.1.1[0m
[0;32mI (2811) WiFi Sta: WIFI GOT_IP.[0m
[0;32mI (2819) MQTT_MANAGER: No existing client, creating new one...[0m
[0;32mI (2820) MQTT: Other event id:7[0m
[0;32mI (2835) wifi:<ba-add>idx:0 (ifx:0, 12:5f:02:15:1e:9a), tid:7, ssn:8, winSize:64[0m
[0;32mI (2845) wifi:<ba-add>idx:1 (ifx:0, 12:5f:02:15:1e:9a), tid:0, ssn:3, winSize:64[0m
[0;32mI (2846) MQTT: MQTT_EVENT_CONNECTED[0m
[0;32mI (2853) MQTT: MQTT_EVENT_SUBSCRIBED, msg_id=54517, return code=0x00 [0m
[0;32mI (2854) MQTT: MQTT_EVENT_SUBSCRIBED, msg_id=61529, return code=0x00 [0m
[0;32mI (3073) MQTT: MQTT_EVENT_SUBSCRIBED, msg_id=48198, return code=0x00 [0m
[0;32mI (3075) MQTT: MQTT_EVENT_SUBSCRIBED, msg_id=10065, return code=0x01 [0m
[0;32mI (3728) WiFi: Connected with IP: 10.10.1.45[0m
[0;32mI (3728) WiFi Sta: Connected to AP SSID:Namtrung 2.4G, password:nt@14092011, bssid:12:5F:02:15:1E:9A[0m
[0;32mI (3741) MQTT_MANAGER: Starting MQTT safely...[0m
[1;31mE (3741) mqtt_client: Client has started[0m
[0;32mI (3741) MQTT_MANAGER: MQTT started.[0m
[0;32mI (3828) NVS: last index: -1[0m
[0;32mI (3828) NVS: wifi index: 0[0m
[0;33mW (3828) WIFI_UI: WIFI_List_Button is invalid[0m
[0;33mW (76047) MQTT_BACKUP: MQTT queue full, message dropped[0m
[0;33mW (76557) MQTT_BACKUP: MQTT queue full, message dropped[0m
[0;33mW (76967) MQTT_BACKUP: MQTT queue full, message dropped[0m
[0;33mW (77479) MQTT_BACKUP: MQTT queue full, message dropped[0m
[0;33mW (77993) MQTT_BACKUP: MQTT queue full, message dropped[0m
[0;33mW (78503) MQTT_BACKUP: MQTT queue full, message dropped[0m
[0;33mW (79015) MQTT_BACKUP: MQTT queue full, message dropped[0m
[0;33mW (79530) MQTT_BACKUP: MQTT queue full, message dropped[0m
[0;33mW (80143) MQTT_BACKUP: MQTT queue full, message dropped[0m
[0;33mW (80551) MQTT_BACKUP: MQTT queue full, message dropped[0m
[0;33mW (81165) MQTT_BACKUP: MQTT queue full, message dropped[0m
[0;33mW (81682) MQTT_BACKUP: MQTT queue full, message dropped[0m
[0;33mW (82124) MQTT_BACKUP: MQTT queue full, message dropped[0m
[0;33mW (82602) MQTT_BACKUP: MQTT queue full, message dropped[0m
[0;33mW (131353) MQTT_BACKUP: MQTT queue full, message dropped[0m
[0;33mW (131854) MQTT_BACKUP: MQTT queue full, message dropped[0m
[0;33mW (132471) MQTT_BACKUP: MQTT queue full, message dropped[0m
[0;33mW (132878) MQTT_BACKUP: MQTT queue full, message dropped[0m
[0;33mW (133492) MQTT_BACKUP: MQTT queue full, message dropped[0m
[0;33mW (133937) MQTT_BACKUP: MQTT queue full, message dropped[0m
[0;33mW (134449) MQTT_BACKUP: MQTT queue full, message dropped[0m
[0;33mW (134928) MQTT_BACKUP: MQTT queue full, message dropped[0m
[0;33mW (135465) MQTT_BACKUP: MQTT queue full, message dropped[0m
[0;33mW (135949) MQTT_BACKUP: MQTT queue full, message dropped[0m
[0;33mW (136462) MQTT_BACKUP: MQTT queue full, message dropped[0m
[0;33mW (137007) MQTT_BACKUP: MQTT queue full, message dropped[0m
[0;33mW (137490) MQTT_BACKUP: MQTT queue full, message dropped[0m
[0;33mW (138000) MQTT_BACKUP: MQTT queue full, message dropped[0m
[0;33mW (138510) MQTT_BACKUP: MQTT queue full, message dropped[0m
[0;33mW (138946) MQTT_BACKUP: MQTT queue full, message dropped[0m
[0;33mW (139534) MQTT_BACKUP: MQTT queue full, message dropped[0m
[0;33mW (235418) MQTT_BACKUP: MQTT queue full, message dropped[0m
[0;33mW (235790) MQTT_BACKUP: MQTT queue full, message dropped[0m
[0;33mW (236302) MQTT_BACKUP: MQTT queue full, message dropped[0m
[0;33mW (236815) MQTT_BACKUP: MQTT queue full, message dropped[0m
[0;33mW (237336) MQTT_BACKUP: MQTT queue full, message dropped[0m
[0;33mW (237838) MQTT_BACKUP: MQTT queue full, message dropped[0m
[0;33mW (238248) MQTT_BACKUP: MQTT queue full, message dropped[0m
[0;33mW (238888) MQTT_BACKUP: MQTT queue full, message dropped[0m
[0;33mW (239377) MQTT_BACKUP: MQTT queue full, message dropped[0m
[0;33mW (239886) MQTT_BACKUP: MQTT queue full, message dropped[0m
[0;33mW (240399) MQTT_BACKUP: MQTT queue full, message dropped[0m
[0;33mW (240831) MQTT_BACKUP: MQTT queue full, message dropped[0m
[0;33mW (241424) MQTT_BACKUP: MQTT queue full, message dropped[0m
[0;33mW (241835) MQTT_BACKUP: MQTT queue full, message dropped[0m
[0;33mW (242346) MQTT_BACKUP: MQTT queue full, message dropped[0m
[0;33mW (242986) MQTT_BACKUP: MQTT queue full, message dropped[0m
[0;33mW (243374) MQTT_BACKUP: MQTT queue full, message dropped[0m
[0;33mW (243879) MQTT_BACKUP: MQTT queue full, message dropped[0m
[0;33mW (244394) MQTT_BACKUP: MQTT queue full, message dropped[0m
[0;33mW (244904) MQTT_BACKUP: MQTT queue full, message dropped[0m
[0;33mW (245323) MQTT_BACKUP: MQTT queue full, message dropped[0m
[0;33mW (245934) MQTT_BACKUP: MQTT queue full, message dropped[0m
[0;33mW (246445) MQTT_BACKUP: MQTT queue full, message dropped[0m
[0;33mW (246859) MQTT_BACKUP: MQTT queue full, message dropped[0m
[0;33mW (247491) MQTT_BACKUP: MQTT queue full, message dropped[0m
[0;33mW (247873) MQTT_BACKUP: MQTT queue full, message dropped[0m
