Command: D:\ESP32_IDF\Espressif\python_env\idf5.5_py3.11_env\Scripts\python.exe D:\ESP32_IDF\Espressif\frameworks\esp-idf-v5.5\tools/idf_monitor.py -p COM7 -b 115200 --toolchain-prefix xtensa-esp32s3-elf- --target esp32s3 --revision 0 D:\ESP32\ESP32S3_LCD 7B_DEMO_3\ESP32-S3-Touch-LCD-7B-Demo\ESP32-S3-Touch-LCD-7B-Demo\ESP-IDF\16_LVGL_UI 2\build\16_LVGL_UI.elf D:\ESP32\ESP32S3_LCD 7B_DEMO_3\ESP32-S3-Touch-LCD-7B-Demo\ESP32-S3-Touch-LCD-7B-Demo\ESP-IDF\16_LVGL_UI 2\build\bootloader\bootloader.elf --force-color -m 'D:\ESP32_IDF\Espressif\python_env\idf5.5_py3.11_env\Scripts\python.exe' 'D:\ESP32_IDF\Espressif\frameworks\esp-idf-v5.5\tools\idf.py' '-p' 'COM7'
ESP-ROM:esp32s3-20210327
Build:Mar 27 2021
rst:0x1 (POWERON),boot:0x28 (SPI_FAST_FLASH_BOOT)
SPIWP:0xee
mode:DIO, clock div:1
load:0x3fce2820,len:0x1710
load:0x403c8700,len:0xec0
load:0x403cb700,len:0x31d4
entry 0x403c894c
[0;32mI (25) boot: ESP-IDF v5.5-dirty 2nd stage bootloader[0m
[0;32mI (25) boot: compile time Oct 10 2025 10:23:37[0m
[0;32mI (25) boot: Multicore bootloader[0m
[0;32mI (26) boot: chip revision: v0.2[0m
[0;32mI (28) boot: efuse block revision: v1.3[0m
[0;32mI (32) qio_mode: Enabling default flash chip QIO[0m
[0;32mI (36) boot.esp32s3: Boot SPI Speed : 80MHz[0m
[0;32mI (40) boot.esp32s3: SPI Mode       : QIO[0m
[0;32mI (44) boot.esp32s3: SPI Flash Size : 16MB[0m
[0;32mI (48) boot: Enabling RNG early entropy source...[0m
[0;32mI (52) boot: Partition Table:[0m
[0;32mI (55) boot: ## Label            Usage          Type ST Offset   Length[0m
[0;32mI (61) boot:  0 nvs              WiFi data        01 02 00009000 00006000[0m
[0;32mI (68) boot:  1 phy_init         RF data          01 01 0000f000 00001000[0m
[0;32mI (74) boot:  2 factory          factory app      00 00 00010000 00800000[0m
[0;32mI (81) boot: End of partition table[0m
[0;32mI (84) esp_image: segment 0: paddr=00010020 vaddr=3c0e0020 size=13c924h (1296676) map[0m
[0;32mI (284) esp_image: segment 1: paddr=0014c94c vaddr=3fc9c900 size=036cch ( 14028) load[0m
[0;32mI (287) esp_image: segment 2: paddr=00150020 vaddr=42000020 size=d70e0h (880864) map[0m
[0;32mI (418) esp_image: segment 3: paddr=00227108 vaddr=3fc9ffcc size=020d4h (  8404) load[0m
[0;32mI (420) esp_image: segment 4: paddr=002291e4 vaddr=40374000 size=18880h (100480) load[0m
[0;32mI (441) esp_image: segment 5: paddr=00241a6c vaddr=600fe000 size=00020h (    32) load[0m
[0;32mI (451) boot: Loaded app from partition at offset 0x10000[0m
[0;32mI (451) boot: Disabling RNG early entropy source...[0m
[0;33mW (462) flash HPM: HPM mode is optional feature that depends on flash model. Read Docs First![0m
[0;33mW (462) flash HPM: HPM mode with DC adjustment is disabled. Some flash models may not be supported. Read Docs First![0m
[0;33mW (469) flash HPM: High performance mode of this flash model hasn't been supported.[0m
[0;32mI (476) MSPI Timing: Flash timing tuning index: 2[0m
[0;32mI (481) octal_psram: vendor id    : 0x0d (AP)[0m
[0;32mI (485) octal_psram: dev id       : 0x02 (generation 3)[0m
[0;32mI (490) octal_psram: density      : 0x03 (64 Mbit)[0m
[0;32mI (494) octal_psram: good-die     : 0x01 (Pass)[0m
[0;32mI (498) octal_psram: Latency      : 0x01 (Fixed)[0m
[0;32mI (503) octal_psram: VCC          : 0x01 (3V)[0m
[0;32mI (507) octal_psram: SRF          : 0x01 (Fast Refresh)[0m
[0;32mI (512) octal_psram: BurstType    : 0x01 (Hybrid Wrap)[0m
[0;32mI (517) octal_psram: BurstLen     : 0x01 (32 Byte)[0m
[0;32mI (521) octal_psram: Readlatency  : 0x02 (10 cycles@Fixed)[0m
[0;32mI (526) octal_psram: DriveStrength: 0x00 (1/1)[0m
[0;32mI (538) MSPI Timing: PSRAM timing tuning index: 2[0m
[0;32mI (539) esp_psram: Found 8MB PSRAM device[0m
[0;32mI (539) esp_psram: Speed: 120MHz[0m
[0;32mI (594) mmu_psram: Read only data copied and mapped to SPIRAM[0m
[0;32mI (640) mmu_psram: Instructions copied and mapped to SPIRAM[0m
[0;32mI (641) cpu_start: Multicore app[0m
[0;32mI (791) esp_psram: SPI SRAM memory test OK[0m
[0;32mI (800) cpu_start: Pro cpu start user code[0m
[0;32mI (800) cpu_start: cpu freq: 240000000 Hz[0m
[0;32mI (800) app_init: Application information:[0m
[0;32mI (800) app_init: Project name:     16_LVGL_UI[0m
[0;32mI (804) app_init: App version:      94f2d6e-dirty[0m
[0;32mI (808) app_init: Compile time:     Nov  3 2025 14:27:49[0m
[0;32mI (813) app_init: ELF file SHA256:  f19a5b5be...[0m
[0;32mI (818) app_init: ESP-IDF:          v5.5-dirty[0m
[0;32mI (822) efuse_init: Min chip rev:     v0.0[0m
[0;32mI (826) efuse_init: Max chip rev:     v0.99 [0m
[0;32mI (830) efuse_init: Chip rev:         v0.2[0m
[0;32mI (834) heap_init: Initializing. RAM available for dynamic allocation:[0m
[0;32mI (840) heap_init: At 3FCB3398 len 00036378 (216 KiB): RAM[0m
[0;32mI (845) heap_init: At 3FCE9710 len 00005724 (21 KiB): RAM[0m
[0;32mI (850) heap_init: At 3FCF0000 len 00008000 (32 KiB): DRAM[0m
[0;32mI (855) heap_init: At 600FE020 len 00001FC8 (7 KiB): RTCRAM[0m
[0;32mI (861) esp_psram: Adding pool of 6016K of PSRAM memory to heap allocator[0m
[0;32mI (867) esp_psram: Adding pool of 13K of PSRAM memory gap generated due to end address alignment of drom to the heap allocator[0m
[0;32mI (879) spi_flash: detected chip: generic[0m
[0;32mI (882) spi_flash: flash io: qio[0m
[0;32mI (885) sleep_gpio: Configure to isolate all GPIO pins in sleep state[0m
[0;32mI (891) sleep_gpio: Enable automatic switching of GPIO sleep configuration[0m
[0;32mI (898) coexist: coex firmware version: 831ec70[0m
[0;32mI (911) coexist: coexist rom version e7ae62f[0m
[0;32mI (911) main_task: Started on CPU0[0m
[0;32mI (912) esp_psram: Reserving pool of 32K of internal memory for DMA/internal allocations[0m
[0;32mI (917) main_task: Calling app_main()[0m
[0;33mW (928) i2c.master: Please check pull-up resistances whether be connected properly. Otherwise unexpected behavior would happen. For more detailed information, please read docs[0m
[0;32mI (1336) GT911: Initialize I2C panel IO[0m
[0;32mI (1336) GT911: Initialize touch controller GT911[0m
[0;33mW (1336) GT911: Unable to initialize the I2C address[0m
[0;32mI (1338) GT911: TouchPad_ID:0x39,0x31,0x31[0m
[0;32mI (1341) GT911: TouchPad_Config_Version:91[0m
[0;32mI (1345) example: Install RGB LCD panel driver[0m
[0;32mI (1385) example: Initialize RGB LCD panel[0m
[0;32mI (1386) lv_port: Create LVGL task[0m
[0;32mI (1491) MAIN: create main UI successfully[0m
[0;32mI (1553) pp: pp rom version: e7ae62f[0m
[0;32mI (1553) net80211: net80211 rom version: e7ae62f[0m
[0;32mI (1554) wifi:wifi driver task: 3fcce2c0, prio:23, stack:6656, core=0[0m
[0;32mI (1561) wifi:wifi firmware version: f3dbad7[0m
[0;32mI (1562) wifi:wifi certification version: v7.0[0m
[0;32mI (1564) wifi:config NVS flash: enabled[0m
[0;32mI (1567) wifi:config nano formatting: disabled[0m
[0;32mI (1572) wifi:Init data frame dynamic rx buffer num: 32[0m
[0;32mI (1577) wifi:Init static rx mgmt buffer num: 5[0m
[0;32mI (1581) wifi:Init management short buffer num: 32[0m
[0;32mI (1586) wifi:Init static tx buffer num: 16[0m
[0;32mI (1590) wifi:Init tx cache buffer num: 32[0m
[0;32mI (1593) wifi:Init static tx FG buffer num: 2[0m
[0;32mI (1597) wifi:Init static rx buffer size: 1600[0m
[0;32mI (1602) wifi:Init static rx buffer num: 16[0m
[0;32mI (1605) wifi:Init dynamic rx buffer num: 32[0m
[0;32mI (1610) wifi_init: rx ba win: 16[0m
[0;32mI (1612) wifi_init: accept mbox: 6[0m
[0;32mI (1615) wifi_init: tcpip mbox: 32[0m
[0;32mI (1618) wifi_init: udp mbox: 6[0m
[0;32mI (1621) wifi_init: tcp mbox: 6[0m
[0;32mI (1624) wifi_init: tcp tx win: 5760[0m
[0;32mI (1627) wifi_init: tcp rx win: 5760[0m
[0;32mI (1631) wifi_init: tcp mss: 1440[0m
[0;32mI (1634) wifi_init: WiFi/LWIP prefer SPIRAM[0m
[0;32mI (1638) wifi_init: WiFi IRAM OP enabled[0m
[0;32mI (1641) wifi_init: WiFi RX IRAM OP enabled[0m
[0;32mI (1645) reconnect: Found saved WiFi: iPhone Anh Kiet[0m
[0;32mI (1650) WiFi: Wi-Fi and IP event handlers registered[0m
Wi-Fi event handler registered.
[0;32mI (1658) phy_init: phy_version 701,f4f1da3a,Mar  3 2025,15:50:10[0m
[0;32mI (1697) wifi:mode : sta (10:20:ba:05:9b:9c)[0m
[0;32mI (1697) wifi:enable tsf[0m
[0;32mI (1699) reconnect: WiFi init complete, waiting for connection...[0m
[0;32mI (1699) WiFi Sta: GET: SSID:iPhone Anh Kiet, password:061002aK[0m
[0;32mI (1704) main_task: Returned from app_main()[0m
[0;32mI (2204) WiFi Sta: Failed to connect to the AP[0m
[0;32mI (2204) WiFi Sta: Retrying to connect to the AP[0m
[0;32mI (3714) WiFi Sta: Failed to connect to the AP[0m
[0;32mI (3714) WiFi Sta: Retrying to connect to the AP[0m
[0;32mI (4105) WiFi Sta: STA disconnected, reason=201[0m
[0;32mI (4106) WiFi Sta: WIFI STA_DISCONNECTED.[0m
[0;33mW (4208) WIFI: wifi_last_Button is NULL or invalid, skip UI update[0m
[0;32mI (5224) WiFi Sta: Failed to connect to the AP[0m
[0;32mI (5224) WiFi Sta: Retrying to connect to the AP[0m
[0;32mI (6513) WiFi Sta: STA disconnected, reason=201[0m
[0;32mI (6513) WiFi Sta: WIFI STA_DISCONNECTED.[0m
[0;33mW (6612) WIFI: wifi_last_Button is NULL or invalid, skip UI update[0m
[0;32mI (6734) WiFi Sta: Failed to connect to the AP[0m
[0;32mI (6734) WiFi Sta: Retrying to connect to the AP[0m
[0;32mI (8244) WiFi Sta: Failed to connect to the AP[0m
[0;32mI (8244) WiFi Sta: Retrying to connect to the AP[0m
[0;32mI (8920) WiFi Sta: STA disconnected, reason=201[0m
[0;32mI (8920) WiFi Sta: WIFI STA_DISCONNECTED.[0m
[0;33mW (9020) WIFI: wifi_last_Button is NULL or invalid, skip UI update[0m
[0;32mI (9754) WiFi Sta: Failed to connect to the AP[0m
[0;32mI (9754) WiFi Sta: Failed to connect to SSID:iPhone Anh Kiet, password:061002aK[0m
[0;32mI (11327) WiFi Sta: STA disconnected, reason=201[0m
[0;32mI (11327) WiFi Sta: WIFI STA_DISCONNECTED.[0m
[0;33mW (11428) WIFI: wifi_last_Button is NULL or invalid, skip UI update[0m
[0;32mI (13735) WiFi Sta: STA disconnected, reason=201[0m
[0;32mI (13735) WiFi Sta: WIFI STA_DISCONNECTED.[0m
[0;33mW (13912) WIFI: wifi_last_Button is NULL or invalid, skip UI update[0m
STA:STA 
[0;33mW (14974) wifi:sta_scan: STA is connecting, scan are not allowed![0m
[0;32mI (14974) wifi_scan: Max AP number ap_info can hold = 20[0m
[0;32mI (14975) wifi_scan: Total APs scanned = 0, actual AP number ap_info holds = 0[0m
[0;32mI (15099) NVS: Have a saved wifi network in NVS: iPhone Anh Kiet[0m
[0;32mI (16143) WiFi Sta: STA disconnected, reason=201[0m
[0;32mI (16143) WiFi Sta: WIFI STA_DISCONNECTED.[0m
[0;33mW (16249) WIFI: wifi_last_Button is NULL or invalid, skip UI update[0m
[0;32mI (18551) WiFi Sta: STA disconnected, reason=201[0m
[0;32mI (18551) WiFi Sta: WIFI STA_DISCONNECTED.[0m
[0;33mW (18651) WIFI: wifi_last_Button is NULL or invalid, skip UI update[0m
[0;32mI (20958) WiFi Sta: STA disconnected, reason=201[0m
[0;32mI (20958) WiFi Sta: WIFI STA_DISCONNECTED.[0m
[0;33mW (21059) WIFI: wifi_last_Button is NULL or invalid, skip UI update[0m
[0;32mI (23365) WiFi Sta: STA disconnected, reason=201[0m
[0;32mI (23366) WiFi Sta: WIFI STA_DISCONNECTED.[0m
[0;33mW (23467) WIFI: wifi_last_Button is NULL or invalid, skip UI update[0m
[0;32mI (25773) WiFi Sta: STA disconnected, reason=201[0m
[0;32mI (25773) WiFi Sta: WIFI STA_DISCONNECTED.[0m
[0;33mW (25873) WIFI: wifi_last_Button is NULL or invalid, skip UI update[0m
[0;32mI (28180) WiFi Sta: STA disconnected, reason=201[0m
[0;32mI (28180) WiFi Sta: WIFI STA_DISCONNECTED.[0m
[0;33mW (28281) WIFI: wifi_last_Button is NULL or invalid, skip UI update[0m
[0;32mI (30588) WiFi Sta: STA disconnected, reason=201[0m
[0;32mI (30588) WiFi Sta: WIFI STA_DISCONNECTED.[0m
[0;33mW (30689) WIFI: wifi_last_Button is NULL or invalid, skip UI update[0m
[0;32mI (32995) WiFi Sta: STA disconnected, reason=201[0m
[0;32mI (32995) WiFi Sta: WIFI STA_DISCONNECTED.[0m
[0;33mW (33097) WIFI: wifi_last_Button is NULL or invalid, skip UI update[0m
[0;32mI (35403) WiFi Sta: STA disconnected, reason=201[0m
[0;32mI (35403) WiFi Sta: WIFI STA_DISCONNECTED.[0m
[0;33mW (35505) WIFI: wifi_last_Button is NULL or invalid, skip UI update[0m
[0;32mI (37810) WiFi Sta: STA disconnected, reason=201[0m
[0;32mI (37811) WiFi Sta: WIFI STA_DISCONNECTED.[0m
[0;33mW (37913) WIFI: wifi_last_Button is NULL or invalid, skip UI update[0m
[0;32mI (40218) WiFi Sta: STA disconnected, reason=201[0m
[0;32mI (40218) WiFi Sta: WIFI STA_DISCONNECTED.[0m
[0;33mW (40318) WIFI: wifi_last_Button is NULL or invalid, skip UI update[0m
[0;32mI (42625) WiFi Sta: STA disconnected, reason=201[0m
[0;32mI (42625) WiFi Sta: WIFI STA_DISCONNECTED.[0m
[0;33mW (42726) WIFI: wifi_last_Button is NULL or invalid, skip UI update[0m
[0;32mI (45033) WiFi Sta: STA disconnected, reason=201[0m
[0;32mI (45033) WiFi Sta: WIFI STA_DISCONNECTED.[0m
[0;33mW (45132) WIFI: wifi_last_Button is NULL or invalid, skip UI update[0m
[0;32mI (47440) WiFi Sta: STA disconnected, reason=201[0m
[0;32mI (47440) WiFi Sta: WIFI STA_DISCONNECTED.[0m
[0;33mW (47540) WIFI: wifi_last_Button is NULL or invalid, skip UI update[0m
[0;32mI (49848) WiFi Sta: STA disconnected, reason=201[0m
[0;32mI (49848) WiFi Sta: WIFI STA_DISCONNECTED.[0m
[0;33mW (49948) WIFI: wifi_last_Button is NULL or invalid, skip UI update[0m
[0;32mI (52255) WiFi Sta: STA disconnected, reason=201[0m
[0;32mI (52256) WiFi Sta: WIFI STA_DISCONNECTED.[0m
[0;33mW (52356) WIFI: wifi_last_Button is NULL or invalid, skip UI update[0m
[0;32mI (54663) WiFi Sta: STA disconnected, reason=201[0m
[0;32mI (54663) WiFi Sta: WIFI STA_DISCONNECTED.[0m
[0;33mW (54762) WIFI: wifi_last_Button is NULL or invalid, skip UI update[0m
[0;32mI (57070) WiFi Sta: STA disconnected, reason=201[0m
[0;32mI (57070) WiFi Sta: WIFI STA_DISCONNECTED.[0m
[0;33mW (57170) WIFI: wifi_last_Button is NULL or invalid, skip UI update[0m
[0;32mI (59478) WiFi Sta: STA disconnected, reason=201[0m
[0;32mI (59478) WiFi Sta: WIFI STA_DISCONNECTED.[0m
[0;33mW (59578) WIFI: wifi_last_Button is NULL or invalid, skip UI update[0m
[0;32mI (61885) WiFi Sta: STA disconnected, reason=201[0m
[0;32mI (61886) WiFi Sta: WIFI STA_DISCONNECTED.[0m
[0;33mW (61986) WIFI: wifi_last_Button is NULL or invalid, skip UI update[0m
