Command: D:\ESP32_IDF\Espressif\python_env\idf5.5_py3.11_env\Scripts\python.exe D:\ESP32_IDF\Espressif\frameworks\esp-idf-v5.5\tools/idf_monitor.py -p COM7 -b 115200 --toolchain-prefix xtensa-esp32s3-elf- --target esp32s3 --revision 0 D:\ESP32\ESP32S3_LCD 7B_DEMO_3\ESP32-S3-Touch-LCD-7B-Demo\ESP32-S3-Touch-LCD-7B-Demo\ESP-IDF\16_LVGL_UI 2\build\16_LVGL_UI.elf D:\ESP32\ESP32S3_LCD 7B_DEMO_3\ESP32-S3-Touch-LCD-7B-Demo\ESP32-S3-Touch-LCD-7B-Demo\ESP-IDF\16_LVGL_UI 2\build\bootloader\bootloader.elf --force-color -m 'D:\ESP32_IDF\Espressif\python_env\idf5.5_py3.11_env\Scripts\python.exe' 'D:\ESP32_IDF\Espressif\frameworks\esp-idf-v5.5\tools\idf.py' '-p' 'COM7'
ESP-ROM:esp32s3-20210327
Build:Mar 27 2021
rst:0x1 (POWERON),boot:0x28 (SPI_FAST_FLASH_BOOT)
SPIWP:0xee
mode:DIO, clock div:1
load:0x3fce2820,len:0x1710
load:0x403c8700,len:0xec0
load:0x403cb700,len:0x31d4
entry 0x403c894c
[0;32mI (25) boot: ESP-IDF v5.5-dirty 2nd stage bootloader[0m
[0;32mI (25) boot: compile time Oct 10 2025 10:23:37[0m
[0;32mI (25) boot: Multicore bootloader[0m
[0;32mI (26) boot: chip revision: v0.2[0m
[0;32mI (28) boot: efuse block revision: v1.3[0m
[0;32mI (32) qio_mode: Enabling default flash chip QIO[0m
[0;32mI (36) boot.esp32s3: Boot SPI Speed : 80MHz[0m
[0;32mI (40) boot.esp32s3: SPI Mode       : QIO[0m
[0;32mI (44) boot.esp32s3: SPI Flash Size : 16MB[0m
[0;32mI (48) boot: Enabling RNG early entropy source...[0m
[0;32mI (52) boot: Partition Table:[0m
[0;32mI (55) boot: ## Label            Usage          Type ST Offset   Length[0m
[0;32mI (61) boot:  0 nvs              WiFi data        01 02 00009000 00006000[0m
[0;32mI (68) boot:  1 phy_init         RF data          01 01 0000f000 00001000[0m
[0;32mI (74) boot:  2 factory          factory app      00 00 00010000 00800000[0m
[0;32mI (81) boot: End of partition table[0m
[0;32mI (84) esp_image: segment 0: paddr=00010020 vaddr=3c0e0020 size=132f44h (1257284) map[0m
[0;32mI (278) esp_image: segment 1: paddr=00142f6c vaddr=3fc9c900 size=057a0h ( 22432) load[0m
[0;32mI (282) esp_image: segment 2: paddr=00148714 vaddr=40374000 size=07904h ( 30980) load[0m
[0;32mI (288) esp_image: segment 3: paddr=00150020 vaddr=42000020 size=d75ech (882156) map[0m
[0;32mI (420) esp_image: segment 4: paddr=00227614 vaddr=4037b904 size=10f7ch ( 69500) load[0m
[0;32mI (434) esp_image: segment 5: paddr=00238598 vaddr=600fe000 size=00020h (    32) load[0m
[0;32mI (444) boot: Loaded app from partition at offset 0x10000[0m
[0;32mI (444) boot: Disabling RNG early entropy source...[0m
[0;33mW (454) flash HPM: HPM mode is optional feature that depends on flash model. Read Docs First![0m
[0;33mW (454) flash HPM: HPM mode with DC adjustment is disabled. Some flash models may not be supported. Read Docs First![0m
[0;33mW (461) flash HPM: High performance mode of this flash model hasn't been supported.[0m
[0;32mI (469) MSPI Timing: Flash timing tuning index: 2[0m
[0;32mI (473) octal_psram: vendor id    : 0x0d (AP)[0m
[0;32mI (477) octal_psram: dev id       : 0x02 (generation 3)[0m
[0;32mI (482) octal_psram: density      : 0x03 (64 Mbit)[0m
[0;32mI (487) octal_psram: good-die     : 0x01 (Pass)[0m
[0;32mI (491) octal_psram: Latency      : 0x01 (Fixed)[0m
[0;32mI (495) octal_psram: VCC          : 0x01 (3V)[0m
[0;32mI (499) octal_psram: SRF          : 0x01 (Fast Refresh)[0m
[0;32mI (504) octal_psram: BurstType    : 0x01 (Hybrid Wrap)[0m
[0;32mI (509) octal_psram: BurstLen     : 0x01 (32 Byte)[0m
[0;32mI (514) octal_psram: Readlatency  : 0x02 (10 cycles@Fixed)[0m
[0;32mI (519) octal_psram: DriveStrength: 0x00 (1/1)[0m
[0;32mI (531) MSPI Timing: PSRAM timing tuning index: 2[0m
[0;32mI (531) esp_psram: Found 8MB PSRAM device[0m
[0;32mI (531) esp_psram: Speed: 120MHz[0m
[0;32mI (587) mmu_psram: Read only data copied and mapped to SPIRAM[0m
[0;32mI (633) mmu_psram: Instructions copied and mapped to SPIRAM[0m
[0;32mI (633) cpu_start: Multicore app[0m
[0;32mI (784) esp_psram: SPI SRAM memory test OK[0m
[0;32mI (792) cpu_start: Pro cpu start user code[0m
[0;32mI (792) cpu_start: cpu freq: 240000000 Hz[0m
[0;32mI (792) app_init: Application information:[0m
[0;32mI (792) app_init: Project name:     16_LVGL_UI[0m
[0;32mI (797) app_init: App version:      94f2d6e-dirty[0m
[0;32mI (801) app_init: Compile time:     Nov  3 2025 14:27:49[0m
[0;32mI (806) app_init: ELF file SHA256:  8b8c6f701...[0m
[0;32mI (810) app_init: ESP-IDF:          v5.5-dirty[0m
[0;32mI (814) efuse_init: Min chip rev:     v0.0[0m
[0;32mI (818) efuse_init: Max chip rev:     v0.99 [0m
[0;32mI (822) efuse_init: Chip rev:         v0.2[0m
[0;32mI (826) heap_init: Initializing. RAM available for dynamic allocation:[0m
[0;32mI (832) heap_init: At 3FCB3390 len 00036380 (216 KiB): RAM[0m
[0;32mI (838) heap_init: At 3FCE9710 len 00005724 (21 KiB): RAM[0m
[0;32mI (843) heap_init: At 3FCF0000 len 00008000 (32 KiB): DRAM[0m
[0;32mI (848) heap_init: At 600FE020 len 00001FC8 (7 KiB): RTCRAM[0m
[0;32mI (853) esp_psram: Adding pool of 6016K of PSRAM memory to heap allocator[0m
[0;32mI (860) esp_psram: Adding pool of 52K of PSRAM memory gap generated due to end address alignment of drom to the heap allocator[0m
[0;32mI (871) spi_flash: detected chip: generic[0m
[0;32mI (875) spi_flash: flash io: qio[0m
[0;32mI (878) sleep_gpio: Configure to isolate all GPIO pins in sleep state[0m
[0;32mI (884) sleep_gpio: Enable automatic switching of GPIO sleep configuration[0m
[0;32mI (890) coexist: coex firmware version: 831ec70[0m
[0;32mI (903) coexist: coexist rom version e7ae62f[0m
[0;32mI (904) main_task: Started on CPU0[0m
[0;32mI (905) esp_psram: Reserving pool of 32K of internal memory for DMA/internal allocations[0m
[0;32mI (910) main_task: Calling app_main()[0m
[0;33mW (921) i2c.master: Please check pull-up resistances whether be connected properly. Otherwise unexpected behavior would happen. For more detailed information, please read docs[0m
[0;32mI (1329) GT911: Initialize I2C panel IO[0m
[0;32mI (1329) GT911: Initialize touch controller GT911[0m
[0;33mW (1329) GT911: Unable to initialize the I2C address[0m
[0;32mI (1331) GT911: TouchPad_ID:0x39,0x31,0x31[0m
[0;32mI (1334) GT911: TouchPad_Config_Version:91[0m
[0;32mI (1338) example: Install RGB LCD panel driver[0m
[0;32mI (1378) example: Initialize RGB LCD panel[0m
[0;32mI (1379) lv_port: Create LVGL task[0m
[0;32mI (1483) MAIN: create main UI successfully[0m
[0;32mI (1545) pp: pp rom version: e7ae62f[0m
[0;32mI (1546) net80211: net80211 rom version: e7ae62f[0m
[0;32mI (1547) wifi:wifi driver task: 3fccdeec, prio:23, stack:6656, core=0[0m
[0;32mI (1554) wifi:wifi firmware version: f3dbad7[0m
[0;32mI (1554) wifi:wifi certification version: v7.0[0m
[0;32mI (1556) wifi:config NVS flash: enabled[0m
[0;32mI (1560) wifi:config nano formatting: disabled[0m
[0;32mI (1564) wifi:Init data frame dynamic rx buffer num: 32[0m
[0;32mI (1569) wifi:Init static rx mgmt buffer num: 5[0m
[0;32mI (1573) wifi:Init management short buffer num: 32[0m
[0;32mI (1578) wifi:Init static tx buffer num: 16[0m
[0;32mI (1583) wifi:Init tx cache buffer num: 32[0m
[0;32mI (1586) wifi:Init static tx FG buffer num: 2[0m
[0;32mI (1590) wifi:Init static rx buffer size: 1600[0m
[0;32mI (1594) wifi:Init static rx buffer num: 16[0m
[0;32mI (1598) wifi:Init dynamic rx buffer num: 32[0m
[0;32mI (1603) wifi_init: rx ba win: 16[0m
[0;32mI (1605) wifi_init: accept mbox: 6[0m
[0;32mI (1608) wifi_init: tcpip mbox: 32[0m
[0;32mI (1611) wifi_init: udp mbox: 6[0m
[0;32mI (1614) wifi_init: tcp mbox: 6[0m
[0;32mI (1617) wifi_init: tcp tx win: 5760[0m
[0;32mI (1620) wifi_init: tcp rx win: 5760[0m
[0;32mI (1623) wifi_init: tcp mss: 1440[0m
[0;32mI (1626) wifi_init: WiFi/LWIP prefer SPIRAM[0m
[0;32mI (1630) wifi_init: WiFi IRAM OP enabled[0m
[0;32mI (1634) wifi_init: WiFi RX IRAM OP enabled[0m
Wi-Fi event handler registered.
[0;32mI (1638) MQTT: Other event id:7[0m
[0;32mI (1641) phy_init: phy_version 701,f4f1da3a,Mar  3 2025,15:50:10[0m
[1;31mE (1644) esp-tls: [sock=54] connect() error: Host is unreachable[0m
[1;31mE (1655) transport_base: Failed to open a new connection: 32772[0m
[1;31mE (1661) mqtt_client: Error transport connect[0m
[0;32mI (1665) MQTT: MQTT_EVENT_ERROR[0m
[0;32mI (1668) MQTT: Last error code reported from esp-tls: 0x8004[0m
[0;32mI (1673) MQTT: Last tls stack error number: 0x0[0m
[0;32mI (1677) MQTT: Last captured errno : 0 (Success)[0m
[0;32mI (1682) MQTT: MQTT_EVENT_DISCONNECTED[0m
[0;32mI (1687) phy_init: Saving new calibration data due to checksum failure or outdated calibration data, mode(0)[0m
[0;32mI (1641) main_task: Returned from app_main()[0m
[0;32mI (1702) wifi:mode : null[0m
[0;32mI (11685) MQTT: Other event id:7[0m
[1;31mE (11685) esp-tls: [sock=54] connect() error: Host is unreachable[0m
[1;31mE (11686) transport_base: Failed to open a new connection: 32772[0m
[1;31mE (11688) mqtt_client: Error transport connect[0m
[0;32mI (11692) MQTT: MQTT_EVENT_ERROR[0m
[0;32mI (11695) MQTT: Last error code reported from esp-tls: 0x8004[0m
[0;32mI (11701) MQTT: Last tls stack error number: 0x0[0m
[0;32mI (11705) MQTT: Last captured errno : 0 (Success)[0m
[0;32mI (11710) MQTT: MQTT_EVENT_DISCONNECTED[0m
[0;32mI (21713) MQTT: Other event id:7[0m
[1;31mE (21713) esp-tls: [sock=54] connect() error: Host is unreachable[0m
[1;31mE (21714) transport_base: Failed to open a new connection: 32772[0m
[1;31mE (21716) mqtt_client: Error transport connect[0m
[0;32mI (21720) MQTT: MQTT_EVENT_ERROR[0m
[0;32mI (21723) MQTT: Last error code reported from esp-tls: 0x8004[0m
[0;32mI (21729) MQTT: Last tls stack error number: 0x0[0m
[0;32mI (21733) MQTT: Last captured errno : 0 (Success)[0m
[0;32mI (21737) MQTT: MQTT_EVENT_DISCONNECTED[0m
[0;32mI (31741) MQTT: Other event id:7[0m
[1;31mE (31741) esp-tls: [sock=54] connect() error: Host is unreachable[0m
[1;31mE (31742) transport_base: Failed to open a new connection: 32772[0m
[1;31mE (31744) mqtt_client: Error transport connect[0m
[0;32mI (31748) MQTT: MQTT_EVENT_ERROR[0m
[0;32mI (31751) MQTT: Last error code reported from esp-tls: 0x8004[0m
[0;32mI (31757) MQTT: Last tls stack error number: 0x0[0m
[0;32mI (31761) MQTT: Last captured errno : 0 (Success)[0m
[0;32mI (31765) MQTT: MQTT_EVENT_DISCONNECTED[0m
[0;32mI (41769) MQTT: Other event id:7[0m
[1;31mE (41769) esp-tls: [sock=54] connect() error: Host is unreachable[0m
[1;31mE (41770) transport_base: Failed to open a new connection: 32772[0m
[1;31mE (41772) mqtt_client: Error transport connect[0m
[0;32mI (41776) MQTT: MQTT_EVENT_ERROR[0m
[0;32mI (41779) MQTT: Last error code reported from esp-tls: 0x8004[0m
[0;32mI (41785) MQTT: Last tls stack error number: 0x0[0m
[0;32mI (41789) MQTT: Last captured errno : 0 (Success)[0m
[0;32mI (41793) MQTT: MQTT_EVENT_DISCONNECTED[0m
[0;32mI (51797) MQTT: Other event id:7[0m
[1;31mE (51797) esp-tls: [sock=54] connect() error: Host is unreachable[0m
[1;31mE (51798) transport_base: Failed to open a new connection: 32772[0m
[1;31mE (51800) mqtt_client: Error transport connect[0m
[0;32mI (51804) MQTT: MQTT_EVENT_ERROR[0m
[0;32mI (51807) MQTT: Last error code reported from esp-tls: 0x8004[0m
[0;32mI (51813) MQTT: Last tls stack error number: 0x0[0m
[0;32mI (51817) MQTT: Last captured errno : 0 (Success)[0m
[0;32mI (51822) MQTT: MQTT_EVENT_DISCONNECTED[0m
[0;32mI (61825) MQTT: Other event id:7[0m
[1;31mE (61825) esp-tls: [sock=54] connect() error: Host is unreachable[0m
[1;31mE (61826) transport_base: Failed to open a new connection: 32772[0m
[1;31mE (61828) mqtt_client: Error transport connect[0m
[0;32mI (61832) MQTT: MQTT_EVENT_ERROR[0m
[0;32mI (61835) MQTT: Last error code reported from esp-tls: 0x8004[0m
[0;32mI (61841) MQTT: Last tls stack error number: 0x0[0m
[0;32mI (61845) MQTT: Last captured errno : 0 (Success)[0m
[0;32mI (61850) MQTT: MQTT_EVENT_DISCONNECTED[0m
[0;32mI (67607) wifi:flush txq[0m
[0;32mI (67607) wifi:stop sw txq[0m
[0;32mI (67607) wifi:lmac stop hw txq[0m
STA:STA 
[0;32mI (67610) wifi:mode : sta (10:20:ba:05:9b:9c)[0m
[0;32mI (67610) wifi:enable tsf[0m
[0;32mI (70115) wifi_scan: Max AP number ap_info can hold = 20[0m
[0;32mI (70115) wifi_scan: Total APs scanned = 16, actual AP number ap_info holds = 16[0m
[0;32mI (70233) NVS: Have a saved wifi network in NVS[0m
[0;32mI (70235) wifi_scan: [0m
[0;32mI (70235) wifi_scan: Found saved wifi network in scan list, ssid: NamTrung[0m
[0;32mI (70236) wifi_scan: BSSID 10:5F:02:75:1E:9A[0m
[0;32mI (70266) WiFi Sta: Connecting to wifi network, BSSID: 10:5F:02:75:1E:9A[0m
[0;32mI (70267) wifi:flush txq[0m
[0;32mI (70268) wifi:stop sw txq[0m
[0;32mI (70268) wifi:lmac stop hw txq[0m
[0;32mI (70270) wifi:mode : sta (10:20:ba:05:9b:9c)[0m
[0;32mI (70273) wifi:enable tsf[0m
[0;32mI (70277) WiFi Sta: GET: SSID:NamTrung, password:nt@14092011[0m
[0;32mI (70288) wifi:new:<6,0>, old:<1,0>, ap:<255,255>, sta:<6,0>, prof:1, snd_ch_cfg:0x0[0m
[0;32mI (70289) wifi:state: init -> auth (0xb0)[0m
[0;32mI (70306) wifi:state: auth -> assoc (0x0)[0m
[0;32mI (70316) wifi:state: assoc -> run (0x10)[0m
[0;32mI (70340) wifi:connected with NamTrung, aid = 20, channel 6, BW20, bssid = 10:5f:02:75:1e:9a[0m
[0;32mI (70341) wifi:security: WPA2-PSK, phy: bgn, rssi: -58[0m
[0;32mI (70343) wifi:pm start, type: 1[0m

[0;32mI (70346) wifi:dp: 1, bi: 102400, li: 3, scale listen interval from 307200 us to 307200 us[0m
[0;32mI (70354) wifi:set rx beacon pti, rx_bcn_pti: 14, bcn_timeout: 25000, mt_pti: 14, mt_time: 10000[0m
[0;32mI (70363) WiFi Sta: Connected to SSID:NamTrung, channel:6[0m
[0;32mI (70373) wifi:AP's beacon interval = 102400 us, DTIM period = 1[0m
[0;32mI (70781) WiFi Sta: Failed to connect to the AP[0m
[0;32mI (70781) WiFi Sta: Retrying to connect to the AP[0m
[0;32mI (71393) esp_netif_handlers: sta ip: 10.10.1.47, mask: 255.255.252.0, gw: 10.10.1.1[0m
[0;32mI (71853) MQTT: Other event id:7[0m
[0;32mI (71869) wifi:<ba-add>idx:0 (ifx:0, 10:5f:02:75:1e:9a), tid:7, ssn:8, winSize:64[0m
[0;32mI (71872) wifi:<ba-add>idx:1 (ifx:0, 10:5f:02:75:1e:9a), tid:0, ssn:4, winSize:64[0m
[0;32mI (71872) MQTT: MQTT_EVENT_CONNECTED[0m
[0;32mI (71880) MQTT: MQTT_EVENT_SUBSCRIBED, msg_id=53296, return code=0x00 [0m
[0;32mI (71884) MQTT: MQTT_EVENT_SUBSCRIBED, msg_id=40528, return code=0x00 [0m
[0;32mI (72106) MQTT: MQTT_EVENT_SUBSCRIBED, msg_id=22169, return code=0x00 [0m
[0;32mI (72291) WiFi: Connected with IP: 10.10.1.47[0m
[0;32mI (72291) WiFi Sta: Connected to AP SSID:NamTrung, password:nt@14092011, bssid:10:5F:02:75:1E:9A[0m
[0;32mI (72392) NVS: last index: 0[0m
[0;32mI (72392) NVS: wifi index: 0[0m
[0;32mI (72444) MQTT_MANAGER: Starting MQTT safely...[0m
[1;31mE (72444) mqtt_client: Client has started[0m
[0;32mI (72444) MQTT_MANAGER: MQTT started.[0m
[0;32mI (76722) wifi:bcn_timeout,ap_probe_send_start[0m
[0;32mI (80521) MQTT: MQTT_EVENT_DATA[0m
[0;32mI (80521) MQTT: TOPIC=closed[0m
[0;32mI (80521) MQTT: DATA=closed[0m
[0;32mI (83276) wifi:bcn_timeout,ap_probe_send_start[0m
[0;32mI (89335) wifi:bcn_timeout,ap_probe_send_start[0m
[0;32mI (96178) wifi:bcn_timeout,ap_probe_send_start[0m
[0;32mI (97659) MQTT: MQTT_EVENT_DATA[0m
[0;32mI (97659) MQTT: TOPIC=reset_number[0m
[0;32mI (97659) MQTT: DATA=reset[0m
