Command: D:\ESP32_IDF\Espressif\python_env\idf5.5_py3.11_env\Scripts\python.exe D:\ESP32_IDF\Espressif\frameworks\esp-idf-v5.5\tools/idf_monitor.py -p COM7 -b 115200 --toolchain-prefix xtensa-esp32s3-elf- --target esp32s3 --revision 0 D:\ESP32\ESP32S3_LCD 7B_DEMO_3\ESP32-S3-Touch-LCD-7B-Demo\ESP32-S3-Touch-LCD-7B-Demo\ESP-IDF\16_LVGL_UI 2\build\16_LVGL_UI.elf D:\ESP32\ESP32S3_LCD 7B_DEMO_3\ESP32-S3-Touch-LCD-7B-Demo\ESP32-S3-Touch-LCD-7B-Demo\ESP-IDF\16_LVGL_UI 2\build\bootloader\bootloader.elf --force-color -m 'D:\ESP32_IDF\Espressif\python_env\idf5.5_py3.11_env\Scripts\python.exe' 'D:\ESP32_IDF\Espressif\frameworks\esp-idf-v5.5\tools\idf.py' '-p' 'COM7'
ESP-ROM:esp32s3-20210327
Build:Mar 27 2021
rst:0x1 (POWERON),boot:0x28 (SPI_FAST_FLASH_BOOT)
SPIWP:0xee
mode:DIO, clock div:1
load:0x3fce2820,len:0x1710
load:0x403c8700,len:0xec0
load:0x403cb700,len:0x31d4
entry 0x403c894c
[0;32mI (25) boot: ESP-IDF v5.5-dirty 2nd stage bootloader[0m
[0;32mI (25) boot: compile time Oct 10 2025 10:23:37[0m
[0;32mI (25) boot: Multicore bootloader[0m
[0;32mI (26) boot: chip revision: v0.2[0m
[0;32mI (28) boot: efuse block revision: v1.3[0m
[0;32mI (32) qio_mode: Enabling default flash chip QIO[0m
[0;32mI (36) boot.esp32s3: Boot SPI Speed : 80MHz[0m
[0;32mI (40) boot.esp32s3: SPI Mode       : QIO[0m
[0;32mI (44) boot.esp32s3: SPI Flash Size : 16MB[0m
[0;32mI (48) boot: Enabling RNG early entropy source...[0m
[0;32mI (52) boot: Partition Table:[0m
[0;32mI (55) boot: ## Label            Usage          Type ST Offset   Length[0m
[0;32mI (61) boot:  0 nvs              WiFi data        01 02 00009000 00006000[0m
[0;32mI (68) boot:  1 phy_init         RF data          01 01 0000f000 00001000[0m
[0;32mI (74) boot:  2 factory          factory app      00 00 00010000 00800000[0m
[0;32mI (81) boot: End of partition table[0m
[0;32mI (84) esp_image: segment 0: paddr=00010020 vaddr=3c0e0020 size=13b474h (1291380) map[0m
[0;32mI (283) esp_image: segment 1: paddr=0014b49c vaddr=3fc9c900 size=04b7ch ( 19324) load[0m
[0;32mI (287) esp_image: segment 2: paddr=00150020 vaddr=42000020 size=d6dc8h (880072) map[0m
[0;32mI (418) esp_image: segment 3: paddr=00226df0 vaddr=3fca147c size=00c24h (  3108) load[0m
[0;32mI (419) esp_image: segment 4: paddr=00227a1c vaddr=40374000 size=18880h (100480) load[0m
[0;32mI (441) esp_image: segment 5: paddr=002402a4 vaddr=600fe000 size=00020h (    32) load[0m
[0;32mI (451) boot: Loaded app from partition at offset 0x10000[0m
[0;32mI (451) boot: Disabling RNG early entropy source...[0m
[0;33mW (461) flash HPM: HPM mode is optional feature that depends on flash model. Read Docs First![0m
[0;33mW (461) flash HPM: HPM mode with DC adjustment is disabled. Some flash models may not be supported. Read Docs First![0m
[0;33mW (468) flash HPM: High performance mode of this flash model hasn't been supported.[0m
[0;32mI (476) MSPI Timing: Flash timing tuning index: 2[0m
[0;32mI (480) octal_psram: vendor id    : 0x0d (AP)[0m
[0;32mI (484) octal_psram: dev id       : 0x02 (generation 3)[0m
[0;32mI (489) octal_psram: density      : 0x03 (64 Mbit)[0m
[0;32mI (493) octal_psram: good-die     : 0x01 (Pass)[0m
[0;32mI (498) octal_psram: Latency      : 0x01 (Fixed)[0m
[0;32mI (502) octal_psram: VCC          : 0x01 (3V)[0m
[0;32mI (506) octal_psram: SRF          : 0x01 (Fast Refresh)[0m
[0;32mI (511) octal_psram: BurstType    : 0x01 (Hybrid Wrap)[0m
[0;32mI (516) octal_psram: BurstLen     : 0x01 (32 Byte)[0m
[0;32mI (520) octal_psram: Readlatency  : 0x02 (10 cycles@Fixed)[0m
[0;32mI (526) octal_psram: DriveStrength: 0x00 (1/1)[0m
[0;32mI (538) MSPI Timing: PSRAM timing tuning index: 2[0m
[0;32mI (538) esp_psram: Found 8MB PSRAM device[0m
[0;32mI (538) esp_psram: Speed: 120MHz[0m
[0;32mI (593) mmu_psram: Read only data copied and mapped to SPIRAM[0m
[0;32mI (640) mmu_psram: Instructions copied and mapped to SPIRAM[0m
[0;32mI (640) cpu_start: Multicore app[0m
[0;32mI (791) esp_psram: SPI SRAM memory test OK[0m
[0;32mI (799) cpu_start: Pro cpu start user code[0m
[0;32mI (799) cpu_start: cpu freq: 240000000 Hz[0m
[0;32mI (799) app_init: Application information:[0m
[0;32mI (799) app_init: Project name:     16_LVGL_UI[0m
[0;32mI (803) app_init: App version:      94f2d6e-dirty[0m
[0;32mI (808) app_init: Compile time:     Nov  3 2025 14:27:49[0m
[0;32mI (813) app_init: ELF file SHA256:  6eaabde44...[0m
[0;32mI (817) app_init: ESP-IDF:          v5.5-dirty[0m
[0;32mI (821) efuse_init: Min chip rev:     v0.0[0m
[0;32mI (825) efuse_init: Max chip rev:     v0.99 [0m
[0;32mI (829) efuse_init: Chip rev:         v0.2[0m
[0;32mI (833) heap_init: Initializing. RAM available for dynamic allocation:[0m
[0;32mI (839) heap_init: At 3FCB3390 len 00036380 (216 KiB): RAM[0m
[0;32mI (844) heap_init: At 3FCE9710 len 00005724 (21 KiB): RAM[0m
[0;32mI (850) heap_init: At 3FCF0000 len 00008000 (32 KiB): DRAM[0m
[0;32mI (855) heap_init: At 600FE020 len 00001FC8 (7 KiB): RTCRAM[0m
[0;32mI (860) esp_psram: Adding pool of 6016K of PSRAM memory to heap allocator[0m
[0;32mI (867) esp_psram: Adding pool of 18K of PSRAM memory gap generated due to end address alignment of drom to the heap allocator[0m
[0;32mI (878) spi_flash: detected chip: generic[0m
[0;32mI (881) spi_flash: flash io: qio[0m
[0;32mI (884) sleep_gpio: Configure to isolate all GPIO pins in sleep state[0m
[0;32mI (891) sleep_gpio: Enable automatic switching of GPIO sleep configuration[0m
[0;32mI (897) coexist: coex firmware version: 831ec70[0m
[0;32mI (910) coexist: coexist rom version e7ae62f[0m
[0;32mI (911) main_task: Started on CPU0[0m
[0;32mI (912) esp_psram: Reserving pool of 32K of internal memory for DMA/internal allocations[0m
[0;32mI (917) main_task: Calling app_main()[0m
[0;33mW (929) i2c.master: Please check pull-up resistances whether be connected properly. Otherwise unexpected behavior would happen. For more detailed information, please read docs[0m
[0;32mI (1336) GT911: Initialize I2C panel IO[0m
[0;32mI (1336) GT911: Initialize touch controller GT911[0m
[0;33mW (1336) GT911: Unable to initialize the I2C address[0m
[0;32mI (1338) GT911: TouchPad_ID:0x39,0x31,0x31[0m
[0;32mI (1341) GT911: TouchPad_Config_Version:91[0m
[0;32mI (1345) example: Install RGB LCD panel driver[0m
[0;32mI (1385) example: Initialize RGB LCD panel[0m
[0;32mI (1386) lv_port: Create LVGL task[0m
[0;32mI (1490) MAIN: create main UI successfully[0m
[0;32mI (1552) pp: pp rom version: e7ae62f[0m
[0;32mI (1552) net80211: net80211 rom version: e7ae62f[0m
[0;32mI (1553) wifi:wifi driver task: 3fccdeec, prio:23, stack:6656, core=0[0m
[0;32mI (1560) wifi:wifi firmware version: f3dbad7[0m
[0;32mI (1561) wifi:wifi certification version: v7.0[0m
[0;32mI (1563) wifi:config NVS flash: enabled[0m
[0;32mI (1566) wifi:config nano formatting: disabled[0m
[0;32mI (1570) wifi:Init data frame dynamic rx buffer num: 32[0m
[0;32mI (1576) wifi:Init static rx mgmt buffer num: 5[0m
[0;32mI (1580) wifi:Init management short buffer num: 32[0m
[0;32mI (1585) wifi:Init static tx buffer num: 16[0m
[0;32mI (1589) wifi:Init tx cache buffer num: 32[0m
[0;32mI (1592) wifi:Init static tx FG buffer num: 2[0m
[0;32mI (1597) wifi:Init static rx buffer size: 1600[0m
[0;32mI (1600) wifi:Init static rx buffer num: 16[0m
[0;32mI (1604) wifi:Init dynamic rx buffer num: 32[0m
[0;32mI (1610) wifi_init: rx ba win: 16[0m
[0;32mI (1611) wifi_init: accept mbox: 6[0m
[0;32mI (1614) wifi_init: tcpip mbox: 32[0m
[0;32mI (1617) wifi_init: udp mbox: 6[0m
[0;32mI (1620) wifi_init: tcp mbox: 6[0m
[0;32mI (1623) wifi_init: tcp tx win: 5760[0m
[0;32mI (1626) wifi_init: tcp rx win: 5760[0m
[0;32mI (1630) wifi_init: tcp mss: 1440[0m
[0;32mI (1633) wifi_init: WiFi/LWIP prefer SPIRAM[0m
[0;32mI (1637) wifi_init: WiFi IRAM OP enabled[0m
[0;32mI (1640) wifi_init: WiFi RX IRAM OP enabled[0m
Wi-Fi event handler registered.
[0;32mI (1647) phy_init: phy_version 701,f4f1da3a,Mar  3 2025,15:50:10[0m
[0;32mI (1686) wifi:mode : null[0m
[0;32mI (1687) MQTT: Other event id:7[0m
[1;31mE (1688) esp-tls: [sock=54] connect() error: Host is unreachable[0m
[1;31mE (1689) transport_base: Failed to open a new connection: 32772[0m
[1;31mE (1692) mqtt_client: Error transport connect[0m
[0;32mI (1696) MQTT: MQTT_EVENT_ERROR[0m
[0;32mI (1699) MQTT: Last error code reported from esp-tls: 0x8004[0m
[0;32mI (1704) MQTT: Last tls stack error number: 0x0[0m
[0;32mI (1709) MQTT: Last captured errno : 0 (Success)[0m
[0;32mI (1713) MQTT: MQTT_EVENT_DISCONNECTED[0m
[0;32mI (1716) main_task: Returned from app_main()[0m
[0;32mI (11716) MQTT: Other event id:7[0m
[1;31mE (11716) esp-tls: [sock=54] connect() error: Host is unreachable[0m
[1;31mE (11717) transport_base: Failed to open a new connection: 32772[0m
[1;31mE (11719) mqtt_client: Error transport connect[0m
[0;32mI (11723) MQTT: MQTT_EVENT_ERROR[0m
[0;32mI (11726) MQTT: Last error code reported from esp-tls: 0x8004[0m
[0;32mI (11732) MQTT: Last tls stack error number: 0x0[0m
[0;32mI (11736) MQTT: Last captured errno : 0 (Success)[0m
[0;32mI (11741) MQTT: MQTT_EVENT_DISCONNECTED[0m
[0;32mI (21744) MQTT: Other event id:7[0m
[1;31mE (21744) esp-tls: [sock=54] connect() error: Host is unreachable[0m
[1;31mE (21745) transport_base: Failed to open a new connection: 32772[0m
[1;31mE (21747) mqtt_client: Error transport connect[0m
[0;32mI (21751) MQTT: MQTT_EVENT_ERROR[0m
[0;32mI (21754) MQTT: Last error code reported from esp-tls: 0x8004[0m
[0;32mI (21760) MQTT: Last tls stack error number: 0x0[0m
[0;32mI (21764) MQTT: Last captured errno : 0 (Success)[0m
[0;32mI (21769) MQTT: MQTT_EVENT_DISCONNECTED[0m
[0;32mI (31772) MQTT: Other event id:7[0m
[1;31mE (31772) esp-tls: [sock=54] connect() error: Host is unreachable[0m
[1;31mE (31773) transport_base: Failed to open a new connection: 32772[0m
[1;31mE (31775) mqtt_client: Error transport connect[0m
[0;32mI (31779) MQTT: MQTT_EVENT_ERROR[0m
[0;32mI (31782) MQTT: Last error code reported from esp-tls: 0x8004[0m
[0;32mI (31788) MQTT: Last tls stack error number: 0x0[0m
[0;32mI (31792) MQTT: Last captured errno : 0 (Success)[0m
[0;32mI (31797) MQTT: MQTT_EVENT_DISCONNECTED[0m
[0;32mI (41800) MQTT: Other event id:7[0m
[1;31mE (41800) esp-tls: [sock=54] connect() error: Host is unreachable[0m
[1;31mE (41801) transport_base: Failed to open a new connection: 32772[0m
[1;31mE (41803) mqtt_client: Error transport connect[0m
[0;32mI (41807) MQTT: MQTT_EVENT_ERROR[0m
[0;32mI (41810) MQTT: Last error code reported from esp-tls: 0x8004[0m
[0;32mI (41816) MQTT: Last tls stack error number: 0x0[0m
[0;32mI (41820) MQTT: Last captured errno : 0 (Success)[0m
[0;32mI (41825) MQTT: MQTT_EVENT_DISCONNECTED[0m
[0;32mI (47269) wifi:flush txq[0m
[0;32mI (47269) wifi:stop sw txq[0m
[0;32mI (47269) wifi:lmac stop hw txq[0m
STA:STA 
[0;32mI (47272) wifi:mode : sta (10:20:ba:05:9b:9c)[0m
[0;32mI (47272) wifi:enable tsf[0m
[0;32mI (49787) wifi_scan: Max AP number ap_info can hold = 20[0m
[0;32mI (49787) wifi_scan: Total APs scanned = 17, actual AP number ap_info holds = 17[0m
[0;32mI (49892) NVS: Have a saved wifi network in NVS[0m
[0;32mI (49894) wifi_scan: [0m
[0;32mI (49895) wifi_scan: Found saved wifi network in scan list, ssid: Namtrung 2.4G[0m
[0;32mI (49895) wifi_scan: BSSID 12:5F:02:15:1E:9A[0m
[0;32mI (49903) wifi_scan: [0m
[0;32mI (49903) wifi_scan: Found saved wifi network in scan list, ssid: Namtrung 2.4G[0m
[0;32mI (49908) wifi_scan: BSSID 12:5F:02:15:27:1E[0m
[0;32mI (49920) wifi_scan: [0m
[0;32mI (49920) wifi_scan: Found saved wifi network in scan list, ssid: Namtrung 2.4G[0m
[0;32mI (49921) wifi_scan: BSSID 12:5F:02:15:32:0E[0m
[0;32mI (49928) WiFi Sta: Connecting to wifi network, BSSID: 12:5F:02:15:32:0E[0m
[0;32mI (49932) wifi:flush txq[0m
[0;32mI (49933) wifi:stop sw txq[0m
[0;32mI (49936) wifi:lmac stop hw txq[0m
[0;32mI (49940) wifi:mode : sta (10:20:ba:05:9b:9c)[0m
[0;32mI (49943) wifi:enable tsf[0m
[0;32mI (49946) WiFi Sta: GET: SSID:Namtrung 2.4G, password:nt@14092011[0m
[0;32mI (49952) wifi:new:<11,0>, old:<1,0>, ap:<255,255>, sta:<11,0>, prof:1, snd_ch_cfg:0x0[0m
[0;32mI (49959) wifi:state: init -> auth (0xb0)[0m
[0;32mI (49968) wifi:state: auth -> assoc (0x0)[0m
[0;32mI (49975) wifi:state: assoc -> run (0x10)[0m
[0;32mI (49994) wifi:connected with Namtrung 2.4G, aid = 24, channel 11, BW20, bssid = 12:5f:02:15:27:1e[0m
[0;32mI (49995) wifi:security: WPA2-PSK, phy: bgn, rssi: -63[0m
[0;32mI (49998) wifi:pm start, type: 1[0m

[0;32mI (50000) wifi:dp: 1, bi: 102400, li: 3, scale listen interval from 307200 us to 307200 us[0m
[0;32mI (50008) wifi:set rx beacon pti, rx_bcn_pti: 14, bcn_timeout: 25000, mt_pti: 14, mt_time: 10000[0m
[0;32mI (50017) WiFi Sta: Connected to SSID:Namtrung 2.4G, channel:11[0m
[0;32mI (50029) wifi:AP's beacon interval = 102400 us, DTIM period = 1[0m
[0;32mI (50451) WiFi Sta: Failed to connect to the AP[0m
[0;32mI (50451) WiFi Sta: Retrying to connect to the AP[0m
[0;32mI (51045) esp_netif_handlers: sta ip: 10.10.1.41, mask: 255.255.252.0, gw: 10.10.1.1[0m
[0;32mI (51828) MQTT: Other event id:7[0m
[0;32mI (51836) wifi:<ba-add>idx:0 (ifx:0, 12:5f:02:15:27:1e), tid:7, ssn:8, winSize:64[0m
[0;32mI (51863) wifi:<ba-add>idx:1 (ifx:0, 12:5f:02:15:27:1e), tid:0, ssn:1, winSize:64[0m
[0;32mI (51882) MQTT: MQTT_EVENT_CONNECTED[0m
[0;32mI (51887) MQTT: MQTT_EVENT_SUBSCRIBED, msg_id=32379, return code=0x00 [0m
[0;32mI (51888) MQTT: MQTT_EVENT_SUBSCRIBED, msg_id=45061, return code=0x00 [0m
[0;32mI (51961) WiFi: Connected with IP: 10.10.1.41[0m
[0;32mI (51961) WiFi Sta: Connected to AP SSID:Namtrung 2.4G, password:nt@14092011, bssid:12:5F:02:15:27:1E[0m
[0;32mI (52061) NVS: last index: 10[0m
[0;32mI (52061) NVS: wifi index: 10[0m
Guru Meditation Error: Core  0 panic'ed (LoadProhibited). Exception was unhandled.

Core  0 register dump:
PC      : 0x420caa8b  PS      : 0x00060b30  A0      : 0x8200d491  A1      : 0x3fcec4b0  
A2      : 0x00000000  A3      : 0x00000000  A4      : 0x3c0e6580  A5      : 0x0000cb5d  
A6      : 0x3c0e626c  A7      : 0x0000000a  A8      : 0x80385242  A9      : 0x3fcec440  
A10     : 0x0000001e  A11     : 0x3fcec4b0  A12     : 0x3fcec490  A13     : 0x0000000c  
A14     : 0x01ffffff  A15     : 0x0000cdcd  SAR     : 0x00000004  EXCCAUSE: 0x0000001c  
EXCVADDR: 0x00000008  LBEG    : 0x400556d5  LEND    : 0x400556e5  LCOUNT  : 0xfffffffe  


Backtrace: 0x420caa88:0x3fcec4b0 0x4200d48e:0x3fcec4d0 0x4202d14f:0x3fcec520 0x4200f144:0x3fcec550




ELF file SHA256: 6eaabde44

Rebooting...
ï¿½ï¿½ï¿½ESP-ROM:esp32s3-20210327
Build:Mar 27 2021
rst:0xc (RTC_SW_CPU_RST),boot:0x28 (SPI_FAST_FLASH_BOOT)
Saved PC:0x40375f54
SPIWP:0xee
mode:DIO, clock div:1
load:0x3fce2820,len:0x1710
load:0x403c8700,len:0xec0
load:0x403cb700,len:0x31d4
entry 0x403c894c
[0;32mI (29) boot: ESP-IDF v5.5-dirty 2nd stage bootloader[0m
[0;32mI (29) boot: compile time Oct 10 2025 10:23:37[0m
[0;32mI (29) boot: Multicore bootloader[0m
[0;32mI (30) boot: chip revision: v0.2[0m
[0;32mI (33) boot: efuse block revision: v1.3[0m
[0;32mI (36) qio_mode: Enabling default flash chip QIO[0m
[0;32mI (40) boot.esp32s3: Boot SPI Speed : 80MHz[0m
[0;32mI (44) boot.esp32s3: SPI Mode       : QIO[0m
[0;32mI (48) boot.esp32s3: SPI Flash Size : 16MB[0m
[0;32mI (52) boot: Enabling RNG early entropy source...[0m
[0;32mI (56) boot: Partition Table:[0m
[0;32mI (59) boot: ## Label            Usage          Type ST Offset   Length[0m
[0;32mI (65) boot:  0 nvs              WiFi data        01 02 00009000 00006000[0m
[0;32mI (72) boot:  1 phy_init         RF data          01 01 0000f000 00001000[0m
[0;32mI (78) boot:  2 factory          factory app      00 00 00010000 00800000[0m
[0;32mI (85) boot: End of partition table[0m
[0;32mI (88) esp_image: segment 0: paddr=00010020 vaddr=3c0e0020 size=13b474h (1291380) map[0m
[0;32mI (287) esp_image: segment 1: paddr=0014b49c vaddr=3fc9c900 size=04b7ch ( 19324) load[0m
[0;32mI (291) esp_image: segment 2: paddr=00150020 vaddr=42000020 size=d6dc8h (880072) map[0m
[0;32mI (422) esp_image: segment 3: paddr=00226df0 vaddr=3fca147c size=00c24h (  3108) load[0m
[0;32mI (423) esp_image: segment 4: paddr=00227a1c vaddr=40374000 size=18880h (100480) load[0m
[0;32mI (445) esp_image: segment 5: paddr=002402a4 vaddr=600fe000 size=00020h (    32) load[0m
[0;32mI (455) boot: Loaded app from partition at offset 0x10000[0m
[0;32mI (455) boot: Disabling RNG early entropy source...[0m
[0;33mW (465) flash HPM: HPM mode is optional feature that depends on flash model. Read Docs First![0m
[0;33mW (465) flash HPM: HPM mode with DC adjustment is disabled. Some flash models may not be supported. Read Docs First![0m
[0;33mW (472) flash HPM: High performance mode of this flash model hasn't been supported.[0m
[0;32mI (480) MSPI Timing: Flash timing tuning index: 2[0m
[0;32mI (484) octal_psram: vendor id    : 0x0d (AP)[0m
[0;32mI (488) octal_psram: dev id       : 0x02 (generation 3)[0m
[0;32mI (493) octal_psram: density      : 0x03 (64 Mbit)[0m
[0;32mI (498) octal_psram: good-die     : 0x01 (Pass)[0m
[0;32mI (502) octal_psram: Latency      : 0x01 (Fixed)[0m
[0;32mI (506) octal_psram: VCC          : 0x01 (3V)[0m
[0;32mI (510) octal_psram: SRF          : 0x01 (Fast Refresh)[0m
[0;32mI (515) octal_psram: BurstType    : 0x01 (Hybrid Wrap)[0m
[0;32mI (520) octal_psram: BurstLen     : 0x01 (32 Byte)[0m
[0;32mI (525) octal_psram: Readlatency  : 0x02 (10 cycles@Fixed)[0m
[0;32mI (530) octal_psram: DriveStrength: 0x00 (1/1)[0m
[0;32mI (542) MSPI Timing: PSRAM timing tuning index: 2[0m
[0;32mI (542) esp_psram: Found 8MB PSRAM device[0m
[0;32mI (543) esp_psram: Speed: 120MHz[0m
[0;32mI (598) mmu_psram: Read only data copied and mapped to SPIRAM[0m
[0;32mI (644) mmu_psram: Instructions copied and mapped to SPIRAM[0m
[0;32mI (644) cpu_start: Multicore app[0m
[0;32mI (795) esp_psram: SPI SRAM memory test OK[0m
[0;32mI (803) cpu_start: Pro cpu start user code[0m
[0;32mI (803) cpu_start: cpu freq: 240000000 Hz[0m
[0;32mI (803) app_init: Application information:[0m
[0;32mI (803) app_init: Project name:     16_LVGL_UI[0m
[0;32mI (808) app_init: App version:      94f2d6e-dirty[0m
[0;32mI (812) app_init: Compile time:     Nov  3 2025 14:27:49[0m
[0;32mI (817) app_init: ELF file SHA256:  6eaabde44...[0m
[0;32mI (821) app_init: ESP-IDF:          v5.5-dirty[0m
[0;32mI (826) efuse_init: Min chip rev:     v0.0[0m
[0;32mI (829) efuse_init: Max chip rev:     v0.99 [0m
[0;32mI (833) efuse_init: Chip rev:         v0.2[0m
[0;32mI (837) heap_init: Initializing. RAM available for dynamic allocation:[0m
[0;32mI (843) heap_init: At 3FCB3390 len 00036380 (216 KiB): RAM[0m
[0;32mI (849) heap_init: At 3FCE9710 len 00005724 (21 KiB): RAM[0m
[0;32mI (854) heap_init: At 3FCF0000 len 00008000 (32 KiB): DRAM[0m
[0;32mI (859) heap_init: At 600FE020 len 00001FC8 (7 KiB): RTCRAM[0m
[0;32mI (864) esp_psram: Adding pool of 6016K of PSRAM memory to heap allocator[0m
[0;32mI (871) esp_psram: Adding pool of 18K of PSRAM memory gap generated due to end address alignment of drom to the heap allocator[0m
[0;32mI (882) spi_flash: detected chip: generic[0m
[0;32mI (886) spi_flash: flash io: qio[0m
[0;32mI (889) sleep_gpio: Configure to isolate all GPIO pins in sleep state[0m
[0;32mI (895) sleep_gpio: Enable automatic switching of GPIO sleep configuration[0m
[0;32mI (901) coexist: coex firmware version: 831ec70[0m
[0;32mI (914) coexist: coexist rom version e7ae62f[0m
[0;32mI (915) main_task: Started on CPU0[0m
[0;32mI (916) esp_psram: Reserving pool of 32K of internal memory for DMA/internal allocations[0m
[0;32mI (921) main_task: Calling app_main()[0m
[0;33mW (933) i2c.master: Please check pull-up resistances whether be connected properly. Otherwise unexpected behavior would happen. For more detailed information, please read docs[0m
[0;32mI (1340) GT911: Initialize I2C panel IO[0m
[0;32mI (1340) GT911: Initialize touch controller GT911[0m
[0;33mW (1340) GT911: Unable to initialize the I2C address[0m
[0;32mI (1342) GT911: TouchPad_ID:0x39,0x31,0x31[0m
[0;32mI (1345) GT911: TouchPad_Config_Version:91[0m
[0;32mI (1349) example: Install RGB LCD panel driver[0m
[0;32mI (1389) example: Initialize RGB LCD panel[0m
[0;32mI (1390) lv_port: Create LVGL task[0m
[0;32mI (1494) MAIN: create main UI successfully[0m
[0;32mI (1556) pp: pp rom version: e7ae62f[0m
[0;32mI (1556) net80211: net80211 rom version: e7ae62f[0m
[0;32mI (1557) wifi:wifi driver task: 3fccdeec, prio:23, stack:6656, core=0[0m
[0;32mI (1564) wifi:wifi firmware version: f3dbad7[0m
[0;32mI (1565) wifi:wifi certification version: v7.0[0m
[0;32mI (1567) wifi:config NVS flash: enabled[0m
[0;32mI (1570) wifi:config nano formatting: disabled[0m
[0;32mI (1574) wifi:Init data frame dynamic rx buffer num: 32[0m
[0;32mI (1580) wifi:Init static rx mgmt buffer num: 5[0m
[0;32mI (1584) wifi:Init management short buffer num: 32[0m
[0;32mI (1589) wifi:Init static tx buffer num: 16[0m
[0;32mI (1593) wifi:Init tx cache buffer num: 32[0m
[0;32mI (1596) wifi:Init static tx FG buffer num: 2[0m
[0;32mI (1601) wifi:Init static rx buffer size: 1600[0m
[0;32mI (1604) wifi:Init static rx buffer num: 16[0m
[0;32mI (1608) wifi:Init dynamic rx buffer num: 32[0m
[0;32mI (1613) wifi_init: rx ba win: 16[0m
[0;32mI (1615) wifi_init: accept mbox: 6[0m
[0;32mI (1618) wifi_init: tcpip mbox: 32[0m
[0;32mI (1621) wifi_init: udp mbox: 6[0m
[0;32mI (1624) wifi_init: tcp mbox: 6[0m
[0;32mI (1627) wifi_init: tcp tx win: 5760[0m
[0;32mI (1630) wifi_init: tcp rx win: 5760[0m
[0;32mI (1634) wifi_init: tcp mss: 1440[0m
[0;32mI (1637) wifi_init: WiFi/LWIP prefer SPIRAM[0m
[0;32mI (1640) wifi_init: WiFi IRAM OP enabled[0m
[0;32mI (1644) wifi_init: WiFi RX IRAM OP enabled[0m
Wi-Fi event handler registered.
[0;32mI (1651) phy_init: phy_version 701,f4f1da3a,Mar  3 2025,15:50:10[0m
[0;32mI (1689) wifi:mode : null[0m
[0;32mI (1689) MQTT: Other event id:7[0m
[1;31mE (1690) esp-tls: [sock=54] connect() error: Host is unreachable[0m
[1;31mE (1691) transport_base: Failed to open a new connection: 32772[0m
[1;31mE (1694) mqtt_client: Error transport connect[0m
[0;32mI (1698) MQTT: MQTT_EVENT_ERROR[0m
[0;32mI (1701) MQTT: Last error code reported from esp-tls: 0x8004[0m
[0;32mI (1707) MQTT: Last tls stack error number: 0x0[0m
[0;32mI (1711) MQTT: Last captured errno : 0 (Success)[0m
[0;32mI (1715) MQTT: MQTT_EVENT_DISCONNECTED[0m
[0;32mI (1719) main_task: Returned from app_main()[0m
[0;32mI (11719) MQTT: Other event id:7[0m
[1;31mE (11719) esp-tls: [sock=54] connect() error: Host is unreachable[0m
[1;31mE (11720) transport_base: Failed to open a new connection: 32772[0m
[1;31mE (11722) mqtt_client: Error transport connect[0m
[0;32mI (11726) MQTT: MQTT_EVENT_ERROR[0m
[0;32mI (11729) MQTT: Last error code reported from esp-tls: 0x8004[0m
[0;32mI (11735) MQTT: Last tls stack error number: 0x0[0m
[0;32mI (11739) MQTT: Last captured errno : 0 (Success)[0m
[0;32mI (11744) MQTT: MQTT_EVENT_DISCONNECTED[0m
[0;32mI (21747) MQTT: Other event id:7[0m
[1;31mE (21747) esp-tls: [sock=54] connect() error: Host is unreachable[0m
[1;31mE (21748) transport_base: Failed to open a new connection: 32772[0m
[1;31mE (21750) mqtt_client: Error transport connect[0m
[0;32mI (21754) MQTT: MQTT_EVENT_ERROR[0m
[0;32mI (21757) MQTT: Last error code reported from esp-tls: 0x8004[0m
[0;32mI (21763) MQTT: Last tls stack error number: 0x0[0m
[0;32mI (21767) MQTT: Last captured errno : 0 (Success)[0m
[0;32mI (21772) MQTT: MQTT_EVENT_DISCONNECTED[0m
[0;32mI (31775) MQTT: Other event id:7[0m
[1;31mE (31775) esp-tls: [sock=54] connect() error: Host is unreachable[0m
[1;31mE (31776) transport_base: Failed to open a new connection: 32772[0m
[1;31mE (31778) mqtt_client: Error transport connect[0m
[0;32mI (31782) MQTT: MQTT_EVENT_ERROR[0m
[0;32mI (31785) MQTT: Last error code reported from esp-tls: 0x8004[0m
[0;32mI (31791) MQTT: Last tls stack error number: 0x0[0m
[0;32mI (31795) MQTT: Last captured errno : 0 (Success)[0m
[0;32mI (31799) MQTT: MQTT_EVENT_DISCONNECTED[0m
[0;32mI (41803) MQTT: Other event id:7[0m
[1;31mE (41803) esp-tls: [sock=54] connect() error: Host is unreachable[0m
[1;31mE (41804) transport_base: Failed to open a new connection: 32772[0m
[1;31mE (41806) mqtt_client: Error transport connect[0m
[0;32mI (41810) MQTT: MQTT_EVENT_ERROR[0m
[0;32mI (41813) MQTT: Last error code reported from esp-tls: 0x8004[0m
[0;32mI (41819) MQTT: Last tls stack error number: 0x0[0m
[0;32mI (41823) MQTT: Last captured errno : 0 (Success)[0m
[0;32mI (41827) MQTT: MQTT_EVENT_DISCONNECTED[0m
[0;32mI (51831) MQTT: Other event id:7[0m
[1;31mE (51831) esp-tls: [sock=54] connect() error: Host is unreachable[0m
[1;31mE (51832) transport_base: Failed to open a new connection: 32772[0m
[1;31mE (51834) mqtt_client: Error transport connect[0m
[0;32mI (51838) MQTT: MQTT_EVENT_ERROR[0m
[0;32mI (51841) MQTT: Last error code reported from esp-tls: 0x8004[0m
[0;32mI (51847) MQTT: Last tls stack error number: 0x0[0m
[0;32mI (51851) MQTT: Last captured errno : 0 (Success)[0m
[0;32mI (51855) MQTT: MQTT_EVENT_DISCONNECTED[0m
[0;32mI (61859) MQTT: Other event id:7[0m
[1;31mE (61859) esp-tls: [sock=54] connect() error: Host is unreachable[0m
[1;31mE (61860) transport_base: Failed to open a new connection: 32772[0m
[1;31mE (61862) mqtt_client: Error transport connect[0m
[0;32mI (61866) MQTT: MQTT_EVENT_ERROR[0m
[0;32mI (61869) MQTT: Last error code reported from esp-tls: 0x8004[0m
[0;32mI (61875) MQTT: Last tls stack error number: 0x0[0m
[0;32mI (61879) MQTT: Last captured errno : 0 (Success)[0m
[0;32mI (61883) MQTT: MQTT_EVENT_DISCONNECTED[0m
[0;32mI (71887) MQTT: Other event id:7[0m
[1;31mE (71887) esp-tls: [sock=54] connect() error: Host is unreachable[0m
[1;31mE (71888) transport_base: Failed to open a new connection: 32772[0m
[1;31mE (71890) mqtt_client: Error transport connect[0m
[0;32mI (71894) MQTT: MQTT_EVENT_ERROR[0m
[0;32mI (71897) MQTT: Last error code reported from esp-tls: 0x8004[0m
[0;32mI (71903) MQTT: Last tls stack error number: 0x0[0m
[0;32mI (71907) MQTT: Last captured errno : 0 (Success)[0m
[0;32mI (71911) MQTT: MQTT_EVENT_DISCONNECTED[0m
[0;32mI (81915) MQTT: Other event id:7[0m
[1;31mE (81915) esp-tls: [sock=54] connect() error: Host is unreachable[0m
[1;31mE (81916) transport_base: Failed to open a new connection: 32772[0m
[1;31mE (81918) mqtt_client: Error transport connect[0m
[0;32mI (81922) MQTT: MQTT_EVENT_ERROR[0m
[0;32mI (81925) MQTT: Last error code reported from esp-tls: 0x8004[0m
[0;32mI (81931) MQTT: Last tls stack error number: 0x0[0m
[0;32mI (81935) MQTT: Last captured errno : 0 (Success)[0m
[0;32mI (81940) MQTT: MQTT_EVENT_DISCONNECTED[0m
[0;32mI (91943) MQTT: Other event id:7[0m
[1;31mE (91943) esp-tls: [sock=54] connect() error: Host is unreachable[0m
[1;31mE (91944) transport_base: Failed to open a new connection: 32772[0m
[1;31mE (91946) mqtt_client: Error transport connect[0m
[0;32mI (91950) MQTT: MQTT_EVENT_ERROR[0m
[0;32mI (91953) MQTT: Last error code reported from esp-tls: 0x8004[0m
[0;32mI (91959) MQTT: Last tls stack error number: 0x0[0m
[0;32mI (91963) MQTT: Last captured errno : 0 (Success)[0m
[0;32mI (91968) MQTT: MQTT_EVENT_DISCONNECTED[0m
[0;32mI (101971) MQTT: Other event id:7[0m
[1;31mE (101972) esp-tls: [sock=54] connect() error: Host is unreachable[0m
[1;31mE (101972) transport_base: Failed to open a new connection: 32772[0m
[1;31mE (101974) mqtt_client: Error transport connect[0m
[0;32mI (101979) MQTT: MQTT_EVENT_ERROR[0m
[0;32mI (101982) MQTT: Last error code reported from esp-tls: 0x8004[0m
[0;32mI (101987) MQTT: Last tls stack error number: 0x0[0m
[0;32mI (101992) MQTT: Last captured errno : 0 (Success)[0m
[0;32mI (101996) MQTT: MQTT_EVENT_DISCONNECTED[0m
