Command: D:\ESP32_IDF\Espressif\python_env\idf5.5_py3.11_env\Scripts\python.exe D:\ESP32_IDF\Espressif\frameworks\esp-idf-v5.5\tools/idf_monitor.py -p COM10 -b 115200 --toolchain-prefix xtensa-esp32s3-elf- --target esp32s3 --revision 0 D:\ESP32\ESP32S3_LCD 7B_DEMO_3\ESP32-S3-Touch-LCD-7B-Demo\ESP32-S3-Touch-LCD-7B-Demo\ESP-IDF\16_LVGL_UI 2\build\16_LVGL_UI.elf D:\ESP32\ESP32S3_LCD 7B_DEMO_3\ESP32-S3-Touch-LCD-7B-Demo\ESP32-S3-Touch-LCD-7B-Demo\ESP-IDF\16_LVGL_UI 2\build\bootloader\bootloader.elf --force-color -m 'D:\ESP32_IDF\Espressif\python_env\idf5.5_py3.11_env\Scripts\python.exe' 'D:\ESP32_IDF\Espressif\frameworks\esp-idf-v5.5\tools\idf.py' '-p' 'COM10'
ESP-ROM:esp32s3-20210327
Build:Mar 27 2021
rst:0x1 (POWERON),boot:0x28 (SPI_FAST_FLASH_BOOT)
SPIWP:0xee
mode:DIO, clock div:1
load:0x3fce2820,len:0x1710
load:0x403c8700,len:0xec0
load:0x403cb700,len:0x31d4
entry 0x403c894c
[0;32mI (25) boot: ESP-IDF v5.5-dirty 2nd stage bootloader[0m
[0;32mI (25) boot: compile time Oct 10 2025 10:23:37[0m
[0;32mI (25) boot: Multicore bootloader[0m
[0;32mI (26) boot: chip revision: v0.2[0m
[0;32mI (28) boot: efuse block revision: v1.3[0m
[0;32mI (32) qio_mode: Enabling default flash chip QIO[0m
[0;32mI (36) boot.esp32s3: Boot SPI Speed : 80MHz[0m
[0;32mI (40) boot.esp32s3: SPI Mode       : QIO[0m
[0;32mI (44) boot.esp32s3: SPI Flash Size : 16MB[0m
[0;32mI (48) boot: Enabling RNG early entropy source...[0m
[0;32mI (52) boot: Partition Table:[0m
[0;32mI (55) boot: ## Label            Usage          Type ST Offset   Length[0m
[0;32mI (61) boot:  0 nvs              WiFi data        01 02 00009000 00006000[0m
[0;32mI (68) boot:  1 phy_init         RF data          01 01 0000f000 00001000[0m
[0;32mI (74) boot:  2 factory          factory app      00 00 00010000 00800000[0m
[0;32mI (81) boot: End of partition table[0m
[0;32mI (84) esp_image: segment 0: paddr=00010020 vaddr=3c0b0020 size=b8c48h (756808) map[0m
[0;32mI (204) esp_image: segment 1: paddr=000c8c70 vaddr=3fc9c700 size=0442ch ( 17452) load[0m
[0;32mI (207) esp_image: segment 2: paddr=000cd0a4 vaddr=40374000 size=02f74h ( 12148) load[0m
[0;32mI (210) esp_image: segment 3: paddr=000d0020 vaddr=42000020 size=af720h (718624) map[0m
[0;32mI (322) esp_image: segment 4: paddr=0017f748 vaddr=40376f74 size=156d8h ( 87768) load[0m
[0;32mI (338) esp_image: segment 5: paddr=00194e28 vaddr=600fe000 size=00020h (    32) load[0m
[0;32mI (348) boot: Loaded app from partition at offset 0x10000[0m
[0;32mI (348) boot: Disabling RNG early entropy source...[0m
[0;33mW (358) flash HPM: HPM mode is optional feature that depends on flash model. Read Docs First![0m
[0;33mW (359) flash HPM: HPM mode with DC adjustment is disabled. Some flash models may not be supported. Read Docs First![0m
[0;33mW (366) flash HPM: High performance mode of this flash model hasn't been supported.[0m
[0;32mI (373) MSPI Timing: Flash timing tuning index: 2[0m
[0;32mI (377) octal_psram: vendor id    : 0x0d (AP)[0m
[0;32mI (381) octal_psram: dev id       : 0x02 (generation 3)[0m
[0;32mI (386) octal_psram: density      : 0x03 (64 Mbit)[0m
[0;32mI (391) octal_psram: good-die     : 0x01 (Pass)[0m
[0;32mI (395) octal_psram: Latency      : 0x01 (Fixed)[0m
[0;32mI (400) octal_psram: VCC          : 0x01 (3V)[0m
[0;32mI (404) octal_psram: SRF          : 0x01 (Fast Refresh)[0m
[0;32mI (409) octal_psram: BurstType    : 0x01 (Hybrid Wrap)[0m
[0;32mI (413) octal_psram: BurstLen     : 0x01 (32 Byte)[0m
[0;32mI (418) octal_psram: Readlatency  : 0x02 (10 cycles@Fixed)[0m
[0;32mI (423) octal_psram: DriveStrength: 0x00 (1/1)[0m
[0;32mI (435) MSPI Timing: PSRAM timing tuning index: 2[0m
[0;32mI (435) esp_psram: Found 8MB PSRAM device[0m
[0;32mI (436) esp_psram: Speed: 120MHz[0m
[0;32mI (470) mmu_psram: Read only data copied and mapped to SPIRAM[0m
[0;32mI (506) mmu_psram: Instructions copied and mapped to SPIRAM[0m
[0;32mI (507) cpu_start: Multicore app[0m
[0;32mI (675) esp_psram: SPI SRAM memory test OK[0m
[0;32mI (683) cpu_start: Pro cpu start user code[0m
[0;32mI (683) cpu_start: cpu freq: 240000000 Hz[0m
[0;32mI (683) app_init: Application information:[0m
[0;32mI (683) app_init: Project name:     16_LVGL_UI[0m
[0;32mI (688) app_init: App version:      b442d3f-dirty[0m
[0;32mI (692) app_init: Compile time:     Oct 10 2025 10:28:46[0m
[0;32mI (697) app_init: ELF file SHA256:  062a3bbc2...[0m
[0;32mI (701) app_init: ESP-IDF:          v5.5-dirty[0m
[0;32mI (706) efuse_init: Min chip rev:     v0.0[0m
[0;32mI (709) efuse_init: Max chip rev:     v0.99 [0m
[0;32mI (713) efuse_init: Chip rev:         v0.2[0m
[0;32mI (717) heap_init: Initializing. RAM available for dynamic allocation:[0m
[0;32mI (724) heap_init: At 3FCA52D0 len 00044440 (273 KiB): RAM[0m
[0;32mI (729) heap_init: At 3FCE9710 len 00005724 (21 KiB): RAM[0m
[0;32mI (734) heap_init: At 3FCF0000 len 00008000 (32 KiB): DRAM[0m
[0;32mI (739) heap_init: At 600FE020 len 00001FC8 (7 KiB): RTCRAM[0m
[0;32mI (744) esp_psram: Adding pool of 6720K of PSRAM memory to heap allocator[0m
[0;32mI (751) esp_psram: Adding pool of 28K of PSRAM memory gap generated due to end address alignment of drom to the heap allocator[0m
[0;32mI (762) spi_flash: detected chip: generic[0m
[0;32mI (766) spi_flash: flash io: qio[0m
[0;32mI (769) sleep_gpio: Configure to isolate all GPIO pins in sleep state[0m
[0;32mI (775) sleep_gpio: Enable automatic switching of GPIO sleep configuration[0m
[0;32mI (782) coexist: coex firmware version: 831ec70[0m
[0;32mI (794) coexist: coexist rom version e7ae62f[0m
[0;32mI (795) main_task: Started on CPU0[0m
[0;32mI (796) esp_psram: Reserving pool of 32K of internal memory for DMA/internal allocations[0m
[0;32mI (801) main_task: Calling app_main()[0m
[0;33mW (814) i2c.master: Please check pull-up resistances whether be connected properly. Otherwise unexpected behavior would happen. For more detailed information, please read docs[0m
[0;32mI (1220) GT911: Initialize I2C panel IO[0m
[0;32mI (1220) GT911: Initialize touch controller GT911[0m
[0;33mW (1220) GT911: Unable to initialize the I2C address[0m
[0;32mI (1222) GT911: TouchPad_ID:0x39,0x31,0x31[0m
[0;32mI (1225) GT911: TouchPad_Config_Version:91[0m
[0;32mI (1229) example: Install RGB LCD panel driver[0m
[0;32mI (1269) example: Initialize RGB LCD panel[0m
[0;32mI (1271) lv_port: Create LVGL task[0m
[0;32mI (1298) main: Display LVGL demos[0m
[0;32mI (1479) main_task: Returned from app_main()[0m
ESP_ERROR_CHECK failed: esp_err_t 0x3001 (I (1E7951S) MQPTT: _OtheEr evRent Rid:7_
WIFI_NOT_INIT) at 0x4200e5e8
file: "./main/user
assert failed: tcpip_send_msg_wait_sem /IDF/components/lwip/lwip/src/api/tcpip.c:454 (Invalid mbox)


Backtrace: 0x40376005:0x3fcc04c0 0x40381b51:0x3fcc04e0 0x40388f99:0x3fcc0500 0x4207f085:0x3fcc0620 0x4208ef35:0x3fcc0650 0x4207d5b0:0x3fcc0690 0x420498ad:0x3fcc0700 0x4204a071:0x3fcc0790 0x4204b4eb:0x3fcc07b0 0x420a7895:0x3fcc07d0 0x42010340:0x3fcc07f0




ELF file SHA256: 062a3bbc2

Rebooting...
ESP-ROM:esp32s3-20210327
Build:Mar 27 2021
rst:0xc (RTC_SW_CPU_RST),boot:0x28 (SPI_FAST_FLASH_BOOT)
Saved PC:0x40048839
SPIWP:0xee
mode:DIO, clock div:1
load:0x3fce2820,len:0x1710
load:0x403c8700,len:0xec0
load:0x403cb700,len:0x31d4
entry 0x403c894c
[0;32mI (29) boot: ESP-IDF v5.5-dirty 2nd stage bootloader[0m
[0;32mI (29) boot: compile time Oct 10 2025 10:23:37[0m
[0;32mI (29) boot: Multicore bootloader[0m
[0;32mI (30) boot: chip revision: v0.2[0m
[0;32mI (33) boot: efuse block revision: v1.3[0m
[0;32mI (36) qio_mode: Enabling default flash chip QIO[0m
[0;32mI (40) boot.esp32s3: Boot SPI Speed : 80MHz[0m
[0;32mI (44) boot.esp32s3: SPI Mode       : QIO[0m
[0;32mI (48) boot.esp32s3: SPI Flash Size : 16MB[0m
[0;32mI (52) boot: Enabling RNG early entropy source...[0m
[0;32mI (56) boot: Partition Table:[0m
[0;32mI (59) boot: ## Label            Usage          Type ST Offset   Length[0m
[0;32mI (65) boot:  0 nvs              WiFi data        01 02 00009000 00006000[0m
[0;32mI (72) boot:  1 phy_init         RF data          01 01 0000f000 00001000[0m
[0;32mI (78) boot:  2 factory          factory app      00 00 00010000 00800000[0m
[0;32mI (85) boot: End of partition table[0m
[0;32mI (88) esp_image: segment 0: paddr=00010020 vaddr=3c0b0020 size=b8c48h (756808) map[0m
[0;32mI (208) esp_image: segment 1: paddr=000c8c70 vaddr=3fc9c700 size=0442ch ( 17452) load[0m
[0;32mI (212) esp_image: segment 2: paddr=000cd0a4 vaddr=40374000 size=02f74h ( 12148) load[0m
[0;32mI (215) esp_image: segment 3: paddr=000d0020 vaddr=42000020 size=af720h (718624) map[0m
[0;32mI (327) esp_image: segment 4: paddr=0017f748 vaddr=40376f74 size=156d8h ( 87768) load[0m
[0;32mI (344) esp_image: segment 5: paddr=00194e28 vaddr=600fe000 size=00020h (    32) load[0m
[0;32mI (354) boot: Loaded app from partition at offset 0x10000[0m
[0;32mI (354) boot: Disabling RNG early entropy source...[0m
[0;33mW (364) flash HPM: HPM mode is optional feature that depends on flash model. Read Docs First![0m
[0;33mW (364) flash HPM: HPM mode with DC adjustment is disabled. Some flash models may not be supported. Read Docs First![0m
[0;33mW (371) flash HPM: High performance mode of this flash model hasn't been supported.[0m
[0;32mI (379) MSPI Timing: Flash timing tuning index: 2[0m
[0;32mI (383) octal_psram: vendor id    : 0x0d (AP)[0m
[0;32mI (387) octal_psram: dev id       : 0x02 (generation 3)[0m
[0;32mI (392) octal_psram: density      : 0x03 (64 Mbit)[0m
[0;32mI (396) octal_psram: good-die     : 0x01 (Pass)[0m
[0;32mI (401) octal_psram: Latency      : 0x01 (Fixed)[0m
[0;32mI (405) octal_psram: VCC          : 0x01 (3V)[0m
[0;32mI (409) octal_psram: SRF          : 0x01 (Fast Refresh)[0m
[0;32mI (414) octal_psram: BurstType    : 0x01 (Hybrid Wrap)[0m
[0;32mI (419) octal_psram: BurstLen     : 0x01 (32 Byte)[0m
[0;32mI (423) octal_psram: Readlatency  : 0x02 (10 cycles@Fixed)[0m
[0;32mI (429) octal_psram: DriveStrength: 0x00 (1/1)[0m
[0;32mI (441) MSPI Timing: PSRAM timing tuning index: 2[0m
[0;32mI (441) esp_psram: Found 8MB PSRAM device[0m
[0;32mI (441) esp_psram: Speed: 120MHz[0m
[0;32mI (475) mmu_psram: Read only data copied and mapped to SPIRAM[0m
[0;32mI (512) mmu_psram: Instructions copied and mapped to SPIRAM[0m
[0;32mI (512) cpu_start: Multicore app[0m
[0;32mI (681) esp_psram: SPI SRAM memory test OK[0m
[0;32mI (689) cpu_start: Pro cpu start user code[0m
[0;32mI (689) cpu_start: cpu freq: 240000000 Hz[0m
[0;32mI (689) app_init: Application information:[0m
[0;32mI (689) app_init: Project name:     16_LVGL_UI[0m
[0;32mI (693) app_init: App version:      b442d3f-dirty[0m
[0;32mI (698) app_init: Compile time:     Oct 10 2025 10:28:46[0m
[0;32mI (703) app_init: ELF file SHA256:  062a3bbc2...[0m
[0;32mI (707) app_init: ESP-IDF:          v5.5-dirty[0m
[0;32mI (711) efuse_init: Min chip rev:     v0.0[0m
[0;32mI (715) efuse_init: Max chip rev:     v0.99 [0m
[0;32mI (719) efuse_init: Chip rev:         v0.2[0m
[0;32mI (723) heap_init: Initializing. RAM available for dynamic allocation:[0m
[0;32mI (729) heap_init: At 3FCA52D0 len 00044440 (273 KiB): RAM[0m
[0;32mI (734) heap_init: At 3FCE9710 len 00005724 (21 KiB): RAM[0m
[0;32mI (739) heap_init: At 3FCF0000 len 00008000 (32 KiB): DRAM[0m
[0;32mI (745) heap_init: At 600FE020 len 00001FC8 (7 KiB): RTCRAM[0m
[0;32mI (750) esp_psram: Adding pool of 6720K of PSRAM memory to heap allocator[0m
[0;32mI (756) esp_psram: Adding pool of 28K of PSRAM memory gap generated due to end address alignment of drom to the heap allocator[0m
[0;32mI (768) spi_flash: detected chip: generic[0m
[0;32mI (771) spi_flash: flash io: qio[0m
[0;32mI (774) sleep_gpio: Configure to isolate all GPIO pins in sleep state[0m
[0;32mI (780) sleep_gpio: Enable automatic switching of GPIO sleep configuration[0m
[0;32mI (787) coexist: coex firmware version: 831ec70[0m
[0;32mI (800) coexist: coexist rom version e7ae62f[0m
[0;32mI (800) main_task: Started on CPU0[0m
[0;32mI (801) esp_psram: Reserving pool of 32K of internal memory for DMA/internal allocations[0m
[0;32mI (806) main_task: Calling app_main()[0m
[0;33mW (819) i2c.master: Please check pull-up resistances whether be connected properly. Otherwise unexpected behavior would happen. For more detailed information, please read docs[0m
[0;32mI (1225) GT911: Initialize I2C panel IO[0m
[0;32mI (1225) GT911: Initialize touch controller GT911[0m
[0;33mW (1225) GT911: Unable to initialize the I2C address[0m
[0;32mI (1227) GT911: TouchPad_ID:0x39,0x31,0x31[0m
[0;32mI (1230) GT911: TouchPad_Config_Version:91[0m
[0;32mI (1234) example: Install RGB LCD panel driver[0m
[0;32mI (1274) example: Initialize RGB LCD panel[0m
[0;32mI (1276) lv_port: Create LVGL task[0m
[0;32mI (1303) main: Display LVGL demos[0m
[0;32mI (1464) main_task: Returned from app_main()[0m
