Command: D:\ESP32_IDF\Espressif\python_env\idf5.5_py3.11_env\Scripts\python.exe D:\ESP32_IDF\Espressif\frameworks\esp-idf-v5.5\tools/idf_monitor.py -p COM10 -b 115200 --toolchain-prefix xtensa-esp32s3-elf- --target esp32s3 --revision 0 D:\ESP32\ESP32S3_LCD 7B_DEMO_3\ESP32-S3-Touch-LCD-7B-Demo\ESP32-S3-Touch-LCD-7B-Demo\ESP-IDF\16_LVGL_UI 2\build\16_LVGL_UI.elf D:\ESP32\ESP32S3_LCD 7B_DEMO_3\ESP32-S3-Touch-LCD-7B-Demo\ESP32-S3-Touch-LCD-7B-Demo\ESP-IDF\16_LVGL_UI 2\build\bootloader\bootloader.elf --force-color -m 'D:\ESP32_IDF\Espressif\python_env\idf5.5_py3.11_env\Scripts\python.exe' 'D:\ESP32_IDF\Espressif\frameworks\esp-idf-v5.5\tools\idf.py'
ESP-ROM:esp32s3-20210327
Build:Mar 27 2021
rst:0x1 (POWERON),boot:0x28 (SPI_FAST_FLASH_BOOT)
SPIWP:0xee
mode:DIO, clock div:1
load:0x3fce2820,len:0x1710
load:0x403c8700,len:0xec0
load:0x403cb700,len:0x31d4
entry 0x403c894c
[0;32mI (25) boot: ESP-IDF v5.5-dirty 2nd stage bootloader[0m
[0;32mI (25) boot: compile time Oct 10 2025 10:23:37[0m
[0;32mI (25) boot: Multicore bootloader[0m
[0;32mI (26) boot: chip revision: v0.2[0m
[0;32mI (28) boot: efuse block revision: v1.3[0m
[0;32mI (32) qio_mode: Enabling default flash chip QIO[0m
[0;32mI (36) boot.esp32s3: Boot SPI Speed : 80MHz[0m
[0;32mI (40) boot.esp32s3: SPI Mode       : QIO[0m
[0;32mI (44) boot.esp32s3: SPI Flash Size : 16MB[0m
[0;32mI (48) boot: Enabling RNG early entropy source...[0m
[0;32mI (52) boot: Partition Table:[0m
[0;32mI (55) boot: ## Label            Usage          Type ST Offset   Length[0m
[0;32mI (61) boot:  0 nvs              WiFi data        01 02 00009000 00006000[0m
[0;32mI (68) boot:  1 phy_init         RF data          01 01 0000f000 00001000[0m
[0;32mI (74) boot:  2 factory          factory app      00 00 00010000 00800000[0m
[0;32mI (81) boot: End of partition table[0m
[0;32mI (84) esp_image: segment 0: paddr=00010020 vaddr=3c0e0020 size=1409e4h (1313252) map[0m
[0;32mI (286) esp_image: segment 1: paddr=00150a0c vaddr=3fc9c900 size=057a0h ( 22432) load[0m
[0;32mI (291) esp_image: segment 2: paddr=001561b4 vaddr=40374000 size=09e64h ( 40548) load[0m
[0;32mI (299) esp_image: segment 3: paddr=00160020 vaddr=42000020 size=dd378h (906104) map[0m
[0;32mI (433) esp_image: segment 4: paddr=0023d3a0 vaddr=4037de64 size=0ea1ch ( 59932) load[0m
[0;32mI (445) esp_image: segment 5: paddr=0024bdc4 vaddr=600fe000 size=00020h (    32) load[0m
[0;32mI (455) boot: Loaded app from partition at offset 0x10000[0m
[0;32mI (455) boot: Disabling RNG early entropy source...[0m
[0;33mW (465) flash HPM: HPM mode is optional feature that depends on flash model. Read Docs First![0m
[0;33mW (466) flash HPM: HPM mode with DC adjustment is disabled. Some flash models may not be supported. Read Docs First![0m
[0;33mW (473) flash HPM: High performance mode of this flash model hasn't been supported.[0m
[0;32mI (480) MSPI Timing: Flash timing tuning index: 2[0m
[0;32mI (485) octal_psram: vendor id    : 0x0d (AP)[0m
[0;32mI (488) octal_psram: dev id       : 0x02 (generation 3)[0m
[0;32mI (493) octal_psram: density      : 0x03 (64 Mbit)[0m
[0;32mI (498) octal_psram: good-die     : 0x01 (Pass)[0m
[0;32mI (502) octal_psram: Latency      : 0x01 (Fixed)[0m
[0;32mI (507) octal_psram: VCC          : 0x01 (3V)[0m
[0;32mI (511) octal_psram: SRF          : 0x01 (Fast Refresh)[0m
[0;32mI (516) octal_psram: BurstType    : 0x01 (Hybrid Wrap)[0m
[0;32mI (520) octal_psram: BurstLen     : 0x01 (32 Byte)[0m
[0;32mI (525) octal_psram: Readlatency  : 0x02 (10 cycles@Fixed)[0m
[0;32mI (530) octal_psram: DriveStrength: 0x00 (1/1)[0m
[0;32mI (542) MSPI Timing: PSRAM timing tuning index: 2[0m
[0;32mI (542) esp_psram: Found 8MB PSRAM device[0m
[0;32mI (543) esp_psram: Speed: 120MHz[0m
[0;32mI (600) mmu_psram: Read only data copied and mapped to SPIRAM[0m
[0;32mI (647) mmu_psram: Instructions copied and mapped to SPIRAM[0m
[0;32mI (647) cpu_start: Multicore app[0m
[0;32mI (796) esp_psram: SPI SRAM memory test OK[0m
[0;32mI (805) cpu_start: Pro cpu start user code[0m
[0;32mI (805) cpu_start: cpu freq: 240000000 Hz[0m
[0;32mI (805) app_init: Application information:[0m
[0;32mI (805) app_init: Project name:     16_LVGL_UI[0m
[0;32mI (809) app_init: App version:      c27e616-dirty[0m
[0;32mI (813) app_init: Compile time:     Dec 27 2025 11:22:59[0m
[0;32mI (818) app_init: ELF file SHA256:  2bd07c088...[0m
[0;32mI (823) app_init: ESP-IDF:          v5.5-dirty[0m
[0;32mI (827) efuse_init: Min chip rev:     v0.0[0m
[0;32mI (831) efuse_init: Max chip rev:     v0.99 [0m
[0;32mI (835) efuse_init: Chip rev:         v0.2[0m
[0;32mI (838) heap_init: Initializing. RAM available for dynamic allocation:[0m
[0;32mI (845) heap_init: At 3FCB38D8 len 00035E38 (215 KiB): RAM[0m
[0;32mI (850) heap_init: At 3FCE9710 len 00005724 (21 KiB): RAM[0m
[0;32mI (855) heap_init: At 3FCF0000 len 00008000 (32 KiB): DRAM[0m
[0;32mI (860) heap_init: At 600FE020 len 00001FC8 (7 KiB): RTCRAM[0m
[0;32mI (866) esp_psram: Adding pool of 5952K of PSRAM memory to heap allocator[0m
[0;32mI (872) esp_psram: Adding pool of 61K of PSRAM memory gap generated due to end address alignment of drom to the heap allocator[0m
[0;32mI (883) spi_flash: detected chip: generic[0m
[0;32mI (887) spi_flash: flash io: qio[0m
[0;32mI (890) sleep_gpio: Configure to isolate all GPIO pins in sleep state[0m
[0;32mI (896) sleep_gpio: Enable automatic switching of GPIO sleep configuration[0m
[0;32mI (903) coexist: coex firmware version: 831ec70[0m
[0;32mI (916) coexist: coexist rom version e7ae62f[0m
[0;32mI (916) main_task: Started on CPU0[0m
[0;32mI (917) esp_psram: Reserving pool of 32K of internal memory for DMA/internal allocations[0m
[0;32mI (922) main_task: Calling app_main()[0m
[0;33mW (936) i2c.master: Please check pull-up resistances whether be connected properly. Otherwise unexpected behavior would happen. For more detailed information, please read docs[0m
[0;32mI (1341) GT911: Initialize I2C panel IO[0m
[0;32mI (1341) GT911: Initialize touch controller GT911[0m
[0;33mW (1341) GT911: Unable to initialize the I2C address[0m
[0;32mI (1343) GT911: TouchPad_ID:0x39,0x31,0x31[0m
[0;32mI (1346) GT911: TouchPad_Config_Version:91[0m
[0;32mI (1350) example: Install RGB LCD panel driver[0m
[0;32mI (1390) example: Initialize RGB LCD panel[0m
[0;32mI (1391) lv_port: Create LVGL task[0m
[0;32mI (1451) MQTT_BACKUP: Read status: NO[0m
[0;32mI (1455) TAG_NVS: Loaded JSON from NVS: [{"name":"1","device_id":"94:E6:86:09:A4:78"},{"name":"2","device_id":"A8:42:E3:4C:7C:BC"},{"name":"3","device_id":"B8:D6:1A:B9:DA:A4"},{"name":"4","device_id":"R1:42:E3:4C:7C:BC"},{"name":"5","device_id":"R2:42:E3:4C:7C:BC"}][0m
[0;32mI (1468) TAG_NVS: Loaded 5 devices from NVS[0m
[0;32mI (1471) UI: Loaded 5 devices, showing...[0m
[0;32mI (1475) TAG_NVS: Loaded JSON from NVS: [{"name":"1","device_id":"94:E6:86:09:A4:78"},{"name":"2","device_id":"A8:42:E3:4C:7C:BC"},{"name":"3","device_id":"B8:D6:1A:B9:DA:A4"},{"name":"4","device_id":"R1:42:E3:4C:7C:BC"},{"name":"5","device_id":"R2:42:E3:4C:7C:BC"}][0m
[0;32mI (1498) TAG_NVS: Loaded 5 devices from NVS[0m
[0;32mI (1503) READ_DEVICE_ID: Read device_id: B8:D6:1A:B9:DA:A4[0m
[0;32mI (1509) READ_DEVICE_ID: Read device_id: B8:D6:1A:B9:DA:A4[0m
[0;32mI (1514) READ_DEVICE_ID: Read device_id: B8:D6:1A:B9:DA:A4[0m
[0;32mI (1519) READ_DEVICE_ID: Read device_id: B8:D6:1A:B9:DA:A4[0m
[0;32mI (1524) READ_DEVICE_ID: Read device_id: B8:D6:1A:B9:DA:A4[0m
[0;32mI (1528) LVGL: Displayed 5 devices[0m
[0;32mI (1575) MAIN: create main UI successfully[0m
[0;32mI (1637) pp: pp rom version: e7ae62f[0m
[0;32mI (1637) net80211: net80211 rom version: e7ae62f[0m
Free heap: 3825784 bytes
[0;32mI (1638) wifi:wifi driver task: 3fcd212c, prio:23, stack:6656, core=0[0m
[0;32mI (1648) wifi:wifi firmware version: f3dbad7[0m
[0;32mI (1649) wifi:wifi certification version: v7.0[0m
[0;32mI (1650) wifi:config NVS flash: enabled[0m
[0;32mI (1653) wifi:config nano formatting: disabled[0m
[0;32mI (1658) wifi:Init data frame dynamic rx buffer num: 32[0m
[0;32mI (1663) wifi:Init static rx mgmt buffer num: 5[0m
[0;32mI (1667) wifi:Init management short buffer num: 32[0m
[0;32mI (1672) wifi:Init static tx buffer num: 16[0m
[0;32mI (1676) wifi:Init tx cache buffer num: 32[0m
[0;32mI (1679) wifi:Init static tx FG buffer num: 2[0m
[0;32mI (1683) wifi:Init static rx buffer size: 1600[0m
[0;32mI (1687) wifi:Init static rx buffer num: 16[0m
[0;32mI (1691) wifi:Init dynamic rx buffer num: 32[0m
[0;32mI (1696) wifi_init: rx ba win: 16[0m
[0;32mI (1698) wifi_init: accept mbox: 6[0m
[0;32mI (1701) wifi_init: tcpip mbox: 32[0m
[0;32mI (1704) wifi_init: udp mbox: 6[0m
[0;32mI (1707) wifi_init: tcp mbox: 6[0m
[0;32mI (1710) wifi_init: tcp tx win: 5760[0m
[0;32mI (1713) wifi_init: tcp rx win: 5760[0m
[0;32mI (1717) wifi_init: tcp mss: 1440[0m
[0;32mI (1720) wifi_init: WiFi/LWIP prefer SPIRAM[0m
[0;32mI (1724) wifi_init: WiFi IRAM OP enabled[0m
[0;32mI (1727) wifi_init: WiFi RX IRAM OP enabled[0m
[0;32mI (1731) reconnect: Found saved WiFi: NamTrung[0m
[0;32mI (1736) WiFi: Wi-Fi and IP event handlers registered[0m
Wi-Fi event handler registered.
[0;32mI (1743) phy_init: phy_version 701,f4f1da3a,Mar  3 2025,15:50:10[0m
[0;32mI (1779) wifi:mode : sta (10:20:ba:01:48:a8)[0m
[0;32mI (1779) wifi:enable tsf[0m
[0;32mI (1781) reconnect: WiFi init complete, waiting for connection...[0m
[0;32mI (1782) WiFi Sta: GET: SSID:NamTrung, password:nt@14092011[0m
[0;32mI (1823) wifi:new:<6,0>, old:<1,0>, ap:<255,255>, sta:<6,0>, prof:1, snd_ch_cfg:0x0[0m
[0;32mI (1823) wifi:state: init -> auth (0xb0)[0m
[0;32mI (1842) wifi:state: auth -> assoc (0x0)[0m
[0;32mI (1852) wifi:state: assoc -> run (0x10)[0m
[0;32mI (1867) wifi:connected with NamTrung, aid = 22, channel 6, BW20, bssid = 10:5f:02:75:27:1e[0m
[0;32mI (1867) wifi:security: WPA2-PSK, phy: bgn, rssi: -56[0m
[0;32mI (1870) wifi:pm start, type: 1[0m

[0;32mI (1872) wifi:dp: 1, bi: 102400, li: 3, scale listen interval from 307200 us to 307200 us[0m
[0;32mI (1880) wifi:set rx beacon pti, rx_bcn_pti: 14, bcn_timeout: 25000, mt_pti: 14, mt_time: 10000[0m
[0;32mI (1889) WiFi Sta: Connected to SSID:NamTrung, channel:6[0m
[0;32mI (1922) wifi:AP's beacon interval = 102400 us, DTIM period = 1[0m
[0;32mI (2286) WiFi Sta: Failed to connect to the AP[0m
[0;32mI (2286) WiFi Sta: Retrying to connect to the AP[0m
Free heap: 3702600 bytes
[0;32mI (2905) esp_netif_handlers: sta ip: 10.10.1.65, mask: 255.255.252.0, gw: 10.10.1.1[0m
[0;32mI (2905) WiFi Sta: WIFI GOT_IP.[0m
[0;32mI (2917) MQTT_MANAGER: No existing client, creating new one...[0m
[0;32mI (2918) MQTT: Other event id:7[0m
[0;32mI (2929) wifi:<ba-add>idx:0 (ifx:0, 10:5f:02:75:27:1e), tid:7, ssn:5, winSize:64[0m
[0;32mI (2932) wifi:<ba-add>idx:1 (ifx:0, 10:5f:02:75:27:1e), tid:0, ssn:1, winSize:64[0m
[0;32mI (2965) MQTT: MQTT_EVENT_CONNECTED[0m
[0;32mI (2970) MQTT: MQTT_EVENT_SUBSCRIBED, msg_id=12863, return code=0x00 [0m
[0;32mI (2973) MQTT: MQTT_EVENT_SUBSCRIBED, msg_id=60400, return code=0x00 [0m
[0;32mI (2975) MQTT: MQTT_EVENT_SUBSCRIBED, msg_id=59729, return code=0x00 [0m
[0;32mI (3177) MQTT: MQTT_EVENT_SUBSCRIBED, msg_id=16417, return code=0x00 [0m
[0;32mI (3179) MQTT: MQTT_EVENT_SUBSCRIBED, msg_id=16988, return code=0x01 [0m
[0;32mI (3182) MQTT: Topic: device/list[0m
[0;32mI (3182) MQTT: Payload: [{"id":"94:E6:86:09:A4:78","name":"qu\u1ea7y 1"},{"id":"A8:42:E3:4C:7C:BC","name":"qu\u1ea7y 2"},{"id":"B8:D6:1A:B9:DA:A4","name":"qu\u1ea7y 3"},{"id":"R1:42:E3:4C:7C:BC","name":"qu\u1ea7y 4"},{"id":"R2:42:E3:4C:7C:BC","name":"qu\u1ea7y 5"}][0m
[0;32mI (3205) MQTT_BACKUP: Parsed 5 devices from MQTT[0m
[0;32mI (3210) MQTT: Device list unchanged[0m
Free heap: 3691708 bytes
[0;32mI (3796) WiFi: Connected with IP: 10.10.1.65[0m
[0;32mI (3796) WiFi Sta: Connected to AP SSID:NamTrung, password:nt@14092011, bssid:10:5F:02:75:27:1E[0m
[0;32mI (3902) NVS: last index: -1[0m
[0;32mI (3902) NVS: wifi index: 0[0m
[0;33mW (3902) WIFI_UI: WIFI_List_Button is invalid[0m
Free heap: 3691708 bytes
[0;32mI (4797) MQTT: Topic: responsenumber[0m
[0;32mI (4797) MQTT: Payload: {"device_id":"A8:42:E3:4C:7C:BC","number":"4311","service_name":"Lay so cho vui","device_name":"qu\u1ea7y 2"}[0m
[0;32mI (4801) LOAD_DEVICE_ID: Loaded device_id: B8:D6:1A:B9:DA:A4[0m
Free heap: 3691708 bytes
Free heap: 3691744 bytes
[0;32mI (6743) MQTT: Topic: responsenumber[0m
[0;32mI (6743) MQTT: Payload: {"device_id":"R2:42:E3:4C:7C:BC","number":"4312","service_name":"Lay so cho vui","device_name":"qu\u1ea7y 5"}[0m
[0;32mI (6747) LOAD_DEVICE_ID: Loaded device_id: B8:D6:1A:B9:DA:A4[0m
STA:STA 
Free heap: 3690552 bytes
Free heap: 3690052 bytes
Free heap: 3689952 bytes
[0;32mI (9957) wifi_scan: Max AP number ap_info can hold = 20[0m
[0;32mI (9958) wifi_scan: Total APs scanned = 16, actual AP number ap_info holds = 16[0m
[0;32mI (10061) NVS: Have a saved wifi network in NVS[0m
[0;32mI (10065) wifi_scan: [0m
[0;32mI (10065) wifi_scan: Found saved wifi network in scan list, ssid: NamTrung[0m
[0;32mI (10065) wifi_scan: BSSID 10:5F:02:75:27:1E[0m
[0;32mI (10209) NVS: Have a saved wifi network in NVS[0m
Free heap: 3691588 bytes
[0;32mI (10942) MQTT: Topic: responsenumber[0m
[0;32mI (10942) MQTT: Payload: {"device_id":"94:E6:86:09:A4:78","number":"2379","service_name":"Giao dich duoi 1 ty","device_name":"qu\u1ea7y 1"}[0m
[0;32mI (10946) LOAD_DEVICE_ID: Loaded device_id: B8:D6:1A:B9:DA:A4[0m
Free heap: 3691588 bytes
Free heap: 3691588 bytes
Free heap: 3691588 bytes
Free heap: 3691588 bytes
Free heap: 3691588 bytes
[0;32mI (15978) MQTT: Topic: responsenumber[0m
[0;32mI (15978) MQTT: Payload: {"device_id":"A8:42:E3:4C:7C:BC","number":"3348","service_name":"Giao dich khac","device_name":"qu\u1ea7y 2"}[0m
[0;32mI (15982) LOAD_DEVICE_ID: Loaded device_id: B8:D6:1A:B9:DA:A4[0m
Free heap: 3691588 bytes
Free heap: 3691588 bytes
Free heap: 3691588 bytes
Free heap: 3691588 bytes
Free heap: 3691588 bytes
[0;32mI (21078) MQTT: Topic: responsenumber[0m
[0;32mI (21078) MQTT: Payload: {"device_id":"R2:42:E3:4C:7C:BC","number":"4313","service_name":"Lay so cho vui","device_name":"qu\u1ea7y 5"}[0m
[0;32mI (21083) LOAD_DEVICE_ID: Loaded device_id: B8:D6:1A:B9:DA:A4[0m
Free heap: 3691588 bytes
Free heap: 3691588 bytes
Free heap: 3691588 bytes
[0;32mI (24160) MQTT: Topic: responsenumber[0m
[0;32mI (24161) MQTT: Payload: {"device_id":"A8:42:E3:4C:7C:BC","number":"3349","service_name":"Giao dich khac","device_name":"qu\u1ea7y 2"}[0m
[0;32mI (24165) LOAD_DEVICE_ID: Loaded device_id: B8:D6:1A:B9:DA:A4[0m
Free heap: 3691588 bytes
Free heap: 3691588 bytes
Free heap: 3691588 bytes
[0;32mI (27339) MQTT: Topic: responsenumber[0m
[0;32mI (27340) MQTT: Payload: {"device_id":"A8:42:E3:4C:7C:BC","number":"3350","service_name":"Giao dich khac","device_name":"qu\u1ea7y 2"}[0m
[0;32mI (27344) LOAD_DEVICE_ID: Loaded device_id: B8:D6:1A:B9:DA:A4[0m
Free heap: 3691588 bytes
esp_wifi_disconnect 
[0;32mI (27858) wifi:state: run -> init (0x0)[0m
[0;32mI (27859) wifi:pm stop, total sleep time: 17546507 us / 25987114 us[0m

[0;32mI (27860) wifi:<ba-del>idx:1, tid:0[0m
[0;32mI (27861) wifi:<ba-del>idx:0, tid:7[0m
[0;32mI (27865) wifi:new:<6,0>, old:<6,0>, ap:<255,255>, sta:<6,0>, prof:1, snd_ch_cfg:0x0[0m
[0;32mI (27873) WiFi Sta: Connecting to wifi network, BSSID: 12:5F:02:15:27:1E[0m
[0;32mI (27873) WiFi Sta: STA disconnected, reason=8[0m
[1;31mE (27873) transport_base: tcp_read error, errno=Software caused connection abort[0m
[1;31mE (27890) mqtt_client: esp_mqtt_handle_transport_read_error: transport_read() error: errno=113[0m
[0;32mI (27898) MQTT: MQTT_EVENT_ERROR[0m
[0;32mI (27901) MQTT: Last error code reported from esp-tls: 0x0[0m
[0;32mI (27906) MQTT: Last tls stack error number: 0x0[0m
[0;32mI (27911) MQTT: Last captured errno : 113 (Software caused connection abort)[0m
[1;31mE (27917) mqtt_client: mqtt_process_receive: mqtt_message_receive() returned -2[0m
[0;32mI (27922) wifi:flush txq[0m
[0;32mI (27925) MQTT: MQTT_EVENT_DISCONNECTED[0m
[0;32mI (27927) wifi:stop sw txq[0m
[0;32mI (27933) wifi:lmac stop hw txq[0m
[0;32mI (27883) WiFi Sta: WIFI STA_DISCONNECTED.[0m
[0;32mI (27940) wifi:mode : sta (10:20:ba:01:48:a8)[0m
[0;32mI (27944) wifi:enable tsf[0m
[0;32mI (27947) WiFi Sta: GET: SSID:Namtrung 2.4G, password:nt@14092011[0m
[0;32mI (27957) wifi:new:<6,0>, old:<1,0>, ap:<255,255>, sta:<6,0>, prof:1, snd_ch_cfg:0x0[0m
[0;32mI (27959) wifi:state: init -> auth (0xb0)[0m
[0;32mI (27969) wifi:state: auth -> assoc (0x0)[0m
[0;32mI (27975) wifi:state: assoc -> run (0x10)[0m
[0;32mI (28009) wifi:connected with Namtrung 2.4G, aid = 22, channel 6, BW20, bssid = 12:5f:02:15:27:1e[0m
[0;32mI (28010) wifi:security: WPA2-PSK, phy: bgn, rssi: -67[0m
[0;32mI (28014) wifi:pm start, type: 1[0m

[0;32mI (28015) wifi:set rx beacon pti, rx_bcn_pti: 14, bcn_timeout: 25000, mt_pti: 14, mt_time: 10000[0m
[0;32mI (28025) WiFi Sta: Connected to SSID:Namtrung 2.4G, channel:6[0m
[0;32mI (28038) wifi:AP's beacon interval = 102400 us, DTIM period = 1[0m
[0;32mI (28452) WiFi Sta: Failed to connect to the AP[0m
[0;32mI (28452) WiFi Sta: Retrying to connect to the AP[0m
Free heap: 3692548 bytes
[0;32mI (29058) esp_netif_handlers: sta ip: 10.10.1.65, mask: 255.255.252.0, gw: 10.10.1.1[0m
[0;32mI (29058) WiFi Sta: WIFI GOT_IP.[0m
[0;32mI (29058) MQTT_MANAGER: Starting MQTT safely...[0m
[0;32mI (29059) WiFi Sta: Updating Wi-Fi credentials in NVS...[0m
[0;32mI (29061) mqtt_client: Client force reconnect requested[0m
[0;32mI (29071) MQTT: Other event id:7[0m
[0;32mI (29071) WiFi Sta: Wi-Fi credentials saved successfully![0m
[0;32mI (29075) MQTT_MANAGER: MQTT started.[0m
[0;32mI (29179) wifi:<ba-add>idx:0 (ifx:0, 12:5f:02:15:27:1e), tid:7, ssn:5, winSize:64[0m
[0;32mI (29180) wifi:<ba-add>idx:1 (ifx:0, 12:5f:02:15:27:1e), tid:0, ssn:1, winSize:64[0m
[0;32mI (29194) MQTT: MQTT_EVENT_CONNECTED[0m
[0;32mI (29223) MQTT: MQTT_EVENT_SUBSCRIBED, msg_id=8315, return code=0x00 [0m
[0;32mI (29225) MQTT: MQTT_EVENT_SUBSCRIBED, msg_id=4172, return code=0x00 [0m
[0;32mI (29334) MQTT: MQTT_EVENT_SUBSCRIBED, msg_id=26649, return code=0x00 [0m
[0;32mI (29336) MQTT: MQTT_EVENT_SUBSCRIBED, msg_id=28259, return code=0x00 [0m
[0;32mI (29337) MQTT: MQTT_EVENT_SUBSCRIBED, msg_id=12953, return code=0x01 [0m
[0;32mI (29344) MQTT: Topic: device/list[0m
[0;32mI (29345) MQTT: Payload: [{"id":"94:E6:86:09:A4:78","name":"qu\u1ea7y 1"},{"id":"A8:42:E3:4C:7C:BC","name":"qu\u1ea7y 2"},{"id":"B8:D6:1A:B9:DA:A4","name":"qu\u1ea7y 3"},{"id":"R1:42:E3:4C:7C:BC","name":"qu\u1ea7y 4"},{"id":"R2:42:E3:4C:7C:BC","name":"qu\u1ea7y 5"}][0m
[0;32mI (29368) MQTT_BACKUP: Parsed 5 devices from MQTT[0m
[0;32mI (29373) MQTT: Device list unchanged[0m
Free heap: 3691584 bytes
[0;32mI (29962) WiFi: Connected with IP: 10.10.1.65[0m
[0;32mI (29962) WiFi Sta: Connected to AP SSID:Namtrung 2.4G, password:nt@14092011, bssid:12:5F:02:15:27:1E[0m
I (30071) NVS: last index: 1
[0;32mI (30071) NVS: wifi index: 2[0m
Free heap: 3691584 bytes
Free heap: 3690648 bytes
Free heap: 3690048 bytes
Free heap: 3689748 bytes
[0;32mI (34320) MQTT: Topic: responsenumber[0m
[0;32mI (34320) MQTT: Payload: {"device_id":"A8:42:E3:4C:7C:BC","number":"3351","service_name":"Giao dich khac","device_name":"qu\u1ea7y 2"}[0m
[0;32mI (34325) LOAD_DEVICE_ID: Loaded device_id: B8:D6:1A:B9:DA:A4[0m
[0;32mI (34384) wifi_scan: Max AP number ap_info can hold = 20[0m
[0;32mI (34384) wifi_scan: Total APs scanned = 18, actual AP number ap_info holds = 18[0m
[0;32mI (34645) NVS: Have a saved wifi network in NVS[0m
[0;32mI (34650) wifi_scan: [0m
[0;32mI (34650) wifi_scan: Found saved wifi network in scan list, ssid: Namtrung 2.4G[0m
[0;32mI (34650) wifi_scan: BSSID 12:5F:02:15:1E:9A[0m
Free heap: 3691584 bytes
Free heap: 3691584 bytes
Free heap: 3691584 bytes
[0;32mI (37463) MQTT: Topic: responsenumber[0m
[0;32mI (37463) MQTT: Payload: {"device_id":"R1:42:E3:4C:7C:BC","number":"2380","service_name":"Giao dich duoi 1 ty","device_name":"qu\u1ea7y 4"}[0m
[0;32mI (37468) LOAD_DEVICE_ID: Loaded device_id: B8:D6:1A:B9:DA:A4[0m
Free heap: 3691584 bytes
Free heap: 3691584 bytes
Free heap: 3691548 bytes
Free heap: 3691584 bytes
Free heap: 3691584 bytes
Free heap: 3691584 bytes
[0;32mI (43504) MQTT: Topic: responsenumber[0m
[0;32mI (43504) MQTT: Payload: {"device_id":"94:E6:86:09:A4:78","number":"2381","service_name":"Giao dich duoi 1 ty","device_name":"qu\u1ea7y 1"}[0m
[0;32mI (43509) LOAD_DEVICE_ID: Loaded device_id: B8:D6:1A:B9:DA:A4[0m
Free heap: 3691584 bytes
Free heap: 3691584 bytes
Free heap: 3691584 bytes
Free heap: 3691584 bytes
Free heap: 3691584 bytes
[0;32mI (48522) MQTT: Topic: responsenumber[0m
[0;32mI (48522) MQTT: Payload: {"device_id":"R1:42:E3:4C:7C:BC","number":"2382","service_name":"Giao dich duoi 1 ty","device_name":"qu\u1ea7y 4"}[0m
[0;32mI (48527) LOAD_DEVICE_ID: Loaded device_id: B8:D6:1A:B9:DA:A4[0m
Free heap: 3691548 bytes
Free heap: 3691584 bytes
Free heap: 3691584 bytes
Free heap: 3691584 bytes
Free heap: 3691548 bytes
[0;32mI (53642) MQTT: Topic: responsenumber[0m
[0;32mI (53642) MQTT: Payload: {"device_id":"R1:42:E3:4C:7C:BC","number":"2383","service_name":"Giao dich duoi 1 ty","device_name":"qu\u1ea7y 4"}[0m
[0;32mI (53647) LOAD_DEVICE_ID: Loaded device_id: B8:D6:1A:B9:DA:A4[0m
Free heap: 3691584 bytes
Free heap: 3691584 bytes
Free heap: 3691584 bytes
Free heap: 3691584 bytes
Free heap: 3691584 bytes
[0;32mI (58666) MQTT: Topic: responsenumber[0m
[0;32mI (58666) MQTT: Payload: {"device_id":"R2:42:E3:4C:7C:BC","number":"1335","service_name":"Giao dich tren 1 ty","device_name":"qu\u1ea7y 5"}[0m
[0;32mI (58671) LOAD_DEVICE_ID: Loaded device_id: B8:D6:1A:B9:DA:A4[0m
Free heap: 3691584 bytes
Free heap: 3691584 bytes
Free heap: 3691548 bytes
Free heap: 3691584 bytes
Free heap: 3691584 bytes
[0;32mI (63793) MQTT: Topic: responsenumber[0m
[0;32mI (63793) MQTT: Payload: {"device_id":"R2:42:E3:4C:7C:BC","number":"NoAvailable"}[0m
[0;32mI (63793) LOAD_DEVICE_ID: Loaded device_id: B8:D6:1A:B9:DA:A4[0m
Free heap: 3691548 bytes
Free heap: 3691548 bytes
Free heap: 3691548 bytes
Free heap: 3691584 bytes
[0;32mI (66861) MQTT: Topic: responsenumber[0m
[0;32mI (66861) MQTT: Payload: {"device_id":"A8:42:E3:4C:7C:BC","number":"3352","service_name":"Giao dich khac","device_name":"qu\u1ea7y 2"}[0m
[0;32mI (66866) LOAD_DEVICE_ID: Loaded device_id: B8:D6:1A:B9:DA:A4[0m
Free heap: 3691584 bytes
Free heap: 3691584 bytes
Free heap: 3691548 bytes
Free heap: 3691584 bytes
Free heap: 3691584 bytes
Free heap: 3691584 bytes
[0;32mI (72996) MQTT: Topic: responsenumber[0m
[0;32mI (72996) MQTT: Payload: {"device_id":"A8:42:E3:4C:7C:BC","number":"3353","service_name":"Giao dich khac","device_name":"qu\u1ea7y 2"}[0m
[0;32mI (73000) LOAD_DEVICE_ID: Loaded device_id: B8:D6:1A:B9:DA:A4[0m
Free heap: 3691584 bytes
Free heap: 3691584 bytes
Free heap: 3691584 bytes
Free heap: 3691584 bytes
Free heap: 3691584 bytes
Free heap: 3691584 bytes
Free heap: 3691584 bytes
[0;32mI (79959) MQTT: Topic: responsenumber[0m
[0;32mI (79960) MQTT: Payload: {"device_id":"R2:42:E3:4C:7C:BC","number":"NoAvailable"}[0m
[0;32mI (79960) LOAD_DEVICE_ID: Loaded device_id: B8:D6:1A:B9:DA:A4[0m
Free heap: 3691584 bytes
Free heap: 3691548 bytes
Free heap: 3691548 bytes
[0;32mI (83134) MQTT: Topic: responsenumber[0m
[0;32mI (83134) MQTT: Payload: {"device_id":"R1:42:E3:4C:7C:BC","number":"2384","service_name":"Giao dich duoi 1 ty","device_name":"qu\u1ea7y 4"}[0m
[0;32mI (83138) LOAD_DEVICE_ID: Loaded device_id: B8:D6:1A:B9:DA:A4[0m
Free heap: 3691584 bytes
Free heap: 3691584 bytes
Free heap: 3691584 bytes
Free heap: 3691548 bytes
Free heap: 3691584 bytes
[0;32mI (88152) MQTT: Topic: responsenumber[0m
[0;32mI (88152) MQTT: Payload: {"device_id":"A8:42:E3:4C:7C:BC","number":"2385","service_name":"Giao dich duoi 1 ty","device_name":"qu\u1ea7y 2"}[0m
[0;32mI (88156) LOAD_DEVICE_ID: Loaded device_id: B8:D6:1A:B9:DA:A4[0m
Free heap: 3691584 bytes
Free heap: 3691584 bytes
Free heap: 3691584 bytes
Free heap: 3691584 bytes
[0;32mI (92247) MQTT: Topic: responsenumber[0m
[0;32mI (92247) MQTT: Payload: {"device_id":"A8:42:E3:4C:7C:BC","number":"2386","service_name":"Giao dich duoi 1 ty","device_name":"qu\u1ea7y 2"}[0m
[0;32mI (92252) LOAD_DEVICE_ID: Loaded device_id: B8:D6:1A:B9:DA:A4[0m
Free heap: 3691584 bytes
Free heap: 3691584 bytes
Free heap: 3691548 bytes
[0;32mI (95319) MQTT: Topic: responsenumber[0m
[0;32mI (95320) MQTT: Payload: {"device_id":"A8:42:E3:4C:7C:BC","number":"2387","service_name":"Giao dich duoi 1 ty","device_name":"qu\u1ea7y 2"}[0m
[0;32mI (95324) LOAD_DEVICE_ID: Loaded device_id: B8:D6:1A:B9:DA:A4[0m
Free heap: 3691548 bytes
Free heap: 3691584 bytes
Free heap: 3691584 bytes
Free heap: 3691584 bytes
