Command: D:\ESP32_IDF\Espressif\python_env\idf5.5_py3.11_env\Scripts\python.exe D:\ESP32_IDF\Espressif\frameworks\esp-idf-v5.5\tools/idf_monitor.py -p COM7 -b 115200 --toolchain-prefix xtensa-esp32s3-elf- --target esp32s3 --revision 0 D:\ESP32\ESP32S3_LCD 7B_DEMO_3\ESP32-S3-Touch-LCD-7B-Demo\ESP32-S3-Touch-LCD-7B-Demo\ESP-IDF\16_LVGL_UI 2\build\16_LVGL_UI.elf D:\ESP32\ESP32S3_LCD 7B_DEMO_3\ESP32-S3-Touch-LCD-7B-Demo\ESP32-S3-Touch-LCD-7B-Demo\ESP-IDF\16_LVGL_UI 2\build\bootloader\bootloader.elf --force-color -m 'D:\ESP32_IDF\Espressif\python_env\idf5.5_py3.11_env\Scripts\python.exe' 'D:\ESP32_IDF\Espressif\frameworks\esp-idf-v5.5\tools\idf.py' '-p' 'COM7'
ESP-ROM:esp32s3-20210327
Build:Mar 27 2021
rst:0x1 (POWERON),boot:0x28 (SPI_FAST_FLASH_BOOT)
SPIWP:0xee
mode:DIO, clock div:1
load:0x3fce2820,len:0x1710
load:0x403c8700,len:0xec0
load:0x403cb700,len:0x31d4
entry 0x403c894c
[0;32mI (25) boot: ESP-IDF v5.5-dirty 2nd stage bootloader[0m
[0;32mI (25) boot: compile time Oct 10 2025 10:23:37[0m
[0;32mI (25) boot: Multicore bootloader[0m
[0;32mI (26) boot: chip revision: v0.2[0m
[0;32mI (28) boot: efuse block revision: v1.3[0m
[0;32mI (32) qio_mode: Enabling default flash chip QIO[0m
[0;32mI (36) boot.esp32s3: Boot SPI Speed : 80MHz[0m
[0;32mI (40) boot.esp32s3: SPI Mode       : QIO[0m
[0;32mI (44) boot.esp32s3: SPI Flash Size : 16MB[0m
[0;32mI (48) boot: Enabling RNG early entropy source...[0m
[0;32mI (52) boot: Partition Table:[0m
[0;32mI (55) boot: ## Label            Usage          Type ST Offset   Length[0m
[0;32mI (61) boot:  0 nvs              WiFi data        01 02 00009000 00006000[0m
[0;32mI (68) boot:  1 phy_init         RF data          01 01 0000f000 00001000[0m
[0;32mI (74) boot:  2 factory          factory app      00 00 00010000 00800000[0m
[0;32mI (81) boot: End of partition table[0m
[0;32mI (84) esp_image: segment 0: paddr=00010020 vaddr=3c0e0020 size=140644h (1312324) map[0m
[0;32mI (286) esp_image: segment 1: paddr=0015066c vaddr=3fc9c900 size=057a0h ( 22432) load[0m
[0;32mI (290) esp_image: segment 2: paddr=00155e14 vaddr=40374000 size=0a204h ( 41476) load[0m
[0;32mI (299) esp_image: segment 3: paddr=00160020 vaddr=42000020 size=d7f28h (884520) map[0m
[0;32mI (430) esp_image: segment 4: paddr=00237f50 vaddr=4037e204 size=0e67ch ( 59004) load[0m
[0;32mI (442) esp_image: segment 5: paddr=002465d4 vaddr=600fe000 size=00020h (    32) load[0m
[0;32mI (452) boot: Loaded app from partition at offset 0x10000[0m
[0;32mI (452) boot: Disabling RNG early entropy source...[0m
[0;33mW (462) flash HPM: HPM mode is optional feature that depends on flash model. Read Docs First![0m
[0;33mW (462) flash HPM: HPM mode with DC adjustment is disabled. Some flash models may not be supported. Read Docs First![0m
[0;33mW (469) flash HPM: High performance mode of this flash model hasn't been supported.[0m
[0;32mI (477) MSPI Timing: Flash timing tuning index: 2[0m
[0;32mI (481) octal_psram: vendor id    : 0x0d (AP)[0m
[0;32mI (485) octal_psram: dev id       : 0x02 (generation 3)[0m
[0;32mI (490) octal_psram: density      : 0x03 (64 Mbit)[0m
[0;32mI (495) octal_psram: good-die     : 0x01 (Pass)[0m
[0;32mI (499) octal_psram: Latency      : 0x01 (Fixed)[0m
[0;32mI (503) octal_psram: VCC          : 0x01 (3V)[0m
[0;32mI (507) octal_psram: SRF          : 0x01 (Fast Refresh)[0m
[0;32mI (512) octal_psram: BurstType    : 0x01 (Hybrid Wrap)[0m
[0;32mI (517) octal_psram: BurstLen     : 0x01 (32 Byte)[0m
[0;32mI (522) octal_psram: Readlatency  : 0x02 (10 cycles@Fixed)[0m
[0;32mI (527) octal_psram: DriveStrength: 0x00 (1/1)[0m
[0;32mI (539) MSPI Timing: PSRAM timing tuning index: 2[0m
[0;32mI (539) esp_psram: Found 8MB PSRAM device[0m
[0;32mI (539) esp_psram: Speed: 120MHz[0m
[0;32mI (597) mmu_psram: Read only data copied and mapped to SPIRAM[0m
[0;32mI (643) mmu_psram: Instructions copied and mapped to SPIRAM[0m
[0;32mI (644) cpu_start: Multicore app[0m
[0;32mI (793) esp_psram: SPI SRAM memory test OK[0m
[0;32mI (801) cpu_start: Pro cpu start user code[0m
[0;32mI (801) cpu_start: cpu freq: 240000000 Hz[0m
[0;32mI (801) app_init: Application information:[0m
[0;32mI (801) app_init: Project name:     16_LVGL_UI[0m
[0;32mI (805) app_init: App version:      94f2d6e-dirty[0m
[0;32mI (810) app_init: Compile time:     Nov 11 2025 11:08:19[0m
[0;32mI (815) app_init: ELF file SHA256:  8fee835fb...[0m
[0;32mI (819) app_init: ESP-IDF:          v5.5-dirty[0m
[0;32mI (823) efuse_init: Min chip rev:     v0.0[0m
[0;32mI (827) efuse_init: Max chip rev:     v0.99 [0m
[0;32mI (831) efuse_init: Chip rev:         v0.2[0m
[0;32mI (835) heap_init: Initializing. RAM available for dynamic allocation:[0m
[0;32mI (841) heap_init: At 3FCB38E0 len 00035E30 (215 KiB): RAM[0m
[0;32mI (846) heap_init: At 3FCE9710 len 00005724 (21 KiB): RAM[0m
[0;32mI (852) heap_init: At 3FCF0000 len 00008000 (32 KiB): DRAM[0m
[0;32mI (857) heap_init: At 600FE020 len 00001FC8 (7 KiB): RTCRAM[0m
[0;32mI (862) esp_psram: Adding pool of 5952K of PSRAM memory to heap allocator[0m
[0;32mI (869) esp_psram: Adding pool of 62K of PSRAM memory gap generated due to end address alignment of drom to the heap allocator[0m
[0;32mI (880) spi_flash: detected chip: generic[0m
[0;32mI (883) spi_flash: flash io: qio[0m
[0;32mI (887) sleep_gpio: Configure to isolate all GPIO pins in sleep state[0m
[0;32mI (893) sleep_gpio: Enable automatic switching of GPIO sleep configuration[0m
[0;32mI (899) coexist: coex firmware version: 831ec70[0m
[0;32mI (912) coexist: coexist rom version e7ae62f[0m
[0;32mI (913) main_task: Started on CPU0[0m
[0;32mI (914) esp_psram: Reserving pool of 32K of internal memory for DMA/internal allocations[0m
[0;32mI (919) main_task: Calling app_main()[0m
[0;33mW (932) i2c.master: Please check pull-up resistances whether be connected properly. Otherwise unexpected behavior would happen. For more detailed information, please read docs[0m
[0;32mI (1338) GT911: Initialize I2C panel IO[0m
[0;32mI (1338) GT911: Initialize touch controller GT911[0m
[0;33mW (1338) GT911: Unable to initialize the I2C address[0m
[0;32mI (1340) GT911: TouchPad_ID:0x39,0x31,0x31[0m
[0;32mI (1343) GT911: TouchPad_Config_Version:91[0m
[0;32mI (1347) example: Install RGB LCD panel driver[0m
[0;32mI (1387) example: Initialize RGB LCD panel[0m
[0;32mI (1388) lv_port: Create LVGL task[0m
[0;32mI (1447) MQTT_BACKUP: Read status: NO[0m
[0;32mI (1452) TAG_NVS: Loaded JSON from NVS: [{"name":"2","device_id":"94:E6:86:09:A4:78"},{"name":"1","device_id":"A8:42:E3:4C:7C:BC"}][0m
[0;32mI (1452) TAG_NVS: Loaded 2 devices from NVS[0m
[0;32mI (1456) UI: Loaded 2 devices, showing...[0m
[0;32mI (1461) READ_DEVICE_ID: Read device_id: A8:42:E3:4C:7C:BC[0m
[0;32mI (1466) READ_DEVICE_ID: Read device_id: A8:42:E3:4C:7C:BC[0m
[0;32mI (1471) LVGL: Displayed 2 devices[0m
[0;32mI (1517) MAIN: create main UI successfully[0m
[0;32mI (1519) pp: pp rom version: e7ae62f[0m
[0;32mI (1520) net80211: net80211 rom version: e7ae62f[0m
[0;32mI (1521) main_task: Returned from app_main()[0m
[0;32mI (1522) wifi:wifi driver task: 3fcd1178, prio:23, stack:6656, core=0[0m
[0;32mI (1550) wifi:wifi firmware version: f3dbad7[0m
[0;32mI (1551) wifi:wifi certification version: v7.0[0m
[0;32mI (1551) wifi:config NVS flash: enabled[0m
[0;32mI (1551) wifi:config nano formatting: disabled[0m
[0;32mI (1555) wifi:Init data frame dynamic rx buffer num: 32[0m
[0;32mI (1560) wifi:Init static rx mgmt buffer num: 5[0m
[0;32mI (1565) wifi:Init management short buffer num: 32[0m
[0;32mI (1569) wifi:Init static tx buffer num: 16[0m
[0;32mI (1573) wifi:Init tx cache buffer num: 32[0m
[0;32mI (1577) wifi:Init static tx FG buffer num: 2[0m
[0;32mI (1581) wifi:Init static rx buffer size: 1600[0m
[0;32mI (1585) wifi:Init static rx buffer num: 16[0m
[0;32mI (1589) wifi:Init dynamic rx buffer num: 32[0m
[0;32mI (1593) wifi_init: rx ba win: 16[0m
[0;32mI (1596) wifi_init: accept mbox: 6[0m
[0;32mI (1599) wifi_init: tcpip mbox: 32[0m
[0;32mI (1602) wifi_init: udp mbox: 6[0m
[0;32mI (1605) wifi_init: tcp mbox: 6[0m
[0;32mI (1608) wifi_init: tcp tx win: 5760[0m
[0;32mI (1611) wifi_init: tcp rx win: 5760[0m
[0;32mI (1615) wifi_init: tcp mss: 1440[0m
[0;32mI (1617) wifi_init: WiFi/LWIP prefer SPIRAM[0m
[0;32mI (1621) wifi_init: WiFi IRAM OP enabled[0m
[0;32mI (1625) wifi_init: WiFi RX IRAM OP enabled[0m
[0;32mI (1629) reconnect: Found saved WiFi: iPhone Anh Kiet[0m
[0;32mI (1673) WiFi: Wi-Fi and IP event handlers registered[0m
Wi-Fi event handler registered.
[0;32mI (1673) phy_init: phy_version 701,f4f1da3a,Mar  3 2025,15:50:10[0m
[0;32mI (1710) wifi:mode : sta (10:20:ba:05:9b:9c)[0m
[0;32mI (1710) wifi:enable tsf[0m
[0;32mI (1712) reconnect: WiFi init complete, waiting for connection...[0m
[0;32mI (1712) WiFi Sta: GET: SSID:iPhone Anh Kiet, password:061002aK[0m
[0;32mI (1720) wifi:new:<6,0>, old:<1,0>, ap:<255,255>, sta:<6,0>, prof:1, snd_ch_cfg:0x0[0m
[0;32mI (1724) wifi:state: init -> auth (0xb0)[0m
[0;32mI (1733) wifi:state: auth -> assoc (0x0)[0m
[0;32mI (1738) wifi:state: assoc -> run (0x10)[0m
[0;32mI (1779) wifi:connected with iPhone Anh Kiet, aid = 1, channel 6, BW20, bssid = 52:e6:4b:cc:86:90[0m
[0;32mI (1779) wifi:security: WPA2-PSK, phy: bgn, rssi: -19[0m
[0;32mI (1783) wifi:pm start, type: 1[0m

[0;32mI (1784) wifi:dp: 1, bi: 102400, li: 3, scale listen interval from 307200 us to 307200 us[0m
[0;32mI (1792) wifi:set rx beacon pti, rx_bcn_pti: 14, bcn_timeout: 25000, mt_pti: 14, mt_time: 10000[0m
[0;32mI (1801) wifi:AP's beacon interval = 102400 us, DTIM period = 1[0m
[0;32mI (1807) WiFi Sta: Connected to SSID:iPhone Anh Kiet, channel:6[0m
[0;32mI (2217) WiFi Sta: Failed to connect to the AP[0m
[0;32mI (2217) WiFi Sta: Retrying to connect to the AP[0m
[0;32mI (2830) esp_netif_handlers: sta ip: 172.20.10.6, mask: 255.255.255.240, gw: 172.20.10.1[0m
[0;32mI (2830) WiFi Sta: WIFI GOT_IP.[0m
[0;32mI (2847) MQTT_MANAGER: No existing client, creating new one...[0m
[0;32mI (2848) MQTT: Other event id:7[0m
[0;32mI (2853) wifi:<ba-add>idx:0 (ifx:0, 52:e6:4b:cc:86:90), tid:0, ssn:2, winSize:64[0m
[0;32mI (3727) WiFi: Connected with IP: 172.20.10.6[0m
[0;32mI (3727) WiFi Sta: Connected to AP SSID:iPhone Anh Kiet, password:061002aK, bssid:52:E6:4B:CC:86:90[0m
[0;32mI (3826) NVS: last index: -1[0m
[0;32mI (3826) NVS: wifi index: 0[0m
[0;33mW (3826) WIFI_UI: WIFI_List_Button is invalid[0m
STA:STA 
[0;32mI (11076) wifi_scan: Max AP number ap_info can hold = 20[0m
[0;32mI (11076) wifi_scan: Total APs scanned = 19, actual AP number ap_info holds = 19[0m
[0;32mI (11185) NVS: Have a saved wifi network in NVS[0m
[0;32mI (11188) wifi_scan: [0m
[0;32mI (11188) wifi_scan: Found saved wifi network in scan list, ssid: iPhone Anh Kiet[0m
[0;32mI (11188) wifi_scan: BSSID 52:E6:4B:CC:86:90[0m
[0;32mI (11363) NVS: Have a saved wifi network in NVS[0m
[0;32mI (11482) NVS: Have a saved wifi network in NVS[0m
[1;31mE (12850) esp-tls: [sock=54] select() timeout[0m
[1;31mE (12850) transport_base: Failed to open a new connection: 32774[0m
[1;31mE (12850) mqtt_client: Error transport connect[0m
[0;32mI (12853) MQTT: MQTT_EVENT_ERROR[0m
[0;32mI (12856) MQTT: Last error code reported from esp-tls: 0x8006[0m
[0;32mI (12861) MQTT: Last tls stack error number: 0x0[0m
[0;32mI (12865) MQTT: Last captured errno : 0 (Success)[0m
[0;32mI (12870) MQTT: MQTT_EVENT_DISCONNECTED[0m
[1;31mE (16650) task_wdt: Task watchdog got triggered. The following tasks/users did not reset the watchdog in time:[0m
[1;31mE (16650) task_wdt:  - IDLE1 (CPU 1)[0m
[1;31mE (16650) task_wdt: Tasks currently running:[0m
[1;31mE (16650) task_wdt: CPU 0: IDLE0[0m
[1;31mE (16650) task_wdt: CPU 1: lvgl[0m
[1;31mE (16650) task_wdt: Print CPU 1 backtrace[0m


Backtrace: 0x40378976:0x3FC9F400 0x40377D05:0x3FC9F420 0x4202CE5A:0x3FCEC4D0 0x420349AE:0x3FCEC4F0 0x4203512F:0x3FCEC590 0x4202ACAE:0x3FCEC5B0 0x4200DB3B:0x3FCEC5D0 0x4202F0C7:0x3FCEC620 0x4201055C:0x3FCEC650

[1;31mE (21650) task_wdt: Task watchdog got triggered. The following tasks/users did not reset the watchdog in time:[0m
[1;31mE (21650) task_wdt:  - IDLE1 (CPU 1)[0m
[1;31mE (21650) task_wdt: Tasks currently running:[0m
[1;31mE (21650) task_wdt: CPU 0: IDLE0[0m
[1;31mE (21650) task_wdt: CPU 1: lvgl[0m
[1;31mE (21650) task_wdt: Print CPU 1 backtrace[0m


Backtrace: 0x40378976:0x3FC9F400 0x40377D05:0x3FC9F420 0x4202CE5A:0x3FCEC4D0 0x420349AE:0x3FCEC4F0 0x4203512F:0x3FCEC590 0x4202ACAE:0x3FCEC5B0 0x4200DB3B:0x3FCEC5D0 0x4202F0C7:0x3FCEC620 0x4201055C:0x3FCEC650

[1;31mE (26650) task_wdt: Task watchdog got triggered. The following tasks/users did not reset the watchdog in time:[0m
[1;31mE (26650) task_wdt:  - IDLE1 (CPU 1)[0m
[1;31mE (26650) task_wdt: Tasks currently running:[0m
[1;31mE (26650) task_wdt: CPU 0: IDLE0[0m
[1;31mE (26650) task_wdt: CPU 1: lvgl[0m
[1;31mE (26650) task_wdt: Print CPU 1 backtrace[0m


Backtrace: 0x40378976:0x3FC9F400 0x40377D05:0x3FC9F420 0x4202CE5A:0x3FCEC4D0 0x420349AE:0x3FCEC4F0 0x4203512F:0x3FCEC590 0x4202ACAE:0x3FCEC5B0 0x4200DB3B:0x3FCEC5D0 0x4202F0C7:0x3FCEC620 0x4201055C:0x3FCEC650

[1;31mE (31650) task_wdt: Task watchdog got triggered. The following tasks/users did not reset the watchdog in time:[0m
[1;31mE (31650) task_wdt:  - IDLE1 (CPU 1)[0m
[1;31mE (31650) task_wdt: Tasks currently running:[0m
[1;31mE (31650) task_wdt: CPU 0: IDLE0[0m
[1;31mE (31650) task_wdt: CPU 1: lvgl[0m
[1;31mE (31650) task_wdt: Print CPU 1 backtrace[0m


Backtrace: 0x40378976:0x3FC9F400 0x40377D05:0x3FC9F420 0x4202CE5A:0x3FCEC4D0 0x420349AE:0x3FCEC4F0 0x4203512F:0x3FCEC590 0x4202ACAE:0x3FCEC5B0 0x4200DB3B:0x3FCEC5D0 0x4202F0C7:0x3FCEC620 0x4201055C:0x3FCEC650

[1;31mE (36650) task_wdt: Task watchdog got triggered. The following tasks/users did not reset the watchdog in time:[0m
[1;31mE (36650) task_wdt:  - IDLE1 (CPU 1)[0m
[1;31mE (36650) task_wdt: Tasks currently running:[0m
[1;31mE (36650) task_wdt: CPU 0: IDLE0[0m
[1;31mE (36650) task_wdt: CPU 1: lvgl[0m
[1;31mE (36650) task_wdt: Print CPU 1 backtrace[0m


Backtrace: 0x40378976:0x3FC9F400 0x40377D05:0x3FC9F420 0x4202CE5A:0x3FCEC4D0 0x420349AE:0x3FCEC4F0 0x4203512F:0x3FCEC590 0x4202ACAE:0x3FCEC5B0 0x4200DB3B:0x3FCEC5D0 0x4202F0C7:0x3FCEC620 0x4201055C:0x3FCEC650

[1;31mE (41650) task_wdt: Task watchdog got triggered. The following tasks/users did not reset the watchdog in time:[0m
[1;31mE (41650) task_wdt:  - IDLE1 (CPU 1)[0m
[1;31mE (41650) task_wdt: Tasks currently running:[0m
[1;31mE (41650) task_wdt: CPU 0: IDLE0[0m
[1;31mE (41650) task_wdt: CPU 1: lvgl[0m
[1;31mE (41650) task_wdt: Print CPU 1 backtrace[0m


Backtrace: 0x40378976:0x3FC9F400 0x40377D05:0x3FC9F420 0x4202CE5A:0x3FCEC4D0 0x420349AE:0x3FCEC4F0 0x4203512F:0x3FCEC590 0x4202ACAE:0x3FCEC5B0 0x4200DB3B:0x3FCEC5D0 0x4202F0C7:0x3FCEC620 0x4201055C:0x3FCEC650

[1;31mE (46650) task_wdt: Task watchdog got triggered. The following tasks/users did not reset the watchdog in time:[0m
[1;31mE (46650) task_wdt:  - IDLE1 (CPU 1)[0m
[1;31mE (46650) task_wdt: Tasks currently running:[0m
[1;31mE (46650) task_wdt: CPU 0: IDLE0[0m
[1;31mE (46650) task_wdt: CPU 1: lvgl[0m
[1;31mE (46650) task_wdt: Print CPU 1 backtrace[0m


Backtrace: 0x40378976:0x3FC9F400 0x40377D05:0x3FC9F420 0x4202CE5A:0x3FCEC4D0 0x420349AE:0x3FCEC4F0 0x4203512F:0x3FCEC590 0x4202ACAE:0x3FCEC5B0 0x4200DB3B:0x3FCEC5D0 0x4202F0C7:0x3FCEC620 0x4201055C:0x3FCEC650

