Command: D:\ESP32_IDF\Espressif\python_env\idf5.5_py3.11_env\Scripts\python.exe D:\ESP32_IDF\Espressif\frameworks\esp-idf-v5.5\tools/idf_monitor.py -p COM7 -b 115200 --toolchain-prefix xtensa-esp32s3-elf- --target esp32s3 --revision 0 D:\ESP32\ESP32S3_LCD 7B_DEMO_3\ESP32-S3-Touch-LCD-7B-Demo\ESP32-S3-Touch-LCD-7B-Demo\ESP-IDF\16_LVGL_UI 2\build\16_LVGL_UI.elf D:\ESP32\ESP32S3_LCD 7B_DEMO_3\ESP32-S3-Touch-LCD-7B-Demo\ESP32-S3-Touch-LCD-7B-Demo\ESP-IDF\16_LVGL_UI 2\build\bootloader\bootloader.elf --force-color -m 'D:\ESP32_IDF\Espressif\python_env\idf5.5_py3.11_env\Scripts\python.exe' 'D:\ESP32_IDF\Espressif\frameworks\esp-idf-v5.5\tools\idf.py' '-p' 'COM7'
ESP-ROM:esp32s3-20210327
Build:Mar 27 2021
rst:0x1 (POWERON),boot:0x28 (SPI_FAST_FLASH_BOOT)
SPIWP:0xee
mode:DIO, clock div:1
load:0x3fce2820,len:0x1710
load:0x403c8700,len:0xec0
load:0x403cb700,len:0x31d4
entry 0x403c894c
[0;32mI (25) boot: ESP-IDF v5.5-dirty 2nd stage bootloader[0m
[0;32mI (25) boot: compile time Oct 10 2025 10:23:37[0m
[0;32mI (25) boot: Multicore bootloader[0m
[0;32mI (26) boot: chip revision: v0.2[0m
[0;32mI (28) boot: efuse block revision: v1.3[0m
[0;32mI (32) qio_mode: Enabling default flash chip QIO[0m
[0;32mI (36) boot.esp32s3: Boot SPI Speed : 80MHz[0m
[0;32mI (40) boot.esp32s3: SPI Mode       : QIO[0m
[0;32mI (44) boot.esp32s3: SPI Flash Size : 16MB[0m
[0;32mI (48) boot: Enabling RNG early entropy source...[0m
[0;32mI (52) boot: Partition Table:[0m
[0;32mI (55) boot: ## Label            Usage          Type ST Offset   Length[0m
[0;32mI (61) boot:  0 nvs              WiFi data        01 02 00009000 00006000[0m
[0;32mI (68) boot:  1 phy_init         RF data          01 01 0000f000 00001000[0m
[0;32mI (74) boot:  2 factory          factory app      00 00 00010000 00800000[0m
[0;32mI (81) boot: End of partition table[0m
[0;32mI (84) esp_image: segment 0: paddr=00010020 vaddr=3c0e0020 size=13b564h (1291620) map[0m
[0;32mI (283) esp_image: segment 1: paddr=0014b58c vaddr=3fc9c900 size=04a8ch ( 19084) load[0m
[0;32mI (287) esp_image: segment 2: paddr=00150020 vaddr=42000020 size=d6e10h (880144) map[0m
[0;32mI (418) esp_image: segment 3: paddr=00226e38 vaddr=3fca138c size=00d04h (  3332) load[0m
[0;32mI (419) esp_image: segment 4: paddr=00227b44 vaddr=40374000 size=18880h (100480) load[0m
[0;32mI (441) esp_image: segment 5: paddr=002403cc vaddr=600fe000 size=00020h (    32) load[0m
[0;32mI (451) boot: Loaded app from partition at offset 0x10000[0m
[0;32mI (451) boot: Disabling RNG early entropy source...[0m
[0;33mW (461) flash HPM: HPM mode is optional feature that depends on flash model. Read Docs First![0m
[0;33mW (461) flash HPM: HPM mode with DC adjustment is disabled. Some flash models may not be supported. Read Docs First![0m
[0;33mW (468) flash HPM: High performance mode of this flash model hasn't been supported.[0m
[0;32mI (476) MSPI Timing: Flash timing tuning index: 2[0m
[0;32mI (480) octal_psram: vendor id    : 0x0d (AP)[0m
[0;32mI (484) octal_psram: dev id       : 0x02 (generation 3)[0m
[0;32mI (489) octal_psram: density      : 0x03 (64 Mbit)[0m
[0;32mI (493) octal_psram: good-die     : 0x01 (Pass)[0m
[0;32mI (498) octal_psram: Latency      : 0x01 (Fixed)[0m
[0;32mI (502) octal_psram: VCC          : 0x01 (3V)[0m
[0;32mI (506) octal_psram: SRF          : 0x01 (Fast Refresh)[0m
[0;32mI (511) octal_psram: BurstType    : 0x01 (Hybrid Wrap)[0m
[0;32mI (516) octal_psram: BurstLen     : 0x01 (32 Byte)[0m
[0;32mI (520) octal_psram: Readlatency  : 0x02 (10 cycles@Fixed)[0m
[0;32mI (526) octal_psram: DriveStrength: 0x00 (1/1)[0m
[0;32mI (538) MSPI Timing: PSRAM timing tuning index: 2[0m
[0;32mI (538) esp_psram: Found 8MB PSRAM device[0m
[0;32mI (538) esp_psram: Speed: 120MHz[0m
[0;32mI (593) mmu_psram: Read only data copied and mapped to SPIRAM[0m
[0;32mI (640) mmu_psram: Instructions copied and mapped to SPIRAM[0m
[0;32mI (640) cpu_start: Multicore app[0m
[0;32mI (791) esp_psram: SPI SRAM memory test OK[0m
[0;32mI (799) cpu_start: Pro cpu start user code[0m
[0;32mI (799) cpu_start: cpu freq: 240000000 Hz[0m
[0;32mI (799) app_init: Application information:[0m
[0;32mI (799) app_init: Project name:     16_LVGL_UI[0m
[0;32mI (803) app_init: App version:      94f2d6e-dirty[0m
[0;32mI (808) app_init: Compile time:     Nov  3 2025 14:27:49[0m
[0;32mI (813) app_init: ELF file SHA256:  ae00b3d79...[0m
[0;32mI (817) app_init: ESP-IDF:          v5.5-dirty[0m
[0;32mI (821) efuse_init: Min chip rev:     v0.0[0m
[0;32mI (825) efuse_init: Max chip rev:     v0.99 [0m
[0;32mI (829) efuse_init: Chip rev:         v0.2[0m
[0;32mI (833) heap_init: Initializing. RAM available for dynamic allocation:[0m
[0;32mI (839) heap_init: At 3FCB3318 len 000363F8 (216 KiB): RAM[0m
[0;32mI (844) heap_init: At 3FCE9710 len 00005724 (21 KiB): RAM[0m
[0;32mI (850) heap_init: At 3FCF0000 len 00008000 (32 KiB): DRAM[0m
[0;32mI (855) heap_init: At 600FE020 len 00001FC8 (7 KiB): RTCRAM[0m
[0;32mI (860) esp_psram: Adding pool of 6016K of PSRAM memory to heap allocator[0m
[0;32mI (867) esp_psram: Adding pool of 18K of PSRAM memory gap generated due to end address alignment of drom to the heap allocator[0m
[0;32mI (878) spi_flash: detected chip: generic[0m
[0;32mI (881) spi_flash: flash io: qio[0m
[0;32mI (884) sleep_gpio: Configure to isolate all GPIO pins in sleep state[0m
[0;32mI (891) sleep_gpio: Enable automatic switching of GPIO sleep configuration[0m
[0;32mI (897) coexist: coex firmware version: 831ec70[0m
[0;32mI (910) coexist: coexist rom version e7ae62f[0m
[0;32mI (910) main_task: Started on CPU0[0m
[0;32mI (911) esp_psram: Reserving pool of 32K of internal memory for DMA/internal allocations[0m
[0;32mI (916) main_task: Calling app_main()[0m
[0;33mW (927) i2c.master: Please check pull-up resistances whether be connected properly. Otherwise unexpected behavior would happen. For more detailed information, please read docs[0m
[0;32mI (1335) GT911: Initialize I2C panel IO[0m
[0;32mI (1335) GT911: Initialize touch controller GT911[0m
[0;33mW (1335) GT911: Unable to initialize the I2C address[0m
[0;32mI (1337) GT911: TouchPad_ID:0x39,0x31,0x31[0m
[0;32mI (1340) GT911: TouchPad_Config_Version:91[0m
[0;32mI (1344) example: Install RGB LCD panel driver[0m
[0;32mI (1384) example: Initialize RGB LCD panel[0m
[0;32mI (1385) lv_port: Create LVGL task[0m
[0;32mI (1489) MAIN: create main UI successfully[0m
[0;32mI (1551) pp: pp rom version: e7ae62f[0m
[0;32mI (1552) net80211: net80211 rom version: e7ae62f[0m
[0;32mI (1552) main_task: Returned from app_main()[0m
[0;32mI (1553) wifi:wifi driver task: 3fccde74, prio:23, stack:6656, core=0[0m
[0;32mI (1565) wifi:wifi firmware version: f3dbad7[0m
[0;32mI (1566) wifi:wifi certification version: v7.0[0m
[0;32mI (1568) wifi:config NVS flash: enabled[0m
[0;32mI (1572) wifi:config nano formatting: disabled[0m
[0;32mI (1576) wifi:Init data frame dynamic rx buffer num: 32[0m
[0;32mI (1581) wifi:Init static rx mgmt buffer num: 5[0m
[0;32mI (1585) wifi:Init management short buffer num: 32[0m
[0;32mI (1590) wifi:Init static tx buffer num: 16[0m
[0;32mI (1594) wifi:Init tx cache buffer num: 32[0m
[0;32mI (1597) wifi:Init static tx FG buffer num: 2[0m
[0;32mI (1601) wifi:Init static rx buffer size: 1600[0m
[0;32mI (1606) wifi:Init static rx buffer num: 16[0m
[0;32mI (1609) wifi:Init dynamic rx buffer num: 32[0m
[0;32mI (1615) wifi_init: rx ba win: 16[0m
[0;32mI (1616) wifi_init: accept mbox: 6[0m
[0;32mI (1619) wifi_init: tcpip mbox: 32[0m
[0;32mI (1623) wifi_init: udp mbox: 6[0m
[0;32mI (1625) wifi_init: tcp mbox: 6[0m
[0;32mI (1628) wifi_init: tcp tx win: 5760[0m
[0;32mI (1632) wifi_init: tcp rx win: 5760[0m
[0;32mI (1635) wifi_init: tcp mss: 1440[0m
[0;32mI (1638) wifi_init: WiFi/LWIP prefer SPIRAM[0m
[0;32mI (1642) wifi_init: WiFi IRAM OP enabled[0m
[0;32mI (1646) wifi_init: WiFi RX IRAM OP enabled[0m
Wi-Fi event handler registered.
[0;32mI (1652) reconnect: Found saved WiFi: NamTrung[0m
[0;32mI (1657) phy_init: phy_version 701,f4f1da3a,Mar  3 2025,15:50:10[0m
[0;32mI (1706) wifi:mode : sta (10:20:ba:05:9b:9c)[0m
[0;32mI (1706) wifi:enable tsf[0m
[0;32mI (1707) reconnect: WiFi init complete, waiting for connection...[0m
[0;32mI (1708) MQTT: Other event id:7[0m
[1;31mE (1710) esp-tls: [sock=54] connect() error: Host is unreachable[0m
[1;31mE (1716) transport_base: Failed to open a new connection: 32772[0m
[1;31mE (1721) mqtt_client: Error transport connect[0m
[0;32mI (1725) MQTT: MQTT_EVENT_ERROR[0m
[0;32mI (1728) MQTT: Last error code reported from esp-tls: 0x8004[0m
[0;32mI (1733) MQTT: Last tls stack error number: 0x0[0m
[0;32mI (1738) MQTT: Last captured errno : 0 (Success)[0m
[0;32mI (1742) MQTT: MQTT_EVENT_DISCONNECTED[0m
[0;32mI (1771) wifi:new:<6,0>, old:<1,0>, ap:<255,255>, sta:<6,0>, prof:1, snd_ch_cfg:0x0[0m
[0;32mI (1771) wifi:state: init -> auth (0xb0)[0m
[0;32mI (1784) wifi:state: auth -> assoc (0x0)[0m
[0;32mI (1812) wifi:state: assoc -> run (0x10)[0m
[0;32mI (2837) wifi:connected with NamTrung, aid = 27, channel 6, BW20, bssid = 10:5f:02:75:32:0e[0m
[0;32mI (2837) wifi:security: WPA2-PSK, phy: bgn, rssi: -73[0m
[0;32mI (2839) wifi:pm start, type: 1[0m

[0;32mI (2842) wifi:dp: 1, bi: 102400, li: 3, scale listen interval from 307200 us to 307200 us[0m
[0;32mI (2850) wifi:set rx beacon pti, rx_bcn_pti: 14, bcn_timeout: 25000, mt_pti: 14, mt_time: 10000[0m
[0;32mI (2858) WiFi Sta: Connected to SSID:NamTrung, channel:6[0m
[0;32mI (2897) wifi:AP's beacon interval = 102400 us, DTIM period = 1[0m
[0;32mI (5860) wifi:state: run -> init (0x0)[0m
[0;32mI (5862) wifi:pm stop, total sleep time: 1860757 us / 3020483 us[0m

[0;32mI (5862) wifi:new:<6,0>, old:<6,0>, ap:<255,255>, sta:<6,0>, prof:1, snd_ch_cfg:0x0[0m
[0;32mI (5866) WiFi Sta: STA disconnected, reason=8[0m
[0;32mI (5870) WiFi Sta: WIFI STA_DISCONNECTED.[0m
[0;32mI (5906) wifi:flush txq[0m
[0;32mI (5906) wifi:stop sw txq[0m
[0;32mI (5906) wifi:lmac stop hw txq[0m
STA:STA 
[0;32mI (5908) wifi:mode : sta (10:20:ba:05:9b:9c)[0m
[0;32mI (5908) wifi:enable tsf[0m
[0;33mW (5992) WIFI: wifi_last_Button is NULL or invalid, skip UI update[0m
[0;32mI (8420) wifi_scan: Max AP number ap_info can hold = 20[0m
[0;32mI (8420) wifi_scan: Total APs scanned = 16, actual AP number ap_info holds = 16[0m
[0;32mI (11746) MQTT: Other event id:7[0m
[1;31mE (11747) esp-tls: [sock=54] connect() error: Host is unreachable[0m
[1;31mE (11747) transport_base: Failed to open a new connection: 32772[0m
[1;31mE (11749) mqtt_client: Error transport connect[0m
[0;32mI (11753) MQTT: MQTT_EVENT_ERROR[0m
[0;32mI (11756) MQTT: Last error code reported from esp-tls: 0x8004[0m
[0;32mI (11762) MQTT: Last tls stack error number: 0x0[0m
[0;32mI (11766) MQTT: Last captured errno : 0 (Success)[0m
[0;32mI (11771) MQTT: MQTT_EVENT_DISCONNECTED[0m
ESP-ROM:esp32s3-20210327
Build:Mar 27 2021
rst:0x1 (POWERON),boot:0x28 (SPI_FAST_FLASH_BOOT)
SPIWP:0xee
mode:DIO, clock div:1
load:0x3fce2820,len:0x1710
load:0x403c8700,len:0xec0
load:0x403cb700,len:0x31d4
entry 0x403c894c
[0;32mI (25) boot: ESP-IDF v5.5-dirty 2nd stage bootloader[0m
[0;32mI (25) boot: compile time Oct 10 2025 10:23:37[0m
[0;32mI (25) boot: Multicore bootloader[0m
[0;32mI (26) boot: chip revision: v0.2[0m
[0;32mI (28) boot: efuse block revision: v1.3[0m
[0;32mI (32) qio_mode: Enabling default flash chip QIO[0m
[0;32mI (36) boot.esp32s3: Boot SPI Speed : 80MHz[0m
[0;32mI (40) boot.esp32s3: SPI Mode       : QIO[0m
[0;32mI (44) boot.esp32s3: SPI Flash Size : 16MB[0m
[0;32mI (48) boot: Enabling RNG early entropy source...[0m
[0;32mI (52) boot: Partition Table:[0m
[0;32mI (55) boot: ## Label            Usage          Type ST Offset   Length[0m
[0;32mI (61) boot:  0 nvs              WiFi data        01 02 00009000 00006000[0m
[0;32mI (68) boot:  1 phy_init         RF data          01 01 0000f000 00001000[0m
[0;32mI (74) boot:  2 factory          factory app      00 00 00010000 00800000[0m
[0;32mI (81) boot: End of partition table[0m
[0;32mI (84) esp_image: segment 0: paddr=00010020 vaddr=3c0e0020 size=13b564h (1291620) map[0m
[0;32mI (283) esp_image: segment 1: paddr=0014b58c vaddr=3fc9c900 size=04a8ch ( 19084) load[0m
[0;32mI (287) esp_image: segment 2: paddr=00150020 vaddr=42000020 size=d6e10h (880144) map[0m
[0;32mI (418) esp_image: segment 3: paddr=00226e38 vaddr=3fca138c size=00d04h (  3332) load[0m
[0;32mI (419) esp_image: segment 4: paddr=00227b44 vaddr=40374000 size=18880h (100480) load[0m
[0;32mI (441) esp_image: segment 5: paddr=002403cc vaddr=600fe000 size=00020h (    32) load[0m
[0;32mI (451) boot: Loaded app from partition at offset 0x10000[0m
[0;32mI (451) boot: Disabling RNG early entropy source...[0m
[0;33mW (461) flash HPM: HPM mode is optional feature that depends on flash model. Read Docs First![0m
[0;33mW (461) flash HPM: HPM mode with DC adjustment is disabled. Some flash models may not be supported. Read Docs First![0m
[0;33mW (468) flash HPM: High performance mode of this flash model hasn't been supported.[0m
[0;32mI (476) MSPI Timing: Flash timing tuning index: 2[0m
[0;32mI (480) octal_psram: vendor id    : 0x0d (AP)[0m
[0;32mI (484) octal_psram: dev id       : 0x02 (generation 3)[0m
[0;32mI (489) octal_psram: density      : 0x03 (64 Mbit)[0m
[0;32mI (493) octal_psram: good-die     : 0x01 (Pass)[0m
[0;32mI (498) octal_psram: Latency      : 0x01 (Fixed)[0m
[0;32mI (502) octal_psram: VCC          : 0x01 (3V)[0m
[0;32mI (506) octal_psram: SRF          : 0x01 (Fast Refresh)[0m
[0;32mI (511) octal_psram: BurstType    : 0x01 (Hybrid Wrap)[0m
[0;32mI (516) octal_psram: BurstLen     : 0x01 (32 Byte)[0m
[0;32mI (520) octal_psram: Readlatency  : 0x02 (10 cycles@Fixed)[0m
[0;32mI (526) octal_psram: DriveStrength: 0x00 (1/1)[0m
[0;32mI (538) MSPI Timing: PSRAM timing tuning index: 2[0m
[0;32mI (538) esp_psram: Found 8MB PSRAM device[0m
[0;32mI (538) esp_psram: Speed: 120MHz[0m
[0;32mI (593) mmu_psram: Read only data copied and mapped to SPIRAM[0m
[0;32mI (640) mmu_psram: Instructions copied and mapped to SPIRAM[0m
[0;32mI (640) cpu_start: Multicore app[0m
[0;32mI (791) esp_psram: SPI SRAM memory test OK[0m
[0;32mI (799) cpu_start: Pro cpu start user code[0m
[0;32mI (799) cpu_start: cpu freq: 240000000 Hz[0m
[0;32mI (799) app_init: Application information:[0m
[0;32mI (799) app_init: Project name:     16_LVGL_UI[0m
[0;32mI (803) app_init: App version:      94f2d6e-dirty[0m
[0;32mI (808) app_init: Compile time:     Nov  3 2025 14:27:49[0m
[0;32mI (813) app_init: ELF file SHA256:  ae00b3d79...[0m
[0;32mI (817) app_init: ESP-IDF:          v5.5-dirty[0m
[0;32mI (821) efuse_init: Min chip rev:     v0.0[0m
[0;32mI (825) efuse_init: Max chip rev:     v0.99 [0m
[0;32mI (829) efuse_init: Chip rev:         v0.2[0m
[0;32mI (833) heap_init: Initializing. RAM available for dynamic allocation:[0m
[0;32mI (839) heap_init: At 3FCB3318 len 000363F8 (216 KiB): RAM[0m
[0;32mI (844) heap_init: At 3FCE9710 len 00005724 (21 KiB): RAM[0m
[0;32mI (850) heap_init: At 3FCF0000 len 00008000 (32 KiB): DRAM[0m
[0;32mI (855) heap_init: At 600FE020 len 00001FC8 (7 KiB): RTCRAM[0m
[0;32mI (860) esp_psram: Adding pool of 6016K of PSRAM memory to heap allocator[0m
[0;32mI (867) esp_psram: Adding pool of 18K of PSRAM memory gap generated due to end address alignment of drom to the heap allocator[0m
[0;32mI (878) spi_flash: detected chip: generic[0m
[0;32mI (881) spi_flash: flash io: qio[0m
[0;32mI (884) sleep_gpio: Configure to isolate all GPIO pins in sleep state[0m
[0;32mI (891) sleep_gpio: Enable automatic switching of GPIO sleep configuration[0m
[0;32mI (897) coexist: coex firmware version: 831ec70[0m
[0;32mI (910) coexist: coexist rom version e7ae62f[0m
[0;32mI (910) main_task: Started on CPU0[0m
[0;32mI (911) esp_psram: Reserving pool of 32K of internal memory for DMA/internal allocations[0m
[0;32mI (916) main_task: Calling app_main()[0m
[0;33mW (927) i2c.master: Please check pull-up resistances whether be connected properly. Otherwise unexpected behavior would happen. For more detailed information, please read docs[0m
[0;32mI (1335) GT911: Initialize I2C panel IO[0m
[0;32mI (1335) GT911: Initialize touch controller GT911[0m
[0;33mW (1335) GT911: Unable to initialize the I2C address[0m
[0;32mI (1337) GT911: TouchPad_ID:0x39,0x31,0x31[0m
[0;32mI (1340) GT911: TouchPad_Config_Version:91[0m
[0;32mI (1344) example: Install RGB LCD panel driver[0m
[0;32mI (1384) example: Initialize RGB LCD panel[0m
[0;32mI (1385) lv_port: Create LVGL task[0m
[0;32mI (1489) MAIN: create main UI successfully[0m
[0;32mI (1551) pp: pp rom version: e7ae62f[0m
[0;32mI (1552) net80211: net80211 rom version: e7ae62f[0m
[0;32mI (1552) main_task: Returned from app_main()[0m
[0;32mI (1553) wifi:wifi driver task: 3fccde74, prio:23, stack:6656, core=0[0m
[0;32mI (1565) wifi:wifi firmware version: f3dbad7[0m
[0;32mI (1566) wifi:wifi certification version: v7.0[0m
[0;32mI (1568) wifi:config NVS flash: enabled[0m
[0;32mI (1572) wifi:config nano formatting: disabled[0m
[0;32mI (1576) wifi:Init data frame dynamic rx buffer num: 32[0m
[0;32mI (1581) wifi:Init static rx mgmt buffer num: 5[0m
[0;32mI (1585) wifi:Init management short buffer num: 32[0m
[0;32mI (1590) wifi:Init static tx buffer num: 16[0m
[0;32mI (1594) wifi:Init tx cache buffer num: 32[0m
[0;32mI (1597) wifi:Init static tx FG buffer num: 2[0m
[0;32mI (1601) wifi:Init static rx buffer size: 1600[0m
[0;32mI (1606) wifi:Init static rx buffer num: 16[0m
[0;32mI (1609) wifi:Init dynamic rx buffer num: 32[0m
[0;32mI (1615) wifi_init: rx ba win: 16[0m
[0;32mI (1616) wifi_init: accept mbox: 6[0m
[0;32mI (1619) wifi_init: tcpip mbox: 32[0m
[0;32mI (1623) wifi_init: udp mbox: 6[0m
[0;32mI (1625) wifi_init: tcp mbox: 6[0m
[0;32mI (1628) wifi_init: tcp tx win: 5760[0m
[0;32mI (1632) wifi_init: tcp rx win: 5760[0m
[0;32mI (1635) wifi_init: tcp mss: 1440[0m
[0;32mI (1638) wifi_init: WiFi/LWIP prefer SPIRAM[0m
[0;32mI (1642) wifi_init: WiFi IRAM OP enabled[0m
[0;32mI (1646) wifi_init: WiFi RX IRAM OP enabled[0m
Wi-Fi event handler registered.
[0;32mI (1652) reconnect: Found saved WiFi: NamTrung[0m
[0;32mI (1657) phy_init: phy_version 701,f4f1da3a,Mar  3 2025,15:50:10[0m
[0;32mI (1695) wifi:mode : sta (10:20:ba:05:9b:9c)[0m
[0;32mI (1695) wifi:enable tsf[0m
[0;32mI (1697) reconnect: WiFi init complete, waiting for connection...[0m
[0;32mI (1697) MQTT: Other event id:7[0m
[1;31mE (1700) esp-tls: [sock=54] connect() error: Host is unreachable[0m
[0;32mI (1703) wifi:new:<6,0>, old:<1,0>, ap:<255,255>, sta:<6,0>, prof:1, snd_ch_cfg:0x0[0m
[1;31mE (1705) transport_base: Failed to open a new connection: 32772[0m
[0;32mI (1712) wifi:E (1718) mqtt_client: Error transport connect[0m
state: init -> auth (0xb0)
[0;32mI (1723) MQTT: MQTT_EVENT_ERROR[0m
[0;32mI (1728) MQTT: Last error code reported from esp-tls: 0x8004[0m
[0;32mI (1731) wifi:I (1734) MQTT: Last tls stack error number: 0x0[0m
state: auth -> assoc (0x0)I (1739) MQTT: Last captured errno : 0 (Success)

[0;32mI (1746) MQTT: MQTT_EVENT_DISCONNECTED[0m
[0;32mI (1767) wifi:state: assoc -> run (0x10)[0m
[0;32mI (1798) wifi:connected with NamTrung, aid = 27, channel 6, BW20, bssid = 10:5f:02:75:32:0e[0m
[0;32mI (1799) wifi:security: WPA2-PSK, phy: bgn, rssi: -72[0m
[0;32mI (1801) wifi:pm start, type: 1[0m

[0;32mI (1803) wifi:dp: 1, bi: 102400, li: 3, scale listen interval from 307200 us to 307200 us[0m
[0;32mI (1811) wifi:set rx beacon pti, rx_bcn_pti: 14, bcn_timeout: 25000, mt_pti: 14, mt_time: 10000[0m
[0;32mI (1820) WiFi Sta: Connected to SSID:NamTrung, channel:6[0m
[0;32mI (1854) wifi:AP's beacon interval = 102400 us, DTIM period = 1[0m
[0;32mI (7792) wifi:bcn_timeout,ap_probe_send_start[0m
[0;32mI (11750) MQTT: Other event id:7[0m
[1;31mE (11750) esp-tls: [sock=54] connect() error: Host is unreachable[0m
[1;31mE (11751) transport_base: Failed to open a new connection: 32772[0m
[1;31mE (11753) mqtt_client: Error transport connect[0m
[0;32mI (11757) MQTT: MQTT_EVENT_ERROR[0m
[0;32mI (11760) MQTT: Last error code reported from esp-tls: 0x8004[0m
[0;32mI (11766) MQTT: Last tls stack error number: 0x0[0m
[0;32mI (11770) MQTT: Last captured errno : 0 (Success)[0m
[0;32mI (11775) MQTT: MQTT_EVENT_DISCONNECTED[0m
[0;32mI (13936) wifi:bcn_timeout,ap_probe_send_start[0m
[0;32mI (20695) wifi:bcn_timeout,ap_probe_send_start[0m
[0;32mI (21778) MQTT: Other event id:7[0m
[1;31mE (21778) esp-tls: [sock=54] connect() error: Host is unreachable[0m
[1;31mE (21779) transport_base: Failed to open a new connection: 32772[0m
[1;31mE (21781) mqtt_client: Error transport connect[0m
[0;32mI (21785) MQTT: MQTT_EVENT_ERROR[0m
[0;32mI (21788) MQTT: Last error code reported from esp-tls: 0x8004[0m
[0;32mI (21794) MQTT: Last tls stack error number: 0x0[0m
[0;32mI (21798) MQTT: Last captured errno : 0 (Success)[0m
[0;32mI (21803) MQTT: MQTT_EVENT_DISCONNECTED[0m
[0;32mI (26736) wifi:bcn_timeout,ap_probe_send_start[0m
[0;32mI (31806) MQTT: Other event id:7[0m
[1;31mE (31806) esp-tls: [sock=54] connect() error: Host is unreachable[0m
[1;31mE (31807) transport_base: Failed to open a new connection: 32772[0m
[1;31mE (31809) mqtt_client: Error transport connect[0m
[0;32mI (31813) MQTT: MQTT_EVENT_ERROR[0m
[0;32mI (31816) MQTT: Last error code reported from esp-tls: 0x8004[0m
[0;32mI (31822) MQTT: Last tls stack error number: 0x0[0m
[0;32mI (31826) MQTT: Last captured errno : 0 (Success)[0m
[0;32mI (31831) MQTT: MQTT_EVENT_DISCONNECTED[0m
[0;32mI (32778) wifi:bcn_timeout,ap_probe_send_start[0m
[0;32mI (38922) wifi:bcn_timeout,ap_probe_send_start[0m
[0;32mI (41834) MQTT: Other event id:7[0m
[1;31mE (41834) esp-tls: [sock=54] connect() error: Host is unreachable[0m
[1;31mE (41835) transport_base: Failed to open a new connection: 32772[0m
[1;31mE (41837) mqtt_client: Error transport connect[0m
[0;32mI (41841) MQTT: MQTT_EVENT_ERROR[0m
[0;32mI (41844) MQTT: Last error code reported from esp-tls: 0x8004[0m
[0;32mI (41850) MQTT: Last tls stack error number: 0x0[0m
[0;32mI (41854) MQTT: Last captured errno : 0 (Success)[0m
[0;32mI (41859) MQTT: MQTT_EVENT_DISCONNECTED[0m
[0;32mI (44963) wifi:bcn_timeout,ap_probe_send_start[0m
[0;32mI (51210) wifi:bcn_timeout,ap_probe_send_start[0m
[0;32mI (51862) MQTT: Other event id:7[0m
[1;31mE (51862) esp-tls: [sock=54] connect() error: Host is unreachable[0m
[1;31mE (51863) transport_base: Failed to open a new connection: 32772[0m
[1;31mE (51865) mqtt_client: Error transport connect[0m
[0;32mI (51869) MQTT: MQTT_EVENT_ERROR[0m
[0;32mI (51872) MQTT: Last error code reported from esp-tls: 0x8004[0m
[0;32mI (51878) MQTT: Last tls stack error number: 0x0[0m
[0;32mI (51882) MQTT: Last captured errno : 0 (Success)[0m
[0;32mI (51887) MQTT: MQTT_EVENT_DISCONNECTED[0m
[0;32mI (57354) wifi:bcn_timeout,ap_probe_send_start[0m
[0;32mI (61890) MQTT: Other event id:7[0m
[1;31mE (61891) esp-tls: [sock=54] connect() error: Host is unreachable[0m
[1;31mE (61891) transport_base: Failed to open a new connection: 32772[0m
[1;31mE (61893) mqtt_client: Error transport connect[0m
[0;32mI (61898) MQTT: MQTT_EVENT_ERROR[0m
[0;32mI (61900) MQTT: Last error code reported from esp-tls: 0x8004[0m
[0;32mI (61906) MQTT: Last tls stack error number: 0x0[0m
[0;32mI (61910) MQTT: Last captured errno : 0 (Success)[0m
[0;32mI (61915) MQTT: MQTT_EVENT_DISCONNECTED[0m
[0;32mI (63396) wifi:bcn_timeout,ap_probe_send_start[0m
