Command: D:\ESP32_IDF\Espressif\python_env\idf5.5_py3.11_env\Scripts\python.exe D:\ESP32_IDF\Espressif\frameworks\esp-idf-v5.5\tools/idf_monitor.py -p COM7 -b 115200 --toolchain-prefix xtensa-esp32s3-elf- --target esp32s3 --revision 0 D:\ESP32\ESP32S3_LCD 7B_DEMO_3\ESP32-S3-Touch-LCD-7B-Demo\ESP32-S3-Touch-LCD-7B-Demo\ESP-IDF\16_LVGL_UI 2\build\16_LVGL_UI.elf D:\ESP32\ESP32S3_LCD 7B_DEMO_3\ESP32-S3-Touch-LCD-7B-Demo\ESP32-S3-Touch-LCD-7B-Demo\ESP-IDF\16_LVGL_UI 2\build\bootloader\bootloader.elf --force-color -m 'D:\ESP32_IDF\Espressif\python_env\idf5.5_py3.11_env\Scripts\python.exe' 'D:\ESP32_IDF\Espressif\frameworks\esp-idf-v5.5\tools\idf.py' '-p' 'COM7'
ESP-ROM:esp32s3-20210327
Build:Mar 27 2021
rst:0x1 (POWERON),boot:0x28 (SPI_FAST_FLASH_BOOT)
SPIWP:0xee
mode:DIO, clock div:1
load:0x3fce2820,len:0x1710
load:0x403c8700,len:0xec0
load:0x403cb700,len:0x31d4
entry 0x403c894c
[0;32mI (25) boot: ESP-IDF v5.5-dirty 2nd stage bootloader[0m
[0;32mI (25) boot: compile time Oct 10 2025 10:23:37[0m
[0;32mI (25) boot: Multicore bootloader[0m
[0;32mI (26) boot: chip revision: v0.2[0m
[0;32mI (28) boot: efuse block revision: v1.3[0m
[0;32mI (32) qio_mode: Enabling default flash chip QIO[0m
[0;32mI (36) boot.esp32s3: Boot SPI Speed : 80MHz[0m
[0;32mI (40) boot.esp32s3: SPI Mode       : QIO[0m
[0;32mI (44) boot.esp32s3: SPI Flash Size : 16MB[0m
[0;32mI (48) boot: Enabling RNG early entropy source...[0m
[0;32mI (52) boot: Partition Table:[0m
[0;32mI (55) boot: ## Label            Usage          Type ST Offset   Length[0m
[0;32mI (61) boot:  0 nvs              WiFi data        01 02 00009000 00006000[0m
[0;32mI (68) boot:  1 phy_init         RF data          01 01 0000f000 00001000[0m
[0;32mI (74) boot:  2 factory          factory app      00 00 00010000 00800000[0m
[0;32mI (81) boot: End of partition table[0m
[0;32mI (84) esp_image: segment 0: paddr=00010020 vaddr=3c0e0020 size=1b01c4h (1769924) map[0m
[0;32mI (354) esp_image: segment 1: paddr=001c01ec vaddr=3fc9c900 size=057a0h ( 22432) load[0m
[0;32mI (358) esp_image: segment 2: paddr=001c5994 vaddr=40374000 size=0a684h ( 42628) load[0m
[0;32mI (367) esp_image: segment 3: paddr=001d0020 vaddr=42000020 size=d8c98h (887960) map[0m
[0;32mI (499) esp_image: segment 4: paddr=002a8cc0 vaddr=4037e684 size=0e1fch ( 57852) load[0m
[0;32mI (510) esp_image: segment 5: paddr=002b6ec4 vaddr=600fe000 size=00020h (    32) load[0m
[0;32mI (520) boot: Loaded app from partition at offset 0x10000[0m
[0;32mI (520) boot: Disabling RNG early entropy source...[0m
[0;33mW (530) flash HPM: HPM mode is optional feature that depends on flash model. Read Docs First![0m
[0;33mW (531) flash HPM: HPM mode with DC adjustment is disabled. Some flash models may not be supported. Read Docs First![0m
[0;33mW (538) flash HPM: High performance mode of this flash model hasn't been supported.[0m
[0;32mI (545) MSPI Timing: Flash timing tuning index: 2[0m
[0;32mI (549) octal_psram: vendor id    : 0x0d (AP)[0m
[0;32mI (553) octal_psram: dev id       : 0x02 (generation 3)[0m
[0;32mI (558) octal_psram: density      : 0x03 (64 Mbit)[0m
[0;32mI (563) octal_psram: good-die     : 0x01 (Pass)[0m
[0;32mI (567) octal_psram: Latency      : 0x01 (Fixed)[0m
[0;32mI (571) octal_psram: VCC          : 0x01 (3V)[0m
[0;32mI (576) octal_psram: SRF          : 0x01 (Fast Refresh)[0m
[0;32mI (581) octal_psram: BurstType    : 0x01 (Hybrid Wrap)[0m
[0;32mI (585) octal_psram: BurstLen     : 0x01 (32 Byte)[0m
[0;32mI (590) octal_psram: Readlatency  : 0x02 (10 cycles@Fixed)[0m
[0;32mI (595) octal_psram: DriveStrength: 0x00 (1/1)[0m
[0;32mI (607) MSPI Timing: PSRAM timing tuning index: 2[0m
[0;32mI (607) esp_psram: Found 8MB PSRAM device[0m
[0;32mI (608) esp_psram: Speed: 120MHz[0m
[0;32mI (684) mmu_psram: Read only data copied and mapped to SPIRAM[0m
[0;32mI (730) mmu_psram: Instructions copied and mapped to SPIRAM[0m
[0;32mI (730) cpu_start: Multicore app[0m
[0;32mI (868) esp_psram: SPI SRAM memory test OK[0m
[0;32mI (876) cpu_start: Pro cpu start user code[0m
[0;32mI (876) cpu_start: cpu freq: 240000000 Hz[0m
[0;32mI (877) app_init: Application information:[0m
[0;32mI (877) app_init: Project name:     16_LVGL_UI[0m
[0;32mI (881) app_init: App version:      94f2d6e-dirty[0m
[0;32mI (885) app_init: Compile time:     Nov 11 2025 11:08:19[0m
[0;32mI (890) app_init: ELF file SHA256:  94d65f880...[0m
[0;32mI (895) app_init: ESP-IDF:          v5.5-dirty[0m
[0;32mI (899) efuse_init: Min chip rev:     v0.0[0m
[0;32mI (902) efuse_init: Max chip rev:     v0.99 [0m
[0;32mI (906) efuse_init: Chip rev:         v0.2[0m
[0;32mI (910) heap_init: Initializing. RAM available for dynamic allocation:[0m
[0;32mI (917) heap_init: At 3FCB3A08 len 00035D08 (215 KiB): RAM[0m
[0;32mI (922) heap_init: At 3FCE9710 len 00005724 (21 KiB): RAM[0m
[0;32mI (927) heap_init: At 3FCF0000 len 00008000 (32 KiB): DRAM[0m
[0;32mI (932) heap_init: At 600FE020 len 00001FC8 (7 KiB): RTCRAM[0m
[0;32mI (937) esp_psram: Adding pool of 5504K of PSRAM memory to heap allocator[0m
[0;32mI (944) esp_psram: Adding pool of 63K of PSRAM memory gap generated due to end address alignment of drom to the heap allocator[0m
[0;32mI (955) spi_flash: detected chip: generic[0m
[0;32mI (959) sp sleep_gpio: Configure to isolate all GPIO pins in sleep state[0m
[0;32mI (968) sleep_gpio: Enable automatic switching of GPIO sleep configuration[0m
[0;32mI (975) coexist: coex firmware version: 831ec70[0m
[0;32mI (987) coexist: coexist rom version e7ae62f[0m
[0;32mI (988) main_task: Started on CPU0[0m
[0;32mI (989) esp_psram: Reserving pool of 32K of internal memory for DMA/internal allocations[0m
[0;32mI (994) main_task: Calling app_main()[0m
[0;33mW (1006) i2c.master: Please check pull-up resistances whether be connected properly. Otherwise unexpected behavior would happen. For more detailed information, please read docs[0m
[0;32mI (1413) GT911: Initialize I2C panel IO[0m
[0;32mI (1413) GT911: Initialize touch controller GT911[0m
[0;33mW (1413) GT911: Unable to initialize the I2C address[0m
[0;32mI (1415) GT911: TouchPad_ID:0x39,0x31,0x31[0m
[0;32mI (1418) GT911: TouchPad_Config_Version:91[0m
[0;32mI (1422) example: Install RGB LCD panel driver[0m
[0;32mI (1462) example: Initialize RGB LCD panel[0m
[0;32mI (1463) lv_port: Create LVGL task[0m
[0;32mI (1527) LVGL: Displayed 0 devices[0m
[0;32mI (1572) MAIN: create main UI successfully[0m
[0;32mI (1574) pp: pp rom version: e7ae62f[0m
[0;32mI (1574) net80211: net80211 rom version: e7ae62f[0m
[0;32mI (1578) main_task: Returned from app_main()[0m
[0;32mI (1579) wifi:wifi driver task: 3fcce930, prio:23, stack:6656, core=0[0m
[0;32mI (1606) wifi:wifi firmware version: f3dbad7[0m
[0;32mI (1606) wifi:wifi certification version: v7.0[0m
[0;32mI (1606) wifi:config NVS flash: enabled[0m
[0;32mI (1607) wifi:config nano formatting: disabled[0m
[0;32mI (1611) wifi:Init data frame dynamic rx buffer num: 32[0m
[0;32mI (1616) wifi:Init static rx mgmt buffer num: 5[0m
[0;32mI (1620) wifi:Init management short buffer num: 32[0m
[0;32mI (1625) wifi:Init static tx buffer num: 16[0m
[0;32mI (1629) wifi:Init tx cache buffer num: 32[0m
[0;32mI (1632) wifi:Init static tx FG buffer num: 2[0m
[0;32mI (1637) wifi:Init static rx buffer size: 1600[0m
[0;32mI (1641) wifi:Init static rx buffer num: 16[0m
[0;32mI (1644) wifi:Init dynamic rx buffer num: 32[0m
[0;32mI (1649) wifi_init: rx ba win: 16[0m
[0;32mI (1651) wifi_init: accept mbox: 6[0m
[0;32mI (1655) wifi_init: tcpip mbox: 32[0m
[0;32mI (1658) wifi_init: udp mbox: 6[0m
[0;32mI (1661) wifi_init: tcp mbox: 6[0m
[0;32mI (1664) wifi_init: tcp tx win: 5760[0m
[0;32mI (1667) wifi_init: tcp rx win: 5760[0m
[0;32mI (1670) wifi_init: tcp mss: 1440[0m
[0;32mI (1674) wifi_init: WiFi/LWIP prefer SPIRAM[0m
[0;32mI (1677) wifi_init: WiFi IRAM OP enabled[0m
[0;32mI (1681) wifi_init: WiFi RX IRAM OP enabled[0m
[0;32mI (1685) reconnect: Found saved WiFi: Namtrung 2.4G[0m
[0;32mI (1691) WiFi: Wi-Fi and IP event handlers registered[0m
Wi-Fi event handler registered.
[0;32mI (1699) phy_init: phy_version 701,f4f1da3a,Mar  3 2025,15:50:10[0m
[0;32mI (1739) phy_init: Saving new calibration data due to checksum failure or outdated calibration data, mode(0)[0m
[0;32mI (1748) wifi:mode : sta (10:20:ba:05:9b:9c)[0m
[0;32mI (1748) wifi:enable tsf[0m
[0;32mI (1750) reconnect: WiFi init complete, waiting for connection...[0m
[0;32mI (1750) WiFi Sta: GET: SSID:Namtrung 2.4G, password:nt@14092011[0m
[0;32mI (1755) wifi:new:<6,0>, old:<1,0>, ap:<255,255>, sta:<6,0>, prof:1, snd_ch_cfg:0x0[0m
[0;32mI (1763) wifi:state: init -> auth (0xb0)[0m
[0;32mI (1791) wifi:state: auth -> assoc (0x0)[0m
[0;32mI (1810) wifi:state: assoc -> run (0x10)[0m
[0;32mI (1826) wifi:connected with Namtrung 2.4G, aid = 23, channel 6, BW20, bssid = 12:5f:02:15:1e:9a[0m
[0;32mI (1827) wifi:security: WPA2-PSK, phy: bgn, rssi: -55[0m
[0;32mI (1830) wifi:pm start, type: 1[0m

[0;32mI (1832) wifi:dp: 1, bi: 102400, li: 3, scale listen interval from 307200 us to 307200 us[0m
[0;32mI (1840) wifi:set rx beacon pti, rx_bcn_pti: 14, bcn_timeout: 25000, mt_pti: 14, mt_time: 10000[0m
[0;32mI (1849) WiFi Sta: Connected to SSID:Namtrung 2.4G, channel:6[0m
[0;32mI (1887) wifi:AP's beacon interval = 102400 us, DTIM period = 1[0m
[0;32mI (2267) WiFi Sta: Failed to connect to the AP[0m
[0;32mI (2267) WiFi Sta: Retrying to connect to the AP[0m
[0;32mI (2871) esp_netif_handlers: sta ip: 10.10.1.45, mask: 255.255.252.0, gw: 10.10.1.1[0m
[0;32mI (2871) WiFi Sta: WIFI GOT_IP.[0m
[0;32mI (2881) MQTT_MANAGER: No existing client, creating new one...[0m
[0;32mI (2882) MQTT: Other event id:7[0m
[0;32mI (2902) wifi:<ba-add>idx:0 (ifx:0, 12:5f:02:15:1e:9a), tid:7, ssn:8, winSize:64[0m
[0;32mI (3041) wifi:<ba-add>idx:1 (ifx:0, 12:5f:02:15:1e:9a), tid:0, ssn:1, winSize:64[0m
[0;32mI (3084) MQTT: MQTT_EVENT_CONNECTED[0m
[0;32mI (3095) MQTT: MQTT_EVENT_SUBSCRIBED, msg_id=33685, return code=0x00 [0m
[0;32mI (3103) MQTT: MQTT_EVENT_SUBSCRIBED, msg_id=20486, return code=0x00 [0m
[0;32mI (3139) MQTT: MQTT_EVENT_SUBSCRIBED, msg_id=10777, return code=0x00 [0m
[0;32mI (3141) MQTT: MQTT_EVENT_SUBSCRIBED, msg_id=30245, return code=0x01 [0m
[0;32mI (3143) MQTT: MQTT_EVENT_DATA[0m
[0;32mI (3143) MQTT: TOPIC=device/list[0m
[0;32mI (3146) MQTT: DATA=[{"id":"94:E6:86:09:A4:78","name":"Quay 2"},{"id":"A8:42:E3:4C:7C:BC","name":"Quay 1"}][0m
[0;32mI (3155) MQTT_BACKUP: MQTT JSON received: [{"id":"94:E6:86:09:A4:78","name":"Quay 2"},{"id":"A8:42:E3:4C:7C:BC","name":"Quay 1"}][0m
[0;32mI (3167) MQTT_BACKUP: Stored 2 devices[0m
[0;32mI (3777) WiFi: Connected with IP: 10.10.1.45[0m
[0;32mI (3777) WiFi Sta: Connected to AP SSID:Namtrung 2.4G, password:nt@14092011, bssid:12:5F:02:15:1E:9A[0m
[0;32mI (3783) MQTT_MANAGER: Starting MQTT safely...[0m
[1;31mE (3783) mqtt_client: Client has started[0m
[0;32mI (3787) MQTT_MANAGER: MQTT started.[0m
[0;32mI (3877) NVS: last index: -1[0m
[0;32mI (3877) NVS: wifi index: 0[0m
[0;33mW (3877) WIFI_UI: WIFI_List_Button is invalid[0m
ESP-ROM:esp32s3-20210327
Build:Mar 27 2021
rst:0x1 (POWERON),boot:0x28 (SPI_FAST_FLASH_BOOT)
SPIWP:0xee
mode:DIO, clock div:1
load:0x3fce2820,len:0x1710
load:0x403c8700,len:0xec0
load:0x403cb700,len:0x31d4
entry 0x403c894c
[0;32mI (25) boot: ESP-IDF v5.5-dirty 2nd stage bootloader[0m
[0;32mI (25) boot: compile time Oct 10 2025 10:23:37[0m
[0;32mI (25) boot: Multicore bootloader[0m
[0;32mI (26) boot: chip revision: v0.2[0m
[0;32mI (28) boot: efuse block revision: v1.3[0m
[0;32mI (32) qio_mode: Enabling default flash chip QIO[0m
[0;32mI (36) boot.esp32s3: Boot SPI Speed : 80MHz[0m
[0;32mI (40) boot.esp32s3: SPI Mode       : QIO[0m
[0;32mI (44) boot.esp32s3: SPI Flash Size : 16MB[0m
[0;32mI (48) boot: Enabling RNG early entropy source...[0m
[0;32mI (52) boot: Partition Table:[0m
[0;32mI (55) boot: ## Label            Usage          Type ST Offset   Length[0m
[0;32mI (61) boot:  0 nvs              WiFi data        01 02 00009000 00006000[0m
[0;32mI (68) boot:  1 phy_init         RF data          01 01 0000f000 00001000[0m
[0;32mI (74) boot:  2 factory          factory app      00 00 00010000 00800000[0m
[0;32mI (81) boot: End of partition table[0m
[0;32mI (84) esp_image: segment 0: paddr=00010020 vaddr=3c0e0020 size=1b01c4h (1769924) map[0m
[0;32mI (354) esp_image: segment 1: paddr=001c01ec vaddr=3fc9c900 size=057a0h ( 22432) load[0m
[0;32mI (358) esp_image: segment 2: paddr=001c5994 vaddr=40374000 size=0a684h ( 42628) load[0m
[0;32mI (367) esp_image: segment 3: paddr=001d0020 vaddr=42000020 size=d8c98h (887960) map[0m
[0;32mI (499) esp_image: segment 4: paddr=002a8cc0 vaddr=4037e684 size=0e1fch ( 57852) load[0m
[0;32mI (510) esp_image: segment 5: paddr=002b6ec4 vaddr=600fe000 size=00020h (    32) load[0m
[0;32mI (520) boot: Loaded app from partition at offset 0x10000[0m
[0;32mI (520) boot: Disabling RNG early entropy source...[0m
[0;33mW (530) flash HPM: HPM mode is optional feature that depends on flash model. Read Docs First![0m
[0;33mW (531) flash HPM: HPM mode with DC adjustment is disabled. Some flash models may not be supported. Read Docs First![0m
[0;33mW (538) flash HPM: High performance mode of this flash model hasn't been supported.[0m
[0;32mI (545) MSPI Timing: Flash timing tuning index: 2[0m
[0;32mI (549) octal_psram: vendor id    : 0x0d (AP)[0m
[0;32mI (553) octal_psram: dev id       : 0x02 (generation 3)[0m
[0;32mI (558) octal_psram: density      : 0x03 (64 Mbit)[0m
[0;32mI (563) octal_psram: good-die     : 0x01 (Pass)[0m
[0;32mI (567) octal_psram: Latency      : 0x01 (Fixed)[0m
[0;32mI (571) octal_psram: VCC          : 0x01 (3V)[0m
[0;32mI (576) octal_psram: SRF          : 0x01 (Fast Refresh)[0m
[0;32mI (581) octal_psram: BurstType    : 0x01 (Hybrid Wrap)[0m
[0;32mI (585) octal_psram: BurstLen     : 0x01 (32 Byte)[0m
[0;32mI (590) octal_psram: Readlatency  : 0x02 (10 cycles@Fixed)[0m
[0;32mI (595) octal_psram: DriveStrength: 0x00 (1/1)[0m
[0;32mI (607) MSPI Timing: PSRAM timing tuning index: 2[0m
[0;32mI (607) esp_psram: Found 8MB PSRAM device[0m
[0;32mI (608) esp_psram: Speed: 120MHz[0m
[0;32mI (684) mmu_psram: Read only data copied and mapped to SPIRAM[0m
[0;32mI (730) mmu_psram: Instructions copied and mapped to SPIRAM[0m
[0;32mI (730) cpu_start: Multicore app[0m
[0;32mI (868) esp_psram: SPI SRAM memory test OK[0m
[0;32mI (876) cpu_start: Pro cpu start user code[0m
[0;32mI (876) cpu_start: cpu freq: 240000000 Hz[0m
[0;32mI (877) app_init: Application information:[0m
[0;32mI (877) app_init: Project name:     16_LVGL_UI[0m
[0;32mI (881) app_init: App version:      94f2d6e-dirty[0m
[0;32mI (885) app_init: Compile time:     Nov 11 2025 11:08:19[0m
[0;32mI (890) app_init: ELF file SHA256:  94d65f880...[0m
[0;32mI (895) app_init: ESP-IDF:          v5.5-dirty[0m
[0;32mI (899) efuse_init: Min chip rev:     v0.0[0m
[0;32mI (903) efuse_init: Max chip rev:     v0.99 [0m
[0;32mI (907) efuse_init: Chip rev:         v0.2[0m
[0;32mI (910) heap_init: Initializing. RAM available for dynamic allocation:[0m
[0;32mI (917) heap_init: At 3FCB3A08 len 00035D08 (215 KiB): RAM[0m
[0;32mI (922) heap_init: At 3FCE9710 len 00005724 (21 KiB): RAM[0m
[0;32mI (927) heap_init: At 3FCF0000 len 00008000 (32 KiB): DRAM[0m
[0;32mI (932) heap_init: At 600FE020 len 00001FC8 (7 KiB): RTCRAM[0m
[0;32mI (937) esp_psram: Adding pool of 5504K of PSRAM memory to heap allocator[0m
[0;32mI (944) esp_psram: Adding pool of 63K of PSRAM memory gap generated due to end address alignment of drom to the heap allocator[0m
[0;32mI (955) spi_flash: detected chip: generic[0m
[0;32mI (959) spi_flash: flash io: qio[0m
[0;32mI (962) sleep_gpio: Configure to isolate all GPIO pins in sleep state[0m
[0;32mI (968) sleep_gpio: Enable automatic switching of GPIO sleep configuration[0m
[0;32mI (975) coexist: coex firmware version: 831ec70[0m
[0;32mI (988) coexist: coexist rom version e7ae62f[0m
[0;32mI (988) main_task: Started on CPU0[0m
[0;32mI (989) esp_psram: Reserving pool of 32K of internal memory for DMA/internal allocations[0m
[0;32mI (994) main_task: Calling app_main()[0m
[0;33mW (1006) i2c.master: Please check pull-up resistances whether be connected properly. Otherwise unexpected behavior would happen. For more detailed information, please read docs[0m
[0;32mI (1413) GT911: Initialize I2C panel IO[0m
[0;32mI (1413) GT911: Initialize touch controller GT911[0m
[0;33mW (1413) GT911: Unable to initialize the I2C address[0m
[0;32mI (1415) GT911: TouchPad_ID:0x39,0x31,0x31[0m
[0;32mI (1418) GT911: TouchPad_Config_Version:91[0m
[0;32mI (1422) example: Install RGB LCD panel driver[0m
[0;32mI (1462) example: Initialize RGB LCD panel[0m
[0;32mI (1463) lv_port: Create LVGL task[0m
[0;32mI (1527) LVGL: Displayed 0 devices[0m
[0;32mI (1572) MAIN: create main UI successfully[0m
[0;32mI (1574) pp: pp rom version: e7ae62f[0m
[0;32mI (1574) net80211: net80211 rom version: e7ae62f[0m
[0;32mI (1576) wifi:wifi driver task: 3fcce930, prio:23, stack:6656, core=0[0m
[0;32mI (1604) wifi:wifi firmware version: f3dbad7[0m
[0;32mI (1605) wifi:wifi certification version: v7.0[0m
[0;32mI (1605) wifi:config NVS flash: enabled[0m
[0;32mI (1605) wifi:config nano formatting: disabled[0m
[0;32mI (1609) wifi:Init data frame dynamic rx buffer num: 32[0m
[0;32mI (1615) wifi:Init static rx mgmt buffer num: 5[0m
[0;32mI (1620) wifi:Init management short buffer num: 32[0m
[0;32mI (1623) wifi:Init static tx buffer num: 16[0m
[0;32mI (1627) wifi:Init tx cache buffer num: 32[0m
[0;32mI (1631) wifi:Init static tx FG buffer num: 2[0m
[0;32mI (1635) wifi:Init static rx buffer size: 1600[0m
[0;32mI (1639) wifi:Init static rx buffer num: 16[0m
[0;32mI (1643) wifi:Init dynamic rx buffer num: 32[0m
[0;32mI (1647) wifi_init: rx ba win: 16[0m
[0;32mI (1650) wifi_init: accept mbox: 6[0m
[0;32mI (1653) wifi_init: tcpip mbox: 32[0m
[0;32mI (1656) wifi_init: udp mbox: 6[0m
[0;32mI (1659) wifi_init: tcp mbox: 6[0m
[0;32mI (1662) wifi_init: tcp tx win: 5760[0m
[0;32mI (1665) wifi_init: tcp rx win: 5760[0m
[0;32mI (1669) wifi_init: tcp mss: 1440[0m
[0;32mI (1671) wifi_init: WiFi/LWIP prefer SPIRAM[0m
[0;32mI (1675) wifi_init: WiFi IRAM OP enabled[0m
[0;32mI (1679) wifi_init: WiFi RX IRAM OP enabled[0m
[0;32mI (1683) reconnect: Found saved WiFi: Namtrung 2.4G[0m
[0;32mI (1689) WiFi: Wi-Fi and IP event handlers registered[0m
Wi-Fi event handler registered.
[0;32mI (1699) phy_init: phy_version 701,f4f1da3a,Mar  3 2025,15:50:10[0m
[0;32mI (1736) wifi:mode : sta (10:20:ba:05:9b:9c)[0m
[0;32mI (1737) wifi:enable tsf[0m
[0;32mI (1739) reconnect: WiFi init complete, waiting for connection...[0m
[0;32mI (1739) WiFi Sta: GET: SSID:Namtrung 2.4G, password:nt@14092011[0m
[0;32mI (1743) main_task: Returned from app_main()[0m
[0;32mI (1748) wifi:new:<6,0>, old:<1,0>, ap:<255,255>, sta:<6,0>, prof:1, snd_ch_cfg:0x0[0m
[0;32mI (1755) wifi:state: init -> auth (0xb0)[0m
[0;32mI (1780) wifi:state: auth -> assoc (0x0)[0m
[0;32mI (1787) wifi:state: assoc -> run (0x10)[0m
[0;32mI (1805) wifi:connected with Namtrung 2.4G, aid = 23, channel 6, BW20, bssid = 12:5f:02:15:1e:9a[0m
[0;32mI (1805) wifi:security: WPA2-PSK, phy: bgn, rssi: -47[0m
[0;32mI (1808) wifi:pm start, type: 1[0m

[0;32mI (1810) wifi:dp: 1, bi: 102400, li: 3, scale listen interval from 307200 us to 307200 us[0m
[0;32mI (1818) wifi:set rx beacon pti, rx_bcn_pti: 14, bcn_timeout: 25000, mt_pti: 14, mt_time: 10000[0m
[0;32mI (1828) WiFi Sta: Connected to SSID:Namtrung 2.4G, channel:6[0m
[0;32mI (1860) wifi:AP's beacon interval = 102400 us, DTIM period = 1[0m
[0;32mI (2243) WiFi Sta: Failed to connect to the AP[0m
[0;32mI (2243) WiFi Sta: Retrying to connect to the AP[0m
[0;32mI (2849) esp_netif_handlers: sta ip: 10.10.1.45, mask: 255.255.252.0, gw: 10.10.1.1[0m
[0;32mI (2849) WiFi Sta: WIFI GOT_IP.[0m
[0;32mI (2861) MQTT_MANAGER: No existing client, creating new one...[0m
[0;32mI (2862) MQTT: Other event id:7[0m
[0;32mI (2872) wifi:<ba-add>idx:0 (ifx:0, 12:5f:02:15:1e:9a), tid:0, ssn:1, winSize:64[0m
[0;32mI (2873) wifi:<ba-add>idx:1 (ifx:0, 12:5f:02:15:1e:9a), tid:7, ssn:8, winSize:64[0m
[0;32mI (2878) MQTT: MQTT_EVENT_CONNECTED[0m
[0;32mI (2902) MQTT: MQTT_EVENT_SUBSCRIBED, msg_id=62469, return code=0x00 [0m
[0;32mI (2905) MQTT: MQTT_EVENT_SUBSCRIBED, msg_id=16671, return code=0x00 [0m
[0;32mI (3117) MQTT: MQTT_EVENT_SUBSCRIBED, msg_id=23264, return code=0x00 [0m
[0;32mI (3119) MQTT: MQTT_EVENT_SUBSCRIBED, msg_id=28716, return code=0x01 [0m
[0;32mI (3121) MQTT: MQTT_EVENT_DATA[0m
[0;32mI (3121) MQTT: TOPIC=device/list[0m
[0;32mI (3124) MQTT: DATA=[{"id":"94:E6:86:09:A4:78","name":"Quay 2"},{"id":"A8:42:E3:4C:7C:BC","name":"Quay 1"}][0m
[0;32mI (3134) MQTT_BACKUP: MQTT JSON received: [{"id":"94:E6:86:09:A4:78","name":"Quay 2"},{"id":"A8:42:E3:4C:7C:BC","name":"Quay 1"}][0m
[0;32mI (3145) MQTT_BACKUP: Stored 2 devices[0m
[0;32mI (3753) WiFi: Connected with IP: 10.10.1.45[0m
[0;32mI (3753) WiFi Sta: Connected to AP SSID:Namtrung 2.4G, password:nt@14092011, bssid:12:5F:02:15:1E:9A[0m
[0;32mI (3763) MQTT_MANAGER: Starting MQTT safely...[0m
[1;31mE (3763) mqtt_client: Client has started[0m
[0;32mI (3763) MQTT_MANAGER: MQTT started.[0m
[0;32mI (3855) NVS: last index: -1[0m
[0;32mI (3855) NVS: wifi index: 0[0m
[0;33mW (3855) WIFI_UI: WIFI_List_Button is invalid[0m
e-dirty
[0;32mI (885) app_init: Compile time:     Nov 11 2025 11:08:19[0m
[0;32mI (890) app_init: ELF file SHA256:  94d65f880...[0m
[0;32mI (895) app_init: ESP-IDF:          v5.5-dirty[0m
[0;32mI (899) efuse_init: Min chip rev:     v0.0[0m
[0;32mI (903) efuse_init: Max chip rev:     v0.99 [0m
[0;32mI (907) efuse_init: Chip rev:         v0.2[0m
[0;32mI (910) heap_init: Initializing. RAM available for dynamic allocation:[0m
[0;32mI (917) heap_init: At 3FCB3A08 len 00035D08 (215 KiB): RAM[0m
[0;32mI (922) heap_init: At 3FCE9710 len 00005724 (21 KiB): RAM[0m
[0;32mI (927) heap_init: At 3FCF0000 len 00008000 (32 KiB): DRAM[0m
[0;32mI (932) heap_init: At 600FE020 len 00001FC8 (7 KiB): RTCRAM[0m
[0;32mI (937) esp_psram: Adding pool of 5504K of PSRAM memory to heap allocator[0m
[0;32mI (944) esp_psram: Adding pool of 63K of PSRAM memory gap generated due to end address alignment of drom to the heap allocator[0m
[0;32mI (955) spi_flash: detected chip: generic[0m
[0;32mI (959) spi_flash: flash io: qio[0m
[0;32mI (962) sleep_gpio: Configure to isolate all GPIO pins in sleep state[0m
[0;32mI (968) sleep_gpio: Enable automatic switching of GPIO sleep configuration[0m
[0;32mI (975) coexist: coex firmware version: 831ec70[0m
[0;32mI (988) coexist: coexist rom version e7ae62f[0m
[0;32mI (988) main_task: Started on CPU0[0m
[0;32mI (989) esp_psram: Reserving pool of 32K of internal memory for DMA/internal allocations[0m
[0;32mI (994) main_task: Calling app_main()[0m
[0;33mW (1006) i2c.master: Please check pull-up resistances whether be connected properly. Otherwise unexpected behavior would happen. For more detailed information, please read docs[0m
[0;32mI (1413) GT911: Initialize I2C panel IO[0m
[0;32mI (1413) GT911: Initialize touch controller GT911[0m
[0;33mW (1413) GT911: Unable to initialize the I2C address[0m
[1;31mE (1414) i2c.master: I2C transaction unexpected nack detected[0m
[1;31mE (1420) i2c.master: s_i2c_synchronous_transaction(945): I2C transaction failed[0m
[1;31mE (1427) i2c.master: i2c_master_transmit_receive(1248): I2C transaction failed[0m
[1;31mE (1434) lcd_panel.io.i2c: panel_io_i2c_rx_buffer(145): i2c transaction failed[0m
[1;31mE (1441) GT911: touch_gt911_read_cfg(456): GT911 read error![0m
[1;31mE (1446) GT911: esp_lcd_touch_new_i2c_gt911(163): GT911 init failed[0m
[1;31mE (1452) GT911: Error (0x103)! Touch controller GT911 initialization failed![0m
ESP_ERROR_CHECK failed: esp_err_t 0x103 (ESP_ERR_INVALID_STATE) at 0x42010be6
file: "./components/touch/gt911.c" line 412
func: touch_gt911_init
expression: esp_lcd_touch_new_i2c_gt911(tp_io_handle, &tp_cfg, &tp_handle)

abort() was called at PC 0x4037e7d7 on core 0


Backtrace: 0x40375ff1:0x3fcb71a0 0x4037e7e1:0x3fcb71c0 0x40386312:0x3fcb71e0 0x4037e7d7:0x3fcb7250 0x42010be6:0x3fcb7280 0x4200b4cf:0x3fcb7300 0x420d7f6f:0x3fcb7330




ELF file SHA256: 94d65f880

Rebooting...
ï¿½ï¿½ï¿½ESP-ROM:esp32s3-20210327
Build:Mar 27 2021
rst:0xc (RTC_SW_CPU_RST),boot:0x28 (SPI_FAST_FLASH_BOOT)
Saved PC:0x40375f54
SPIWP:0xee
mode:DIO, clock div:1
load:0x3fce2820,len:0x1710
load:0x403c8700,len:0xec0
load:0x403cb700,len:0x31d4
entry 0x403c894c
[0;32mI (29) boot: ESP-IDF v5.5-dirty 2nd stage bootloader[0m
[0;32mI (29) boot: compile time Oct 10 2025 10:23:37[0m
[0;32mI (29) boot: Multicore bootloader[0m
[0;32mI (30) boot: chip revision: v0.2[0m
[0;32mI (33) boot: efuse block revision: v1.3[0m
[0;32mI (36) qio_mode: Enabling default flash chip QIO[0m
[0;32mI (40) boot.esp32s3: Boot SPI Speed : 80MHz[0m
[0;32mI (44) boot.esp32s3: SPI Mode       : QIO[0m
[0;32mI (48) boot.esp32s3: SPI Flash Size : 16MB[0m
[0;32mI (52) boot: Enabling RNG early entropy source...[0m
[0;32mI (56) boot: Partition Table:[0m
[0;32mI (59) boot: ## Label            Usage          Type ST Offset   Length[0m
[0;32mI (65) boot:  0 nvs              WiFi data        01 02 00009000 00006000[0m
[0;32mI (72) boot:  1 phy_init         RF data          01 01 0000f000 00001000[0m
[0;32mI (78) boot:  2 factory          factory app      00 00 00010000 00800000[0m
[0;32mI (85) boot: End of partition table[0m
[0;32mI (88) esp_image: segment 0: paddr=00010020 vaddr=3c0e0020 size=1b01c4h (1769924) map[0m
[0;32mI (358) esp_image: segment 1: paddr=001c01ec vaddr=3fc9c900 size=057a0h ( 22432) load[0m
[0;32mI (363) esp_image: segment 2: paddr=001c5994 vaddr=40374000 size=0a684h ( 42628) load[0m
[0;32mI (371) esp_image: segment 3: paddr=001d0020 vaddr=42000020 size=d8c98h (887960) map[0m
[0;32mI (503) esp_image: segment 4: paddr=002a8cc0 vaddr=4037e684 size=0e1fch ( 57852) load[0m
[0;32mI (514) esp_image: segment 5: paddr=002b6ec4 vaddr=600fe000 size=00020h (    32) load[0m
[0;32mI (524) boot: Loaded app from partition at offset 0x10000[0m
[0;32mI (524) boot: Disabling RNG early entropy source...[0m
[0;33mW (535) flash HPM: HPM mode is optional feature that depends on flash model. Read Docs First![0m
[0;33mW (535) flash HPM: HPM mode with DC adjustment is disabled. Some flash models may not be supported. Read Docs First![0m
[0;33mW (542) flash HPM: High performance mode of this flash model hasn't been supported.[0m
[0;32mI (549) MSPI Timing: Flash timing tuning index: 2[0m
[0;32mI (554) octal_psram: vendor id    : 0x0d (AP)[0m
[0;32mI (558) octal_psram: dev id       : 0x02 (generation 3)[0m
[0;32mI (563) octal_psram: density      : 0x03 (64 Mbit)[0m
[0;32mI (567) octal_psram: good-die     : 0x01 (Pass)[0m
[0;32mI (571) octal_psram: Latency      : 0x01 (Fixed)[0m
[0;32mI (576) octal_psram: VCC          : 0x01 (3V)[0m
[0;32mI (580) octal_psram: SRF          : 0x01 (Fast Refresh)[0m
[0;32mI (585) octal_psram: BurstType    : 0x01 (Hybrid Wrap)[0m
[0;32mI (590) octal_psram: BurstLen     : 0x01 (32 Byte)[0m
[0;32mI (594) octal_psram: Readlatency  : 0x02 (10 cycles@Fixed)[0m
[0;32mI (599) octal_psram: DriveStrength: 0x00 (1/1)[0m
[0;32mI (611) MSPI Timing: PSRAM timing tuning index: 2[0m
[0;32mI (611) esp_psram: Found 8MB PSRAM device[0m
[0;32mI (612) esp_psram: Speed: 120MHz[0m
[0;32mI (688) mmu_psram: Read only data copied and mapped to SPIRAM[0m
[0;32mI (734) mmu_psram: Instructions copied and mapped to SPIRAM[0m
[0;32mI (734) cpu_start: Multicore app[0m
[0;32mI (872) esp_psram: SPI SRAM memory test OK[0m
[0;32mI (881) cpu_start: Pro cpu start user code[0m
[0;32mI (881) cpu_start: cpu freq: 240000000 Hz[0m
[0;32mI (881) app_init: Application information:[0m
[0;32mI (881) app_init: Project name:     16_LVGL_UI[0m
[0;32mI (885) app_init: App version:      94f2d6e-dirty[0m
[0;32mI (889) app_init: Compile time:     Nov 11 2025 11:08:19[0m
[0;32mI (894) app_init: ELF file SHA256:  94d65f880...[0m
[0;32mI (899) app_init: ESP-IDF:          v5.5-dirty[0m
[0;32mI (903) efuse_init: Min chip rev:     v0.0[0m
[0;32mI (907) efuse_init: Max chip rev:     v0.99 [0m
[0;32mI (911) efuse_init: Chip rev:         v0.2[0m
[0;32mI (915) heap_init: Initializing. RAM available for dynamic allocation:[0m
[0;32mI (921) heap_init: At 3FCB3A08 len 00035D08 (215 KiB): RAM[0m
[0;32mI (926) heap_init: At 3FCE9710 len 00005724 (21 KiB): RAM[0m
[0;32mI (931) heap_init: At 3FCF0000 len 00008000 (32 KiB): DRAM[0m
[0;32mI (936) heap_init: At 600FE020 len 00001FC8 (7 KiB): RTCRAM[0m
[0;32mI (942) esp_psram: Adding pool of 5504K of PSRAM memory to heap allocator[0m
[0;32mI (948) esp_psram: Adding pool of 63K of PSRAM memory gap generated due to end address alignment of drom to the heap allocator[0m
[0;32mI (960) spi_flash: detected chip: generic[0m
[0;32mI (963) spi_flash: flash io: qio[0m
[0;32mI (966) sleep_gpio: Configure to isolate all GPIO pins in sleep state[0m
[0;32mI (972) sleep_gpio: Enable automatic switching of GPIO sleep configuration[0m
[0;32mI (979) coexist: coex firmware version: 831ec70[0m
[0;32mI (992) coexist: coexist rom version e7ae62f[0m
[0;32mI (992) main_task: Started on CPU0[0m
[0;32mI (993) esp_psram: Reserving pool of 32K of internal memory for DMA/internal allocations[0m
[0;32mI (998) main_task: Calling app_main()[0m
[0;33mW (1010) i2c.master: Please check pull-up resistances whether be connected properly. Otherwise unexpected behavior would happen. For more detailed information, please read docs[0m
[0;32mI (1417) GT911: Initialize I2C panel IO[0m
[0;32mI (1417) GT911: Initialize touch controller GT911[0m
[0;33mW (1417) GT911: Unable to initialize the I2C address[0m
[1;31mE (1418) i2c.master: I2C transaction unexpected nack detected[0m
[1;31mE (1424) i2c.master: s_i2c_synchronous_transaction(945): I2C transaction failed[0m
[1;31mE (1431) i2c.master: i2c_master_transmit_receive(1248): I2C transaction failed[0m
[1;31mE (1438) lcd_panel.io.i2c: panel_io_i2c_rx_buffer(145): i2c transaction failed[0m
[1;31mE (1445) GT911: touch_gt911_read_cfg(456): GT911 read error![0m
[1;31mE (1450) GT911: esp_lcd_touch_new_i2c_gt911(163): GT911 init failed[0m
[1;31mE (1456) GT911: Error (0x103)! Touch controller GT911 initialization failed![0m
ESP_ERROR_CHECK failed: esp_err_t 0x103 (ESP_ERR_INVALID_STATE) at 0x42010be6
file: "./components/touch/gt911.c" line 412
func: touch_gt911_init
expression: esp_lcd_touch_new_i2c_gt911(tp_io_handle, &tp_cfg, &tp_handle)

abort() was called at PC 0x4037e7d7 on core 0


Backtrace: 0x40375ff1:0x3fcb71a0 0x4037e7e1:0x3fcb71c0 0x40386312:0x3fcb71e0 0x4037e7d7:0x3fcb7250 0x42010be6:0x3fcb7280 0x4200b4cf:0x3fcb7300 0x420d7f6f:0x3fcb7330




ELF file SHA256: 94d65f880

Rebooting...
ï¿½ï¿½ï¿½ESP-ROM:esp32s3-20210327
Build:Mar 27 2021
rst:0xc (RTC_SW_CPU_RST),boot:0x28 (SPI_FAST_FLASH_BOOT)
Saved PC:0x40375f54
SPIWP:0xee
mode:DIO, clock div:1
load:0x3fce2820,len:0x1710
load:0x403c8700,len:0xec0
load:0x403cb700,len:0x31d4
entry 0x403c894c
[0;32mI (29) boot: ESP-IDF v5.5-dirty 2nd stage bootloader[0m
[0;32mI (29) boot: compile time Oct 10 2025 10:23:37[0m
[0;32mI (29) boot: Multicore bootloader[0m
[0;32mI (30) boot: chip revision: v0.2[0m
[0;32mI (33) boot: efuse block revision: v1.3[0m
[0;32mI (36) qio_mode: Enabling default flash chip QIO[0m
[0;32mI (40) boot.esp32s3: Boot SPI Speed : 80MHz[0m
[0;32mI (44) boot.esp32s3: SPI Mode       : QIO[0m
[0;32mI (48) boot.esp32s3: SPI Flash Size : 16MB[0m
[0;32mI (52) boot: Enabling RNG early entropy source...[0m
[0;32mI (56) boot: Partition Table:[0m
[0;32mI (59) boot: ## Label            Usage          Type ST Offset   Length[0m
[0;32mI (65) boot:  0 nvs              WiFi data        01 02 00009000 00006000[0m
[0;32mI (72) boot:  1 phy_init         RF data          01 01 0000f000 00001000[0m
[0;32mI (78) boot:  2 factory          factory app      00 00 00010000 00800000[0m
[0;32mI (85) boot: End of partition table[0m
[0;32mI (88) esp_image: segment 0: paddr=00010020 vaddr=3c0e0020 size=1b01c4h (1769924) map[0m
[0;32mI (358) esp_image: segment 1: paddr=001c01ec vaddr=3fc9c900 size=057a0h ( 22432) load[0m
[0;32mI (363) esp_image: segment 2: paddr=001c5994 vaddr=40374000 size=0a684h ( 42628) load[0m
[0;32mI (371) esp_image: segment 3: paddr=001d0020 vaddr=42000020 size=d8c98h (887960) map[0m
[0;32mI (503) esp_image: segment 4: paddr=002a8cc0 vaddr=4037e684 size=0e1fch ( 57852) load[0m
[0;32mI (514) esp_image: segment 5: paddr=002b6ec4 vaddr=600fe000 size=00020h (    32) load[0m
[0;32mI (524) boot: Loaded app from partition at offset 0x10000[0m
[0;32mI (524) boot: Disabling RNG early entropy source...[0m
[0;33mW (535) flash HPM: HPM mode is optional feature that depends on flash model. Read Docs First![0m
[0;33mW (535) flash HPM: HPM mode with DC adjustment is disabled. Some flash models may not be supported. Read Docs First![0m
[0;33mW (542) flash HPM: High performance mode of this flash model hasn't been supported.[0m
[0;32mI (549) MSPI Timing: Flash timing tuning index: 2[0m
[0;32mI (554) octal_psram: vendor id    : 0x0d (AP)[0m
[0;32mI (558) octal_psram: dev id       : 0x02 (generation 3)[0m
[0;32mI (563) octal_psram: density      : 0x03 (64 Mbit)[0m
[0;32mI (567) octal_psram: good-die     : 0x01 (Pass)[0m
[0;32mI (571) octal_psram: Latency      : 0x01 (Fixed)[0m
[0;32mI (576) octal_psram: VCC          : 0x01 (3V)[0m
[0;32mI (580) octal_psram: SRF          : 0x01 (Fast Refresh)[0m
[0;32mI (585) octal_psram: BurstType    : 0x01 (Hybrid Wrap)[0m
[0;32mI (590) octal_psram: BurstLen     : 0x01 (32 Byte)[0m
[0;32mI (594) octal_psram: Readlatency  : 0x02 (10 cycles@Fixed)[0m
[0;32mI (599) octal_psram: DriveStrength: 0x00 (1/1)[0m
[0;32mI (611) MSPI Timing: PSRAM timing tuning index: 2[0m
[0;32mI (611) esp_psram: Found 8MB PSRAM device[0m
[0;32mI (612) esp_psram: Speed: 120MHz[0m
[0;32mI (688) mmu_psram: Read only data copied and mapped to SPIRAM[0m
[0;32mI (734) mmu_psram: Instructions copied and mapped to SPIRAM[0m
[0;32mI (734) cpu_start: Multicore app[0m
[0;32mI (872) esp_psram: SPI SRAM memory test OK[0m
[0;32mI (881) cpu_start: Pro cpu start user code[0m
[0;32mI (881) cpu_start: cpu freq: 240000000 Hz[0m
[0;32mI (881) app_init: Application information:[0m
[0;32mI (881) app_init: Project name:     16_LVGL_UI[0m
[0;32mI (885) app_init: App version:      94f2d6e-dirty[0m
[0;32mI (889) app_init: Compile time:     Nov 11 2025 11:08:19[0m
[0;32mI (894) app_init: ELF file SHA256:  94d65f880...[0m
[0;32mI (899) app_init: ESP-IDF:          v5.5-dirty[0m
[0;32mI (903) efuse_init: Min chip rev:     v0.0[0m
[0;32mI (907) efuse_init: Max chip rev:     v0.99 [0m
[0;32mI (911) efuse_init: Chip rev:         v0.2[0m
[0;32mI (915) heap_init: Initializing. RAM available for dynamic allocation:[0m
[0;32mI (921) heap_init: At 3FCB3A08 len 00035D08 (215 KiB): RAM[0m
[0;32mI (926) heap_init: At 3FCE9710 len 00005724 (21 KiB): RAM[0m
[0;32mI (931) heap_init: At 3FCF0000 len 00008000 (32 KiB): DRAM[0m
[0;32mI (936) heap_init: At 600FE020 len 00001FC8 (7 KiB): RTCRAM[0m
[0;32mI (942) esp_psram: Adding pool of 5504K of PSRAM memory to heap allocator[0m
[0;32mI (948) esp_psram: Adding pool of 63K of PSRAM memory gap generated due to end address alignment of drom to the heap allocator[0m
[0;32mI (960) spi_flash: detected chip: generic[0m
[0;32mI (963) spi_flash: flash io: qio[0m
[0;32mI (966) sleep_gpio: Configure to isolate all GPIO pins in sleep state[0m
[0;32mI (972) sleep_gpio: Enable automatic switching of GPIO sleep configuration[0m
[0;32mI (979) coexist: coex firmware version: 831ec70[0m
[0;32mI (992) coexist: coexist rom version e7ae62f[0m
[0;32mI (992) main_task: Started on CPU0[0m
[0;32mI (993) esp_psram: Reserving pool of 32K of internal memory for DMA/internal allocations[0m
[0;32mI (998) main_task: Calling app_main()[0m
[0;33mW (1010) i2c.master: Please check pull-up resistances whether be connected properly. Otherwise unexpected behavior would happen. For more detailed information, please read docs[0m
[0;32mI (1417) GT911: Initialize I2C panel IO[0m
[0;32mI (1417) GT911: Initialize touch controller GT911[0m
[0;33mW (1417) GT911: Unable to initialize the I2C address[0m
[1;31mE (1418) i2c.master: I2C transaction unexpected nack detected[0m
[1;31mE (1424) i2c.master: s_i2c_synchronous_transaction(945): I2C transaction failed[0m
[1;31mE (1431) i2c.master: i2c_master_transmit_receive(1248): I2C transaction failed[0m
[1;31mE (1438) lcd_panel.io.i2c: panel_io_i2c_rx_buffer(145): i2c transaction failed[0m
[1;31mE (1445) GT911: touch_gt911_read_cfg(456): GT911 read error![0m
[1;31mE (1450) GT911: esp_lcd_touch_new_i2c_gt911(163): GT911 init failed[0m
[1;31mE (1456) GT911: Error (0x103)! Touch controller GT911 initialization failed![0m
ESP_ERROR_CHECK failed: esp_err_t 0x103 (ESP_ERR_INVALID_STATE) at 0x42010be6
file: "./components/touch/gt911.c" line 412
func: touch_gt911_init
expression: esp_lcd_touch_new_i2c_gt911(tp_io_handle, &tp_cfg, &tp_handle)

abort() was called at PC 0x4037e7d7 on core 0


Backtrace: 0x40375ff1:0x3fcb71a0 0x4037e7e1:0x3fcb71c0 0x40386312:0x3fcb71e0 0x4037e7d7:0x3fcb7250 0x42010be6:0x3fcb7280 0x4200b4cf:0x3fcb7300 0x420d7f6f:0x3fcb7330




ELF file SHA256: 94d65f880

Rebooting...
ï¿½ï¿½ï¿½ESP-ROM:esp32s3-20210327
Build:Mar 27 2021
rst:0xc (RTC_SW_CPU_RST),boot:0x28 (SPI_FAST_FLASH_BOOT)
Saved PC:0x40375f54
SPIWP:0xee
mode:DIO, clock div:1
load:0x3fce2820,len:0x1710
load:0x403c8700,len:0xec0
load:0x403cb700,len:0x31d4
entry 0x403c894c
[0;32mI (29) boot: ESP-IDF v5.5-dirty 2nd stage bootloader[0m
[0;32mI (29) boot: compile time Oct 10 2025 10:23:37[0m
[0;32mI (29) boot: Multicore bootloader[0m
[0;32mI (30) boot: chip revision: v0.2[0m
[0;32mI (33) boot: efuse block revision: v1.3[0m
[0;32mI (36) qio_mode: Enabling default flash chip QIO[0m
[0;32mI (40) boot.esp32s3: Boot SPI Speed : 80MHz[0m
[0;32mI (44) boot.esp32s3: SPI Mode       : QIO[0m
[0;32mI (48) boot.esp32s3: SPI Flash Size : 16MB[0m
[0;32mI (52) boot: Enabling RNG early entropy source...[0m
[0;32mI (56) boot: Partition Table:[0m
[0;32mI (59) boot: ## Label            Usage          Type ST Offset   Length[0m
[0;32mI (65) boot:  0 nvs              WiFi data        01 02 00009000 00006000[0m
[0;32mI (72) boot:  1 phy_init         RF data          01 01 0000f000 00001000[0m
[0;32mI (78) boot:  2 factory          factory app      00 00 00010000 00800000[0m
[0;32mI (85) boot: End of partition table[0m
[0;32mI (88) esp_image: segment 0: paddr=00010020 vaddr=3c0e0020 size=1b01c4h (1769924) map[0m
[0;32mI (358) esp_image: segment 1: paddr=001c01ec vaddr=3fc9c900 size=057a0h ( 22432) load[0m
[0;32mI (363) esp_image: segment 2: paddr=001c5994 vaddr=40374000 size=0a684h ( 42628) load[0m
[0;32mI (371) esp_image: segment 3: paddr=001d0020 vaddr=42000020 size=d8c98h (887960) map[0m
[0;32mI (503) esp_image: segment 4: paddr=002a8cc0 vaddr=4037e684 size=0e1fch ( 57852) load[0m
[0;32mI (514) esp_image: segment 5: paddr=002b6ec4 vaddr=600fe000 size=00020h (    32) load[0m
[0;32mI (524) boot: Loaded app from partition at offset 0x10000[0m
[0;32mI (524) boot: Disabling RNG early entropy source...[0m
[0;33mW (535) flash HPM: HPM mode is optional feature that depends on flash model. Read Docs First![0m
[0;33mW (535) flash HPM: HPM mode with DC adjustment is disabled. Some flash models may not be supported. Read Docs First![0m
[0;33mW (542) flash HPM: High performance mode of this flash model hasn't been supported.[0m
[0;32mI (549) MSPI Timing: Flash timing tuning index: 2[0m
[0;32mI (554) octal_psram: vendor id    : 0x0d (AP)[0m
[0;32mI (558) octal_psram: dev id       : 0x02 (generation 3)[0m
[0;32mI (563) octal_psram: density      : 0x03 (64 Mbit)[0m
[0;32mI (567) octal_psram: good-die     : 0x01 (Pass)[0m
[0;32mI (571) octal_psram: Latency      : 0x01 (Fixed)[0m
[0;32mI (576) octal_psram: VCC          : 0x01 (3V)[0m
[0;32mI (580) octal_psram: SRF          : 0x01 (Fast Refresh)[0m
[0;32mI (585) octal_psram: BurstType    : 0x01 (Hybrid Wrap)[0m
[0;32mI (590) octal_psram: BurstLen     : 0x01 (32 Byte)[0m
[0;32mI (594) octal_psram: Readlatency  : 0x02 (10 cycles@Fixed)[0m
[0;32mI (599) octal_psram: DriveStrength: 0x00 (1/1)[0m
[0;32mI (611) MSPI Timing: PSRAM timing tuning index: 2[0m
[0;32mI (612) esp_psram: Found 8MB PSRAM device[0m
[0;32mI (612) esp_psram: Speed: 120MHz[0m
[0;32mI (688) mmu_psram: Read only data copied and mapped to SPIRAM[0m
[0;32mI (734) mmu_psram: Instructions copied and mapped to SPIRAM[0m
[0;32mI (734) cpu_start: Multicore app[0m
[0;32mI (872) esp_psram: SPI SRAM memory test OK[0m
[0;32mI (881) cpu_start: Pro cpu start user code[0m
[0;32mI (881) cpu_start: cpu freq: 240000000 Hz[0m
[0;32mI (881) app_init: Application information:[0m
[0;32mI (881) app_init: Project name:     16_LVGL_UI[0m
[0;32mI (885) app_init: App version:      94f2d6e-dirty[0m
[0;32mI (889) app_init: Compile time:     Nov 11 2025 11:08:19[0m
[0;32mI (894) app_init: ELF file SHA256:  94d65f880...[0m
[0;32mI (899) app_init: ESP-IDF:          v5.5-dirty[0m
[0;32mI (903) efuse_init: Min chip rev:     v0.0[0m
[0;32mI (907) efuse_init: Max chip rev:     v0.99 [0m
[0;32mI (911) efuse_init: Chip rev:         v0.2[0m
[0;32mI (915) heap_init: Initializing. RAM available for dynamic allocation:[0m
[0;32mI (921) heap_init: At 3FCB3A08 len 00035D08 (215 KiB): RAM[0m
[0;32mI (926) heap_init: At 3FCE9710 len 00005724 (21 KiB): RAM[0m
[0;32mI (931) heap_init: At 3FCF0000 len 00008000 (32 KiB): DRAM[0m
[0;32mI (936) heap_init: At 600FE020 len 00001FC8 (7 KiB): RTCRAM[0m
[0;32mI (942) esp_psram: Adding pool of 5504K of PSRAM memory to heap allocator[0m
[0;32mI (948) esp_psram: Adding pool of 63K of PSRAM memory gap generated due to end address alignment of drom to the heap allocator[0m
[0;32mI (960) spi_flash: detected chip: generic[0m
[0;32mI (963) spi_flash: flash io: qio[0m
[0;32mI (966) sleep_gpio: Configure to isolate all GPIO pins in sleep state[0m
[0;32mI (972) sleep_gpio: Enable automatic switching of GPIO sleep configuration[0m
[0;32mI (979) coexist: coex firmware version: 831ec70[0m
[0;32mI (992) coexist: coexist rom version e7ae62f[0m
[0;32mI (992) main_task: Started on CPU0[0m
[0;32mI (993) esp_psram: Reserving pool of 32K of internal memory for DMA/internal allocations[0m
[0;32mI (998) main_task: Calling app_main()[0m
[0;33mW (1010) i2c.master: Please check pull-up resistances whether be connected properly. Otherwise unexpected behavior would happen. For more detailed information, please read docs[0m
[0;32mI (1417) GT911: Initialize I2C panel IO[0m
[0;32mI (1417) GT911: Initialize touch controller GT911[0m
[0;33mW (1417) GT911: Unable to initialize the I2C address[0m
[1;31mE (1418) i2c.master: I2C transaction unexpected nack detected[0m
[1;31mE (1424) i2c.master: s_i2c_synchronous_transaction(945): I2C transaction failed[0m
[1;31mE (1431) i2c.master: i2c_master_transmit_receive(1248): I2C transaction failed[0m
[1;31mE (1438) lcd_panel.io.i2c: panel_io_i2c_rx_buffer(145): i2c transaction failed[0m
[1;31mE (1445) GT911: touch_gt911_read_cfg(456): GT911 read error![0m
[1;31mE (1450) GT911: esp_lcd_touch_new_i2c_gt911(163): GT911 init failed[0m
[1;31mE (1456) GT911: Error (0x103)! Touch controller GT911 initialization failed![0m
ESP_ERROR_CHECK failed: esp_err_t 0x103 (ESP_ERR_INVALID_STATE) at 0x42010be6
file: "./components/touch/gt911.c" line 412
func: touch_gt911_init
expression: esp_lcd_touch_new_i2c_gt911(tp_io_handle, &tp_cfg, &tp_handle)

abort() was called at PC 0x4037e7d7 on core 0


Backtrace: 0x40375ff1:0x3fcb71a0 0x4037e7e1:0x3fcb71c0 0x40386312:0x3fcb71e0 0x4037e7d7:0x3fcb7250 0x42010be6:0x3fcb7280 0x4200b4cf:0x3fcb7300 0x420d7f6f:0x3fcb7330




ELF file SHA256: 94d65f880

Rebooting...
ï¿½ï¿½ï¿½ESP-ROM:esp32s3-20210327
Build:Mar 27 2021
rst:0xc (RTC_SW_CPU_RST),boot:0x28 (SPI_FAST_FLASH_BOOT)
Saved PC:0x40375f54
SPIWP:0xee
mode:DIO, clock div:1
load:0x3fce2820,len:0x1710
load:0x403c8700,len:0xec0
load:0x403cb700,len:0x31d4
entry 0x403c894c
[0;32mI (29) boot: ESP-IDF v5.5-dirty 2nd stage bootloader[0m
[0;32mI (29) boot: compile time Oct 10 2025 10:23:37[0m
[0;32mI (29) boot: Multicore bootloader[0m
[0;32mI (30) boot: chip revision: v0.2[0m
[0;32mI (33) boot: efuse block revision: v1.3[0m
[0;32mI (36) qio_mode: Enabling default flash chip QIO[0m
[0;32mI (40) boot.esp32s3: Boot SPI Speed : 80MHz[0m
[0;32mI (44) boot.esp32s3: SPI Mode       : QIO[0m
[0;32mI (48) boot.esp32s3: SPI Flash Size : 16MB[0m
[0;32mI (52) boot: Enabling RNG early entropy source...[0m
[0;32mI (56) boot: Partition Table:[0m
[0;32mI (59) boot: ## Label            Usage          Type ST Offset   Length[0m
[0;32mI (65) boot:  0 nvs              WiFi data        01 02 00009000 00006000[0m
[0;32mI (72) boot:  1 phy_init         RF data          01 01 0000f000 00001000[0m
[0;32mI (78) boot:  2 factory          factory app      00 00 00010000 00800000[0m
[0;32mI (85) boot: End of partition table[0m
[0;32mI (88) esp_image: segment 0: paddr=00010020 vaddr=3c0e0020 size=1b01c4h (1769924) map[0m
[0;32mI (358) esp_image: segment 1: paddr=001c01ec vaddr=3fc9c900 size=057a0h ( 22432) load[0m
[0;32mI (363) esp_image: segment 2: paddr=001c5994 vaddr=40374000 size=0a684h ( 42628) load[0m
[0;32mI (371) esp_image: segment 3: paddr=001d0020 vaddr=42000020 size=d8c98h (887960) map[0m
[0;32mI (503) esp_image: segment 4: paddr=002a8cc0 vaddr=4037e684 size=0e1fch ( 57852) load[0m
[0;32mI (514) esp_image: segment 5: paddr=002b6ec4 vaddr=600fe000 size=00020h (    32) load[0m
[0;32mI (524) boot: Loaded app from partition at offset 0x10000[0m
[0;32mI (524) boot: Disabling RNG early entropy source...[0m
[0;33mW (535) flash HPM: HPM mode is optional feature that depends on flash model. Read Docs First![0m
[0;33mW (535) flash HPM: HPM mode with DC adjustment is disabled. Some flash models may not be supported. Read Docs First![0m
[0;33mW (542) flash HPM: High performance mode of this flash model hasn't been supported.[0m
[0;32mI (549) MSPI Timing: Flash timing tuning index: 2[0m
[0;32mI (554) octal_psram: vendor id    : 0x0d (AP)[0m
[0;32mI (558) octal_psram: dev id       : 0x02 (generation 3)[0m
[0;32mI (563) octal_psram: density      : 0x03 (64 Mbit)[0m
[0;32mI (567) octal_psram: good-die     : 0x01 (Pass)[0m
[0;32mI (571) octal_psram: Latency      : 0x01 (Fixed)[0m
[0;32mI (576) octal_psram: VCC          : 0x01 (3V)[0m
[0;32mI (580) octal_psram: SRF          : 0x01 (Fast Refresh)[0m
[0;32mI (585) octal_psram: BurstType    : 0x01 (Hybrid Wrap)[0m
[0;32mI (590) octal_psram: BurstLen     : 0x01 (32 Byte)[0m
[0;32mI (594) octal_psram: Readlatency  : 0x02 (10 cycles@Fixed)[0m
[0;32mI (599) octal_psram: DriveStrength: 0x00 (1/1)[0m
[0;32mI (611) MSPI Timing: PSRAM timing tuning index: 2[0m
[0;32mI (612) esp_psram: Found 8MB PSRAM device[0m
[0;32mI (612) esp_psram: Speed: 120MHz[0m
[0;32mI (688) mmu_psram: Read only data copied and mapped to SPIRAM[0m
[0;32mI (734) mmu_psram: Instructions copied and mapped to SPIRAM[0m
[0;32mI (734) cpu_start: Multicore app[0m
[0;32mI (872) esp_psram: SPI SRAM memory test OK[0m
[0;32mI (881) cpu_start: Pro cpu start user code[0m
[0;32mI (881) cpu_start: cpu freq: 240000000 Hz[0m
[0;32mI (881) app_init: Application information:[0m
[0;32mI (881) app_init: Project name:     16_LVGL_UI[0m
[0;32mI (885) app_init: App version:      94f2d6e-dirty[0m
[0;32mI (889) app_init: Compile time:     Nov 11 2025 11:08:19[0m
[0;32mI (894) app_init: ELF file SHA256:  94d65f880...[0m
[0;32mI (899) app_init: ESP-IDF:          v5.5-dirty[0m
[0;32mI (903) efuse_init: Min chip rev:     v0.0[0m
[0;32mI (907) efuse_init: Max chip rev:     v0.99 [0m
[0;32mI (911) efuse_init: Chip rev:         v0.2[0m
[0;32mI (915) heap_init: Initializing. RAM available for dynamic allocation:[0m
[0;32mI (921) heap_init: At 3FCB3A08 len 00035D08 (215 KiB): RAM[0m
[0;32mI (926) heap_init: At 3FCE9710 len 00005724 (21 KiB): RAM[0m
[0;32mI (931) heap_init: At 3FCF0000 len 00008000 (32 KiB): DRAM[0m
[0;32mI (936) heap_init: At 600FE020 len 00001FC8 (7 KiB): RTCRAM[0m
[0;32mI (942) esp_psram: Adding pool of 5504K of PSRAM memory to heap allocator[0m
[0;32mI (948) esp_psram: Adding pool of 63K of PSRAM memory gap generated due to end address alignment of drom to the heap allocator[0m
[0;32mI (960) spi_flash: detected chip: generic[0m
[0;32mI (963) spi_flash: flash io: qio[0m
[0;32mI (966) sleep_gpio: Configure to isolate all GPIO pins in sleep state[0m
[0;32mI (972) sleep_gpio: Enable automatic switching of GPIO sleep configuration[0m
[0;32mI (979) coexist: coex firmware version: 831ec70[0m
[0;32mI (992) coexist: coexist rom version e7ae62f[0m
[0;32mI (992) main_task: Started on CPU0[0m
[0;32mI (993) esp_psram: Reserving pool of 32K of internal memory for DMA/internal allocations[0m
[0;32mI (998) main_task: Calling app_main()[0m
[0;33mW (1010) i2c.master: Please check pull-up resistances whether be connected properly. Otherwise unexpected behavior would happen. For more detailed information, please read docs[0m
[0;32mI (1417) GT911: Initialize I2C panel IO[0m
[0;32mI (1417) GT911: Initialize touch controller GT911[0m
[0;33mW (1417) GT911: Unable to initialize the I2C address[0m
[1;31mE (1418) i2c.master: I2C transaction unexpected nack detected[0m
[1;31mE (1424) i2c.master: s_i2c_synchronous_transaction(945): I2C transaction failed[0m
[1;31mE (1431) i2c.master: i2c_master_transmit_receive(1248): I2C transaction failed[0m
[1;31mE (1438) lcd_panel.io.i2c: panel_io_i2c_rx_buffer(145): i2c transaction failed[0m
[1;31mE (1445) GT911: touch_gt911_read_cfg(456): GT911 read error![0m
[1;31mE (1450) GT911: esp_lcd_touch_new_i2c_gt911(163): GT911 init failed[0m
[1;31mE (1456) GT911: Error (0x103)! Touch controller GT911 initialization failed![0m
ESP_ERROR_CHECK failed: esp_err_t 0x103 (ESP_ERR_INVALID_STATE) at 0x42010be6
file: "./components/touch/gt911.c" line 412
func: touch_gt911_init
expression: esp_lcd_touch_new_i2c_gt911(tp_io_handle, &tp_cfg, &tp_handle)

abort() was called at PC 0x4037e7d7 on core 0


Backtrace: 0x40375ff1:0x3fcb71a0 0x4037e7e1:0x3fcb71c0 0x40386312:0x3fcb71e0 0x4037e7d7:0x3fcb7250 0x42010be6:0x3fcb7280 0x4200b4cf:0x3fcb7300 0x420d7f6f:0x3fcb7330




ELF file SHA256: 94d65f880

Rebooting...
ï¿½ï¿½ï¿½ESP-ROM:esp32s3-20210327
Build:Mar 27 2021
rst:0xc (RTC_SW_CPU_RST),boot:0x28 (SPI_FAST_FLASH_BOOT)
Saved PC:0x40375f54
SPIWP:0xee
mode:DIO, clock div:1
load:0x3fce2820,len:0x1710
load:0x403c8700,len:0xec0
load:0x403cb700,len:0x31d4
entry 0x403c894c
[0;32mI (29) boot: ESP-IDF v5.5-dirty 2nd stage bootloader[0m
[0;32mI (29) boot: compile time Oct 10 2025 10:23:37[0m
[0;32mI (29) boot: Multicore bootloader[0m
[0;32mI (30) boot: chip revision: v0.2[0m
[0;32mI (33) boot: efuse block revision: v1.3[0m
[0;32mI (36) qio_mode: Enabling default flash chip QIO[0m
[0;32mI (40) boot.esp32s3: Boot SPI Speed : 80MHz[0m
[0;32mI (44) boot.esp32s3: SPI Mode       : QIO[0m
[0;32mI (48) boot.esp32s3: SPI Flash Size : 16MB[0m
[0;32mI (52) boot: Enabling RNG early entropy source...[0m
[0;32mI (56) boot: Partition Table:[0m
[0;32mI (59) boot: ## Label            Usage          Type ST Offset   Length[0m
[0;32mI (65) boot:  0 nvs              WiFi data        01 02 00009000 00006000[0m
[0;32mI (72) boot:  1 phy_init         RF data          01 01 0000f000 00001000[0m
[0;32mI (78) boot:  2 factory          factory app      00 00 00010000 00800000[0m
[0;32mI (85) boot: End of partition table[0m
[0;32mI (88) esp_image: segment 0: paddr=00010020 vaddr=3c0e0020 size=1b01c4h (1769924) map[0m
[0;32mI (358) esp_image: segment 1: paddr=001c01ec vaddr=3fc9c900 size=057a0h ( 22432) load[0m
[0;32mI (363) esp_image: segment 2: paddr=001c5994 vaddr=40374000 size=0a684h ( 42628) load[0m
[0;32mI (371) esp_image: segment 3: paddr=001d0020 vaddr=42000020 size=d8c98h (887960) map[0m
[0;32mI (503) esp_image: segment 4: paddr=002a8cc0 vaddr=4037e684 size=0e1fch ( 57852) load[0m
[0;32mI (514) esp_image: segment 5: paddr=002b6ec4 vaddr=600fe000 size=00020h (    32) load[0m
[0;32mI (524) boot: Loaded app from partition at offset 0x10000[0m
[0;32mI (524) boot: Disabling RNG early entropy source...[0m
[0;33mW (535) flash HPM: HPM mode is optional feature that depends on flash model. Read Docs First![0m
[0;33mW (535) flash HPM: HPM mode with DC adjustment is disabled. Some flash models may not be supported. Read Docs First![0m
[0;33mW (542) flash HPM: High performance mode of this flash model hasn't been supported.[0m
[0;32mI (549) MSPI Timing: Flash timing tuning index: 2[0m
[0;32mI (554) octal_psram: vendor id    : 0x0d (AP)[0m
[0;32mI (558) octal_psram: dev id       : 0x02 (generation 3)[0m
[0;32mI (563) octal_psram: density      : 0x03 (64 Mbit)[0m
[0;32mI (567) octal_psram: good-die     : 0x01 (Pass)[0m
[0;32mI (571) octal_psram: Latency      : 0x01 (Fixed)[0m
[0;32mI (576) octal_psram: VCC          : 0x01 (3V)[0m
[0;32mI (580) octal_psram: SRF          : 0x01 (Fast Refresh)[0m
[0;32mI (585) octal_psram: BurstType    : 0x01 (Hybrid Wrap)[0m
[0;32mI (590) octal_psram: BurstLen     : 0x01 (32 Byte)[0m
[0;32mI (594) octal_psram: Readlatency  : 0x02 (10 cycles@Fixed)[0m
[0;32mI (599) octal_psram: DriveStrength: 0x00 (1/1)[0m
[0;32mI (611) MSPI Timing: PSRAM timing tuning index: 2[0m
[0;32mI (611) esp_psram: Found 8MB PSRAM device[0m
[0;32mI (612) esp_psram: Speed: 120MHz[0m
[0;32mI (688) mmu_psram: Read only data copied and mapped to SPIRAM[0m
[0;32mI (734) mmu_psram: Instructions copied and mapped to SPIRAM[0m
[0;32mI (734) cpu_start: Multicore app[0m
[0;32mI (872) esp_psram: SPI SRAM memory test OK[0m
[0;32mI (881) cpu_start: Pro cpu start user code[0m
[0;32mI (881) cpu_start: cpu freq: 240000000 Hz[0m
[0;32mI (881) app_init: Application information:[0m
[0;32mI (881) app_init: Project name:     16_LVGL_UI[0m
[0;32mI (885) app_init: App version:      94f2d6e-dirty[0m
[0;32mI (889) app_init: Compile time:     Nov 11 2025 11:08:19[0m
[0;32mI (894) app_init: ELF file SHA256:  94d65f880...[0m
[0;32mI (899) app_init: ESP-IDF:          v5.5-dirty[0m
[0;32mI (903) efuse_init: Min chip rev:     v0.0[0m
[0;32mI (907) efuse_init: Max chip rev:     v0.99 [0m
[0;32mI (911) efuse_init: Chip rev:         v0.2[0m
[0;32mI (915) heap_init: Initializing. RAM available for dynamic allocation:[0m
[0;32mI (921) heap_init: At 3FCB3A08 len 00035D08 (215 KiB): RAM[0m
[0;32mI (926) heap_init: At 3FCE9710 len 00005724 (21 KiB): RAM[0m
[0;32mI (931) heap_init: At 3FCF0000 len 00008000 (32 KiB): DRAM[0m
[0;32mI (936) heap_init: At 600FE020 len 00001FC8 (7 KiB): RTCRAM[0m
[0;32mI (942) esp_psram: Adding pool of 5504K of PSRAM memory to heap allocator[0m
[0;32mI (948) esp_psram: Adding pool of 63K of PSRAM memory gap generated due to end address alignment of drom to the heap allocator[0m
[0;32mI (960) spi_flash: detected chip: generic[0m
[0;32mI (963) spi_flash: flash io: qio[0m
[0;32mI (966) sleep_gpio: Configure to isolate all GPIO pins in sleep state[0m
[0;32mI (972) sleep_gpio: Enable automatic switching of GPIO sleep configuration[0m
[0;32mI (979) coexist: coex firmware version: 831ec70[0m
[0;32mI (992) coexist: coexist rom version e7ae62f[0m
[0;32mI (992) main_task: Started on CPU0[0m
[0;32mI (993) esp_psram: Reserving pool of 32K of internal memory for DMA/internal allocations[0m
[0;32mI (998) main_task: Calling app_main()[0m
[0;33mW (1010) i2c.master: Please check pull-up resistances whether be connected properly. Otherwise unexpected behavior would happen. For more detailed information, please read docs[0m
[0;32mI (1417) GT911: Initialize I2C panel IO[0m
[0;32mI (1417) GT911: Initialize touch controller GT911[0m
[0;33mW (1417) GT911: Unable to initialize the I2C address[0m
[1;31mE (1418) i2c.master: I2C transaction unexpected nack detected[0m
[1;31mE (1424) i2c.master: s_i2c_synchronous_transaction(945): I2C transaction failed[0m
[1;31mE (1431) i2c.master: i2c_master_transmit_receive(1248): I2C transaction failed[0m
[1;31mE (1438) lcd_panel.io.i2c: panel_io_i2c_rx_buffer(145): i2c transaction failed[0m
[1;31mE (1445) GT911: touch_gt911_read_cfg(456): GT911 read error![0m
[1;31mE (1450) GT911: esp_lcd_touch_new_i2c_gt911(163): GT911 init failed[0m
[1;31mE (1456) GT911: Error (0x103)! Touch controller GT911 initialization failed![0m
ESP_ERROR_CHECK failed: esp_err_t 0x103 (ESP_ERR_INVALID_STATE) at 0x42010be6
file: "./components/touch/gt911.c" line 412
func: touch_gt911_init
expression: esp_lcd_touch_new_i2c_gt911(tp_io_handle, &tp_cfg, &tp_handle)

abort() was called at PC 0x4037e7d7 on core 0


Backtrace: 0x40375ff1:0x3fcb71a0 0x4037e7e1:0x3fcb71c0 0x40386312:0x3fcb71e0 0x4037e7d7:0x3fcb7250 0x42010be6:0x3fcb7280 0x4200b4cf:0x3fcb7300 0x420d7f6f:0x3fcb7330




ELF file SHA256: 94d65f880

Rebooting...
ï¿½ï¿½ï¿½ESP-ROM:esp32s3-20210327
Build:Mar 27 2021
rst:0xc (RTC_SW_CPU_RST),boot:0x28 (SPI_FAST_FLASH_BOOT)
Saved PC:0x40375f54
SPIWP:0xee
mode:DIO, clock div:1
load:0x3fce2820,len:0x1710
load:0x403c8700,len:0xec0
load:0x403cb700,len:0x31d4
entry 0x403c894c
[0;32mI (29) boot: ESP-IDF v5.5-dirty 2nd stage bootloader[0m
[0;32mI (29) boot: compile time Oct 10 2025 10:23:37[0m
[0;32mI (29) boot: Multicore bootloader[0m
[0;32mI (30) boot: chip revision: v0.2[0m
[0;32mI (33) boot: efuse block revision: v1.3[0m
[0;32mI (36) qio_mode: Enabling default flash chip QIO[0m
[0;32mI (40) boot.esp32s3: Boot SPI Speed : 80MHz[0m
[0;32mI (44) boot.esp32s3: SPI Mode       : QIO[0m
[0;32mI (48) boot.esp32s3: SPI Flash Size : 16MB[0m
[0;32mI (52) boot: Enabling RNG early entropy source...[0m
[0;32mI (56) boot: Partition Table:[0m
[0;32mI (59) boot: ## Label            Usage          Type ST Offset   Length[0m
[0;32mI (65) boot:  0 nvs              WiFi data        01 02 00009000 00006000[0m
[0;32mI (72) boot:  1 phy_init         RF data          01 01 0000f000 00001000[0m
[0;32mI (78) boot:  2 factory          factory app      00 00 00010000 00800000[0m
[0;32mI (85) boot: End of partition table[0m
[0;32mI (88) esp_image: segment 0: paddr=00010020 vaddr=3c0e0020 size=1b01c4h (1769924) map[0m
[0;32mI (358) esp_image: segment 1: paddr=001c01ec vaddr=3fc9c900 size=057a0h ( 22432) load[0m
[0;32mI (363) esp_image: segment 2: paddr=001c5994 vaddr=40374000 size=0a684h ( 42628) load[0m
[0;32mI (371) esp_image: segment 3: paddr=001d0020 vaddr=42000020 size=d8c98h (887960) map[0m
[0;32mI (503) esp_image: segment 4: paddr=002a8cc0 vaddr=4037e684 size=0e1fch ( 57852) load[0m
[0;32mI (514) esp_image: segment 5: paddr=002b6ec4 vaddr=600fe000 size=00020h (    32) load[0m
[0;32mI (524) boot: Loaded app from partition at offset 0x10000[0m
[0;32mI (524) boot: Disabling RNG early entropy source...[0m
[0;33mW (535) flash HPM: HPM mode is optional feature that depends on flash model. Read Docs First![0m
[0;33mW (535) flash HPM: HPM mode with DC adjustment is disabled. Some flash models may not be supported. Read Docs First![0m
[0;33mW (542) flash HPM: High performance mode of this flash model hasn't been supported.[0m
[0;32mI (549) MSPI Timing: Flash timing tuning index: 2[0m
[0;32mI (554) octal_psram: vendor id    : 0x0d (AP)[0m
[0;32mI (558) octal_psram: dev id       : 0x02 (generation 3)[0m
[0;32mI (563) octal_psram: density      : 0x03 (64 Mbit)[0m
[0;32mI (567) octal_psram: good-die     : 0x01 (Pass)[0m
[0;32mI (571) octal_psram: Latency      : 0x01 (Fixed)[0m
[0;32mI (576) octal_psram: VCC          : 0x01 (3V)[0m
[0;32mI (580) octal_psram: SRF          : 0x01 (Fast Refresh)[0m
[0;32mI (585) octal_psram: BurstType    : 0x01 (Hybrid Wrap)[0m
[0;32mI (590) octal_psram: BurstLen     : 0x01 (32 Byte)[0m
[0;32mI (594) octal_psram: Readlatency  : 0x02 (10 cycles@Fixed)[0m
[0;32mI (599) octal_psram: DriveStrength: 0x00 (1/1)[0m
[0;32mI (611) MSPI Timing: PSRAM timing tuning index: 2[0m
[0;32mI (612) esp_psram: Found 8MB PSRAM device[0m
[0;32mI (612) esp_psram: Speed: 120MHz[0m
[0;32mI (688) mmu_psram: Read only data copied and mapped to SPIRAM[0m
[0;32mI (734) mmu_psram: Instructions copied and mapped to SPIRAM[0m
[0;32mI (734) cpu_start: Multicore app[0m
[0;32mI (872) esp_psram: SPI SRAM memory test OK[0m
[0;32mI (881) cpu_start: Pro cpu start user code[0m
[0;32mI (881) cpu_start: cpu freq: 240000000 Hz[0m
[0;32mI (881) app_init: Application information:[0m
[0;32mI (881) app_init: Project name:     16_LVGL_UI[0m
[0;32mI (885) app_init: App version:      94f2d6e-dirty[0m
[0;32mI (889) app_init: Compile time:     Nov 11 2025 11:08:19[0m
[0;32mI (894) app_init: ELF file SHA256:  94d65f880...[0m
[0;32mI (899) app_init: ESP-IDF:          v5.5-dirty[0m
[0;32mI (903) efuse_init: Min chip rev:     v0.0[0m
[0;32mI (907) efuse_init: Max chip rev:     v0.99 [0m
[0;32mI (911) efuse_init: Chip rev:         v0.2[0m
[0;32mI (915) heap_init: Initializing. RAM available for dynamic allocation:[0m
[0;32mI (921) heap_init: At 3FCB3A08 len 00035D08 (215 KiB): RAM[0m
[0;32mI (926) heap_init: At 3FCE9710 len 00005724 (21 KiB): RAM[0m
[0;32mI (931) heap_init: At 3FCF0000 len 00008000 (32 KiB): DRAM[0m
[0;32mI (936) heap_init: At 600FE020 len 00001FC8 (7 KiB): RTCRAM[0m
[0;32mI (942) esp_psram: Adding pool of 5504K of PSRAM memory to heap allocator[0m
[0;32mI (948) esp_psram: Adding pool of 63K of PSRAM memory gap generated due to end address alignment of drom to the heap allocator[0m
[0;32mI (960) spi_flash: detected chip: generic[0m
[0;32mI (963) spi_flash: flash io: qio[0m
[0;32mI (966) sleep_gpio: Configure to isolate all GPIO pins in sleep state[0m
[0;32mI (972) sleep_gpio: Enable automatic switching of GPIO sleep configuration[0m
[0;32mI (979) coexist: coex firmware version: 831ec70[0m
[0;32mI (992) coexist: coexist rom version e7ae62f[0m
[0;32mI (992) main_task: Started on CPU0[0m
[0;32mI (993) esp_psram: Reserving pool of 32K of internal memory for DMA/internal allocations[0m
[0;32mI (998) main_task: Calling app_main()[0m
[0;33mW (1010) i2c.master: Please check pull-up resistances whether be connected properly. Otherwise unexpected behavior would haï¿½ESP-ROM:esp32s3-20210327[0m
Build:Mar 27 2021
rst:0x1 (POWERON),boot:0x28 (SPI_FAST_FLASH_BOOT)
SPIWP:0xee
mode:DIO, clock div:1
load:0x3fce2820,len:0x1710
load:0x403c8700,len:0xec0
load:0x403cb700,len:0x31d4
entry 0x403c894c
[0;32mI (25) boot: ESP-IDF v5.5-dirty 2nd stage bootloader[0m
[0;32mI (25) boot: compile time Oct 10 2025 10:23:37[0m
[0;32mI (25) boot: Multicore bootloader[0m
[0;32mI (26) boot: chip revision: v0.2[0m
[0;32mI (28) boot: efuse block revision: v1.3[0m
[0;32mI (32) qio_mode: Enabling default flash chip QIO[0m
[0;32mI (36) boot.esp32s3: Boot SPI Speed : 80MHz[0m
[0;32mI (40) boot.esp32s3: SPI Mode       : QIO[0m
[0;32mI (44) boot.esp32s3: SPI Flash Size : 16MB[0m
[0;32mI (48) boot: Enabling RNG early entropy source...[0m
[0;32mI (52) boot: Partition Table:[0m
[0;32mI (55) boot: ## Label            Usage          Type ST Offset   Length[0m
[0;32mI (61) boot:  0 nvs              WiFi data        01 02 00009000 00006000[0m
[0;32mI (68) boot:  1 phy_init         RF data          01 01 0000f000 00001000[0m
[0;32mI (74) boot:  2 factory          factory app      00 00 00010000 00800000[0m
[0;32mI (81) boot: End of partition table[0m
[0;32mI (84) esp_image: segment 0: paddr=00010020 vaddr=3c0e0020 size=1b01c4h (1769924) map[0m
[0;32mI (354) esp_image: segment 1: paddr=001c01ec vaddr=3fc9c900 size=057a0h ( 22432) load[0m
[0;32mI (358) esp_image: segment 2: paddr=001c5994 vaddr=40374000 size=0a684h ( 42628) load[0m
[0;32mI (367) esp_image: segment 3: paddr=001d0020 vaddr=42000020 size=d8c98h (887960) map[0m
[0;32mI (499) esp_image: segment 4: paddr=002a8cc0 vaddr=4037e684 size=0e1fch ( 57852) load[0m
[0;32mI (510) esp_image: segment 5: paddr=002b6ec4 vaddr=600fe000 size=00020h (    32) load[0m
[0;32mI (520) boot: Loaded app from partition at offset 0x10000[0m
[0;32mI (520) boot: Disabling RNG early entropy source...[0m
[0;33mW (530) flash HPM: HPM mode is optional feature that depends on flash model. Read Docs First![0m
[0;33mW (531) flash HPM: HPM mode with DC adjustment is disabled. Some flash models may not be supported. Read Docs First![0m
[0;33mW (538) flash HPM: High performance mode of this flash model hasn't been supported.[0m
[0;32mI (545) MSPI Timing: Flash timing tuning index: 2[0m
[0;32mI (549) octal_psram: vendor id    : 0x0d (AP)[0m
[0;32mI (553) octal_psram: dev id       : 0x02 (generation 3)[0m
[0;32mI (558) octal_psram: density      : 0x03 (64 Mbit)[0m
[0;32mI (563) octal_psram: good-die     : 0x01 (Pass)[0m
[0;32mI (567) octal_psram: Latency      : 0x01 (Fixed)[0m
[0;32mI (571) octal_psram: VCC          : 0x01 (3V)[0m
[0;32mI (576) octal_psram: SRF          : 0x01 (Fast Refresh)[0m
[0;32mI (581) octal_psram: BurstType    : 0x01 (Hybrid Wrap)[0m
[0;32mI (585) octal_psram: BurstLen     : 0x01 (32 Byte)[0m
[0;32mI (590) octal_psram: Readlatency  : 0x02 (10 cycles@Fixed)[0m
[0;32mI (595) octal_psram: DriveStrength: 0x00 (1/1)[0m
[0;32mI (607) MSPI Timing: PSRAM timing tuning index: 2[0m
[0;32mI (607) esp_psram: Found 8MB PSRAM device[0m
[0;32mI (608) esp_psram: Speed: 120MHz[0m
[0;32mI (684) mmu_psram: Read only data copied and mapped to SPIRAM[0m
[0;32mI (730) mmu_psram: Instructions copied and mapped to SPIRAM[0m
[0;32mI (730) cpu_start: Multicore app[0m
[0;32mI (868) esp_psram: SPI SRAM memory test OK[0m
[0;32mI (876) cpu_start: Pro cpu start user code[0m
[0;32mI (876) cpu_start: cpu freq: 240000000 Hz[0m
[0;32mI (877) app_init: Application information:[0m
[0;32mI (877) app_init: Project name:     16_LVGL_UI[0m
[0;32mI (881) app_init: App version:      94f2d6e-dirty[0m
[0;32mI (885) app_init: Compile time:     Nov 11 2025 11:08:19[0m
[0;32mI (890) app_init: ELF file SHA256:  94d65f880...[0m
[0;32mI (895) app_init: ESP-IDF:          v5.5-dirty[0m
[0;32mI (899) efuse_init: Min chip rev:     v0.0[0m
[0;32mI (903) efuse_init: Max chip rev:     v0.99 [0m
[0;32mI (907) efuse_init: Chip rev:         v0.2[0m
[0;32mI (910) heap_init: Initializing. RAM available for dynamic allocation:[0m
[0;32mI (917) heap_init: At 3FCB3A08 len 00035D08 (215 KiB): RAM[0m
[0;32mI (922) heap_init: At 3FCE9710 len 00005724 (21 KiB): RAM[0m
[0;32mI (927) heap_init: At 3FCF0000 len 00008000 (32 KiB): DRAM[0m
[0;32mI (932) heap_init: At 600FE020 len 00001FC8 (7 KiB): RTCRAM[0m
[0;32mI (937) esp_psram: Adding pool of 5504K of PSRAM memory to heap allocator[0m
[0;32mI (944) esp_psram: Adding pool of 63K of PSRAM memory gap generated due to end address alignment of drom to the heap allocator[0m
[0;32mI (955) spi_flash: detected chip: generic[0m
[0;32mI (959) spi_flash: flash io: qio[0m
[0;32mI (962) sleep_gpio: Configure to isolate all GPIO pins in sleep state[0m
[0;32mI (968) sleep_gpio: Enable automatic switching of GPIO sleep configuration[0m
[0;32mI (975) coexist: coex firmware version: 831ec70[0m
[0;32mI (988) coexist: coexist rom version e7ae62f[0m
[0;32mI (988) main_task: Started on CPU0[0m
[0;32mI (989) esp_psram: Reserving pool of 32K of internal memory for DMA/internal allocations[0m
[0;32mI (994) main_task: Calling app_main()[0m
[0;33mW (1006) i2c.master: Please check pull-up resistances whether be connected properly. Otherwise unexpected behavior would happen. For more detailed information, please read docs[0m
[0;32mI (1413) GT911: Initialize I2C panel IO[0m
[0;32mI (1413) GT911: Initialize touch controller GT911[0m
[0;33mW (1413) GT911: Unable to initialize the I2C address[0m
[1;31mE (1414) i2c.master: I2C transaction unexpected nack detected[0m
[1;31mE (1420) i2c.master: s_i2c_synchronous_transaction(945): I2C transaction failed[0m
[1;31mE (1427) i2c.master: i2c_master_transmit_receive(1248): I2C transaction failed[0m
[1;31mE (1434) lcd_panel.io.i2c: panel_io_i2c_rx_buffer(145): i2c transaction failed[0m
[1;31mE (1441) GT911: touch_gt911_read_cfg(456): GT911 read error![0m
[1;31mE (1446) GT911: esp_lcd_touch_new_i2c_gt911(163): GT911 init failed[0m
[1;31mE (1452) GT911: Error (0x103)! Touch controller GT911 initialization failed![0m
ESP_ERROR_CHECK failed: esp_err_t 0x103 (ESP_ERR_INVALID_STATE) at 0x42010be6
file: "./components/touch/gt911.c" line 412
func: touch_gt911_init
expression: esp_lcd_touch_new_i2c_gt911(tp_io_handle, &tp_cfg, &tp_handle)

abort() was called at PC 0x4037e7d7 on core 0


Backtrace: 0x40375ff1:0x3fcb71a0 0x4037e7e1:0x3fcb71c0 0x40386312:0x3fcb71e0 0x4037e7d7:0x3fcb7250 0x42010be6:0x3fcb7280 0x4200b4cf:0x3fcb7300 0x420d7f6f:0x3fcb7330




ELF file SHA256: 94d65f880

Rebooting...
ï¿½ï¿½ï¿½ESP-ROM:esp32s3-20210327
Build:Mar 27 2021
rst:0xc (RTC_SW_CPU_RST),boot:0x28 (SPI_FAST_FLASH_BOOT)
Saved PC:0x40375f54
SPIWP:0xee
mode:DIO, clock div:1
load:0x3fce2820,len:0x1710
load:0x403c8700,len:0xec0
load:0x403cb700,len:0x31d4
entry 0x403c894c
[0;32mI (29) boot: ESP-IDF v5.5-dirty 2nd stage bootloader[0m
[0;32mI (29) boot: compile time Oct 10 2025 10:23:37[0m
[0;32mI (29) boot: Multicore bootloader[0m
[0;32mI (30) boot: chip revision: v0.2[0m
[0;32mI (33) boot: efuse block revision: v1.3[0m
[0;32mI (36) qio_mode: Enabling default flash chip QIO[0m
[0;32mI (40) boot.esp32s3: Boot SPI Speed : 80MHz[0m
[0;32mI (44) boot.esp32s3: SPI Mode       : QIO[0m
[0;32mI (48) boot.esp32s3: SPI Flash Size : 16MB[0m
[0;32mI (52) boot: Enabling RNG early entropy source...[0m
[0;32mI (56) boot: Partition Table:[0m
[0;32mI (59) boot: ## Label            Usage          Type ST Offset   Length[0m
[0;32mI (65) boot:  0 nvs              WiFi data        01 02 00009000 00006000[0m
[0;32mI (72) boot:  1 phy_init         RF data          01 01 0000f000 00001000[0m
[0;32mI (78) boot:  2 factory          factory app      00 00 00010000 00800000[0m
[0;32mI (85) boot: End of partition table[0m
[0;32mI (88) esp_image: segment 0: paddr=00010020 vaddr=3c0e0020 size=1b01c4h (1769924) map[0m
[0;32mI (358) esp_image: segment 1: paddr=001c01ec vaddr=3fc9c900 size=057a0h ( 22432) load[0m
[0;32mI (363) esp_image: segment 2: paddr=001c5994 vaddr=40374000 size=0a684h ( 42628) load[0m
[0;32mI (371) esp_image: segment 3: paddr=001d0020 vaddr=42000020 size=d8c98h (887960) map[0m
[0;32mI (503) esp_image: segment 4: paddr=002a8cc0 vaddr=4037e684 size=0e1fch ( 57852) load[0m
[0;32mI (514) esp_image: segment 5: paddr=002b6ec4 vaddr=600fe000 size=00020h (    32) load[0m
[0;32mI (524) boot: Loaded app from partition at offset 0x10000[0m
[0;32mI (524) boot: Disabling RNG early entropy source...[0m
[0;33mW (535) flash HPM: HPM mode is optional feature that depends on flash model. Read Docs First![0m
[0;33mW (535) flash HPM: HPM mode with DC adjustment is disabled. Some flash models may not be supported. Read Docs First![0m
[0;33mW (542) flash HPM: High performance mode of this flash model hasn't been supported.[0m
[0;32mI (549) MSPI Timing: Flash timing tuning index: 2[0m
[0;32mI (554) octal_psram: vendor id    : 0x0d (AP)[0m
[0;32mI (558) octal_psram: dev id       : 0x02 (generation 3)[0m
[0;32mI (563) octal_psram: density      : 0x03 (64 Mbit)[0m
[0;32mI (567) octal_psram: good-die     : 0x01 (Pass)[0m
[0;32mI (571) octal_psram: Latency      : 0x01 (Fixed)[0m
[0;32mI (576) octal_psram: VCC          : 0x01 (3V)[0m
[0;32mI (580) octal_psram: SRF          : 0x01 (Fast Refresh)[0m
[0;32mI (585) octal_psram: BurstType    : 0x01 (Hybrid Wrap)[0m
[0;32mI (590) octal_psram: BurstLen     : 0x01 (32 Byte)[0m
[0;32mI (594) octal_psram: Readlatency  : 0x02 (10 cycles@Fixed)[0m
[0;32mI (599) octal_psram: DriveStrength: 0x00 (1/1)[0m
[0;32mI (612) MSPI Timing: PSRAM timing tuning index: 2[0m
[0;32mI (612) esp_psram: Found 8MB PSRAM device[0m
[0;32mI (612) esp_psram: Speed: 120MHz[0m
[0;32mI (688) mmu_psram: Read only data copied and mapped to SPIRAM[0m
[0;32mI (734) mmu_psram: Instructions copied and mapped to SPIRAM[0m
[0;32mI (734) cpu_start: Multicore app[0m
[0;32mI (872) esp_psram: SPI SRAM memory test OK[0m
[0;32mI (881) cpu_start: Pro cpu start user code[0m
[0;32mI (881) cpu_start: cpu freq: 240000000 Hz[0m
[0;32mI (881) app_init: Application information:[0m
[0;32mI (881) app_init: Project name:     16_LVGL_UI[0m
[0;32mI (885) app_init: App version:      94f2d6e-dirty[0m
[0;32mI (889) app_init: Compile time:     Nov 11 2025 11:08:19[0m
[0;32mI (894) app_init: ELF file SHA256:  94d65f880...[0m
[0;32mI (899) app_init: ESP-IDF:          v5.5-dirty[0m
[0;32mI (903) efuse_init: Min chip rev:     v0.0[0m
[0;32mI (907) efuse_init: Max chip rev:     v0.99 [0m
[0;32mI (911) efuse_init: Chip rev:         v0.2[0m
[0;32mI (915) heap_init: Initializing. RAM available for dynamic allocation:[0m
[0;32mI (921) heap_init: At 3FCB3A08 len 00035D08 (215 KiB): RAM[0m
[0;32mI (926) heap_init: At 3FCE9710 len 00005724 (21 KiB): RAM[0m
[0;32mI (931) heap_init: At 3FCF0000 len 00008000 (32 KiB): DRAM[0m
[0;32mI (936) heap_init: At 600FE020 len 00001FC8 (7 KiB): RTCRAM[0m
[0;32mI (942) esp_psram: Adding pool of 5504K of PSRAM memory to heap allocator[0m
[0;32mI (948) esp_psram: Adding pool of 63K of PSRAM memory gap generated due to end address alignment of drom to the heap allocator[0m
[0;32mI (960) spi_flash: detected chip: generic[0m
[0;32mI (963) spi_flash: flash io: qio[0m
[0;32mI (966) sleep_gpio: Configure to isolate all GPIO pins in sleep state[0m
[0;32mI (972) sleep_gpio: Enable automatic switching of GPIO sleep configuration[0m
[0;32mI (979) coexist: coex firmware version: 831ec70[0m
[0;32mI (992) coexist: coexist rom version e7ae62f[0m
[0;32mI (992) main_task: Started on CPU0[0m
[0;32mI (993) esp_psram: Reserving pool of 32K of internal memory for DMA/internal allocations[0m
[0;32mI (998) main_task: Calling app_main()[0m
[0;33mW (1010) i2c.master: Please check pull-up resistances whether be connected properly. Otherwise unexpected behavior would happen. For more detailed information, please read docs[0m
[0;32mI (1417) GT911: Initialize I2C panel IO[0m
[0;32mI (1417) GT911: Initialize touch controller GT911[0m
[0;33mW (1417) GT911: Unable to initialize the I2C address[0m
[1;31mE (1418) i2c.master: I2C transaction unexpected nack detected[0m
[1;31mE (1424) i2c.master: s_i2c_synchronous_transaction(945): I2C transaction failed[0m
[1;31mE (1431) i2c.master: i2c_master_transmit_receive(1248): I2C transaction failed[0m
[1;31mE (1438) lcd_panel.io.i2c: panel_io_i2c_rx_buffer(145): i2c transaction failed[0m
[1;31mE (1445) GT911: touch_gt911_read_cfg(456): GT911 read error![0m
[1;31mE (1450) GT911: esp_lcd_touch_new_i2c_gt911(163): GT911 init failed[0m
[1;31mE (1456) GT911: Error (0x103)! Touch controller GT911 initialization failed![0m
ESP_ERROR_CHECK failed: esp_err_t 0x103 (ESP_ERR_INVALID_STATE) at 0x42010be6
file: "./components/touch/gt911.c" line 412
func: touch_gt911_init
expression: esp_lcd_touch_new_i2c_gt911(tp_io_handle, &tp_cfg, &tp_handle)

abort() was called at PC 0x4037e7d7 on core 0


Backtrace: 0x40375ff1:0x3fcb71a0 0x4037e7e1:0x3fcb71c0 0x40386312:0x3fcb71e0 0x4037e7d7:0x3fcb7250 0x42010be6:0x3fcb7280 0x4200b4cf:0x3fcb7300 0x420d7f6f:0x3fcb7330




ELF file SHA256: 94d65f880

Rebooting...
ï¿½ï¿½ï¿½ESP-ROM:esp32s3-20210327
Build:Mar 27 2021
rst:0xc (RTC_SW_CPU_RST),boot:0x28 (SPI_FAST_FLASH_BOOT)
Saved PC:0x40375f54
SPIWP:0xee
mode:DIO, clock div:1
load:0x3fce2820,len:0x1710
load:0x403c8700,len:0xec0
load:0x403cb700,len:0x31d4
entry 0x403c894c
[0;32mI (29) boot: ESP-IDF v5.5-dirty 2nd stage bootloader[0m
[0;32mI (29) boot: compile time Oct 10 2025 10:23:37[0m
[0;32mI (29) boot: Multicore bootloader[0m
[0;32mI (30) boot: chip revision: v0.2[0m
[0;32mI (33) boot: efuse block revision: v1.3[0m
[0;32mI (36) qio_mode: Enabling default flash chip QIO[0m
[0;32mI (40) boot.esp32s3: Boot SPI Speed : 80MHz[0m
[0;32mI (44) boot.esp32s3: SPI Mode       : QIO[0m
[0;32mI (48) boot.esp32s3: SPI Flash Size : 16MB[0m
[0;32mI (52) boot: Enabling RNG early entropy source...[0m
[0;32mI (56) boot: Partition Table:[0m
[0;32mI (59) boot: ## Label            Usage          Type ST Offset   Length[0m
[0;32mI (65) boot:  0 nvs              WiFi data        01 02 00009000 00006000[0m
[0;32mI (72) boot:  1 phy_init         RF data          01 01 0000f000 00001000[0m
[0;32mI (78) boot:  2 factory          factory app      00 00 00010000 00800000[0m
[0;32mI (85) boot: End of partition table[0m
[0;32mI (88) esp_image: segment 0: paddr=00010020 vaddr=3c0e0020 size=1b01c4h (1769924) map[0m
ESP-ROM:esp32s3-20210327
Build:Mar 27 2021
rst:0x1 (POWERON),boot:0x28 (SPI_FAST_FLASH_BOOT)
SPIWP:0xee
mode:DIO, clock div:1
load:0x3fce2820,len:0x1710
load:0x403c8700,len:0xec0
load:0x403cb700,len:0x31d4
entry 0x403c894c
[0;32mI (25) boot: ESP-IDF v5.5-dirty 2nd stage bootloader[0m
[0;32mI (25) boot: compile time Oct 10 2025 10:23:37[0m
[0;32mI (25) boot: Multicore bootloader[0m
[0;32mI (26) boot: chip revision: v0.2[0m
[0;32mI (28) boot: efuse block revision: v1.3[0m
[0;32mI (32) qio_mode: Enabling default flash chip QIO[0m
[0;32mI (36) boot.esp32s3: Boot SPI Speed : 80MHz[0m
[0;32mI (40) boot.esp32s3: SPI Mode       : QIO[0m
[0;32mI (44) boot.esp32s3: SPI Flash Size : 16MB[0m
[0;32mI (48) boot: Enabling RNG early entropy source...[0m
[0;32mI (52) boot: Partition Table:[0m
[0;32mI (55) boot: ## Label            Usage          Type ST Offset   Length[0m
[0;32mI (61) boot:  0 nvs              WiFi data        01 02 00009000 00006000[0m
[0;32mI (68) boot:  1 phy_init         RF data          01 01 0000f000 00001000[0m
[0;32mI (74) boot:  2 factory          factory app      00 00 00010000 00800000[0m
[0;32mI (81) boot: End of partition table[0m
[0;32mI (84) esp_image: segment 0: paddr=00010020 vaddr=3c0e0020 size=1b01c4h (1769924) map[0m
[0;32mI (354) esp_image: segment 1: paddr=001c01ec vaddr=3fc9c900 size=057a0h ( 22432) load[0m
[0;32mI (358) esp_image: segment 2: paddr=001c5994 vaddr=40374000 size=0a684h ( 42628) load[0m
[0;32mI (367) esp_image: segment 3: paddr=001d0020 vaddr=42000020 size=d8c98h (887960) map[0m
[0;32mI (499) esp_image: segment 4: paddr=002a8cc0 vaddr=4037e684 size=0e1fch ( 57852) load[0m
[0;32mI (510) esp_image: segment 5: paddr=002b6ec4 vaddr=600fe000 size=00020h (    32) load[0m
[0;32mI (520) boot: Loaded app from partition at offset 0x10000[0m
[0;32mI (520) boot: Disabling RNG early entropy source...[0m
[0;33mW (530) flash HPM: HPM mode is optional feature that depends on flash model. Read Docs First![0m
[0;33mW (531) flash HPM: HPM mode with DC adjustment is disabled. Some flash models may not be supported. Read Docs First![0m
[0;33mW (538) flash HPM: High performance mode of this flash model hasn't been supported.[0m
[0;32mI (545) MSPI Timing: Flash timing tuning index: 2[0m
[0;32mI (549) octal_psram: vendor id    : 0x0d (AP)[0m
[0;32mI (553) octal_psram: dev id       : 0x02 (generation 3)[0m
[0;32mI (558) octal_psram: density      : 0x03 (64 Mbit)[0m
[0;32mI (563) octal_psram: good-die     : 0x01 (Pass)[0m
[0;32mI (567) octal_psram: Latency      : 0x01 (Fixed)[0m
[0;32mI (571) octal_psram: VCC          : 0x01 (3V)[0m
[0;32mI (576) octal_psram: SRF          : 0x01 (Fast Refresh)[0m
[0;32mI (581) octal_psram: BurstType    : 0x01 (Hybrid Wrap)[0m
[0;32mI (585) octal_psram: BurstLen     : 0x01 (32 Byte)[0m
[0;32mI (590) octal_psram: Readlatency  : 0x02 (10 cycles@Fixed)[0m
[0;32mI (595) octal_psram: DriveStrength: 0x00 (1/1)[0m
[0;32mI (607) MSPI Timing: PSRAM timing tuning index: 2[0m
[0;32mI (607) esp_psram: Found 8MB PSRAM device[0m
[0;32mI (608) esp_psram: Speed: 120MHz[0m
[0;32mI (684) mmu_psram: Read only data copied and mapped to SPIRAM[0m
[0;32mI (730) mmu_psram: Instructions copied and mapped to SPIRAM[0m
[0;32mI (730) cpu_start: Multicore app[0m
[0;32mI (868) esp_psram: SPI SRAM memory test OK[0m
[0;32mI (876) cpu_start: Pro cpu start user code[0m
[0;32mI (876) cpu_start: cpu freq: 240000000 Hz[0m
[0;32mI (877) app_init: Application information:[0m
[0;32mI (877) app_init: Project name:     16_LVGL_UI[0m
[0;32mI (881) app_init: App version:      94f2d6e-dirty[0m
[0;32mI (885) app_init: Compile time:     Nov 11 2025 11:08:19[0m
[0;32mI (890) app_init: ELF file SHA256:  94d65f880...[0m
[0;32mI (895) app_init: ESP-IDF:          v5.5-dirty[0m
[0;32mI (899) efuse_init: Min chip rev:     v0.0[0m
[0;32mI (903) efuse_init: Max chip rev:     v0.99 [0m
[0;32mI (907) efuse_init: Chip rev:         v0.2[0m
[0;32mI (910) heap_init: Initializing. RAM available for dynamic allocation:[0m
[0;32mI (917) heap_init: At 3FCB3A08 len 00035D08 (215 KiB): RAM[0m
[0;32mI (922) heap_init: At 3FCE9710 len 00005724 (21 KiB): RAM[0m
[0;32mI (927) heap_init: At 3FCF0000 len 00008000 (32 KiB): DRAM[0m
[0;32mI (932) heap_init: At 600FE020 len 00001FC8 (7 KiB): RTCRAM[0m
[0;32mI (937) esp_psram: Adding pool of 5504K of PSRAM memory to heap allocator[0m
[0;32mI (944) esp_psram: Adding pool of 63K of PSRAM memory gap generated due to end address alignment of drom to the heap allocator[0m
[0;32mI (955) spi_flash: detected chip: generic[0m
[0;32mI (959) spi_flash: flash io: qio[0m
[0;32mI (962) sleep_gpio: Configure to isolate all GPIO pins in sleep state[0m
[0;32mI (968) sleep_gpio: Enable automatic switching of GPIO sleep configuration[0m
[0;32mI (975) coexist: coex firmware version: 831ec70[0m
[0;32mI (988) coexist: coexist rom version e7ae62f[0m
[0;32mI (988) main_task: Started on CPU0[0m
[0;32mI (989) esp_psram: Reserving pool of 32K of internal memory for DMA/internal allocations[0m
[0;32mI (994) main_task: Calling app_main()[0m
[0;33mW (1006) i2c.master: Please check pull-up resistances whether be connected properly. Otherwise unexpected behavior would happen. For more detailed information, please read docs[0m
[0;32mI (1413) GT911: Initialize I2C panel IO[0m
[0;32mI (1413) GT911: Initialize touch controller GT911[0m
[0;33mW (1413) GT911: Unable to initialize the I2C address[0m
[1;31mE (1414) i2c.master: I2C transaction unexpected nack detected[0m
[1;31mE (1420) i2c.master: s_i2c_synchronous_transaction(945): I2C transaction failed[0m
[1;31mE (1427) i2c.master: i2c_master_transmit_receive(1248): I2C transaction failed[0m
[1;31mE (1434) lcd_panel.io.i2c: panel_io_i2c_rx_buffer(145): i2c transaction failed[0m
[1;31mE (1441) GT911: touch_gt911_read_cfg(456): GT911 read error![0m
[1;31mE (1446) GT911: esp_lcd_touch_new_i2c_gt911(163): GT911 init failed[0m
[1;31mE (1452) GT911: Error (0x103)! Touch controller GT911 initialization failed![0m
ESP_ERROR_CHECK failed: esp_err_t 0x103 (ESP_ERR_INVALID_STATE) at 0x42010be6
file: "./components/touch/gt911.c" line 412
func: touch_gt911_init
expression: esp_lcd_touch_new_i2c_gt911(tp_io_handle, &tp_cfg, &tp_handle)

abort() was called at PC 0x4037e7d7 on core 0


Backtrace: 0x40375ff1:0x3fcb71a0 0x4037e7e1:0x3fcb71c0 0x40386312:0x3fcb71e0 0x4037e7d7:0x3fcb7250 0x42010be6:0x3fcb7280 0x4200b4cf:0x3fcb7300 0x420d7f6f:0x3fcb7330




ELF file SHA256: 94d65f880

Rebooting...
ï¿½ï¿½ï¿½ESP-ROM:esp32s3-20210327
Build:Mar 27 2021
rst:0xc (RTC_SW_CPU_RST),boot:0x28 (SPI_FAST_FLASH_BOOT)
Saved PC:0x40375f54
SPIWP:0xee
mode:DIO, clock div:1
load:0x3fce2820,len:0x1710
load:0x403c8700,len:0xec0
load:0x403cb700,len:0x31d4
entry 0x403c894c
[0;32mI (29) boot: ESP-IDF v5.5-dirty 2nd stage bootloader[0m
[0;32mI (29) boot: compile time Oct 10 2025 10:23:37[0m
[0;32mI (29) boot: Multicore bootloader[0m
[0;32mI (30) boot: chip revision: v0.2[0m
[0;32mI (33) boot: efuse block revision: v1.3[0m
[0;32mI (36) qio_mode: Enabling default flash chip QIO[0m
[0;32mI (40) boot.esp32s3: Boot SPI Speed : 80MHz[0m
[0;32mI (44) boot.esp32s3: SPI Mode       : QIO[0m
[0;32mI (48) boot.esp32s3: SPI Flash Size : 16MB[0m
[0;32mI (52) boot: Enabling RNG early entropy source...[0m
[0;32mI (56) boot: Partition Table:[0m
[0;32mI (59) boot: ## Label            Usage          Type ST Offset   Length[0m
[0;32mI (65) boot:  0 nvs              WiFi data        01 02 00009000 00006000[0m
[0;32mI (72) boot:  1 phy_init         RF data          01 01 0000f000 00001000[0m
[0;32mI (78) boot:  2 factory          factory app      00 00 00010000 00800000[0m
[0;32mI (85) boot: End of partition table[0m
[0;32mI (88) esp_image: segment 0: paddr=00010020 vaddr=3c0e0020 size=1b01c4h (1769924) map[0m
[0;32mI (358) esp_image: segment 1: paddr=001c01ec vaddr=3fc9c900 size=057a0h ( 22432) load[0m
[0;32mI (363) esp_image: segment 2: paddr=001c5994 vaddr=40374000 size=0a684h ( 42628) load[0m
[0;32mI (371) esp_image: segment 3: paddr=001d0020 vaddr=42000020 size=d8c98h (887960) map[0m
[0;32mI (503) esp_image: segment 4: paddr=002a8cc0 vaddr=4037e684 size=0e1fch ( 57852) load[0m
[0;32mI (514) esp_image: segment 5: paddr=002b6ec4 vaddr=600fe000 size=00020h (    32) load[0m
[0;32mI (524) boot: Loaded app from partition at offset 0x10000[0m
[0;32mI (524) boot: Disabling RNG early entropy source...[0m
[0;33mW (535) flash HPM: HPM mode is optional feature that depends on flash model. Read Docs First![0m
[0;33mW (535) flash HPM: HPM mode with DC adjustment is disabled. Some flash models may not be supported. Read Docs First![0m
[0;33mW (542) flash HPM: High performance mode of this flash model hasn't been supported.[0m
[0;32mI (549) MSPI Timing: Flash timing tuning index: 2[0m
[0;32mI (554) octal_psram: vendor id    : 0x0d (AP)[0m
[0;32mI (558) octal_psram: dev id       : 0x02 (generation 3)[0m
[0;32mI (563) octal_psram: density      : 0x03 (64 Mbit)[0m
[0;32mI (567) octal_psram: good-die     : 0x01 (Pass)[0m
[0;32mI (571) octal_psram: Latency      : 0x01 (Fixed)[0m
[0;32mI (576) octal_psram: VCC          : 0x01 (3V)[0m
[0;32mI (580) octal_psram: SRF          : 0x01 (Fast Refresh)[0m
[0;32mI (585) octal_psram: BurstType    : 0x01 (Hybrid Wrap)[0m
[0;32mI (590) octal_psram: BurstLen     : 0x01 (32 Byte)[0m
[0;32mI (594) octal_psram: Readlatency  : 0x02 (10 cycles@Fixed)[0m
[0;32mI (599) octal_psram: DriveStrength: 0x00 (1/1)[0m
[0;32mI (611) MSPI Timing: PSRAM timing tuning index: 2[0m
[0;32mI (612) esp_psram: Found 8MB PSRAM device[0m
[0;32mI (612) esp_psram: Speed: 120MHz[0m
[0;32mI (688) mmu_psram: Read only data copied and mapped to SPIRAM[0m
[0;32mI (734) mmu_psram: Instructions copied and mapped to SPIRAM[0m
[0;32mI (734) cpu_start: Multicore app[0m
[0;32mI (872) esp_psram: SPI SRAM memory test OK[0m
[0;32mI (881) cpu_start: Pro cpu start user code[0m
[0;32mI (881) cpu_start: cpu freq: 240000000 Hz[0m
[0;32mI (881) app_init: Application information:[0m
[0;32mI (881) app_init: Project name:     16_LVGL_UI[0m
[0;32mI (885) app_init: App version:      94f2d6e-dirty[0m
[0;32mI (889) app_init: Compile time:     Nov 11 2025 11:08:19[0m
[0;32mI (894) app_init: ELF file SHA256:  94d65f880...[0m
[0;32mI (899) app_init: ESP-IDF:          v5.5-dirty[0m
[0;32mI (903) efuse_init: Min chip rev:     v0.0[0m
[0;32mI (907) efuse_init: Max chip rev:     v0.99 [0m
[0;32mI (911) efuse_init: Chip rev:         v0.2[0m
[0;32mI (915) heap_init: Initializing. RAM available for dynamic allocation:[0m
[0;32mI (921) heap_init: At 3FCB3A08 len 00035D08 (215 KiB): RAM[0m
[0;32mI (926) heap_init: At 3FCE9710 len 00005724 (21 KiB): RAM[0m
[0;32mI (931) heap_init: At 3FCF0000 len 00008000 (32 KiB): DRAM[0m
[0;32mI (936) heap_init: At 600FE020 len 00001FC8 (7 KiB): RTCRAM[0m
[0;32mI (942) esp_psram: Adding pool of 5504K of PSRAM memory to heap allocator[0m
[0;32mI (948) esp_psram: Adding pool of 63K of PSRAM memory gap generated due to end address alignment of drom to the heap allocator[0m
[0;32mI (960) spi_flash: detected chip: generic[0m
[0;32mI (963) spi_flash: flash io: qio[0m
[0;32mI (966) sleep_gpio: Configure to isolate all GPIO pins in sleep state[0m
[0;32mI (972) sleep_gpio: Enable automatic switching of GPIO sleep configuration[0m
[0;32mI (979) coexist: coex firmware version: 831ec70[0m
[0;32mI (992) coexist: coexist rom version e7ae62f[0m
[0;32mI (992) main_task: Started on CPU0[0m
[0;32mI (993) esp_psram: Reserving pool of 32K of internal memory for DMA/internal allocations[0m
[0;32mI (998) main_task: Calling app_main()[0m
[0;33mW (1010) i2c.master: Please check pull-up resistances whether be connected properly. Otherwise unexpected behavior would happen. For more detailed information, please read docs[0m
[0;32mI (1417) GT911: Initialize I2C panel IO[0m
[0;32mI (1417) GT911: Initialize touch controller GT911[0m
[0;33mW (1417) GT911: Unable to initialize the I2C address[0m
[1;31mE (1418) i2c.master: I2C transaction unexpected nack detected[0m
[1;31mE (1424) i2c.master: s_i2c_synchronous_transaction(945): I2C transaction failed[0m
[1;31mE (1431) i2c.master: i2c_master_transmit_receive(1248): I2C transaction failed[0m
[1;31mE (1438) lcd_panel.io.i2c: panel_io_i2c_rx_buffer(145): i2c transaction failed[0m
[1;31mE (1445) GT911: touch_gt911_read_cfg(456): GT911 read error![0m
[1;31mE (1450) GT911: esp_lcd_touch_new_i2c_gt911(163): GT911 init failed[0m
[1;31mE (1456) GT911: Error (0x103)! Touch controller GT911 initialization failed![0m
ESP_ERROR_CHECK failed: esp_err_t 0x103 (ESP_ERR_INVALID_STATE) at 0x42010be6
file: "./components/touch/gt911.c" line 412
func: touch_gt911_init
expression: esp_lcd_touch_new_i2c_gt911(tp_io_handle, &tp_cfg, &tp_handle)

abort() was called at PC 0x4037e7d7 on core 0


Backtrace: 0x40375ff1:0x3fcb71a0 0x4037e7e1:0x3fcb71c0 0x40386312:0x3fcb71e0 0x4037e7d7:0x3fcb7250 0x42010be6:0x3fcb7280 0x4200b4cf:0x3fcb7300 0x420d7f6f:0x3fcb7330




ELF file SHA256: 94d65f880

Rebooting...
ï¿½ï¿½ï¿½ESP-ROM:esp32s3-20210327
Build:Mar 27 2021
rst:0xc (RTC_SW_CPU_RST),boot:0x28 (SPI_FAST_FLASH_BOOT)
Saved PC:0x40375f54
SPIWP:0xee
mode:DIO, clock div:1
load:0x3fce2820,len:0x1710
load:0x403c8700,len:0xec0
load:0x403cb700,len:0x31d4
entry 0x403c894c
[0;32mI (29) boot: ESP-IDF v5.5-dirty 2nd stage bootloader[0m
[0;32mI (29) boot: compile time Oct 10 2025 10:23:37[0m
[0;32mI (29) boot: Multicore bootloader[0m
[0;32mI (30) boot: chip revision: v0.2[0m
[0;32mI (33) boot: efuse block revision: v1.3[0m
[0;32mI (36) qio_mode: Enabling default flash chip QIO[0m
[0;32mI (40) boot.esp32s3: Boot SPI Speed : 80MHz[0m
[0;32mI (44) boot.esp32s3: SPI Mode       : QIO[0m
[0;32mI (48) boot.esp32s3: SPI Flash Size : 16MB[0m
[0;32mI (52) boot: Enabling RNG early entropy source...[0m
[0;32mI (56) boot: Partition Table:[0m
[0;32mI (59) boot: ## Label            Usage          Type ST Offset   Length[0m
[0;32mI (65) boot:  0 nvs              WiFi data        01 02 00009000 00006000[0m
[0;32mI (72) boot:  1 phy_init         RF data          01 01 0000f000 00001000[0m
[0;32mI (78) boot:  2 factory          factory app      00 00 00010000 00800000[0m
[0;32mI (85) boot: End of partition table[0m
[0;32mI (88) esp_image: segment 0: paddr=00010020 vaddr=3c0e0020 size=1b01c4h (1769924) map[0m
[0;32mI (358) esp_image: segment 1: paddr=001c01ec vaddr=3fc9c900 size=057a0h ( 22432) load[0m
[0;32mI (363) esp_image: segment 2: paddr=001c5994 vaddr=40374000 size=0a684h ( 42628) load[0m
[0;32mI (371) esp_image: segment 3: paddr=001d0020 vaddr=42000020 size=d8c98h (887960) map[0m
[0;32mI (503) esp_image: segment 4: paddr=002a8cc0 vaddr=4037e684 size=0e1fch ( 57852) load[0m
[0;32mI (514) esp_image: segment 5: paddr=002b6ec4 vaddr=600fe000 size=00020h (    32) load[0m
[0;32mI (524) boot: Loaded app from partition at offset 0x10000[0m
[0;32mI (524) boot: Disabling RNG early entropy source...[0m
[0;33mW (535) flash HPM: HPM mode is optional feature that depends on flash model. Read Docs First![0m
[0;33mW (535) flash HPM: HPM mode with DC adjustment is disabled. Some flash models may not be supported. Read Docs First![0m
[0;33mW (542) flash HPM: High performance mode of this flash model hasn't been supported.[0m
[0;32mI (549) MSPI Timing: Flash timing tuning index: 2[0m
[0;32mI (554) octal_psram: vendor id    : 0x0d (AP)[0m
[0;32mI (558) octal_psram: dev id       : 0x02 (generation 3)[0m
[0;32mI (563) octal_psram: density      : 0x03 (64 Mbit)[0m
[0;32mI (567) octal_psram: good-die     : 0x01 (Pass)[0m
[0;32mI (571) octal_psram: Latency      : 0x01 (Fixed)[0m
[0;32mI (576) octal_psram: VCC          : 0x01 (3V)[0m
[0;32mI (580) octal_psram: SRF          : 0x01 (Fast Refresh)[0m
[0;32mI (585) octal_psram: BurstType    : 0x01 (Hybrid Wrap)[0m
[0;32mI (590) octal_psram: BurstLen     : 0x01 (32 Byte)[0m
[0;32mI (594) octal_psram: Readlatency  : 0x02 (10 cycles@Fixed)[0m
[0;32mI (599) octal_psram: DriveStrength: 0x00 (1/1)[0m
[0;32mI (611) MSPI Timing: PSRAM timing tuning index: 2[0m
[0;32mI (611) esp_psram: Found 8MB PSRAM device[0m
[0;32mI (612) esp_psram: Speed: 120MHz[0m
[0;32mI (688) mmu_psram: Read only data copied and mapped to SPIRAM[0m
[0;32mI (734) mmu_psram: Instructions copied and mapped to SPIRAM[0m
[0;32mI (734) cpu_start: Multicore app[0m
Ô½ï¿½ï¿½ï¿½ï¿½ Read Docs First!
[0;33mW (531) flash HPM: HPM mode with DC adjustment is disabled. Some flash models may not be supported. Read Docs First![0m
[0;33mW (538) flash HPM: High performance mode of this flash model hasn't been supported.[0m
[0;32mI (545) MSPI Timing: Flash timing tuning index: 2[0m
[0;32mI (549) octal_psram: vendor id    : 0x0d (AP)[0m
[0;32mI (553) octal_psram: dev id       : 0x02 (generation 3)[0m
[0;32mI (558) octal_psram: density      : 0x03 (64 Mbit)[0m
[0;32mI (563) octal_psram: good-die     : 0x01 (Pass)[0m
[0;32mI (567) octal_psram: Latency      : 0x01 (Fixed)[0m
[0;32mI (571) octal_psram: VCC          : 0x01 (3V)[0m
[0;32mI (576) octal_psram: SRF          : 0x01 (Fast Refresh)[0m
[0;32mI (581) octal_psram: BurstType    : 0x01 (Hybrid Wrap)[0m
[0;32mI (585) octal_psram: BurstLen     : 0x01 (32 Byte)[0m
[0;32mI (590) octal_psram: Readlatency  : 0x02 (10 cycles@Fixed)[0m
[0;32mI (595) octal_psram: DriveStrength: 0x00 (1/1)[0m
[0;32mI (607) MSPI Timing: PSRAM timing tuning index: 2[0m
[0;32mI (607) esp_psram: Found 8MB PSRAM device[0m
[0;32mI (608) esp_psram: Speed: 120MHz[0m
[0;32mI (684) mmu_psram: Read only data copied and mapped to SPIRAM[0m
[0;32mI (730) mmu_psram: Instructions copied and mapped to SPIRAM[0m
[0;32mI (730) cpu_start: Multicore app[0m
[0;32mI (868) esp_psram: SPI SRAM memory test OK[0m
[0;32mI (876) cpu_start: Pro cpu start user code[0m
[0;32mI (876) cpu_start: cpu freq: 240000000 Hz[0m
[0;32mI (877) app_init: Application information:[0m
[0;32mI (877) app_init: Project name:     16_LVGL_UI[0m
[0;32mI (881) app_init: App version:      94f2d6e-dirty[0m
[0;32mI (885) app_init: Compile time:     Nov 11 2025 11:08:19[0m
[0;32mI (890) app_init: ELF file SHA256:  94d65f880...[0m
[0;32mI (895) app_init: ESP-IDF:          v5.5-dirty[0m
[0;32mI (899) efuse_init: Min chip rev:     v0.0[0m
[0;32mI (903) efuse_init: Max chip rev:     v0.99 [0m
[0;32mI (907) efuse_init: Chip rev:         v0.2[0m
[0;32mI (910) heap_init: Initializing. RAM available for dynamic allocation:[0m
[0;32mI (917) heap_init: At 3FCB3A08 len 00035D08 (215 KiB): RAM[0m
[0;32mI (922) heap_init: At 3FCE9710 len 00005724 (21 KiB): RAM[0m
[0;32mI (927) heap_init: At 3FCF0000 len 00008000 (32 KiB): DRAM[0m
[0;32mI (932) heap_init: At 600FE020 len 00001FC8 (7 KiB): RTCRAM[0m
[0;32mI (937) esp_psram: Adding pool of 5504K of PSRAM memory to heap allocator[0m
[0;32mI (944) esp_psram: Adding pool of 63K of PSRAM memory gap generated due to end address alignment of drom to the heap allocator[0m
[0;32mI (955) spi_flash: detected chip: generic[0m
[0;32mI (959) spi_flash: flash io: qio[0m
[0;32mI (962) sleep_gpio: Configure to isolate all GPIO pins in sleep state[0m
[0;32mI (968) sleep_gpio: Enable automatic switching of GPIO sleep configuration[0m
[0;32mI (975) coexist: coex firmware version: 831ec70[0m
[0;32mI (988) coexist: coexist rom version e7ae62f[0m
[0;32mI (988) main_task: Started on CPU0[0m
[0;32mI (989) esp_psram: Reserving pool of 32K of internal memory for DMA/internal allocations[0m
[0;32mI (994) main_task: Calling app_main()[0m
[0;33mW (1006) i2c.master: Please check pull-up resistances whether be connected properly. Otherwise unexpected behavior would happen. For more detailed information, please read docs[0m
[0;32mI (1413) GT911: Initialize I2C panel IO[0m
[0;32mI (1413) GT911: Initialize touch controller GT911[0m
[0;33mW (1413) GT911: Unable to initialize the I2C address[0m
[0;32mI (1415) GT911: TouchPad_ID:0x39,0x31,0x31[0m
[0;32mI (1418) GT911: TouchPad_Config_Version:91[0m
[0;32mI (1422) example: Install RGB LCD panel driver[0m
[0;32mI (1462) example: Initialize RGB LCD panel[0m
[0;32mI (1463) lv_port: Create LVGL task[0m
[0;32mI (1527) LVGL: Displayed 0 devices[0m
[0;32mI (1572) MAIN: create main UI successfully[0m
[0;32mI (1574) pp: pp rom version: e7ae62f[0m
[0;32mI (1574) net80211: net80211 rom version: e7ae62f[0m
