Command: D:\ESP32_IDF\Espressif\python_env\idf5.5_py3.11_env\Scripts\python.exe D:\ESP32_IDF\Espressif\frameworks\esp-idf-v5.5\tools/idf_monitor.py -p COM10 -b 115200 --toolchain-prefix xtensa-esp32s3-elf- --target esp32s3 --revision 0 D:\ESP32\ESP32S3_LCD 7B_DEMO_3\ESP32-S3-Touch-LCD-7B-Demo\ESP32-S3-Touch-LCD-7B-Demo\ESP-IDF\16_LVGL_UI\build\16_LVGL_UI.elf D:\ESP32\ESP32S3_LCD 7B_DEMO_3\ESP32-S3-Touch-LCD-7B-Demo\ESP32-S3-Touch-LCD-7B-Demo\ESP-IDF\16_LVGL_UI\build\bootloader\bootloader.elf --force-color -m 'D:\ESP32_IDF\Espressif\python_env\idf5.5_py3.11_env\Scripts\python.exe' 'D:\ESP32_IDF\Espressif\frameworks\esp-idf-v5.5\tools\idf.py'
ESP-ROM:esp32s3-20210327
Build:Mar 27 2021
rst:0x1 (POWERON),boot:0x28 (SPI_FAST_FLASH_BOOT)
SPIWP:0xee
mode:DIO, clock div:1
load:0x3fce2820,len:0x1710
load:0x403c8700,len:0xec0
load:0x403cb700,len:0x31d4
entry 0x403c894c
[0;32mI (25) boot: ESP-IDF v5.5-dirty 2nd stage bootloader[0m
[0;32mI (25) boot: compile time Sep 26 2025 21:34:30[0m
[0;32mI (25) boot: Multicore bootloader[0m
[0;32mI (26) boot: chip revision: v0.2[0m
[0;32mI (28) boot: efuse block revision: v1.3[0m
[0;32mI (32) qio_mode: Enabling default flash chip QIO[0m
[0;32mI (36) boot.esp32s3: Boot SPI Speed : 80MHz[0m
[0;32mI (40) boot.esp32s3: SPI Mode       : QIO[0m
[0;32mI (44) boot.esp32s3: SPI Flash Size : 16MB[0m
[0;32mI (48) boot: Enabling RNG early entropy source...[0m
[0;32mI (52) boot: Partition Table:[0m
[0;32mI (55) boot: ## Label            Usage          Type ST Offset   Length[0m
[0;32mI (61) boot:  0 nvs              WiFi data        01 02 00009000 00006000[0m
[0;32mI (68) boot:  1 phy_init         RF data          01 01 0000f000 00001000[0m
[0;32mI (74) boot:  2 factory          factory app      00 00 00010000 00800000[0m
[0;32mI (81) boot: End of partition table[0m
[0;32mI (84) esp_image: segment 0: paddr=00010020 vaddr=3c150020 size=d52ech (873196) map[0m
[0;32mI (221) esp_image: segment 1: paddr=000e5314 vaddr=3fca6300 size=05fc4h ( 24516) load[0m
[0;32mI (225) esp_image: segment 2: paddr=000eb2e0 vaddr=40374000 size=04d38h ( 19768) load[0m
[0;32mI (230) esp_image: segment 3: paddr=000f0020 vaddr=42000020 size=1444c8h (1328328) map[0m
[0;32mI (430) esp_image: segment 4: paddr=002344f0 vaddr=40378d38 size=1d514h (120084) load[0m
[0;32mI (452) esp_image: segment 5: paddr=00251a0c vaddr=600fe000 size=00020h (    32) load[0m
[0;32mI (466) boot: Loaded app from partition at offset 0x10000[0m
[0;32mI (466) boot: Disabling RNG early entropy source...[0m
[0;33mW (476) flash HPM: HPM mode is optional feature that depends on flash model. Read Docs First![0m
[0;33mW (476) flash HPM: HPM mode with DC adjustment is disabled. Some flash models may not be supported. Read Docs First![0m
[0;33mW (483) flash HPM: High performance mode of this flash model hasn't been supported.[0m
[0;32mI (491) MSPI Timing: Flash timing tuning index: 2[0m
[0;32mI (495) octal_psram: vendor id    : 0x0d (AP)[0m
[0;32mI (499) octal_psram: dev id       : 0x02 (generation 3)[0m
[0;32mI (504) octal_psram: density      : 0x03 (64 Mbit)[0m
[0;32mI (509) octal_psram: good-die     : 0x01 (Pass)[0m
[0;32mI (513) octal_psram: Latency      : 0x01 (Fixed)[0m
[0;32mI (517) octal_psram: VCC          : 0x01 (3V)[0m
[0;32mI (521) octal_psram: SRF          : 0x01 (Fast Refresh)[0m
[0;32mI (526) octal_psram: BurstType    : 0x01 (Hybrid Wrap)[0m
[0;32mI (531) octal_psram: BurstLen     : 0x01 (32 Byte)[0m
[0;32mI (536) octal_psram: Readlatency  : 0x02 (10 cycles@Fixed)[0m
[0;32mI (541) octal_psram: DriveStrength: 0x00 (1/1)[0m
[0;32mI (553) MSPI Timing: PSRAM timing tuning index: 2[0m
[0;32mI (553) esp_psram: Found 8MB PSRAM device[0m
[0;32mI (553) esp_psram: Speed: 120MHz[0m
[0;32mI (593) mmu_psram: Read only data copied and mapped to SPIRAM[0m
[0;32mI (662) mmu_psram: Instructions copied and mapped to SPIRAM[0m
[0;32mI (663) cpu_start: Multicore app[0m
[0;32mI (812) esp_psram: SPI SRAM memory test OK[0m
[0;32mI (820) cpu_start: Pro cpu start user code[0m
[0;32mI (820) cpu_start: cpu freq: 240000000 Hz[0m
[0;32mI (820) app_init: Application information:[0m
[0;32mI (820) app_init: Project name:     16_LVGL_UI[0m
[0;32mI (824) app_init: App version:      bba0fe8-dirty[0m
[0;32mI (829) app_init: Compile time:     Oct  1 2025 11:41:09[0m
[0;32mI (834) app_init: ELF file SHA256:  77a88682f...[0m
[0;32mI (838) app_init: ESP-IDF:          v5.5-dirty[0m
[0;32mI (842) efuse_init: Min chip rev:     v0.0[0m
[0;32mI (846) efuse_init: Max chip rev:     v0.99 [0m
[0;32mI (850) efuse_init: Chip rev:         v0.2[0m
[0;32mI (854) heap_init: Initializing. RAM available for dynamic allocation:[0m
[0;32mI (860) heap_init: At 3FCB7618 len 000320F8 (200 KiB): RAM[0m
[0;32mI (865) heap_init: At 3FCE9710 len 00005724 (21 KiB): RAM[0m
[0;32mI (871) heap_init: At 3FCF0000 len 00008000 (32 KiB): DRAM[0m
[0;32mI (876) heap_init: At 600FE020 len 00001FC8 (7 KiB): RTCRAM[0m
[0;32mI (881) esp_psram: Adding pool of 5952K of PSRAM memory to heap allocator[0m
[0;32mI (888) esp_psram: Adding pool of 43K of PSRAM memory gap generated due to end address alignment of drom to the heap allocator[0m
[0;32mI (899) spi_flash: detected chip: generic[0m
[0;32mI (902) spi_flash: flash io: qio[0m
[0;32mI (906) sleep_gpio: Configure to isolate all GPIO pins in sleep state[0m
[0;32mI (912) sleep_gpio: Enable automatic switching of GPIO sleep configuration[0m
[0;32mI (918) coexist: coex firmware version: 831ec70[0m
[0;32mI (931) coexist: coexist rom version e7ae62f[0m
[0;32mI (932) main_task: Started on CPU0[0m
[0;32mI (933) esp_psram: Reserving pool of 32K of internal memory for DMA/internal allocations[0m
[0;32mI (938) main_task: Calling app_main()[0m
[0;33mW (950) i2c.master: Please check pull-up resistances whether be connected properly. Otherwise unexpected behavior would happen. For more detailed information, please read docs[0m
[0;32mI (1357) GT911: Initialize I2C panel IO[0m
[0;32mI (1357) GT911: Initialize touch controller GT911[0m
[0;33mW (1357) GT911: Unable to initialize the I2C address[0m
[0;32mI (1359) GT911: TouchPad_ID:0x39,0x31,0x31[0m
[0;32mI (1362) GT911: TouchPad_Config_Version:91[0m
[0;32mI (1366) example: Install RGB LCD panel driver[0m
[0;32mI (1406) example: Initialize RGB LCD panel[0m
[0;32mI (1408) lv_port: Create LVGL task[0m
[0;32mI (1435) main: Display LVGL demos[0m
[0;32mI (1626) pp: pp rom version: e7ae62f[0m
[0;32mI (1626) net80211: net80211 rom version: e7ae62f[0m
[0;32mI (1627) BLE_INIT: BT controller compile version [4713a69][0m
[0;32mI (1628) wifi:wifi driver task: 3fcd7b40, prio:23, stack:6656, core=0I (1628) BLE_INIT: Feature Config, ADV:1, BLE_50:1, DTM:1, SCAN:1, CCA:0, SMP:1, CONNECT:1[0m

[0;32mI (1644) BLE_INIT: Bluetooth MAC: 10:20:ba:01:48:aa[0m
[0;32mI (1650) phy_init: phy_version 701,f4f1da3a,Mar  3 2025,15:50:10[0m
[0;32mI (1651) wifi:wifi firmware version: f3dbad7[0m
[0;32mI (1656) wifi:wifi certification version: v7.0[0m
[0;32mI (1661) wifi:config NVS flash: enabled[0m
[0;32mI (1664) wifi:config nano formatting: disabled[0m
[0;32mI (1668) wifi:Init data frame dynamic rx buffer num: 32[0m
[0;32mI (1673) wifi:Init static rx mgmt buffer num: 5[0m
[0;32mI (1678) wifi:Init management short buffer num: 32[0m
[0;32mI (1681) phy_init: Saving new calibration data due to checksum failure or outdated calibration data, mode(0)[0m
[0;32mI (1683) wifi:Init static tx buffer num: 16[0m
[0;32mI (1696) wifi:Init tx cache buffer num: 32[0m
[0;32mI (1699) wifi:Init static tx FG buffer num: 2[0m
[0;32mI (1703) wifi:Init static rx buffer size: 1600[0m
[0;32mI (1708) wifi:Init static rx buffer num: 16[0m
[0;32mI (1711) wifi:Init dynamic rx buffer num: 32[0m
[0;33mW (1652) RSSI: Not connected to any AP[0m
[0;32mI (1652) main: API task started[0m

assert failed: xEventGroupWaitBits event_groups.c:345 (xEventGroup)


Backtrace: 0x40376125:0x3fce5db0 0x4038825d:0x3fce5dd0 0x4038fe95:0x3fce5df0 0x40389542:0x3fce5f10 0x4200d42d:0x3fce5f40




ELF file SHA256: 77a88682f

Rebooting...
ï¿½ï¿½ï¿½ESP-ROM:esp32s3-20210327
Build:Mar 27 2021
rst:0xc (RTC_SW_CPU_RST),boot:0x28 (SPI_FAST_FLASH_BOOT)
Saved PC:0x4000364b
SPIWP:0xee
mode:DIO, clock div:1
load:0x3fce2820,len:0x1710
load:0x403c8700,len:0xec0
load:0x403cb700,len:0x31d4
entry 0x403c894c
[0;32mI (29) boot: ESP-IDF v5.5-dirty 2nd stage bootloader[0m
[0;32mI (29) boot: compile time Sep 26 2025 21:34:30[0m
[0;32mI (29) boot: Multicore bootloader[0m
[0;32mI (30) boot: chip revision: v0.2[0m
[0;32mI (33) boot: efuse block revision: v1.3[0m
[0;32mI (36) qio_mode: Enabling default flash chip QIO[0m
[0;32mI (40) boot.esp32s3: Boot SPI Speed : 80MHz[0m
[0;32mI (44) boot.esp32s3: SPI Mode       : QIO[0m
[0;32mI (48) boot.esp32s3: SPI Flash Size : 16MB[0m
[0;32mI (52) boot: Enabling RNG early entropy source...[0m
[0;32mI (56) boot: Partition Table:[0m
[0;32mI (59) boot: ## Label            Usage          Type ST Offset   Length[0m
[0;32mI (65) boot:  0 nvs              WiFi data        01 02 00009000 00006000[0m
[0;32mI (72) boot:  1 phy_init         RF data          01 01 0000f000 00001000[0m
[0;32mI (78) boot:  2 factory          factory app      00 00 00010000 00800000[0m
[0;32mI (85) boot: End of partition table[0m
[0;32mI (88) esp_image: segment 0: paddr=00010020 vaddr=3c150020 size=d52ech (873196) map[0m
[0;32mI (226) esp_image: segment 1: paddr=000e5314 vaddr=3fca6300 size=05fc4h ( 24516) load[0m
[0;32mI (230) esp_image: segment 2: paddr=000eb2e0 vaddr=40374000 size=04d38h ( 19768) load[0m
[0;32mI (235) esp_image: segment 3: paddr=000f0020 vaddr=42000020 size=1444c8h (1328328) map[0m
[0;32mI (435) esp_image: segment 4: paddr=002344f0 vaddr=40378d38 size=1d514h (120084) load[0m
[0;32mI (458) esp_image: segment 5: paddr=00251a0c vaddr=600fe000 size=00020h (    32) load[0m
[0;32mI (472) boot: Loaded app from partition at offset 0x10000[0m
[0;32mI (472) boot: Disabling RNG early entropy source...[0m
[0;33mW (482) flash HPM: HPM mode is optional feature that depends on flash model. Read Docs First![0m
[0;33mW (482) flash HPM: HPM mode with DC adjustment is disabled. Some flash models may not be supported. Read Docs First![0m
[0;33mW (489) flash HPM: High performance mode of this flash model hasn't been supported.[0m
[0;32mI (497) MSPI Timing: Flash timing tuning index: 2[0m
[0;32mI (501) octal_psram: vendor id    : 0x0d (AP)[0m
[0;32mI (505) octal_psram: dev id       : 0x02 (generation 3)[0m
[0;32mI (510) octal_psram: density      : 0x03 (64 Mbit)[0m
[0;32mI (515) octal_psram: good-die     : 0x01 (Pass)[0m
[0;32mI (519) octal_psram: Latency      : 0x01 (Fixed)[0m
[0;32mI (523) octal_psram: VCC          : 0x01 (3V)[0m
[0;32mI (527) octal_psram: SRF          : 0x01 (Fast Refresh)[0m
[0;32mI (532) octal_psram: BurstType    : 0x01 (Hybrid Wrap)[0m
[0;32mI (537) octal_psram: BurstLen     : 0x01 (32 Byte)[0m
[0;32mI (542) octal_psram: Readlatency  : 0x02 (10 cycles@Fixed)[0m
[0;32mI (547) octal_psram: DriveStrength: 0x00 (1/1)[0m
[0;32mI (559) MSPI Timing: PSRAM timing tuning index: 2[0m
[0;32mI (559) esp_psram: Found 8MB PSRAM device[0m
[0;32mI (559) esp_psram: Speed: 120MHz[0m
[0;32mI (599) mmu_psram: Read only data copied and mapped to SPIRAM[0m
[0;32mI (668) mmu_psram: Instructions copied and mapped to SPIRAM[0m
[0;32mI (669) cpu_start: Multicore app[0m
[0;32mI (818) esp_psram: SPI SRAM memory test OK[0m
[0;32mI (826) cpu_start: Pro cpu start user code[0m
[0;32mI (826) cpu_start: cpu freq: 240000000 Hz[0m
[0;32mI (826) app_init: Application information:[0m
[0;32mI (826) app_init: Project name:     16_LVGL_UI[0m
[0;32mI (830) app_init: App version:      bba0fe8-dirty[0m
[0;32mI (835) app_init: Compile time:     Oct  1 2025 11:41:09[0m
[0;32mI (840) app_init: ELF file SHA256:  77a88682f...[0m
[0;32mI (844) app_init: ESP-IDF:          v5.5-dirty[0m
[0;32mI (848) efuse_init: Min chip rev:     v0.0[0m
[0;32mI (852) efuse_init: Max chip rev:     v0.99 [0m
[0;32mI (856) efuse_init: Chip rev:         v0.2[0m
[0;32mI (860) heap_init: Initializing. RAM available for dynamic allocation:[0m
[0;32mI (866) heap_init: At 3FCB7618 len 000320F8 (200 KiB): RAM[0m
[0;32mI (872) heap_init: At 3FCE9710 len 00005724 (21 KiB): RAM[0m
[0;32mI (877) heap_init: At 3FCF0000 len 00008000 (32 KiB): DRAM[0m
[0;32mI (882) heap_init: At 600FE020 len 00001FC8 (7 KiB): RTCRAM[0m
[0;32mI (887) esp_psram: Adding pool of 5952K of PSRAM memory to heap allocator[0m
[0;32mI (894) esp_psram: Adding pool of 43K of PSRAM memory gap generated due to end address alignment of drom to the heap allocator[0m
[0;32mI (905) spi_flash: detected chip: generic[0m
[0;32mI (908) spi_flash: flash io: qio[0m
[0;32mI (912) sleep_gpio: Configure to isolate all GPIO pins in sleep state[0m
[0;32mI (918) sleep_gpio: Enable automatic switching of GPIO sleep configuration[0m
[0;32mI (924) coexist: coex firmware version: 831ec70[0m
[0;32mI (937) coexist: coexist rom version e7ae62f[0m
[0;32mI (938) main_task: Started on CPU0[0m
[0;32mI (939) esp_psram: Reserving pool of 32K of internal memory for DMA/internal allocations[0m
[0;32mI (944) main_task: Calling app_main()[0m
[0;33mW (957) i2c.master: Please check pull-up resistances whether be connected properly. Otherwise unexpected behavior would happen. For more detailed information, please read docs[0m
[0;32mI (1363) GT911: Initialize I2C panel IO[0m
[0;32mI (1363) GT911: Initialize touch controller GT911[0m
[0;33mW (1363) GT911: Unable to initialize the I2C address[0m
[0;32mI (1365) GT911: TouchPad_ID:0x39,0x31,0x31[0m
[0;32mI (1368) GT911: TouchPad_Config_Version:91[0m
[0;32mI (1372) example: Install RGB LCD panel driver[0m
[0;32mI (1412) example: Initialize RGB LCD panel[0m
[0;32mI (1414) lv_port: Create LVGL task[0m
[0;32mI (1441) main: Display LVGL demos[0m
[0;32mI (1632) pp: pp rom version: e7ae62f[0m
[0;32mI (1632) net80211: net80211 rom version: e7ae62f[0m
[0;32mI (1633) BLE_INIT: BT controller compile version [4713a69][0m
[0;32mI (1634) wifi:wifi driver task: 3fcd7b40, prio:23, stack:6656, core=0I (1634) BLE_INIT: Feature Config, ADV:1, BLE_50:1, DTM:1, SCAN:1, CCA:0, SMP:1, CONNECT:1[0m

[0;32mI (1650) BLE_INIT: Bluetooth MAC: 10:20:ba:01:48:aa[0m
[0;32mI (1656) phy_init: phy_version 701,f4f1da3a,Mar  3 2025,15:50:10[0m
[0;32mI (1657) wifi:wifi firmware version: f3dbad7[0m
[0;32mI (1662) wifi:wifi certification version: v7.0[0m
[0;32mI (1667) wifi:config NVS flash: enabled[0m
[0;32mI (1670) wifi:config nano formatting: disabled[0m
[0;32mI (1674) wifi:Init data frame dynamic rx buffer num: 32[0m
[0;32mI (1679) wifi:Init static rx mgmt buffer num: 5[0m
[0;32mI (1684) wifi:Init management short buffer num: 32[0m
[0;32mI (1688) wifi:Init static tx buffer num: 16[0m
[0;32mI (1690) phy_init: Saving new calibration data due to checksum failure or outdated calibration data, mode(0)[0m
[0;32mI (1693) wifi:Init tx cache buffer num: 32[0m
[0;32mI (1706) wifi:Init static tx FG buffer num: 2[0m
[0;32mI (1709) wifi:Init static rx buffer size: 1600[0m
[0;33mW (1658) RSSI: Not connected to any AP[0m
[0;32mI (1714) wifi:Init static rx buffer num: 16I (1658) main: API task started[0m

assert failed: xEventGroupWaitBits event_groups.c:345 (xEventGroup)


Backtrace: 0x40376125:0x3fce5db0 0x4038825d:0x3fce5dd0 0x4038fe95:0x3fce5df0 0x40389542:0x3fce5f10 0x4200d42d:0x3fce5f40




ELF file SHA256: 77a88682f

Rebooting...
ï¿½ï¿½ï¿½ESP-ROM:esp32s3-20210327
Build:Mar 27 2021
rst:0xc (RTC_SW_CPU_RST),boot:0x28 (SPI_FAST_FLASH_BOOT)
Saved PC:0x42124b52
SPIWP:0xee
mode:DIO, clock div:1
load:0x3fce2820,len:0x1710
load:0x403c8700,len:0xec0
load:0x403cb700,len:0x31d4
entry 0x403c894c
[0;32mI (29) boot: ESP-IDF v5.5-dirty 2nd stage bootloader[0m
[0;32mI (29) boot: compile time Sep 26 2025 21:34:30[0m
[0;32mI (29) boot: Multicore bootloader[0m
[0;32mI (30) boot: chip revision: v0.2[0m
[0;32mI (33) boot: efuse block revision: v1.3[0m
[0;32mI (36) qio_mode: Enabling default flash chip QIO[0m
[0;32mI (40) boot.esp32s3: Boot SPI Speed : 80MHz[0m
[0;32mI (44) boot.esp32s3: SPI Mode       : QIO[0m
[0;32mI (48) boot.esp32s3: SPI Flash Size : 16MB[0m
[0;32mI (52) boot: Enabling RNG early entropy source...[0m
[0;32mI (56) boot: Partition Table:[0m
[0;32mI (59) boot: ## Label            Usage          Type ST Offset   Length[0m
[0;32mI (65) boot:  0 nvs              WiFi data        01 02 00009000 00006000[0m
[0;32mI (72) boot:  1 phy_init         RF data          01 01 0000f000 00001000[0m
[0;32mI (78) boot:  2 factory          factory app      00 00 00010000 00800000[0m
[0;32mI (85) boot: End of partition table[0m
[0;32mI (88) esp_image: segment 0: paddr=00010020 vaddr=3c150020 size=d52ech (873196) map[0m
[0;32mI (226) esp_image: segment 1: paddr=000e5314 vaddr=3fca6300 size=05fc4h ( 24516) load[0m
[0;32mI (230) esp_image: segment 2: paddr=000eb2e0 vaddr=40374000 size=04d38h ( 19768) load[0m
[0;32mI (235) esp_image: segment 3: paddr=000f0020 vaddr=42000020 size=1444c8h (1328328) map[0m
[0;32mI (435) esp_image: segment 4: paddr=002344f0 vaddr=40378d38 size=1d514h (120084) load[0m
[0;32mI (458) esp_image: segment 5: paddr=00251a0c vaddr=600fe000 size=00020h (    32) load[0m
[0;32mI (472) boot: Loaded app from partition at offset 0x10000[0m
[0;32mI (472) boot: Disabling RNG early entropy source...[0m
[0;33mW (482) flash HPM: HPM mode is optional feature that depends on flash model. Read Docs First![0m
[0;33mW (482) flash HPM: HPM mode with DC adjustment is disabled. Some flash models may not be supported. Read Docs First![0m
[0;33mW (489) flash HPM: High performance mode of this flash model hasn't been supported.[0m
[0;32mI (497) MSPI Timing: Flash timing tuning index: 2[0m
[0;32mI (501) octal_psram: vendor id    : 0x0d (AP)[0m
[0;32mI (505) octal_psram: dev id       : 0x02 (generation 3)[0m
[0;32mI (510) octal_psram: density      : 0x03 (64 Mbit)[0m
[0;32mI (515) octal_psram: good-die     : 0x01 (Pass)[0m
[0;32mI (519) octal_psram: Latency      : 0x01 (Fixed)[0m
[0;32mI (523) octal_psram: VCC          : 0x01 (3V)[0m
[0;32mI (527) octal_psram: SRF          : 0x01 (Fast Refresh)[0m
[0;32mI (532) octal_psram: BurstType    : 0x01 (Hybrid Wrap)[0m
[0;32mI (537) octal_psram: BurstLen     : 0x01 (32 Byte)[0m
[0;32mI (542) octal_psram: Readlatency  : 0x02 (10 cycles@Fixed)[0m
[0;32mI (547) octal_psram: DriveStrength: 0x00 (1/1)[0m
[0;32mI (559) MSPI Timing: PSRAM timing tuning index: 2[0m
[0;32mI (559) esp_psram: Found 8MB PSRAM device[0m
[0;32mI (559) esp_psram: Speed: 120MHz[0m
[0;32mI (599) mmu_psram: Read only data copied and mapped to SPIRAM[0m
[0;32mI (668) mmu_psram: Instructions copied and mapped to SPIRAM[0m
[0;32mI (669) cpu_start: Multicore app[0m
[0;32mI (818) esp_psram: SPI SRAM memory test OK[0m
[0;32mI (826) cpu_start: Pro cpu start user code[0m
[0;32mI (826) cpu_start: cpu freq: 240000000 Hz[0m
[0;32mI (826) app_init: Application information:[0m
[0;32mI (826) app_init: Project name:     16_LVGL_UI[0m
[0;32mI (830) app_init: App version:      bba0fe8-dirty[0m
[0;32mI (835) app_init: Compile time:     Oct  1 2025 11:41:09[0m
[0;32mI (840) app_init: ELF file SHA256:  77a88682f...[0m
[0;32mI (844) app_init: ESP-IDF:          v5.5-dirty[0m
[0;32mI (848) efuse_init: Min chip rev:     v0.0[0m
[0;32mI (852) efuse_init: Max chip rev:     v0.99 [0m
[0;32mI (856) efuse_init: Chip rev:         v0.2[0m
[0;32mI (860) heap_init: Initializing. RAM available for dynamic allocation:[0m
[0;32mI (866) heap_init: At 3FCB7618 len 000320F8 (200 KiB): RAM[0m
[0;32mI (871) heap_init: At 3FCE9710 len 00005724 (21 KiB): RAM[0m
[0;32mI (877) heap_init: At 3FCF0000 len 00008000 (32 KiB): DRAM[0m
[0;32mI (882) heap_init: At 600FE020 len 00001FC8 (7 KiB): RTCRAM[0m
[0;32mI (887) esp_psram: Adding pool of 5952K of PSRAM memory to heap allocator[0m
[0;32mI (894) esp_psram: Adding pool of 43K of PSRAM memory gap generated due to end address alignment of drom to the heap allocator[0m
[0;32mI (905) spi_flash: detected chip: generic[0m
[0;32mI (908) spi_flash: flash io: qio[0m
[0;32mI (912) sleep_gpio: Configure to isolate all GPIO pins in sleep state[0m
[0;32mI (918) sleep_gpio: Enable automatic switching of GPIO sleep configuration[0m
[0;32mI (924) coexist: coex firmware version: 831ec70[0m
[0;32mI (937) coexist: coexist rom version e7ae62f[0m
[0;32mI (938) main_task: Started on CPU0[0m
[0;32mI (939) esp_psram: Reserving pool of 32K of internal memory for DMA/internal allocations[0m
[0;32mI (944) main_task: Calling app_main()[0m
[0;33mW (957) i2c.master: Please check pull-up resistances whether be connected properly. Otherwise unexpected behavior would happen. For more detailed information, please read docs[0m
[0;32mI (1363) GT911: Initialize I2C panel IO[0m
[0;32mI (1363) GT911: Initialize touch controller GT911[0m
[0;33mW (1363) GT911: Unable to initialize the I2C address[0m
[0;32mI (1365) GT911: TouchPad_ID:0x39,0x31,0x31[0m
[0;32mI (1368) GT911: TouchPad_Config_Version:91[0m
[0;32mI (1372) example: Install RGB LCD panel driver[0m
[0;32mI (1412) example: Initialize RGB LCD panel[0m
[0;32mI (1414) lv_port: Create LVGL task[0m
[0;32mI (1441) main: Display LVGL demos[0m
[0;32mI (1632) pp: pp rom version: e7ae62f[0m
[0;32mI (1632) net80211: net80211 rom version: e7ae62f[0m
[0;32mI (1633) BLE_INIT: BT controller compile version [4713a69][0m
[0;32mI (1634) wifi:wifi driver task: 3fcd7b40, prio:23, stack:6656, core=0I (1634) BLE_INIT: Feature Config, ADV:1, BLE_50:1, DTM:1, SCAN:1, CCA:0, SMP:1, CONNECT:1[0m

[0;32mI (1650) BLE_INIT: Bluetooth MAC: 10:20:ba:01:48:aa[0m
[0;32mI (1656) phy_init: phy_version 701,f4f1da3a,Mar  3 2025,15:50:10[0m
[0;32mI (1657) wifi:wifi firmware version: f3dbad7[0m
[0;32mI (1662) wifi:wifi certification version: v7.0[0m
[0;32mI (1667) wifi:config NVS flash: enabled[0m
[0;32mI (1670) wifi:config nano formatting: disabled[0m
[0;32mI (1674) wifi:Init data frame dynamic rx buffer num: 32[0m
[0;32mI (1679) wifi:Init static rx mgmt buffer num: 5[0m
[0;32mI (1684) wifi:Init management short buffer num: 32[0m
[0;33mW (1658) RSSI: Not connected to any AP[0m
[0;32mI (1689) wifi:I (1658) main: API task started[0m

assert failed: xEventGroupWaitBits event_groups.c:345 (xEventGroup)


Backtrace: 0x40376125:0x3fce5db0 0x4038825d:0x3fce5dd0 0x4038fe95:0x3fce5df0 0x40389542:0x3fce5f10 0x4200d42d:0x3fce5f40




ELF file SHA256: 77a88682f

Rebooting...
ESP-ROM:esp32s3-20210327
Build:Mar 27 2021
rst:0xc (RTC_SW_CPU_RST),boot:0x28 (SPI_FAST_FLASH_BOOT)
Saved PC:0x40056f68
SPIWP:0xee
mode:DIO, clock div:1
load:0x3fce2820,len:0x1710
load:0x403c8700,len:0xec0
load:0x403cb700,len:0x31d4
entry 0x403c894c
[0;32mI (29) boot: ESP-IDF v5.5-dirty 2nd stage bootloader[0m
[0;32mI (29) boot: compile time Sep 26 2025 21:34:30[0m
[0;32mI (29) boot: Multicore bootloader[0m
[0;32mI (30) boot: chip revision: v0.2[0m
[0;32mI (33) boot: efuse block revision: v1.3[0m
[0;32mI (36) qio_mode: Enabling default flash chip QIO[0m
[0;32mI (40) boot.esp32s3: Boot SPI Speed : 80MHz[0m
[0;32mI (44) boot.esp32s3: SPI Mode       : QIO[0m
[0;32mI (48) boot.esp32s3: SPI Flash Size : 16MB[0m
[0;32mI (52) boot: Enabling RNG early entropy source...[0m
[0;32mI (56) boot: Partition Table:[0m
[0;32mI (59) boot: ## Label            Usage          Type ST Offset   Length[0m
[0;32mI (65) boot:  0 nvs              WiFi data        01 02 00009000 00006000[0m
[0;32mI (72) boot:  1 phy_init         RF data          01 01 0000f000 00001000[0m
[0;32mI (78) boot:  2 factory          factory app      00 00 00010000 00800000[0m
[0;32mI (85) boot: End of partition table[0m
[0;32mI (88) esp_image: segment 0: paddr=00010020 vaddr=3c150020 size=d52ech (873196) map[0m
[0;32mI (226) esp_image: segment 1: paddr=000e5314 vaddr=3fca6300 size=05fc4h ( 24516) load[0m
[0;32mI (230) esp_image: segment 2: paddr=000eb2e0 vaddr=40374000 size=04d38h ( 19768) load[0m
[0;32mI (235) esp_image: segment 3: paddr=000f0020 vaddr=42000020 size=1444c8h (1328328) map[0m
[0;32mI (435) esp_image: segment 4: paddr=002344f0 vaddr=40378d38 size=1d514h (120084) load[0m
[0;32mI (458) esp_image: segment 5: paddr=00251a0c vaddr=600fe000 size=00020h (    32) load[0m
[0;32mI (472) boot: Loaded app from partition at offset 0x10000[0m
[0;32mI (472) boot: Disabling RNG early entropy source...[0m
[0;33mW (482) flash HPM: HPM mode is optional feature that depends on flash model. Read Docs First![0m
[0;33mW (482) flash HPM: HPM mode with DC adjustment is disabled. Some flash models may not be supported. Read Docs First![0m
[0;33mW (489) flash HPM: High performance mode of this flash model hasn't been supported.[0m
[0;32mI (497) MSPI Timing: Flash timing tuning index: 2[0m
[0;32mI (501) octal_psram: vendor id    : 0x0d (AP)[0m
[0;32mI (505) octal_psram: dev id       : 0x02 (generation 3)[0m
[0;32mI (510) octal_psram: density      : 0x03 (64 Mbit)[0m
[0;32mI (515) octal_psram: good-die     : 0x01 (Pass)[0m
[0;32mI (519) octal_psram: Latency      : 0x01 (Fixed)[0m
[0;32mI (523) octal_psram: VCC          : 0x01 (3V)[0m
[0;32mI (527) octal_psram: SRF          : 0x01 (Fast Refresh)[0m
[0;32mI (532) octal_psram: BurstType    : 0x01 (Hybrid Wrap)[0m
[0;32mI (537) octal_psram: BurstLen     : 0x01 (32 Byte)[0m
[0;32mI (542) octal_psram: Readlatency  : 0x02 (10 cycles@Fixed)[0m
[0;32mI (547) octal_psram: DriveStrength: 0x00 (1/1)[0m
[0;32mI (559) MSPI Timing: PSRAM timing tuning index: 2[0m
[0;32mI (559) esp_psram: Found 8MB PSRAM device[0m
[0;32mI (559) esp_psram: Speed: 120MHz[0m
[0;32mI (599) mmu_psram: Read only data copied and mapped to SPIRAM[0m
